--------- beginning of main
05-15 18:56:17.130 22089 22089 I rch.sailinsight: Late-enabling -Xcheck:jni
05-15 18:56:17.144 22089 22089 I rch.sailinsight: Using CollectorTypeCMC GC.
05-15 18:56:17.153 22089 22089 D nativeloader: Load libframework-connectivity-tiramisu-jni.so using APEX ns com_android_tethering for caller /apex/com.android.tethering/javalib/framework-connectivity-t.jar: ok
05-15 18:56:17.156 22089 22089 D ActivityThread: setConscryptValidator
05-15 18:56:17.156 22089 22089 D ActivityThread: setConscryptValidator - put
05-15 18:56:17.170 22089 22089 D CompatibilityChangeReporter: Compat change id reported: 171979766; UID 10467; state: ENABLED
05-15 18:56:17.170 22089 22089 D CompatibilityChangeReporter: Compat change id reported: 242716250; UID 10467; state: DISABLED
05-15 18:56:17.180 22089 22089 D nativeloader: Configuring clns-4 for other apk /system/framework/org.apache.http.legacy.jar. target_sdk_version=33, uses_libraries=ALL, library_path=/data/app/~~Cy0jfkD4K-_EMJin_wV6BA==/org.sailyachtresearch.sailinsight-kwzPktpqmCC5iEwHAW-Fzg==/lib/arm64:/data/app/~~Cy0jfkD4K-_EMJin_wV6BA==/org.sailyachtresearch.sailinsight-kwzPktpqmCC5iEwHAW-Fzg==/base.apk!/lib/arm64-v8a, permitted_path=/data:/mnt/expand:/data/user/0/org.sailyachtresearch.sailinsight
05-15 18:56:17.180 22089 22089 D nativeloader: Extending system_exposed_libraries: libhumantracking.arcsoft.so:libPortraitDistortionCorrection.arcsoft.so:libPortraitDistortionCorrectionCali.arcsoft.so:libface_landmark.arcsoft.so:libFacialStickerEngine.arcsoft.so:libfrtracking_engine.arcsoft.so:libFaceRecognition.arcsoft.so:libveengine.arcsoft.so:lib_pet_detection.arcsoft.so:libae_bracket_hdr.arcsoft.so:libaiclearzoom_raw.arcsoft.so:libacz_hhdr.arcsoft.so:libhybrid_high_dynamic_range.arcsoft.so:libimage_enhancement.arcsoft.so:liblow_light_hdr.arcsoft.so:libhigh_dynamic_range.arcsoft.so:libsuperresolution_raw.arcsoft.so:libobjectcapture_jni.arcsoft.so:libFacialAttributeDetection.arcsoft.so:libobjectcapture.arcsoft.so:libaudiomirroring_jni.audiomirroring.samsung.so:libBeauty_v4.camera.samsung.so:libexifa.camera.samsung.so:libjpega.camera.samsung.so:libOpenCv.camera.samsung.so:libaifrcInterface.camera.samsung.so:libVideoClassifier.camera.samsung.so:libImageScreener.camera.samsung.so:libMyFilter.camera.samsung.so:libtflite2.myfilters.camera.samsung.so:libHIDT
05-15 18:56:17.187 22089 22089 W ziparchive: Unable to open '/data/app/~~Cy0jfkD4K-_EMJin_wV6BA==/org.sailyachtresearch.sailinsight-kwzPktpqmCC5iEwHAW-Fzg==/base.dm': No such file or directory
05-15 18:56:17.187 22089 22089 W ziparchive: Unable to open '/data/app/~~Cy0jfkD4K-_EMJin_wV6BA==/org.sailyachtresearch.sailinsight-kwzPktpqmCC5iEwHAW-Fzg==/base.dm': No such file or directory
05-15 18:56:17.358 22089 22089 D nativeloader: Configuring clns-5 for other apk /data/app/~~Cy0jfkD4K-_EMJin_wV6BA==/org.sailyachtresearch.sailinsight-kwzPktpqmCC5iEwHAW-Fzg==/base.apk. target_sdk_version=33, uses_libraries=, library_path=/data/app/~~Cy0jfkD4K-_EMJin_wV6BA==/org.sailyachtresearch.sailinsight-kwzPktpqmCC5iEwHAW-Fzg==/lib/arm64:/data/app/~~Cy0jfkD4K-_EMJin_wV6BA==/org.sailyachtresearch.sailinsight-kwzPktpqmCC5iEwHAW-Fzg==/base.apk!/lib/arm64-v8a, permitted_path=/data:/mnt/expand:/data/user/0/org.sailyachtresearch.sailinsight
05-15 18:56:17.363 22089 22089 D nativeloader: Load libframework-connectivity-jni.so using APEX ns com_android_tethering for caller /apex/com.android.tethering/javalib/framework-connectivity.jar: ok
05-15 18:56:17.371 22089 22089 V GraphicsEnvironment: Currently set values for:
05-15 18:56:17.371 22089 22089 V GraphicsEnvironment:   angle_gl_driver_selection_pkgs=[]
05-15 18:56:17.371 22089 22089 V GraphicsEnvironment:   angle_gl_driver_selection_values=[]
05-15 18:56:17.371 22089 22089 V GraphicsEnvironment: ANGLE GameManagerService for org.sailyachtresearch.sailinsight: false
05-15 18:56:17.371 22089 22089 V GraphicsEnvironment: org.sailyachtresearch.sailinsight is not listed in per-application setting
05-15 18:56:17.371 22089 22089 V GraphicsEnvironment: App is not on the allowlist for updatable production driver.
05-15 18:56:17.397 22089 22089 D CompatibilityChangeReporter: Compat change id reported: 183155436; UID 10467; state: ENABLED
05-15 18:56:17.398 22089 22089 I FirebaseApp: Device unlocked: initializing all Firebase APIs for app [DEFAULT]
05-15 18:56:17.400 22089 22089 I FirebaseCrashlytics: Initializing Firebase Crashlytics 18.2.13 for org.sailyachtresearch.sailinsight
05-15 18:56:17.406 22089 22089 D nativeloader: Load /data/app/~~Cy0jfkD4K-_EMJin_wV6BA==/org.sailyachtresearch.sailinsight-kwzPktpqmCC5iEwHAW-Fzg==/lib/arm64/libcrashlytics.so using ns clns-5 from class loader (caller=/data/app/~~Cy0jfkD4K-_EMJin_wV6BA==/org.sailyachtresearch.sailinsight-kwzPktpqmCC5iEwHAW-Fzg==/base.apk!classes6.dex): ok
05-15 18:56:17.415 22089 22089 D CompatibilityChangeReporter: Compat change id reported: 247079863; UID 10467; state: DISABLED
05-15 18:56:17.425 22089 22110 I DynamiteModule: Considering local module com.google.android.gms.measurement.dynamite:83 and remote module com.google.android.gms.measurement.dynamite:147
05-15 18:56:17.425 22089 22110 I DynamiteModule: Selected remote version of com.google.android.gms.measurement.dynamite, version >= 147
05-15 18:56:17.425 22089 22110 V DynamiteModule: Dynamite loader version >= 2, using loadModule2NoCrashUtils
05-15 18:56:17.431 22089 22089 I FirebaseInitProvider: FirebaseApp initialization successful
05-15 18:56:17.432 22089 22089 D ReactNativeFirebaseApp: received application context.
05-15 18:56:17.433 22089 22110 W System  : ClassLoader referenced unknown path: 
05-15 18:56:17.434 22089 22110 D nativeloader: Configuring clns-6 for other apk . target_sdk_version=36, uses_libraries=, library_path=/data/app/~~hXFTrcngshRlNBzCUBk_pg==/com.google.android.gms-uIcWJcFzbDHinHcUdzmzzg==/lib/arm64:/data/app/~~hXFTrcngshRlNBzCUBk_pg==/com.google.android.gms-uIcWJcFzbDHinHcUdzmzzg==/base.apk!/lib/arm64-v8a, permitted_path=/data:/mnt/expand:/data/user/0/com.google.android.gms
05-15 18:56:17.435 22089 22111 D libcrashlytics: Initializing libcrashlytics version 3.2.0
05-15 18:56:17.438 22089 22089 D RNFBCrashlyticsInit: isCrashlyticsCollectionEnabled via RNFBMeta: true
05-15 18:56:17.438 22089 22089 D RNFBCrashlyticsInit: isCrashlyticsCollectionEnabled after checking crashlytics_debug_enabled: false
05-15 18:56:17.438 22089 22089 D RNFBCrashlyticsInit: isCrashlyticsCollectionEnabled final value: false
05-15 18:56:17.438 22089 22089 I RNFBCrashlyticsInit: initialization successful
05-15 18:56:17.439 22089 22111 D libcrashlytics: Initializing native crash handling successful.
05-15 18:56:17.443 22089 22089 I AGConnectProvider: AGConnectInitializeProvider#onCreate
05-15 18:56:17.443 22089 22089 I AGConnectInstance: AGConnectInstance#initialize
05-15 18:56:17.444 22089 22089 I ServiceRegistrarParser: getServices
05-15 18:56:17.444 22089 22089 I ServiceRegistrarParser: services:0
05-15 18:56:17.446 22089 22089 I AGC_Instance: AGC SDK initialize end, default route:UNKNOWN
05-15 18:56:17.447 22089 22089 D WM-WrkMgrInitializer: Initializing WorkManager with default configuration.
05-15 18:56:17.470 22089 22089 V fb-UnpackingSoSource: locked dso store /data/user/0/org.sailyachtresearch.sailinsight/lib-main
05-15 18:56:17.472 22089 22089 V fb-UnpackingSoSource: deps mismatch on deps store: regenerating
05-15 18:56:17.472 22089 22089 V fb-UnpackingSoSource: so store dirty: regenerating
05-15 18:56:17.494 22089 22120 I FA      : App measurement disabled via the manifest
05-15 18:56:17.494 22089 22120 E rch.sailinsight: No package ID 6d found for resource ID 0x6d0b000f.
05-15 18:56:17.495 22089 22120 I FA      : App measurement initialized, version: 125000
05-15 18:56:17.495 22089 22120 I FA      : To enable debug logging run: adb shell setprop log.tag.FA VERBOSE
05-15 18:56:17.495 22089 22120 I FA      : To enable faster debug mode event logging run:
05-15 18:56:17.495 22089 22120 I FA      :   adb shell setprop debug.firebase.analytics.app org.sailyachtresearch.sailinsight
05-15 18:56:17.517 22089 22122 D CompatibilityChangeReporter: Compat change id reported: 160794467; UID 10467; state: ENABLED
05-15 18:56:17.651 22089 22089 D ApkSoSource: not allowing consideration of lib/arm64-v8a/libTransform.so: deferring to libdir
05-15 18:56:17.652 22089 22089 D ApkSoSource: not allowing consideration of lib/arm64-v8a/libc++_shared.so: deferring to libdir
05-15 18:56:17.652 22089 22089 D ApkSoSource: not allowing consideration of lib/arm64-v8a/libcrashlytics-common.so: deferring to libdir
05-15 18:56:17.652 22089 22089 D ApkSoSource: not allowing consideration of lib/arm64-v8a/libcrashlytics-handler.so: deferring to libdir
05-15 18:56:17.652 22089 22089 D ApkSoSource: not allowing consideration of lib/arm64-v8a/libcrashlytics-trampoline.so: deferring to libdir
05-15 18:56:17.652 22089 22089 D ApkSoSource: not allowing consideration of lib/arm64-v8a/libcrashlytics.so: deferring to libdir
05-15 18:56:17.652 22089 22089 D ApkSoSource: not allowing consideration of lib/arm64-v8a/libcxxcomponents.so: deferring to libdir
05-15 18:56:17.652 22089 22089 D ApkSoSource: not allowing consideration of lib/arm64-v8a/libevent-2.1.so: deferring to libdir
05-15 18:56:17.652 22089 22089 D ApkSoSource: not allowing consideration of lib/arm64-v8a/libevent_core-2.1.so: deferring to libdir
05-15 18:56:17.652 22089 22089 D ApkSoSource: not allowing consideration of lib/arm64-v8a/libevent_extra-2.1.so: deferring to libdir
05-15 18:56:17.652 22089 22089 D ApkSoSource: not allowing consideration of lib/arm64-v8a/libfabricjni.so: deferring to libdir
05-15 18:56:17.652 22089 22089 D ApkSoSource: not allowing consideration of lib/arm64-v8a/libfb.so: deferring to libdir
05-15 18:56:17.653 22089 22089 D ApkSoSource: not allowing consideration of lib/arm64-v8a/libfbjni.so: deferring to libdir
05-15 18:56:17.653 22089 22089 D ApkSoSource: not allowing consideration of lib/arm64-v8a/libflipper.so: deferring to libdir
05-15 18:56:17.653 22089 22089 D ApkSoSource: not allowing consideration of lib/arm64-v8a/libfolly_runtime.so: deferring to libdir
05-15 18:56:17.653 22089 22089 D ApkSoSource: not allowing consideration of lib/arm64-v8a/libglog.so: deferring to libdir
05-15 18:56:17.653 22089 22089 D ApkSoSource: not allowing consideration of lib/arm64-v8a/libglog_init.so: deferring to libdir
05-15 18:56:17.653 22089 22089 D ApkSoSource: not allowing consideration of lib/arm64-v8a/libhermes.so: deferring to libdir
05-15 18:56:17.653 22089 22089 D ApkSoSource: not allowing consideration of lib/arm64-v8a/libhermes_executor.so: deferring to libdir
05-15 18:56:17.653 22089 22089 D ApkSoSource: not allowing consideration of lib/arm64-v8a/libimagepipeline.so: deferring to libdir
05-15 18:56:17.653 22089 22089 D ApkSoSource: not allowing consideration of lib/arm64-v8a/libjsi.so: deferring to libdir
05-15 18:56:17.653 22089 22089 D ApkSoSource: not allowing consideration of lib/arm64-v8a/libjsijniprofiler.so: deferring to libdir
05-15 18:56:17.653 22089 22089 D ApkSoSource: not allowing consideration of lib/arm64-v8a/libjsinspector.so: deferring to libdir
05-15 18:56:17.653 22089 22089 D ApkSoSource: not allowing consideration of lib/arm64-v8a/liblogger.so: deferring to libdir
05-15 18:56:17.653 22089 22089 D ApkSoSource: not allowing consideration of lib/arm64-v8a/libmapbufferjni.so: deferring to libdir
05-15 18:56:17.654 22089 22089 D ApkSoSource: not allowing consideration of lib/arm64-v8a/libnative-filters.so: deferring to libdir
05-15 18:56:17.654 22089 22089 D ApkSoSource: not allowing consideration of lib/arm64-v8a/libnative-imagetranscoder.so: deferring to libdir
05-15 18:56:17.654 22089 22089 D ApkSoSource: not allowing consideration of lib/arm64-v8a/libreact_codegen_rncore.so: deferring to libdir
05-15 18:56:17.654 22089 22089 D ApkSoSource: not allowing consideration of lib/arm64-v8a/libreact_config.so: deferring to libdir
05-15 18:56:17.654 22089 22089 D ApkSoSource: not allowing consideration of lib/arm64-v8a/libreact_debug.so: deferring to libdir
05-15 18:56:17.654 22089 22089 D ApkSoSource: not allowing consideration of lib/arm64-v8a/libreact_nativemodule_core.so: deferring to libdir
05-15 18:56:17.654 22089 22089 D ApkSoSource: not allowing consideration of lib/arm64-v8a/libreact_newarchdefaults.so: deferring to libdir
05-15 18:56:17.654 22089 22089 D ApkSoSource: not allowing consideration of lib/arm64-v8a/libreact_render_animations.so: deferring to libdir
05-15 18:56:17.654 22089 22089 D ApkSoSource: not allowing consideration of lib/arm64-v8a/libreact_render_attributedstring.so: deferring to libdir
05-15 18:56:17.654 22089 22089 D ApkSoSource: not allowing consideration of lib/arm64-v8a/libreact_render_componentregistry.so: deferring to libdir
05-15 18:56:17.654 22089 22089 D ApkSoSource: not allowing consideration of lib/arm64-v8a/libreact_render_core.so: deferring to libdir
05-15 18:56:17.655 22089 22089 D ApkSoSource: not allowing consideration of lib/arm64-v8a/libreact_render_debug.so: deferring to libdir
05-15 18:56:17.655 22089 22089 D ApkSoSource: not allowing consideration of lib/arm64-v8a/libreact_render_graphics.so: deferring to libdir
05-15 18:56:17.655 22089 22089 D ApkSoSource: not allowing consideration of lib/arm64-v8a/libreact_render_imagemanager.so: deferring to libdir
05-15 18:56:17.655 22089 22089 D ApkSoSource: not allowing consideration of lib/arm64-v8a/libreact_render_leakchecker.so: deferring to libdir
05-15 18:56:17.655 22089 22089 D ApkSoSource: not allowing consideration of lib/arm64-v8a/libreact_render_mapbuffer.so: deferring to libdir
05-15 18:56:17.655 22089 22089 D ApkSoSource: not allowing consideration of lib/arm64-v8a/libreact_render_mounting.so: deferring to libdir
05-15 18:56:17.655 22089 22089 D ApkSoSource: not allowing consideration of lib/arm64-v8a/libreact_render_runtimescheduler.so: deferring to libdir
05-15 18:56:17.655 22089 22089 D ApkSoSource: not allowing consideration of lib/arm64-v8a/libreact_render_scheduler.so: deferring to libdir
05-15 18:56:17.655 22089 22089 D ApkSoSource: not allowing consideration of lib/arm64-v8a/libreact_render_telemetry.so: deferring to libdir
05-15 18:56:17.655 22089 22089 D ApkSoSource: not allowing consideration of lib/arm64-v8a/libreact_render_templateprocessor.so: deferring to libdir
05-15 18:56:17.656 22089 22089 D ApkSoSource: not allowing consideration of lib/arm64-v8a/libreact_render_textlayoutmanager.so: deferring to libdir
05-15 18:56:17.656 22089 22089 D ApkSoSource: not allowing consideration of lib/arm64-v8a/libreact_render_uimanager.so: deferring to libdir
05-15 18:56:17.656 22089 22089 D ApkSoSource: not allowing consideration of lib/arm64-v8a/libreact_utils.so: deferring to libdir
05-15 18:56:17.656 22089 22089 D ApkSoSource: not allowing consideration of lib/arm64-v8a/libreactnativeblob.so: deferring to libdir
05-15 18:56:17.656 22089 22089 D ApkSoSource: not allowing consideration of lib/arm64-v8a/libreactnativejni.so: deferring to libdir
05-15 18:56:17.656 22089 22089 D ApkSoSource: not allowing consideration of lib/arm64-v8a/libreactperfloggerjni.so: deferring to libdir
05-15 18:56:17.656 22089 22089 D ApkSoSource: not allowing consideration of lib/arm64-v8a/libreanimated.so: deferring to libdir
05-15 18:56:17.656 22089 22089 D ApkSoSource: not allowing consideration of lib/arm64-v8a/librnscreens.so: deferring to libdir
05-15 18:56:17.656 22089 22089 D ApkSoSource: not allowing consideration of lib/arm64-v8a/librrc_image.so: deferring to libdir
05-15 18:56:17.656 22089 22089 D ApkSoSource: not allowing consideration of lib/arm64-v8a/librrc_root.so: deferring to libdir
05-15 18:56:17.656 22089 22089 D ApkSoSource: not allowing consideration of lib/arm64-v8a/librrc_scrollview.so: deferring to libdir
05-15 18:56:17.657 22089 22089 D ApkSoSource: not allowing consideration of lib/arm64-v8a/librrc_text.so: deferring to libdir
05-15 18:56:17.657 22089 22089 D ApkSoSource: not allowing consideration of lib/arm64-v8a/librrc_textinput.so: deferring to libdir
05-15 18:56:17.657 22089 22089 D ApkSoSource: not allowing consideration of lib/arm64-v8a/librrc_unimplementedview.so: deferring to libdir
05-15 18:56:17.657 22089 22089 D ApkSoSource: not allowing consideration of lib/arm64-v8a/librrc_view.so: deferring to libdir
05-15 18:56:17.657 22089 22089 D ApkSoSource: not allowing consideration of lib/arm64-v8a/libruntimeexecutor.so: deferring to libdir
05-15 18:56:17.657 22089 22089 D ApkSoSource: not allowing consideration of lib/arm64-v8a/libtslocationmanager.so: deferring to libdir
05-15 18:56:17.657 22089 22089 D ApkSoSource: not allowing consideration of lib/arm64-v8a/libturbomodulejsijni.so: deferring to libdir
05-15 18:56:17.657 22089 22089 D ApkSoSource: not allowing consideration of lib/arm64-v8a/libucrop.so: deferring to libdir
05-15 18:56:17.657 22089 22089 D ApkSoSource: not allowing consideration of lib/arm64-v8a/libucs-credential.so: deferring to libdir
05-15 18:56:17.657 22089 22089 D ApkSoSource: not allowing consideration of lib/arm64-v8a/libyoga.so: deferring to libdir
05-15 18:56:17.657 22089 22089 V fb-UnpackingSoSource: regenerating DSO store com.facebook.soloader.ApkSoSource
05-15 18:56:17.658 22089 22089 V fb-UnpackingSoSource: Finished regenerating DSO store com.facebook.soloader.ApkSoSource
05-15 18:56:17.658 22089 22089 V fb-UnpackingSoSource: starting syncer worker
05-15 18:56:17.659 22089 22089 V fb-UnpackingSoSource: releasing dso store lock for /data/user/0/org.sailyachtresearch.sailinsight/lib-main (from syncer thread)
05-15 18:56:17.659 22089 22089 V fb-UnpackingSoSource: not releasing dso store lock for /data/user/0/org.sailyachtresearch.sailinsight/lib-main (syncer thread started)
05-15 18:56:17.666 22089 22089 W unknown:ReactInstanceManagerBuilder: You're not setting the JS Engine Resolution Algorithm. We'll try to load JSC first, and if it fails we'll fallback to Hermes
05-15 18:56:17.666 22089 22089 V SoLoader: libjscexecutor.so not found on /data/data/org.sailyachtresearch.sailinsight/lib-main
05-15 18:56:17.666 22089 22089 V SoLoader: libjscexecutor.so not found on /data/app/~~Cy0jfkD4K-_EMJin_wV6BA==/org.sailyachtresearch.sailinsight-kwzPktpqmCC5iEwHAW-Fzg==/lib/arm64
05-15 18:56:17.667 22089 22089 V SoLoader: libjscexecutor.so not found on /system/lib64
05-15 18:56:17.667 22089 22089 V SoLoader: libjscexecutor.so not found on /vendor/lib64
05-15 18:56:17.667 22089 22089 E SoLoader: couldn't find DSO to load: libjscexecutor.so
05-15 18:56:17.667 22089 22089 E SoLoader: 	SoSource 0: com.facebook.soloader.ApkSoSource[root = /data/data/org.sailyachtresearch.sailinsight/lib-main flags = 1]
05-15 18:56:17.667 22089 22089 E SoLoader: 	SoSource 1: com.facebook.soloader.DirectorySoSource[root = /data/app/~~Cy0jfkD4K-_EMJin_wV6BA==/org.sailyachtresearch.sailinsight-kwzPktpqmCC5iEwHAW-Fzg==/lib/arm64 flags = 0]
05-15 18:56:17.667 22089 22089 E SoLoader: 	SoSource 2: com.facebook.soloader.DirectorySoSource[root = /system/lib64 flags = 2]
05-15 18:56:17.667 22089 22089 E SoLoader: 	SoSource 3: com.facebook.soloader.DirectorySoSource[root = /vendor/lib64 flags = 2]
05-15 18:56:17.667 22089 22089 E SoLoader: 	Native lib dir: /data/app/~~Cy0jfkD4K-_EMJin_wV6BA==/org.sailyachtresearch.sailinsight-kwzPktpqmCC5iEwHAW-Fzg==/lib/arm64
05-15 18:56:17.667 22089 22089 E SoLoader:  result: 0
05-15 18:56:17.668 22089 22089 V SoLoader: libhermes.so not found on /data/data/org.sailyachtresearch.sailinsight/lib-main
05-15 18:56:17.668 22089 22089 D SoLoader: libhermes.so found on /data/app/~~Cy0jfkD4K-_EMJin_wV6BA==/org.sailyachtresearch.sailinsight-kwzPktpqmCC5iEwHAW-Fzg==/lib/arm64
05-15 18:56:17.668 22089 22089 D SoLoader: Not resolving dependencies for libhermes.so
05-15 18:56:17.679 22089 22089 D nativeloader: Load /data/app/~~Cy0jfkD4K-_EMJin_wV6BA==/org.sailyachtresearch.sailinsight-kwzPktpqmCC5iEwHAW-Fzg==/lib/arm64/libhermes.so using ns clns-5 from class loader (caller=/data/app/~~Cy0jfkD4K-_EMJin_wV6BA==/org.sailyachtresearch.sailinsight-kwzPktpqmCC5iEwHAW-Fzg==/base.apk): ok
05-15 18:56:17.679 22089 22089 V SoLoader: libhermes_executor.so not found on /data/data/org.sailyachtresearch.sailinsight/lib-main
05-15 18:56:17.679 22089 22089 D SoLoader: libhermes_executor.so found on /data/app/~~Cy0jfkD4K-_EMJin_wV6BA==/org.sailyachtresearch.sailinsight-kwzPktpqmCC5iEwHAW-Fzg==/lib/arm64
05-15 18:56:17.679 22089 22089 D SoLoader: Not resolving dependencies for libhermes_executor.so
05-15 18:56:17.706 22089 22089 D nativeloader: Load /data/app/~~Cy0jfkD4K-_EMJin_wV6BA==/org.sailyachtresearch.sailinsight-kwzPktpqmCC5iEwHAW-Fzg==/lib/arm64/libhermes_executor.so using ns clns-5 from class loader (caller=/data/app/~~Cy0jfkD4K-_EMJin_wV6BA==/org.sailyachtresearch.sailinsight-kwzPktpqmCC5iEwHAW-Fzg==/base.apk): ok
05-15 18:56:17.738 22089 22089 D SensorManager: registerListener :: 11, lsm6dso LSM6DSO Accelerometer Non-wakeup, 66667, 0, 
05-15 18:56:17.743 22089 22133 V SoLoader: libfbjni.so not found on /data/data/org.sailyachtresearch.sailinsight/lib-main
05-15 18:56:17.743 22089 22133 D SoLoader: libfbjni.so found on /data/app/~~Cy0jfkD4K-_EMJin_wV6BA==/org.sailyachtresearch.sailinsight-kwzPktpqmCC5iEwHAW-Fzg==/lib/arm64
05-15 18:56:17.743 22089 22133 D SoLoader: Not resolving dependencies for libfbjni.so
05-15 18:56:17.743 22089 22133 D nativeloader: Load /data/app/~~Cy0jfkD4K-_EMJin_wV6BA==/org.sailyachtresearch.sailinsight-kwzPktpqmCC5iEwHAW-Fzg==/lib/arm64/libfbjni.so using ns clns-5 from class loader (caller=/data/app/~~Cy0jfkD4K-_EMJin_wV6BA==/org.sailyachtresearch.sailinsight-kwzPktpqmCC5iEwHAW-Fzg==/base.apk): ok
05-15 18:56:17.743 22089 22133 V SoLoader: libflipper.so not found on /data/data/org.sailyachtresearch.sailinsight/lib-main
05-15 18:56:17.744 22089 22133 D SoLoader: libflipper.so found on /data/app/~~Cy0jfkD4K-_EMJin_wV6BA==/org.sailyachtresearch.sailinsight-kwzPktpqmCC5iEwHAW-Fzg==/lib/arm64
05-15 18:56:17.744 22089 22133 D SoLoader: Not resolving dependencies for libflipper.so
05-15 18:56:17.755 22089 22133 D nativeloader: Load /data/app/~~Cy0jfkD4K-_EMJin_wV6BA==/org.sailyachtresearch.sailinsight-kwzPktpqmCC5iEwHAW-Fzg==/lib/arm64/libflipper.so using ns clns-5 from class loader (caller=/data/app/~~Cy0jfkD4K-_EMJin_wV6BA==/org.sailyachtresearch.sailinsight-kwzPktpqmCC5iEwHAW-Fzg==/base.apk): ok
05-15 18:56:17.765 22089 22136 W unknown:ReconnectingWebSocket: Couldn't connect to "ws://localhost:8081/message?device=SM-S911W%20-%2014%20-%20API%2034&app=org.sailyachtresearch.sailinsight&clientid=BridgeDevSupportManager", will silently retry
05-15 18:56:17.765 22089 22137 W unknown:InspectorPackagerConnection: Couldn't connect to packager, will silently retry
05-15 18:56:17.769 22089 22089 W rch.sailinsight: Accessing hidden field Landroid/view/View;->mKeyedTags:Landroid/util/SparseArray; (unsupported, reflection, allowed)
05-15 18:56:17.769 22089 22089 W rch.sailinsight: Accessing hidden field Landroid/view/View;->mListenerInfo:Landroid/view/View$ListenerInfo; (unsupported, reflection, allowed)
05-15 18:56:17.769 22089 22089 W rch.sailinsight: Accessing hidden field Landroid/view/View$ListenerInfo;->mOnClickListener:Landroid/view/View$OnClickListener; (unsupported, reflection, allowed)
05-15 18:56:17.770 22089 22089 I flipper : flipper: FlipperClient::addPlugin Inspector
05-15 18:56:17.771 22089 22089 I flipper : flipper: FlipperClient::addPlugin Databases
05-15 18:56:17.771 22089 22089 I flipper : flipper: FlipperClient::addPlugin Preferences
05-15 18:56:17.771 22089 22089 I flipper : flipper: FlipperClient::addPlugin CrashReporter
05-15 18:56:17.772 22089 22089 I flipper : flipper: FlipperClient::addPlugin Network
05-15 18:56:17.776 22089 22089 I BranchSDK: !SDK-VERSION-STRING!:io.branch.sdk.android:library:5.3.0
05-15 18:56:17.776 22089 22089 I BranchSDK: deferInitForPluginRuntime false
05-15 18:56:17.780 22089 22089 D OpenGLRenderer: HWUI - treat SMPTE_170M as sRGB
05-15 18:56:17.783 22089 22149 I AdrenoGLES-0: QUALCOMM build                   : 7b26bdd942, Iab69c31769
05-15 18:56:17.783 22089 22149 I AdrenoGLES-0: Build Date                       : 08/28/23
05-15 18:56:17.783 22089 22149 I AdrenoGLES-0: OpenGL ES Shader Compiler Version: E031.41.03.44
05-15 18:56:17.783 22089 22149 I AdrenoGLES-0: Local Branch                     : 
05-15 18:56:17.783 22089 22149 I AdrenoGLES-0: Remote Branch                    : refs/tags/AU_LINUX_ANDROID_LA.VENDOR.13.2.0.11.00.00.855.659
05-15 18:56:17.783 22089 22149 I AdrenoGLES-0: Remote Branch                    : NONE
05-15 18:56:17.783 22089 22149 I AdrenoGLES-0: Reconstruct Branch               : NOTHING
05-15 18:56:17.783 22089 22149 I AdrenoGLES-0: Build Config                     : S P 14.1.4 AArch64
05-15 18:56:17.783 22089 22149 I AdrenoGLES-0: Driver Path                      : /vendor/lib64/egl/libGLESv2_adreno.so
05-15 18:56:17.783 22089 22149 I AdrenoGLES-0: Driver Version                   : 0676.42
05-15 18:56:17.783 22089 22133 W rch.sailinsight: Accessing hidden method Landroid/app/AppGlobals;->getInitialApplication()Landroid/app/Application; (unsupported, reflection, allowed)
05-15 18:56:17.793 22089 22149 I AdrenoGLES-0: PFP: 0x01740158, ME: 0x00000000
05-15 18:56:17.802 22089 22089 I BranchSDK: onActivityCreated, activity = org.sailyachtresearch.sailinsight.MainActivity@a86a419
05-15 18:56:17.807 22089 22149 W Adreno-AppProfiles: Could not find QSPM HAL service. Skipping adreno profile processing.
05-15 18:56:17.809 22089 22154 W unknown:ReactNative: The packager does not seem to be running as we got an IOException requesting its status: Failed to connect to localhost/127.0.0.1:8081
05-15 18:56:17.810 22089 22149 I AdrenoUtils: <ReadGpuID:407>: Reading chip ID through GSL
05-15 18:56:17.812 22089 22089 I DecorView: setWindowBackground: isPopOver=false color=fffafafa d=android.graphics.drawable.ColorDrawable@ac6dbc
05-15 18:56:17.816 22089 22089 W rch.sailinsight: Accessing hidden method Landroid/view/View;->computeFitSystemWindows(Landroid/graphics/Rect;Landroid/graphics/Rect;)Z (unsupported, reflection, allowed)
05-15 18:56:17.816 22089 22089 W rch.sailinsight: Accessing hidden method Landroid/view/ViewGroup;->makeOptionalFitsSystemWindows()V (unsupported, reflection, allowed)
05-15 18:56:17.817 22089 22089 I BranchSDK: onActivityStarted, activity = org.sailyachtresearch.sailinsight.MainActivity@a86a419
05-15 18:56:17.817 22089 22089 D RNBranch: initSession uri null reactActivity org.sailyachtresearch.sailinsight.MainActivity@a86a419
05-15 18:56:17.817 22089 22089 I RNBranch: Initializing Branch SDK v. 5.3.0
05-15 18:56:17.817 22089 22089 D RNBranch: notifyJSOfInitSessionStart  null
05-15 18:56:17.817 22089 22089 D RNBranch: Broadcasting NATIVE_INIT_SESSION_STARTED_EVENT
05-15 18:56:17.818 22089 22089 D RNBranch: sessionBuilder io.branch.referral.Branch$InitSessionBuilder@58b7ba7
05-15 18:56:17.818 22089 22089 I BranchSDK: Beginning session initialization
05-15 18:56:17.818 22089 22089 I BranchSDK: Session uri is null
05-15 18:56:17.825 22089 22089 I BranchSDK: Could not find com.huawei.hms.ads.installreferrer.api.InstallReferrerClient. If expected, import the dependency into your app.
05-15 18:56:17.825 22089 22089 I BranchSDK: Could not find com.sec.android.app.samsungapps.installreferrer.api.InstallReferrerClient. If expected, import the dependency into your app.
05-15 18:56:17.825 22089 22089 I BranchSDK: Could not find com.miui.referrer.api.GetAppsReferrerClient. If expected, import the dependency into your app.
05-15 18:56:17.834 22089 22089 I BranchSDK: processNextQueueItem, req ServerRequestRegisterInstall
05-15 18:56:17.836 22089 22089 I BranchSDK: onActivityResumed, activity = org.sailyachtresearch.sailinsight.MainActivity@a86a419
05-15 18:56:17.836 22089 22089 I BranchSDK: processNextQueueItem, req ServerRequestRegisterInstall
05-15 18:56:17.839 22089 22089 D CompatibilityChangeReporter: Compat change id reported: 237531167; UID 10467; state: DISABLED
05-15 18:56:17.841 22089 22149 D NativeCustomFrequencyManager: [NativeCFMS] BpCustomFrequencyManager::BpCustomFrequencyManager()
05-15 18:56:17.847 22089 22089 I InsetsController: onStateChanged: host=org.sailyachtresearch.sailinsight/org.sailyachtresearch.sailinsight.MainActivity, from=android.view.ViewRootImpl.setView:1797, state=InsetsState: {mDisplayFrame=Rect(0, 0 - 1080, 2340), mDisplayCutout=DisplayCutout{insets=Rect(0, 81 - 0, 0) waterfall=Insets{left=0, top=0, right=0, bottom=0} boundingRect={Bounds=[Rect(0, 0 - 0, 0), Rect(512, 0 - 568, 81), Rect(0, 0 - 0, 0), Rect(0, 0 - 0, 0)]} cutoutPathParserInfo={CutoutPathParserInfo{displayWidth=1080 displayHeight=2340 physicalDisplayWidth=1080 physicalDisplayHeight=2340 density={3.0} cutoutSpec={M 0,0 H -9.333333333333333‬ V 27 H 9.333333333333333‬ V 0 H 0 Z @dp} rotation={0} scale={1.0} physicalPixelDisplaySizeRatio={1.0}}}}, mRoundedCorners=RoundedCorners{[RoundedCorner{position=TopLeft, radius=102, center=Point(102, 102)}, RoundedCorner{position=TopRight, radius=102, center=Point(978, 102)}, RoundedCorner{position=BottomRight, radius=102, center=Point(978, 2238)}, RoundedCorner{position=BottomLeft, radius=102, center=Point(102, 2238)}]}  mRoundedCornerFrame=Rect(0, 0 - 1080, 2340), mPrivacyIndicatorBounds=PrivacyIndicatorBounds {static bounds=Rect(948, 0 - 1080, 81) rotation=0}, mDisplayShape=DisplayShape{ spec=-311912193 displayWidth=1080 displayHeight=2340 physicalPixelDisplaySizeRatio=1.0 rotation=0 offsetX=0 offsetY=0 scale=1.0}, mSources= { InsetsSource: {c52a0001 mType=navigationBars mFrame=[0,2196][1080,2340] mVisible=true mFlags=[]}, InsetsSource: {c52a0004 mType=systemGestures mFrame=[0,0][0,0] mVisible=true mFlags=[]}, InsetsSource: {c52a0005 mType=mandatorySystemGestures mFrame=[0,2196][1080,2340] mVisible=true mFlags=[]}, InsetsSource: {c52a0006 mType=tappableElement mFrame=[0,2196][1080,2340] mVisible=true mFlags=[]}, InsetsSource: {c52a0024 mType=systemGestures mFrame=[0,0][0,0] mVisible=true mFlags=[]}, InsetsSource: {3 mType=ime mFrame=[0,0][0,0] mVisible=false mFlags=[]}, InsetsSource: {27 mType=displayCutout mFrame=[0,0][1080,81] mVisible=true mFlags=[]}, InsetsSource: {651f0000 mType=statusBars mFrame=[0,0][1080,81] mVisible=true mFlags=[]}, InsetsSource: {651f0005 mType=mandatorySystemGestures mFrame=[0,0][1080,117] mVisible=true mFlags=[]}, InsetsSource: {651f0006 mType=tappableElement mFrame=[0,0][1080,81] mVisible=true mFlags=[]} }
05-15 18:56:17.847 22089 22089 I ViewRootImpl@2f49c97[MainActivity]: synced displayState. AttachInfo displayState=2
05-15 18:56:17.848 22089 22089 I ViewRootImpl@2f49c97[MainActivity]: setView = com.android.internal.policy.DecorView@fdc6b33 TM=true
05-15 18:56:17.848 22089 22089 I IDS_TAG : Starting IDS observe window
05-15 18:56:17.848 22089 22089 I IDS_TAG : Getting Shared Preference for org.sailyachtresearch.sailinsight.MainApplication@cd471e uid = 10467
05-15 18:56:17.848 22089 22089 I IDS_TAG : App org.sailyachtresearch.sailinsight.MainApplication@cd471e has not finished training
05-15 18:56:17.851 22089 22089 I BranchSDK: Google Play onInstallReferrerSetupFinished, responseCode = 0
05-15 18:56:17.856 22089 22089 I BranchSDK: com.android.installreferrer.api.InstallReferrerClientImpl onReferrerClientFinished() Referrer: utm_source=google-play&utm_medium=organic Click Timestamp: 0 Install Timestamp: 1747360090
05-15 18:56:17.856 22089 22089 I BranchSDK: processNextQueueItem, req ServerRequestRegisterInstall
05-15 18:56:17.856 22089 22149 D OpenGLRenderer: HWUI - treat SMPTE_170M as sRGB
05-15 18:56:17.856 22089 22089 I IDS_TAG : Closing IDS observe window
05-15 18:56:17.857 22089 22089 I IDS_TAG : Getting Shared Preference for org.sailyachtresearch.sailinsight.MainApplication@cd471e uid = 10467
05-15 18:56:17.857 22089 22089 I IDS_TAG : IDS count updated to 1 for org.sailyachtresearch.sailinsight.MainApplication@cd471e
05-15 18:56:17.858 22089 22089 W unknown:ReactNative: Packager connection already open, nooping.
05-15 18:56:17.861 22089 22160 D TSBackgroundFetch: [RNBackgroundFetch initialize]
05-15 18:56:17.868 22089 22089 I BufferQueueProducer: [](id:564900000000,api:0,p:0,c:22089) setDequeueTimeout:2077252342
05-15 18:56:17.868 22089 22089 I BLASTBufferQueue_Java: new BLASTBufferQueue, mName= ViewRootImpl@2f49c97[MainActivity] mNativeObject= 0xb4000076af84ba00 sc.mNativeObject= 0xb4000076af476580 caller= android.view.ViewRootImpl.updateBlastSurfaceIfNeeded:3085 android.view.ViewRootImpl.relayoutWindow:10224 android.view.ViewRootImpl.performTraversals:4167 android.view.ViewRootImpl.doTraversal:3345 android.view.ViewRootImpl$TraversalRunnable.run:11437 android.view.Choreographer$CallbackRecord.run:1690 android.view.Choreographer$CallbackRecord.run:1699 android.view.Choreographer.doCallbacks:1154 android.view.Choreographer.doFrame:1080 android.view.Choreographer$FrameDisplayEventReceiver.run:1647 
05-15 18:56:17.868 22089 22089 I BLASTBufferQueue_Java: update, w= 1080 h= 2340 mName = ViewRootImpl@2f49c97[MainActivity] mNativeObject= 0xb4000076af84ba00 sc.mNativeObject= 0xb4000076af476580 format= -1 caller= android.graphics.BLASTBufferQueue.<init>:89 android.view.ViewRootImpl.updateBlastSurfaceIfNeeded:3085 android.view.ViewRootImpl.relayoutWindow:10224 android.view.ViewRootImpl.performTraversals:4167 android.view.ViewRootImpl.doTraversal:3345 android.view.ViewRootImpl$TraversalRunnable.run:11437 
05-15 18:56:17.869 22089 22089 I ViewRootImpl@2f49c97[MainActivity]: Relayout returned: old=(0,0,1080,2340) new=(0,0,1080,2340) relayoutAsync=false req=(1080,2340)0 dur=5 res=0x403 s={true 0xb4000076af682000} ch=true seqId=0
05-15 18:56:17.869 22089 22089 I ViewRootImpl@2f49c97[MainActivity]: performConfigurationChange setNightDimText nightDimLevel=0
05-15 18:56:17.869 22089 22089 D ViewRootImpl@2f49c97[MainActivity]: mThreadedRenderer.initialize() mSurface={isValid=true 0xb4000076af682000} hwInitialized=true
05-15 18:56:17.870 22089 22089 D ViewRootImpl@2f49c97[MainActivity]: reportNextDraw android.view.ViewRootImpl.performTraversals:4781 android.view.ViewRootImpl.doTraversal:3345 android.view.ViewRootImpl$TraversalRunnable.run:11437 android.view.Choreographer$CallbackRecord.run:1690 android.view.Choreographer$CallbackRecord.run:1699 
05-15 18:56:17.870 22089 22089 I ViewRootImpl@2f49c97[MainActivity]: Setup new sync=wmsSync-ViewRootImpl@2f49c97[MainActivity]#0
05-15 18:56:17.870 22089 22089 I ViewRootImpl@2f49c97[MainActivity]: Creating new active sync group ViewRootImpl@2f49c97[MainActivity]#1
--------- beginning of system
05-15 18:56:17.870 22089 22089 I SurfaceSyncGroup: addLocalSync=ViewRootImpl@2f49c97[MainActivity]#1 to name=wmsSync-ViewRootImpl@2f49c97[MainActivity]#0, callers=android.window.SurfaceSyncGroup.add:431 android.window.SurfaceSyncGroup.add:392 android.window.SurfaceSyncGroup.add:340 android.view.ViewRootImpl.createSyncIfNeeded:4912 android.view.ViewRootImpl.performTraversals:4796 android.view.ViewRootImpl.doTraversal:3345 
05-15 18:56:17.871 22089 22089 I ViewRootImpl@2f49c97[MainActivity]: registerCallbacksForSync syncBuffer=false
05-15 18:56:17.872 22089 22166 I ViewRootImpl@2f49c97[MainActivity]: Received frameDrawingCallback syncResult=0 frameNum=1.
05-15 18:56:17.872 22089 22166 I ViewRootImpl@2f49c97[MainActivity]: mWNT: t=0xb4000076af69ae00 mBlastBufferQueue=0xb4000076af84ba00 fn= 1 mRenderHdrSdrRatio=1.0 caller= android.view.ViewRootImpl$8.onFrameDraw:13946 android.view.ThreadedRenderer$1.onFrameDraw:792 <bottom of call stack> 
05-15 18:56:17.872 22089 22166 I ViewRootImpl@2f49c97[MainActivity]: Setting up sync and frameCommitCallback
05-15 18:56:17.873 22089 22160 E HMSSDK_HMSPackageManager: resolveInfoList is null or empty
05-15 18:56:17.873 22089 22160 E HMSSDK_HMSPackageManager: PackagePriorityInfo list is null
05-15 18:56:17.874 22089 22160 E HMSSDK_HMSPackageManager: <initHmsPackageInfoForMultiService> Failed to find HMS apk
05-15 18:56:17.875 22089 22160 I HMSSDK_HMSPackageManager: Enter getHMSPackageNameForMultiService
05-15 18:56:17.875 22089 22168 I HMSSDK_HMSPackageManager: enter asyncOnceCheckMDMState
05-15 18:56:17.876 22089 22168 I HMSSDK_HMSPackageManager: quit asyncOnceCheckMDMState
05-15 18:56:17.876 22089 22160 E HMSSDK_HMSPackageManager: resolveInfoList is null or empty
05-15 18:56:17.877 22089 22160 E HMSSDK_HMSPackageManager: PackagePriorityInfo list is null
05-15 18:56:17.878 22089 22160 E HMSSDK_HMSPackageManager: <initHmsPackageInfoForMultiService> Failed to find HMS apk
05-15 18:56:17.879 22089 22160 I HMSSDK_HuaweiMobileServicesUtil: hmsPackageName is com.huawei.hwid
05-15 18:56:17.880 22089 22160 E HMSSDK_HMSPackageManager: resolveInfoList is null or empty
05-15 18:56:17.880 22089 22160 E HMSSDK_HMSPackageManager: PackagePriorityInfo list is null
05-15 18:56:17.881 22089 22160 E HMSSDK_HMSPackageManager: <initHmsPackageInfoForMultiService> Failed to find HMS apk
05-15 18:56:17.882 22089 22160 I HMSSDK_HuaweiMobileServicesUtil: HMS is not installed
05-15 18:56:17.892 22089 22160 D nativeloader: Load /data/app/~~Cy0jfkD4K-_EMJin_wV6BA==/org.sailyachtresearch.sailinsight-kwzPktpqmCC5iEwHAW-Fzg==/lib/arm64/libtslocationmanager.so using ns clns-5 from class loader (caller=/data/app/~~Cy0jfkD4K-_EMJin_wV6BA==/org.sailyachtresearch.sailinsight-kwzPktpqmCC5iEwHAW-Fzg==/base.apk!classes6.dex): ok
05-15 18:56:17.901 22089 22149 I BLASTBufferQueue: [ViewRootImpl@2f49c97[MainActivity]#0](f:0,a:0,s:0) onFrameAvailable the first frame is available
05-15 18:56:17.901 22089 22149 I ViewRootImpl@2f49c97[MainActivity]: Received frameCommittedCallback lastAttemptedDrawFrameNum=1 didProduceBuffer=true
05-15 18:56:17.901 22089 22149 I SurfaceSyncGroup: onTransactionReady mName=wmsSync-ViewRootImpl@2f49c97[MainActivity]#0 callback=12957221
05-15 18:56:17.902 22089 22149 D OpenGLRenderer: CFMS:: SetUp Pid : 22089    Tid : 22149
05-15 18:56:17.902 22089 22089 I ViewRootImpl@2f49c97[MainActivity]: reportDrawFinished seqId=0
05-15 18:56:17.904 22089 22089 I BranchSDK: processNextQueueItem, req ServerRequestRegisterInstall
05-15 18:56:17.905 22089 22089 D TSBackgroundFetch: ☯️  onCreate
05-15 18:56:17.905 22089 22089 D TSBackgroundFetch: ☯️  onStart
05-15 18:56:17.905 22089 22089 D TSBackgroundFetch: ☯️  onResume
05-15 18:56:17.905 22089 22089 I InsetsSourceConsumer: applyRequestedVisibilityToControl: visible=true, type=statusBars, host=org.sailyachtresearch.sailinsight/org.sailyachtresearch.sailinsight.MainActivity
05-15 18:56:17.906 22089 22089 I InsetsSourceConsumer: applyRequestedVisibilityToControl: visible=true, type=navigationBars, host=org.sailyachtresearch.sailinsight/org.sailyachtresearch.sailinsight.MainActivity
05-15 18:56:17.909 22089 22089 I ViewRootImpl@2f49c97[MainActivity]: handleWindowFocusChanged: 1 0 call from android.view.ViewRootImpl.-$$Nest$mhandleWindowFocusChanged:0
05-15 18:56:17.909 22089 22089 D ViewRootImpl@2f49c97[MainActivity]: mThreadedRenderer.initializeIfNeeded()#2 mSurface={isValid=true 0xb4000076af682000}
05-15 18:56:17.909 22089 22089 D InputMethodManagerUtils: startInputInner - Id : 0
05-15 18:56:17.909 22089 22089 I InputMethodManager: startInputInner - IInputMethodManagerGlobalInvoker.startInputOrWindowGainedFocus
05-15 18:56:17.910 22089 22160 D EventBus: No subscribers registered for event class com.transistorsoft.locationmanager.event.ConfigChangeEvent
05-15 18:56:17.910 22089 22160 D EventBus: No subscribers registered for event class org.greenrobot.eventbus.NoSubscriberEvent
05-15 18:56:17.915 22089 22131 I BranchSDK: posting to https://api2.branch.io/v1/install
05-15 18:56:17.917 22089 22131 I BranchSDK: Post value = {"hardware_id":"873c2bd4-d2c2-46ba-9741-59b20f2b0591","is_hardware_id_real":false,"brand":"samsung","model":"SM-S911W","screen_dpi":480,"screen_height":2115,"screen_width":1080,"wifi":true,"ui_mode":"UI_MODE_TYPE_NORMAL","os":"Android","os_version":34,"cpu_type":"aarch64","build":"UP1A.231005.007.S911WVLS6CYB3","locale":"en_CA","connection_type":"wifi","device_carrier":"ROGERS","os_version_android":"14","plugin_name":"ReactNative","plugin_version":"5.8.0","country":"CA","language":"en","local_ip":"192.168.1.70","debug":false,"partner_data":{},"app_version":"2.10.0","initial_referrer":"android-app:\/\/com.google.android.packageinstaller","facebook_app_link_checked":false,"update":0,"latest_install_time":1747360561857,"latest_update_time":1747360561857,"first_install_time":1747360561857,"previous_update_time":0,"environment":"FULL_APP","install_begin_ts":1747360090,"metadata":{},"install_referrer_extras":"utm_source=google-play&utm_medium=organic","app_store":"PlayStore","advertising_ids":{"aaid":"b1cd064f-f345-4b64-8191-4efa54ef3698"},"lat_val":0,"google_advertising_id":"b1cd064f-f345-4b64-8191-4efa54ef3698","instrumentation":{"v1\/install-qwt":"0"},"sdk":"android5.3.0","branch_key":"key_live_kjHOAqtytu1CNDoBMOW9OfcdyEd1gPL0"}
05-15 18:56:17.918 22089 22089 D InputMethodManagerUtils: startInputInner - Id : 0
05-15 18:56:17.927 22089 22089 I InsetsSourceConsumer: applyRequestedVisibilityToControl: visible=false, type=ime, host=org.sailyachtresearch.sailinsight/org.sailyachtresearch.sailinsight.MainActivity
05-15 18:56:17.945 22089 22160 D SensorManager: registerListener :: 11, lsm6dso LSM6DSO Accelerometer Non-wakeup, 66667, 0, 
05-15 18:56:17.948 22089 22160 V SoLoader: libreactnativejni.so not found on /data/data/org.sailyachtresearch.sailinsight/lib-main
05-15 18:56:17.948 22089 22160 D SoLoader: libreactnativejni.so found on /data/app/~~Cy0jfkD4K-_EMJin_wV6BA==/org.sailyachtresearch.sailinsight-kwzPktpqmCC5iEwHAW-Fzg==/lib/arm64
05-15 18:56:17.948 22089 22160 D SoLoader: Not resolving dependencies for libreactnativejni.so
05-15 18:56:17.948 22089 22160 D nativeloader: Load /data/app/~~Cy0jfkD4K-_EMJin_wV6BA==/org.sailyachtresearch.sailinsight-kwzPktpqmCC5iEwHAW-Fzg==/lib/arm64/libreactnativejni.so using ns clns-5 from class loader (caller=/data/app/~~Cy0jfkD4K-_EMJin_wV6BA==/org.sailyachtresearch.sailinsight-kwzPktpqmCC5iEwHAW-Fzg==/base.apk): ok
05-15 18:56:17.950 22089 22089 D InstallReferrerState: OK
05-15 18:56:17.965 22089 22194 D TSLocationManager: [c.t.l.l.TSSQLiteAppender$c run] 
05-15 18:56:17.965 22089 22194 D TSLocationManager:   ℹ️  Cleared logs older than 72 hours
05-15 18:56:17.965 22089 22173 D TSLocationManager: [c.t.l.logger.LoggerFacade$a a] ℹ️   Persist config, dirty: []
05-15 18:56:17.968 22089 22160 W unknown:ReactContext: initializeMessageQueueThreads() is called.
05-15 18:56:17.996 22089 22089 W unknown:ReactNative: Packager connection already open, nooping.
05-15 18:56:18.028 22089 22192 W unknown:ViewManagerPropertyUpdater: Could not find generated setter for class com.facebook.react.views.drawer.ReactDrawerLayoutManager
05-15 18:56:18.033 22089 22192 W unknown:ViewManagerPropertyUpdater: Could not find generated setter for class com.facebook.react.uimanager.LayoutShadowNode
05-15 18:56:18.035 22089 22192 W unknown:ViewManagerPropertyUpdater: Could not find generated setter for class com.facebook.react.views.scroll.ReactHorizontalScrollViewManager
05-15 18:56:18.037 22089 22192 W unknown:ViewManagerPropertyUpdater: Could not find generated setter for class com.facebook.react.views.scroll.ReactHorizontalScrollContainerViewManager
05-15 18:56:18.038 22089 22192 W unknown:ViewManagerPropertyUpdater: Could not find generated setter for class com.facebook.react.views.progressbar.ReactProgressBarViewManager
05-15 18:56:18.039 22089 22192 W unknown:ViewManagerPropertyUpdater: Could not find generated setter for class com.facebook.react.views.progressbar.ProgressBarShadowNode
05-15 18:56:18.039 22089 22192 W unknown:ViewManagerPropertyUpdater: Could not find generated setter for class com.facebook.react.views.scroll.ReactScrollViewManager
05-15 18:56:18.041 22089 22192 W unknown:ViewManagerPropertyUpdater: Could not find generated setter for class com.facebook.react.views.slider.ReactSliderManager
05-15 18:56:18.043 22089 22192 W unknown:ViewManagerPropertyUpdater: Could not find generated setter for class com.facebook.react.views.slider.ReactSliderManager$ReactSliderShadowNode
05-15 18:56:18.043 22089 22192 W unknown:ViewManagerPropertyUpdater: Could not find generated setter for class com.facebook.react.views.switchview.ReactSwitchManager
05-15 18:56:18.045 22089 22192 W unknown:ViewManagerPropertyUpdater: Could not find generated setter for class com.facebook.react.views.switchview.ReactSwitchManager$ReactSwitchShadowNode
05-15 18:56:18.045 22089 22192 W unknown:ViewManagerPropertyUpdater: Could not find generated setter for class com.facebook.react.views.swiperefresh.SwipeRefreshLayoutManager
05-15 18:56:18.046 22089 22192 W unknown:ViewManagerPropertyUpdater: Could not find generated setter for class com.facebook.react.views.text.frescosupport.FrescoBasedReactTextInlineImageViewManager
05-15 18:56:18.046 22089 22192 W unknown:ViewManagerPropertyUpdater: Could not find generated setter for class com.facebook.react.views.text.frescosupport.FrescoBasedReactTextInlineImageShadowNode
05-15 18:56:18.047 22089 22192 W unknown:ViewManagerPropertyUpdater: Could not find generated setter for class com.facebook.react.views.image.ReactImageManager
05-15 18:56:18.048 22089 22192 W unknown:ViewManagerPropertyUpdater: Could not find generated setter for class com.facebook.react.views.modal.ReactModalHostManager
05-15 18:56:18.049 22089 22192 W unknown:ViewManagerPropertyUpdater: Could not find generated setter for class com.facebook.react.views.modal.ModalHostShadowNode
05-15 18:56:18.050 22089 22192 W unknown:ViewManagerPropertyUpdater: Could not find generated setter for class com.facebook.react.views.text.ReactRawTextManager
05-15 18:56:18.050 22089 22192 W unknown:ViewManagerPropertyUpdater: Could not find generated setter for class com.facebook.react.views.text.ReactRawTextShadowNode
05-15 18:56:18.050 22089 22192 W unknown:ViewManagerPropertyUpdater: Could not find generated setter for class com.facebook.react.views.textinput.ReactTextInputManager
05-15 18:56:18.053 22089 22192 W unknown:ViewManagerPropertyUpdater: Could not find generated setter for class com.facebook.react.views.textinput.ReactTextInputShadowNode
05-15 18:56:18.055 22089 22192 W unknown:ViewManagerPropertyUpdater: Could not find generated setter for class com.facebook.react.views.text.ReactTextViewManager
05-15 18:56:18.056 22089 22192 W unknown:ViewManagerPropertyUpdater: Could not find generated setter for class com.facebook.react.views.text.ReactTextShadowNode
05-15 18:56:18.057 22089 22192 W unknown:ViewManagerPropertyUpdater: Could not find generated setter for class com.facebook.react.views.view.ReactViewManager
05-15 18:56:18.059 22089 22192 W unknown:ViewManagerPropertyUpdater: Could not find generated setter for class com.facebook.react.views.text.ReactVirtualTextViewManager
05-15 18:56:18.059 22089 22192 W unknown:ViewManagerPropertyUpdater: Could not find generated setter for class com.facebook.react.views.text.ReactVirtualTextShadowNode
05-15 18:56:18.059 22089 22192 W unknown:ViewManagerPropertyUpdater: Could not find generated setter for class com.facebook.react.views.unimplementedview.ReactUnimplementedViewManager
05-15 18:56:18.059 22089 22192 W unknown:ViewManagerPropertyUpdater: Could not find generated setter for class org.reactnative.maskedview.RNCMaskedViewManager
05-15 18:56:18.060 22089 22192 W unknown:ViewManagerPropertyUpdater: Could not find generated setter for class com.reactnativecommunity.slider.ReactSliderManager
05-15 18:56:18.061 22089 22192 W unknown:ViewManagerPropertyUpdater: Could not find generated setter for class com.reactnativecommunity.slider.ReactSliderManager$ReactSliderShadowNode
05-15 18:56:18.061 22089 22192 W unknown:ViewManagerPropertyUpdater: Could not find generated setter for class com.reactnativecommunity.picker.ReactDialogPickerManager
05-15 18:56:18.062 22089 22192 W unknown:ViewManagerPropertyUpdater: Could not find generated setter for class com.reactnativecommunity.picker.ReactPickerShadowNode
05-15 18:56:18.062 22089 22192 W unknown:ViewManagerPropertyUpdater: Could not find generated setter for class com.reactnativecommunity.picker.ReactDropdownPickerManager
05-15 18:56:18.063 22089 22192 W unknown:ViewManagerPropertyUpdater: Could not find generated setter for class com.lwansbrough.RCTCamera.RCTCameraViewManager
05-15 18:56:18.064 22089 22192 W unknown:ViewManagerPropertyUpdater: Could not find generated setter for class org.reactnative.camera.CameraViewManager
05-15 18:56:18.066 22089 22192 W unknown:ViewManagerPropertyUpdater: Could not find generated setter for class com.dylanvann.fastimage.FastImageViewManager
05-15 18:56:18.066 22089 22192 W unknown:ViewManagerPropertyUpdater: Could not find generated setter for class com.swmansion.gesturehandler.react.RNGestureHandlerRootViewManager
05-15 18:56:18.067 22089 22192 W unknown:ViewManagerPropertyUpdater: Could not find generated setter for class com.swmansion.gesturehandler.react.RNGestureHandlerButtonViewManager
05-15 18:56:18.067 22089 22192 W unknown:ViewManagerPropertyUpdater: Could not find generated setter for class com.BV.LinearGradient.LinearGradientManager
05-15 18:56:18.068 22089 22192 W unknown:ViewManagerPropertyUpdater: Could not find generated setter for class com.airbnb.android.react.maps.AirMapCalloutManager
05-15 18:56:18.068 22089 22192 W unknown:ViewManagerPropertyUpdater: Could not find generated setter for class com.airbnb.android.react.maps.AirMapMarkerManager
05-15 18:56:18.069 22089 22192 W unknown:ViewManagerPropertyUpdater: Could not find generated setter for class com.airbnb.android.react.maps.AirMapPolylineManager
05-15 18:56:18.070 22089 22192 W unknown:ViewManagerPropertyUpdater: Could not find generated setter for class com.airbnb.android.react.maps.AirMapGradientPolylineManager
05-15 18:56:18.071 22089 22192 W unknown:ViewManagerPropertyUpdater: Could not find generated setter for class com.airbnb.android.react.maps.AirMapPolygonManager
