05-15 18:56:36.650 22089 22089 D ViewRootImpl@75a882e[PopupWindow:499ce30]: reportNextDraw android.view.ViewRootImpl.handleResized:2574 android.view.ViewRootImpl.-$$Nest$mhandleResized:0 android.view.ViewRootImpl$ViewRootHandler.handleMessageImpl:7267 android.view.ViewRootImpl$ViewRootHandler.handleMessage:7236 android.os.Handler.dispatchMessage:106 
05-15 18:56:36.650 22089 22089 I ViewRootImpl@75a882e[PopupWindow:499ce30]: Setup new sync=wmsSync-ViewRootImpl@75a882e[PopupWindow:499ce30]#14
05-15 18:56:36.650 22089 22089 I ViewRootImpl@75a882e[PopupWindow:499ce30]: Creating new active sync group ViewRootImpl@75a882e[PopupWindow:499ce30]#15
05-15 18:56:36.650 22089 22089 I SurfaceSyncGroup: addLocalSync=ViewRootImpl@75a882e[PopupWindow:499ce30]#15 to name=wmsSync-ViewRootImpl@75a882e[PopupWindow:499ce30]#14, callers=android.window.SurfaceSyncGroup.add:431 android.window.SurfaceSyncGroup.add:392 android.window.SurfaceSyncGroup.add:340 android.view.ViewRootImpl.createSyncIfNeeded:4912 android.view.ViewRootImpl.performTraversals:4796 android.view.ViewRootImpl.doTraversal:3345 
05-15 18:56:36.651 22089 22089 I ViewRootImpl@75a882e[PopupWindow:499ce30]: registerCallbacksForSync syncBuffer=false
05-15 18:56:36.651 22089 22166 I ViewRootImpl@75a882e[PopupWindow:499ce30]: Received frameDrawingCallback syncResult=0 frameNum=2.
05-15 18:56:36.652 22089 22166 I ViewRootImpl@75a882e[PopupWindow:499ce30]: mWNT: t=0xb4000076af5c4500 mBlastBufferQueue=0xb4000075230b0a00 fn= 2 mRenderHdrSdrRatio=1.0 caller= android.view.ViewRootImpl$8.onFrameDraw:13946 android.view.ThreadedRenderer$1.onFrameDraw:792 <bottom of call stack> 
05-15 18:56:36.652 22089 22166 I ViewRootImpl@75a882e[PopupWindow:499ce30]: Setting up sync and frameCommitCallback
05-15 18:56:36.653 22089 22149 I ViewRootImpl@75a882e[PopupWindow:499ce30]: Received frameCommittedCallback lastAttemptedDrawFrameNum=2 didProduceBuffer=true
05-15 18:56:36.653 22089 22149 I SurfaceSyncGroup: onTransactionReady mName=wmsSync-ViewRootImpl@75a882e[PopupWindow:499ce30]#14 callback=176620757
05-15 18:56:36.653 22089 22089 I ViewRootImpl@75a882e[PopupWindow:499ce30]: reportDrawFinished seqId=0
05-15 18:56:36.653 22089 22089 I ViewRootImpl@377f9eb[PopupWindow:47e3865]: handleResized, msg = 5 frames=ClientWindowFrames{frame=[292,1109][382,1201] display=[-100000,-100000][100000,100000] parentFrame=[0,0][0,0] attachedFrame=[0,0][1080,2340]} forceNextWindowRelayout=false displayId=0 dragResizing=false compatScale=1.0 frameChanged=false attachedFrameChanged=false configChanged=false displayChanged=false compatScaleChanged=false
05-15 18:56:36.653 22089 22089 I ViewRootImpl@377f9eb[PopupWindow:47e3865]: handleResized mSyncSeqId = 0
05-15 18:56:36.653 22089 22089 D ViewRootImpl@377f9eb[PopupWindow:47e3865]: reportNextDraw android.view.ViewRootImpl.handleResized:2574 android.view.ViewRootImpl.-$$Nest$mhandleResized:0 android.view.ViewRootImpl$ViewRootHandler.handleMessageImpl:7267 android.view.ViewRootImpl$ViewRootHandler.handleMessage:7236 android.os.Handler.dispatchMessage:106 
05-15 18:56:36.663 22089 22089 I ViewRootImpl@377f9eb[PopupWindow:47e3865]: Setup new sync=wmsSync-ViewRootImpl@377f9eb[PopupWindow:47e3865]#16
05-15 18:56:36.663 22089 22089 I ViewRootImpl@377f9eb[PopupWindow:47e3865]: Creating new active sync group ViewRootImpl@377f9eb[PopupWindow:47e3865]#17
05-15 18:56:36.663 22089 22089 I SurfaceSyncGroup: addLocalSync=ViewRootImpl@377f9eb[PopupWindow:47e3865]#17 to name=wmsSync-ViewRootImpl@377f9eb[PopupWindow:47e3865]#16, callers=android.window.SurfaceSyncGroup.add:431 android.window.SurfaceSyncGroup.add:392 android.window.SurfaceSyncGroup.add:340 android.view.ViewRootImpl.createSyncIfNeeded:4912 android.view.ViewRootImpl.performTraversals:4796 android.view.ViewRootImpl.doTraversal:3345 
05-15 18:56:36.664 22089 22089 I ViewRootImpl@377f9eb[PopupWindow:47e3865]: registerCallbacksForSync syncBuffer=false
05-15 18:56:36.664 22089 22167 I ViewRootImpl@377f9eb[PopupWindow:47e3865]: Received frameDrawingCallback syncResult=0 frameNum=2.
05-15 18:56:36.664 22089 22167 I ViewRootImpl@377f9eb[PopupWindow:47e3865]: mWNT: t=0xb4000076af5c4980 mBlastBufferQueue=0xb400007511832000 fn= 2 mRenderHdrSdrRatio=1.0 caller= android.view.ViewRootImpl$8.onFrameDraw:13946 android.view.ThreadedRenderer$1.onFrameDraw:792 <bottom of call stack> 
05-15 18:56:36.664 22089 22167 I ViewRootImpl@377f9eb[PopupWindow:47e3865]: Setting up sync and frameCommitCallback
05-15 18:56:36.665 22089 22149 I ViewRootImpl@377f9eb[PopupWindow:47e3865]: Received frameCommittedCallback lastAttemptedDrawFrameNum=2 didProduceBuffer=true
05-15 18:56:36.665 22089 22149 I SurfaceSyncGroup: onTransactionReady mName=wmsSync-ViewRootImpl@377f9eb[PopupWindow:47e3865]#16 callback=201850488
05-15 18:56:36.665 22089 22089 I ViewRootImpl@377f9eb[PopupWindow:47e3865]: reportDrawFinished seqId=0
05-15 18:56:37.121 22089 22089 I ViewRootImpl@2f49c97[MainActivity]: ViewPostIme pointer 0
05-15 18:56:37.177 22089 22089 I ViewRootImpl@2f49c97[MainActivity]: ViewPostIme pointer 1
05-15 18:56:37.179 22089 22089 I InputMethodManager_LC: showSoftInput(View,I)
05-15 18:56:37.180 22089 22089 I ImeTracker: org.sailyachtresearch.sailinsight:1eab5fd2: onRequestShow at ORIGIN_CLIENT_SHOW_SOFT_INPUT reason SHOW_SOFT_INPUT
05-15 18:56:37.180 22089 22089 I InputMethodManager_LC: ssi(): flags=0 view=org.sailyachtresearch.sailinsight reason = SHOW_SOFT_INPUT
05-15 18:56:37.180 22089 22089 D InputMethodManager: showSoftInput() view=com.facebook.react.views.textinput.ReactEditText{8882081 VFED..CL. .F.P.... 0,75-984,156 #77 aid=1073741825} flags=0 reason=SHOW_SOFT_INPUT
05-15 18:56:37.185 22089 22089 I WindowManager: WindowManagerGlobal#removeView, ty=1002, view=android.widget.PopupWindow$PopupDecorView{b6f9aa9 V.E...... R......D 0,0-90,108}, caller=android.view.WindowManagerGlobal.removeView:648 android.view.WindowManagerImpl.removeViewImmediate:208 android.widget.PopupWindow.dismissImmediate:2422 
05-15 18:56:37.186 22089 22089 W WindowOnBackDispatcher: sendCancelIfRunning: isInProgress=falsecallback=android.view.ViewRootImpl$$ExternalSyntheticLambda19@bda49c7
05-15 18:56:37.190 22089 22089 I ViewRootImpl@75a882e[PopupWindow:499ce30]: dispatchDetachedFromWindow
05-15 18:56:37.195 22089 22089 D InputTransport: Input channel destroyed: '84c12c4', fd=191
05-15 18:56:37.195 22089 22089 I WindowManager: WindowManagerGlobal#removeView, ty=1002, view=android.widget.PopupWindow$PopupDecorView{20af93a V.E...... R....... 0,0-90,92}, caller=android.view.WindowManagerGlobal.removeView:648 android.view.WindowManagerImpl.removeViewImmediate:208 android.widget.PopupWindow.dismissImmediate:2422 
05-15 18:56:37.195 22089 22089 W WindowOnBackDispatcher: sendCancelIfRunning: isInProgress=falsecallback=android.view.ViewRootImpl$$ExternalSyntheticLambda19@8952360
05-15 18:56:37.196 22089 22089 I ViewRootImpl@377f9eb[PopupWindow:47e3865]: dispatchDetachedFromWindow
05-15 18:56:37.200 22089 22089 D InputTransport: Input channel destroyed: 'c495c73', fd=220
05-15 18:56:37.201 22089 22089 I WindowManager: WindowManagerGlobal#addView, ty=1002, view=android.widget.PopupWindow$PopupDecorView{c9bf98d V.E...... R.....I. 0,0-0,0}, caller=android.view.WindowManagerImpl.addView:150 android.widget.PopupWindow.invokePopup:1721 android.widget.PopupWindow.showAtLocation:1421 
05-15 18:56:37.202 22089 22149 D NativeCustomFrequencyManager: [NativeCFMS] BpCustomFrequencyManager::BpCustomFrequencyManager()
05-15 18:56:37.206 22089 22089 I InsetsController: onStateChanged: host=PopupWindow:499ce30, from=android.view.ViewRootImpl.setView:1797, state=InsetsState: {mDisplayFrame=Rect(0, 0 - 1080, 2340), mDisplayCutout=DisplayCutout{insets=Rect(0, 81 - 0, 0) waterfall=Insets{left=0, top=0, right=0, bottom=0} boundingRect={Bounds=[Rect(0, 0 - 0, 0), Rect(512, 0 - 568, 81), Rect(0, 0 - 0, 0), Rect(0, 0 - 0, 0)]} cutoutPathParserInfo={CutoutPathParserInfo{displayWidth=1080 displayHeight=2340 physicalDisplayWidth=1080 physicalDisplayHeight=2340 density={3.0} cutoutSpec={M 0,0 H -9.333333333333333‬ V 27 H 9.333333333333333‬ V 0 H 0 Z @dp} rotation={0} scale={1.0} physicalPixelDisplaySizeRatio={1.0}}}}, mRoundedCorners=RoundedCorners{[RoundedCorner{position=TopLeft, radius=102, center=Point(102, 102)}, RoundedCorner{position=TopRight, radius=102, center=Point(978, 102)}, RoundedCorner{position=BottomRight, radius=102, center=Point(978, 2238)}, RoundedCorner{position=BottomLeft, radius=102, center=Point(102, 2238)}]}  mRoundedCornerFrame=Rect(0, 0 - 1080, 2340), mPrivacyIndicatorBounds=PrivacyIndicatorBounds {static bounds=Rect(948, 0 - 1080, 81) rotation=0}, mDisplayShape=DisplayShape{ spec=-311912193 displayWidth=1080 displayHeight=2340 physicalPixelDisplaySizeRatio=1.0 rotation=0 offsetX=0 offsetY=0 scale=1.0}, mSources= { InsetsSource: {c52a0001 mType=navigationBars mFrame=[0,2196][1080,2340] mVisible=true mFlags=[]}, InsetsSource: {c52a0004 mType=systemGestures mFrame=[0,0][0,0] mVisible=true mFlags=[]}, InsetsSource: {c52a0005 mType=mandatorySystemGestures mFrame=[0,2196][1080,2340] mVisible=true mFlags=[]}, InsetsSource: {c52a0006 mType=tappableElement mFrame=[0,2196][1080,2340] mVisible=true mFlags=[]}, InsetsSource: {c52a0024 mType=systemGestures mFrame=[0,0][0,0] mVisible=true mFlags=[]}, InsetsSource: {27 mType=displayCutout mFrame=[0,0][1080,81] mVisible=true mFlags=[]}, InsetsSource: {651f0000 mType=statusBars mFrame=[0,0][1080,81] mVisible=true mFlags=[]}, InsetsSource: {651f0005 mType=mandatorySystemGestures mFrame=[0,0][1080,117] mVisible=true mFlags=[]}, InsetsSource: {651f0006 mType=tappableElement mFrame=[0,0][1080,81] mVisible=true mFlags=[]} }
05-15 18:56:37.206 22089 22089 I ViewRootImpl@4806742[PopupWindow:499ce30]: synced displayState. AttachInfo displayState=2
05-15 18:56:37.206 22089 22089 I ViewRootImpl@4806742[PopupWindow:499ce30]: setView = android.widget.PopupWindow$PopupDecorView@c9bf98d TM=true
05-15 18:56:37.206 22089 22089 I WindowManager: WindowManagerGlobal#addView, ty=1002, view=android.widget.PopupWindow$PopupDecorView{cdba189 V.E...... R.....I. 0,0-0,0}, caller=android.view.WindowManagerImpl.addView:150 android.widget.PopupWindow.invokePopup:1721 android.widget.PopupWindow.showAtLocation:1421 
05-15 18:56:37.207 22089 22149 D NativeCustomFrequencyManager: [NativeCFMS] BpCustomFrequencyManager::BpCustomFrequencyManager()
05-15 18:56:37.209 22089 22089 I InsetsController: onStateChanged: host=PopupWindow:47e3865, from=android.view.ViewRootImpl.setView:1797, state=InsetsState: {mDisplayFrame=Rect(0, 0 - 1080, 2340), mDisplayCutout=DisplayCutout{insets=Rect(0, 81 - 0, 0) waterfall=Insets{left=0, top=0, right=0, bottom=0} boundingRect={Bounds=[Rect(0, 0 - 0, 0), Rect(512, 0 - 568, 81), Rect(0, 0 - 0, 0), Rect(0, 0 - 0, 0)]} cutoutPathParserInfo={CutoutPathParserInfo{displayWidth=1080 displayHeight=2340 physicalDisplayWidth=1080 physicalDisplayHeight=2340 density={3.0} cutoutSpec={M 0,0 H -9.333333333333333‬ V 27 H 9.333333333333333‬ V 0 H 0 Z @dp} rotation={0} scale={1.0} physicalPixelDisplaySizeRatio={1.0}}}}, mRoundedCorners=RoundedCorners{[RoundedCorner{position=TopLeft, radius=102, center=Point(102, 102)}, RoundedCorner{position=TopRight, radius=102, center=Point(978, 102)}, RoundedCorner{position=BottomRight, radius=102, center=Point(978, 2238)}, RoundedCorner{position=BottomLeft, radius=102, center=Point(102, 2238)}]}  mRoundedCornerFrame=Rect(0, 0 - 1080, 2340), mPrivacyIndicatorBounds=PrivacyIndicatorBounds {static bounds=Rect(948, 0 - 1080, 81) rotation=0}, mDisplayShape=DisplayShape{ spec=-311912193 displayWidth=1080 displayHeight=2340 physicalPixelDisplaySizeRatio=1.0 rotation=0 offsetX=0 offsetY=0 scale=1.0}, mSources= { InsetsSource: {c52a0001 mType=navigationBars mFrame=[0,2196][1080,2340] mVisible=true mFlags=[]}, InsetsSource: {c52a0004 mType=systemGestures mFrame=[0,0][0,0] mVisible=true mFlags=[]}, InsetsSource: {c52a0005 mType=mandatorySystemGestures mFrame=[0,2196][1080,2340] mVisible=true mFlags=[]}, InsetsSource: {c52a0006 mType=tappableElement mFrame=[0,2196][1080,2340] mVisible=true mFlags=[]}, InsetsSource: {c52a0024 mType=systemGestures mFrame=[0,0][0,0] mVisible=true mFlags=[]}, InsetsSource: {27 mType=displayCutout mFrame=[0,0][1080,81] mVisible=true mFlags=[]}, InsetsSource: {651f0000 mType=statusBars mFrame=[0,0][1080,81] mVisible=true mFlags=[]}, InsetsSource: {651f0005 mType=mandatorySystemGestures mFrame=[0,0][1080,117] mVisible=true mFlags=[]}, InsetsSource: {651f0006 mType=tappableElement mFrame=[0,0][1080,81] mVisible=true mFlags=[]} }
05-15 18:56:37.209 22089 22089 I ViewRootImpl@db1b58e[PopupWindow:47e3865]: synced displayState. AttachInfo displayState=2
05-15 18:56:37.210 22089 22089 I ViewRootImpl@db1b58e[PopupWindow:47e3865]: setView = android.widget.PopupWindow$PopupDecorView@cdba189 TM=true
05-15 18:56:37.211 22089 22089 D InsetsController: show(ime(), fromIme=true)
05-15 18:56:37.211 22089 22089 I ImeTracker: org.sailyachtresearch.sailinsight:1eab5fd2: onCancelled at PHASE_CLIENT_APPLY_ANIMATION
05-15 18:56:37.215 22089 22132 I ViewRootImpl@4806742[PopupWindow:499ce30]: Resizing android.view.ViewRootImpl@460c9cb: frame = [338,1201][428,1309] reportDraw = true forceLayout = false syncSeqId = -1
05-15 18:56:37.216 22089 22089 I BufferQueueProducer: [](id:564900000005,api:0,p:0,c:22089) setDequeueTimeout:2077252342
05-15 18:56:37.216 22089 22089 I BLASTBufferQueue_Java: new BLASTBufferQueue, mName= ViewRootImpl@4806742[PopupWindow:499ce30] mNativeObject= 0xb4000075230b0a00 sc.mNativeObject= 0xb4000075230baac0 caller= android.view.ViewRootImpl.updateBlastSurfaceIfNeeded:3085 android.view.ViewRootImpl.relayoutWindow:10224 android.view.ViewRootImpl.performTraversals:4167 android.view.ViewRootImpl.doTraversal:3345 android.view.ViewRootImpl$TraversalRunnable.run:11437 android.view.Choreographer$CallbackRecord.run:1690 android.view.Choreographer$CallbackRecord.run:1699 android.view.Choreographer.doCallbacks:1154 android.view.Choreographer.doFrame:1080 android.view.Choreographer$FrameDisplayEventReceiver.run:1647 
05-15 18:56:37.216 22089 22089 I BLASTBufferQueue_Java: update, w= 90 h= 108 mName = ViewRootImpl@4806742[PopupWindow:499ce30] mNativeObject= 0xb4000075230b0a00 sc.mNativeObject= 0xb4000075230baac0 format= -3 caller= android.graphics.BLASTBufferQueue.<init>:89 android.view.ViewRootImpl.updateBlastSurfaceIfNeeded:3085 android.view.ViewRootImpl.relayoutWindow:10224 android.view.ViewRootImpl.performTraversals:4167 android.view.ViewRootImpl.doTraversal:3345 android.view.ViewRootImpl$TraversalRunnable.run:11437 
05-15 18:56:37.216 22089 22089 I ViewRootImpl@4806742[PopupWindow:499ce30]: Relayout returned: old=(338,1201,428,1309) new=(338,1201,428,1309) relayoutAsync=false req=(90,108)0 dur=3 res=0x403 s={true 0xb4000076af7bf800} ch=true seqId=0
05-15 18:56:37.217 22089 22089 I ViewRootImpl@4806742[PopupWindow:499ce30]: performConfigurationChange setNightDimText nightDimLevel=0
05-15 18:56:37.217 22089 22089 D ViewRootImpl@4806742[PopupWindow:499ce30]: mThreadedRenderer.initialize() mSurface={isValid=true 0xb4000076af7bf800} hwInitialized=true
05-15 18:56:37.217 22089 22089 D ViewRootImpl@4806742[PopupWindow:499ce30]: reportNextDraw android.view.ViewRootImpl.performTraversals:4781 android.view.ViewRootImpl.doTraversal:3345 android.view.ViewRootImpl$TraversalRunnable.run:11437 android.view.Choreographer$CallbackRecord.run:1690 android.view.Choreographer$CallbackRecord.run:1699 
05-15 18:56:37.217 22089 22089 I ViewRootImpl@4806742[PopupWindow:499ce30]: Setup new sync=wmsSync-ViewRootImpl@4806742[PopupWindow:499ce30]#18
05-15 18:56:37.217 22089 22089 I ViewRootImpl@4806742[PopupWindow:499ce30]: Creating new active sync group ViewRootImpl@4806742[PopupWindow:499ce30]#19
05-15 18:56:37.218 22089 22089 I SurfaceSyncGroup: addLocalSync=ViewRootImpl@4806742[PopupWindow:499ce30]#19 to name=wmsSync-ViewRootImpl@4806742[PopupWindow:499ce30]#18, callers=android.window.SurfaceSyncGroup.add:431 android.window.SurfaceSyncGroup.add:392 android.window.SurfaceSyncGroup.add:340 android.view.ViewRootImpl.createSyncIfNeeded:4912 android.view.ViewRootImpl.performTraversals:4796 android.view.ViewRootImpl.doTraversal:3345 
05-15 18:56:37.221 22089 22089 I ViewRootImpl@4806742[PopupWindow:499ce30]: registerCallbacksForSync syncBuffer=false
05-15 18:56:37.221 22089 22166 I ViewRootImpl@4806742[PopupWindow:499ce30]: Received frameDrawingCallback syncResult=0 frameNum=1.
05-15 18:56:37.221 22089 22166 I ViewRootImpl@4806742[PopupWindow:499ce30]: mWNT: t=0xb4000076af5c5880 mBlastBufferQueue=0xb4000075230b0a00 fn= 1 mRenderHdrSdrRatio=1.0 caller= android.view.ViewRootImpl$8.onFrameDraw:13946 android.view.ThreadedRenderer$1.onFrameDraw:792 <bottom of call stack> 
05-15 18:56:37.221 22089 22166 I ViewRootImpl@4806742[PopupWindow:499ce30]: Setting up sync and frameCommitCallback
05-15 18:56:37.222 22089 22149 I BLASTBufferQueue: [ViewRootImpl@4806742[PopupWindow:499ce30]#5](f:0,a:0,s:0) onFrameAvailable the first frame is available
05-15 18:56:37.222 22089 22149 I ViewRootImpl@4806742[PopupWindow:499ce30]: Received frameCommittedCallback lastAttemptedDrawFrameNum=1 didProduceBuffer=true
05-15 18:56:37.222 22089 22149 I SurfaceSyncGroup: onTransactionReady mName=wmsSync-ViewRootImpl@4806742[PopupWindow:499ce30]#18 callback=146011560
05-15 18:56:37.222 22089 22149 D OpenGLRenderer: CFMS:: SetUp Pid : 22089    Tid : 22149
05-15 18:56:37.222 22089 22089 I ViewRootImpl@4806742[PopupWindow:499ce30]: reportDrawFinished seqId=0
05-15 18:56:37.227 22089 22102 I ViewRootImpl@db1b58e[PopupWindow:47e3865]: Resizing android.view.ViewRootImpl@326c454: frame = [338,1109][428,1201] reportDraw = true forceLayout = false syncSeqId = -1
05-15 18:56:37.228 22089 22089 I BufferQueueProducer: [](id:564900000006,api:0,p:-1,c:22089) setDequeueTimeout:2077252342
05-15 18:56:37.228 22089 22089 I BLASTBufferQueue_Java: new BLASTBufferQueue, mName= ViewRootImpl@db1b58e[PopupWindow:47e3865] mNativeObject= 0xb400007511834100 sc.mNativeObject= 0xb4000075230c3000 caller= android.view.ViewRootImpl.updateBlastSurfaceIfNeeded:3085 android.view.ViewRootImpl.relayoutWindow:10224 android.view.ViewRootImpl.performTraversals:4167 android.view.ViewRootImpl.doTraversal:3345 android.view.ViewRootImpl$TraversalRunnable.run:11437 android.view.Choreographer$CallbackRecord.run:1690 android.view.Choreographer$CallbackRecord.run:1699 android.view.Choreographer.doCallbacks:1154 android.view.Choreographer.doFrame:1080 android.view.Choreographer$FrameDisplayEventReceiver.run:1647 
05-15 18:56:37.228 22089 22089 I BLASTBufferQueue_Java: update, w= 90 h= 92 mName = ViewRootImpl@db1b58e[PopupWindow:47e3865] mNativeObject= 0xb400007511834100 sc.mNativeObject= 0xb4000075230c3000 format= -3 caller= android.graphics.BLASTBufferQueue.<init>:89 android.view.ViewRootImpl.updateBlastSurfaceIfNeeded:3085 android.view.ViewRootImpl.relayoutWindow:10224 android.view.ViewRootImpl.performTraversals:4167 android.view.ViewRootImpl.doTraversal:3345 android.view.ViewRootImpl$TraversalRunnable.run:11437 
05-15 18:56:37.229 22089 22089 I ViewRootImpl@db1b58e[PopupWindow:47e3865]: Relayout returned: old=(338,1109,428,1201) new=(338,1109,428,1201) relayoutAsync=false req=(90,92)0 dur=5 res=0x403 s={true 0xb4000076af8cf000} ch=true seqId=0
05-15 18:56:37.229 22089 22089 I ViewRootImpl@db1b58e[PopupWindow:47e3865]: performConfigurationChange setNightDimText nightDimLevel=0
05-15 18:56:37.229 22089 22089 D ViewRootImpl@db1b58e[PopupWindow:47e3865]: mThreadedRenderer.initialize() mSurface={isValid=true 0xb4000076af8cf000} hwInitialized=true
05-15 18:56:37.230 22089 22089 D ViewRootImpl@db1b58e[PopupWindow:47e3865]: reportNextDraw android.view.ViewRootImpl.performTraversals:4781 android.view.ViewRootImpl.doTraversal:3345 android.view.ViewRootImpl$TraversalRunnable.run:11437 android.view.Choreographer$CallbackRecord.run:1690 android.view.Choreographer$CallbackRecord.run:1699 
05-15 18:56:37.230 22089 22089 I ViewRootImpl@db1b58e[PopupWindow:47e3865]: Setup new sync=wmsSync-ViewRootImpl@db1b58e[PopupWindow:47e3865]#20
05-15 18:56:37.230 22089 22089 I ViewRootImpl@db1b58e[PopupWindow:47e3865]: Creating new active sync group ViewRootImpl@db1b58e[PopupWindow:47e3865]#21
05-15 18:56:37.231 22089 22089 I SurfaceSyncGroup: addLocalSync=ViewRootImpl@db1b58e[PopupWindow:47e3865]#21 to name=wmsSync-ViewRootImpl@db1b58e[PopupWindow:47e3865]#20, callers=android.window.SurfaceSyncGroup.add:431 android.window.SurfaceSyncGroup.add:392 android.window.SurfaceSyncGroup.add:340 android.view.ViewRootImpl.createSyncIfNeeded:4912 android.view.ViewRootImpl.performTraversals:4796 android.view.ViewRootImpl.doTraversal:3345 
05-15 18:56:37.231 22089 22089 I ViewRootImpl@db1b58e[PopupWindow:47e3865]: registerCallbacksForSync syncBuffer=false
05-15 18:56:37.231 22089 22167 I ViewRootImpl@db1b58e[PopupWindow:47e3865]: Received frameDrawingCallback syncResult=0 frameNum=1.
05-15 18:56:37.231 22089 22167 I ViewRootImpl@db1b58e[PopupWindow:47e3865]: mWNT: t=0xb4000076af650800 mBlastBufferQueue=0xb400007511834100 fn= 1 mRenderHdrSdrRatio=1.0 caller= android.view.ViewRootImpl$8.onFrameDraw:13946 android.view.ThreadedRenderer$1.onFrameDraw:792 <bottom of call stack> 
05-15 18:56:37.231 22089 22167 I ViewRootImpl@db1b58e[PopupWindow:47e3865]: Setting up sync and frameCommitCallback
05-15 18:56:37.232 22089 22149 I BLASTBufferQueue: [ViewRootImpl@db1b58e[PopupWindow:47e3865]#6](f:0,a:0,s:0) onFrameAvailable the first frame is available
05-15 18:56:37.232 22089 22149 I ViewRootImpl@db1b58e[PopupWindow:47e3865]: Received frameCommittedCallback lastAttemptedDrawFrameNum=1 didProduceBuffer=true
05-15 18:56:37.232 22089 22149 I SurfaceSyncGroup: onTransactionReady mName=wmsSync-ViewRootImpl@db1b58e[PopupWindow:47e3865]#20 callback=72048637
05-15 18:56:37.232 22089 22149 D OpenGLRenderer: CFMS:: SetUp Pid : 22089    Tid : 22149
05-15 18:56:37.233 22089 22089 I ViewRootImpl@db1b58e[PopupWindow:47e3865]: reportDrawFinished seqId=0
05-15 18:56:37.233 22089 22149 D OpenGLRenderer: HWUI - treat SMPTE_170M as sRGB
05-15 18:56:37.233 22089 22149 D OpenGLRenderer: HWUI - treat SMPTE_170M as sRGB
05-15 18:56:37.234 22089 22089 I ViewRootImpl@4806742[PopupWindow:499ce30]: handleResized, msg = 5 frames=ClientWindowFrames{frame=[338,1201][428,1309] display=[-100000,-100000][100000,100000] parentFrame=[0,0][0,0] attachedFrame=[0,0][1080,2340]} forceNextWindowRelayout=false displayId=0 dragResizing=false compatScale=1.0 frameChanged=false attachedFrameChanged=false configChanged=false displayChanged=false compatScaleChanged=false
05-15 18:56:37.234 22089 22089 I ViewRootImpl@4806742[PopupWindow:499ce30]: handleResized mSyncSeqId = 0
05-15 18:56:37.234 22089 22089 D ViewRootImpl@4806742[PopupWindow:499ce30]: reportNextDraw android.view.ViewRootImpl.handleResized:2574 android.view.ViewRootImpl.-$$Nest$mhandleResized:0 android.view.ViewRootImpl$ViewRootHandler.handleMessageImpl:7267 android.view.ViewRootImpl$ViewRootHandler.handleMessage:7236 android.os.Handler.dispatchMessage:106 
05-15 18:56:37.234 22089 22089 I ViewRootImpl@db1b58e[PopupWindow:47e3865]: handleResized, msg = 5 frames=ClientWindowFrames{frame=[338,1109][428,1201] display=[-100000,-100000][100000,100000] parentFrame=[0,0][0,0] attachedFrame=[0,0][1080,2340]} forceNextWindowRelayout=false displayId=0 dragResizing=false compatScale=1.0 frameChanged=false attachedFrameChanged=false configChanged=false displayChanged=false compatScaleChanged=false
05-15 18:56:37.234 22089 22089 I ViewRootImpl@db1b58e[PopupWindow:47e3865]: handleResized mSyncSeqId = 0
05-15 18:56:37.234 22089 22089 D ViewRootImpl@db1b58e[PopupWindow:47e3865]: reportNextDraw android.view.ViewRootImpl.handleResized:2574 android.view.ViewRootImpl.-$$Nest$mhandleResized:0 android.view.ViewRootImpl$ViewRootHandler.handleMessageImpl:7267 android.view.ViewRootImpl$ViewRootHandler.handleMessage:7236 android.os.Handler.dispatchMessage:106 
05-15 18:56:37.247 22089 22089 I ViewRootImpl@4806742[PopupWindow:499ce30]: Setup new sync=wmsSync-ViewRootImpl@4806742[PopupWindow:499ce30]#22
05-15 18:56:37.247 22089 22089 I ViewRootImpl@4806742[PopupWindow:499ce30]: Creating new active sync group ViewRootImpl@4806742[PopupWindow:499ce30]#23
05-15 18:56:37.248 22089 22089 I SurfaceSyncGroup: addLocalSync=ViewRootImpl@4806742[PopupWindow:499ce30]#23 to name=wmsSync-ViewRootImpl@4806742[PopupWindow:499ce30]#22, callers=android.window.SurfaceSyncGroup.add:431 android.window.SurfaceSyncGroup.add:392 android.window.SurfaceSyncGroup.add:340 android.view.ViewRootImpl.createSyncIfNeeded:4912 android.view.ViewRootImpl.performTraversals:4796 android.view.ViewRootImpl.doTraversal:3345 
05-15 18:56:37.248 22089 22089 I ViewRootImpl@4806742[PopupWindow:499ce30]: registerCallbacksForSync syncBuffer=false
05-15 18:56:37.248 22089 22166 I ViewRootImpl@4806742[PopupWindow:499ce30]: Received frameDrawingCallback syncResult=0 frameNum=2.
05-15 18:56:37.248 22089 22166 I ViewRootImpl@4806742[PopupWindow:499ce30]: mWNT: t=0xb4000076af650f80 mBlastBufferQueue=0xb4000075230b0a00 fn= 2 mRenderHdrSdrRatio=1.0 caller= android.view.ViewRootImpl$8.onFrameDraw:13946 android.view.ThreadedRenderer$1.onFrameDraw:792 <bottom of call stack> 
05-15 18:56:37.248 22089 22166 I ViewRootImpl@4806742[PopupWindow:499ce30]: Setting up sync and frameCommitCallback
05-15 18:56:37.250 22089 22149 I ViewRootImpl@4806742[PopupWindow:499ce30]: Received frameCommittedCallback lastAttemptedDrawFrameNum=2 didProduceBuffer=true
05-15 18:56:37.250 22089 22149 I SurfaceSyncGroup: onTransactionReady mName=wmsSync-ViewRootImpl@4806742[PopupWindow:499ce30]#22 callback=156619200
05-15 18:56:37.250 22089 22089 I ViewRootImpl@4806742[PopupWindow:499ce30]: reportDrawFinished seqId=0
05-15 18:56:37.250 22089 22089 I ViewRootImpl@db1b58e[PopupWindow:47e3865]: Setup new sync=wmsSync-ViewRootImpl@db1b58e[PopupWindow:47e3865]#24
05-15 18:56:37.250 22089 22089 I ViewRootImpl@db1b58e[PopupWindow:47e3865]: Creating new active sync group ViewRootImpl@db1b58e[PopupWindow:47e3865]#25
05-15 18:56:37.250 22089 22089 I SurfaceSyncGroup: addLocalSync=ViewRootImpl@db1b58e[PopupWindow:47e3865]#25 to name=wmsSync-ViewRootImpl@db1b58e[PopupWindow:47e3865]#24, callers=android.window.SurfaceSyncGroup.add:431 android.window.SurfaceSyncGroup.add:392 android.window.SurfaceSyncGroup.add:340 android.view.ViewRootImpl.createSyncIfNeeded:4912 android.view.ViewRootImpl.performTraversals:4796 android.view.ViewRootImpl.doTraversal:3345 
05-15 18:56:37.251 22089 22089 I ViewRootImpl@db1b58e[PopupWindow:47e3865]: registerCallbacksForSync syncBuffer=false
05-15 18:56:37.251 22089 22167 I ViewRootImpl@db1b58e[PopupWindow:47e3865]: Received frameDrawingCallback syncResult=0 frameNum=2.
05-15 18:56:37.251 22089 22167 I ViewRootImpl@db1b58e[PopupWindow:47e3865]: mWNT: t=0xb4000076af651400 mBlastBufferQueue=0xb400007511834100 fn= 2 mRenderHdrSdrRatio=1.0 caller= android.view.ViewRootImpl$8.onFrameDraw:13946 android.view.ThreadedRenderer$1.onFrameDraw:792 <bottom of call stack> 
05-15 18:56:37.251 22089 22167 I ViewRootImpl@db1b58e[PopupWindow:47e3865]: Setting up sync and frameCommitCallback
05-15 18:56:37.252 22089 22149 I ViewRootImpl@db1b58e[PopupWindow:47e3865]: Received frameCommittedCallback lastAttemptedDrawFrameNum=2 didProduceBuffer=true
05-15 18:56:37.252 22089 22149 I SurfaceSyncGroup: onTransactionReady mName=wmsSync-ViewRootImpl@db1b58e[PopupWindow:47e3865]#24 callback=24802463
05-15 18:56:37.252 22089 22089 I ViewRootImpl@db1b58e[PopupWindow:47e3865]: reportDrawFinished seqId=0
05-15 18:56:37.839 22089 22089 I ViewRootImpl@2f49c97[MainActivity]: ViewPostIme key 0
05-15 18:56:37.845 22089 22089 I ViewRootImpl@2f49c97[MainActivity]: ViewPostIme key 1
05-15 18:56:37.847 22089 22089 I WindowManager: WindowManagerGlobal#removeView, ty=1002, view=android.widget.PopupWindow$PopupDecorView{c9bf98d V.E...... R......D 0,0-90,108}, caller=android.view.WindowManagerGlobal.removeView:648 android.view.WindowManagerImpl.removeViewImmediate:208 android.widget.PopupWindow.dismissImmediate:2422 
05-15 18:56:37.848 22089 22089 W WindowOnBackDispatcher: sendCancelIfRunning: isInProgress=falsecallback=android.view.ViewRootImpl$$ExternalSyntheticLambda19@d979c9a
05-15 18:56:37.849 22089 22089 I ViewRootImpl@4806742[PopupWindow:499ce30]: dispatchDetachedFromWindow
05-15 18:56:37.854 22089 22089 D InputTransport: Input channel destroyed: 'c529d5 ', fd=190
05-15 18:56:37.854 22089 22089 I WindowManager: WindowManagerGlobal#removeView, ty=1002, view=android.widget.PopupWindow$PopupDecorView{cdba189 V.E...... R....... 0,0-90,92}, caller=android.view.WindowManagerGlobal.removeView:648 android.view.WindowManagerImpl.removeViewImmediate:208 android.widget.PopupWindow.dismissImmediate:2422 
05-15 18:56:37.854 22089 22089 W WindowOnBackDispatcher: sendCancelIfRunning: isInProgress=falsecallback=android.view.ViewRootImpl$$ExternalSyntheticLambda19@9b037a7
05-15 18:56:37.855 22089 22089 I ViewRootImpl@db1b58e[PopupWindow:47e3865]: dispatchDetachedFromWindow
05-15 18:56:37.858 22089 22089 D InputTransport: Input channel destroyed: 'a242778', fd=191
05-15 18:56:38.973 22089 22089 I ViewRootImpl@2f49c97[MainActivity]: ViewPostIme pointer 0
05-15 18:56:39.020 22089 22089 I ViewRootImpl@2f49c97[MainActivity]: ViewPostIme pointer 1
05-15 18:56:39.022 22089 22089 I InputMethodManager_LC: showSoftInput(View,I)
05-15 18:56:39.022 22089 22089 I ImeTracker: org.sailyachtresearch.sailinsight:f9d81dc3: onRequestShow at ORIGIN_CLIENT_SHOW_SOFT_INPUT reason SHOW_SOFT_INPUT
05-15 18:56:39.022 22089 22089 I InputMethodManager_LC: ssi(): flags=0 view=org.sailyachtresearch.sailinsight reason = SHOW_SOFT_INPUT
05-15 18:56:39.023 22089 22089 D InputMethodManager: showSoftInput() view=com.facebook.react.views.textinput.ReactEditText{8882081 VFED..CL. .F.P.... 0,75-984,156 #77 aid=1073741825} flags=0 reason=SHOW_SOFT_INPUT
05-15 18:56:39.033 22089 22089 I WindowManager: WindowManagerGlobal#addView, ty=1002, view=android.widget.PopupWindow$PopupDecorView{42f09ab V.E...... R.....I. 0,0-0,0}, caller=android.view.WindowManagerImpl.addView:150 android.widget.PopupWindow.invokePopup:1721 android.widget.PopupWindow.showAtLocation:1421 
05-15 18:56:39.034 22089 22149 D NativeCustomFrequencyManager: [NativeCFMS] BpCustomFrequencyManager::BpCustomFrequencyManager()
05-15 18:56:39.040 22089 22089 I InsetsController: onStateChanged: host=PopupWindow:499ce30, from=android.view.ViewRootImpl.setView:1797, state=InsetsState: {mDisplayFrame=Rect(0, 0 - 1080, 2340), mDisplayCutout=DisplayCutout{insets=Rect(0, 81 - 0, 0) waterfall=Insets{left=0, top=0, right=0, bottom=0} boundingRect={Bounds=[Rect(0, 0 - 0, 0), Rect(512, 0 - 568, 81), Rect(0, 0 - 0, 0), Rect(0, 0 - 0, 0)]} cutoutPathParserInfo={CutoutPathParserInfo{displayWidth=1080 displayHeight=2340 physicalDisplayWidth=1080 physicalDisplayHeight=2340 density={3.0} cutoutSpec={M 0,0 H -9.333333333333333‬ V 27 H 9.333333333333333‬ V 0 H 0 Z @dp} rotation={0} scale={1.0} physicalPixelDisplaySizeRatio={1.0}}}}, mRoundedCorners=RoundedCorners{[RoundedCorner{position=TopLeft, radius=102, center=Point(102, 102)}, RoundedCorner{position=TopRight, radius=102, center=Point(978, 102)}, RoundedCorner{position=BottomRight, radius=102, center=Point(978, 2238)}, RoundedCorner{position=BottomLeft, radius=102, center=Point(102, 2238)}]}  mRoundedCornerFrame=Rect(0, 0 - 1080, 2340), mPrivacyIndicatorBounds=PrivacyIndicatorBounds {static bounds=Rect(948, 0 - 1080, 81) rotation=0}, mDisplayShape=DisplayShape{ spec=-311912193 displayWidth=1080 displayHeight=2340 physicalPixelDisplaySizeRatio=1.0 rotation=0 offsetX=0 offsetY=0 scale=1.0}, mSources= { InsetsSource: {c52a0001 mType=navigationBars mFrame=[0,2196][1080,2340] mVisible=true mFlags=[]}, InsetsSource: {c52a0004 mType=systemGestures mFrame=[0,0][0,0] mVisible=true mFlags=[]}, InsetsSource: {c52a0005 mType=mandatorySystemGestures mFrame=[0,2196][1080,2340] mVisible=true mFlags=[]}, InsetsSource: {c52a0006 mType=tappableElement mFrame=[0,2196][1080,2340] mVisible=true mFlags=[]}, InsetsSource: {c52a0024 mType=systemGestures mFrame=[0,0][0,0] mVisible=true mFlags=[]}, InsetsSource: {27 mType=displayCutout mFrame=[0,0][1080,81] mVisible=true mFlags=[]}, InsetsSource: {651f0000 mType=statusBars mFrame=[0,0][1080,81] mVisible=true mFlags=[]}, InsetsSource: {651f0005 mType=mandatorySystemGestures mFrame=[0,0][1080,117] mVisible=true mFlags=[]}, InsetsSource: {651f0006 mType=tappableElement mFrame=[0,0][1080,81] mVisible=true mFlags=[]} }
05-15 18:56:39.040 22089 22089 I ViewRootImpl@23b6808[PopupWindow:499ce30]: synced displayState. AttachInfo displayState=2
05-15 18:56:39.040 22089 22089 I ViewRootImpl@23b6808[PopupWindow:499ce30]: setView = android.widget.PopupWindow$PopupDecorView@42f09ab TM=true
05-15 18:56:39.041 22089 22089 I WindowManager: WindowManagerGlobal#addView, ty=1002, view=android.widget.PopupWindow$PopupDecorView{7529587 V.E...... R.....I. 0,0-0,0}, caller=android.view.WindowManagerImpl.addView:150 android.widget.PopupWindow.invokePopup:1721 android.widget.PopupWindow.showAtLocation:1421 
05-15 18:56:39.042 22089 22149 D NativeCustomFrequencyManager: [NativeCFMS] BpCustomFrequencyManager::BpCustomFrequencyManager()
05-15 18:56:39.045 22089 22089 I InsetsController: onStateChanged: host=PopupWindow:47e3865, from=android.view.ViewRootImpl.setView:1797, state=InsetsState: {mDisplayFrame=Rect(0, 0 - 1080, 2340), mDisplayCutout=DisplayCutout{insets=Rect(0, 81 - 0, 0) waterfall=Insets{left=0, top=0, right=0, bottom=0} boundingRect={Bounds=[Rect(0, 0 - 0, 0), Rect(512, 0 - 568, 81), Rect(0, 0 - 0, 0), Rect(0, 0 - 0, 0)]} cutoutPathParserInfo={CutoutPathParserInfo{displayWidth=1080 displayHeight=2340 physicalDisplayWidth=1080 physicalDisplayHeight=2340 density={3.0} cutoutSpec={M 0,0 H -9.333333333333333‬ V 27 H 9.333333333333333‬ V 0 H 0 Z @dp} rotation={0} scale={1.0} physicalPixelDisplaySizeRatio={1.0}}}}, mRoundedCorners=RoundedCorners{[RoundedCorner{position=TopLeft, radius=102, center=Point(102, 102)}, RoundedCorner{position=TopRight, radius=102, center=Point(978, 102)}, RoundedCorner{position=BottomRight, radius=102, center=Point(978, 2238)}, RoundedCorner{position=BottomLeft, radius=102, center=Point(102, 2238)}]}  mRoundedCornerFrame=Rect(0, 0 - 1080, 2340), mPrivacyIndicatorBounds=PrivacyIndicatorBounds {static bounds=Rect(948, 0 - 1080, 81) rotation=0}, mDisplayShape=DisplayShape{ spec=-311912193 displayWidth=1080 displayHeight=2340 physicalPixelDisplaySizeRatio=1.0 rotation=0 offsetX=0 offsetY=0 scale=1.0}, mSources= { InsetsSource: {c52a0001 mType=navigationBars mFrame=[0,2196][1080,2340] mVisible=true mFlags=[]}, InsetsSource: {c52a0004 mType=systemGestures mFrame=[0,0][0,0] mVisible=true mFlags=[]}, InsetsSource: {c52a0005 mType=mandatorySystemGestures mFrame=[0,2196][1080,2340] mVisible=true mFlags=[]}, InsetsSource: {c52a0006 mType=tappableElement mFrame=[0,2196][1080,2340] mVisible=true mFlags=[]}, InsetsSource: {c52a0024 mType=systemGestures mFrame=[0,0][0,0] mVisible=true mFlags=[]}, InsetsSource: {27 mType=displayCutout mFrame=[0,0][1080,81] mVisible=true mFlags=[]}, InsetsSource: {651f0000 mType=statusBars mFrame=[0,0][1080,81] mVisible=true mFlags=[]}, InsetsSource: {651f0005 mType=mandatorySystemGestures mFrame=[0,0][1080,117] mVisible=true mFlags=[]}, InsetsSource: {651f0006 mType=tappableElement mFrame=[0,0][1080,81] mVisible=true mFlags=[]} }
05-15 18:56:39.045 22089 22089 I ViewRootImpl@522fcb4[PopupWindow:47e3865]: synced displayState. AttachInfo displayState=2
05-15 18:56:39.046 22089 22089 I ViewRootImpl@522fcb4[PopupWindow:47e3865]: setView = android.widget.PopupWindow$PopupDecorView@7529587 TM=true
05-15 18:56:39.047 22089 22089 D InsetsController: show(ime(), fromIme=true)
05-15 18:56:39.047 22089 22089 I ImeTracker: org.sailyachtresearch.sailinsight:f9d81dc3: onCancelled at PHASE_CLIENT_APPLY_ANIMATION
05-15 18:56:39.049 22089 22149 D OpenGLRenderer: HWUI - treat SMPTE_170M as sRGB
05-15 18:56:39.054 22089 22102 I ViewRootImpl@23b6808[PopupWindow:499ce30]: Resizing android.view.ViewRootImpl@7476dd9: frame = [434,1201][524,1309] reportDraw = true forceLayout = false syncSeqId = -1
05-15 18:56:39.055 22089 22089 I BufferQueueProducer: [](id:564900000007,api:0,p:-1,c:22089) setDequeueTimeout:2077252342
05-15 18:56:39.055 22089 22089 I BLASTBufferQueue_Java: new BLASTBufferQueue, mName= ViewRootImpl@23b6808[PopupWindow:499ce30] mNativeObject= 0xb4000075230b0a00 sc.mNativeObject= 0xb4000075230bae80 caller= android.view.ViewRootImpl.updateBlastSurfaceIfNeeded:3085 android.view.ViewRootImpl.relayoutWindow:10224 android.view.ViewRootImpl.performTraversals:4167 android.view.ViewRootImpl.doTraversal:3345 android.view.ViewRootImpl$TraversalRunnable.run:11437 android.view.Choreographer$CallbackRecord.run:1690 android.view.Choreographer$CallbackRecord.run:1699 android.view.Choreographer.doCallbacks:1154 android.view.Choreographer.doFrame:1080 android.view.Choreographer$FrameDisplayEventReceiver.run:1647 
05-15 18:56:39.055 22089 22089 I BLASTBufferQueue_Java: update, w= 90 h= 108 mName = ViewRootImpl@23b6808[PopupWindow:499ce30] mNativeObject= 0xb4000075230b0a00 sc.mNativeObject= 0xb4000075230bae80 format= -3 caller= android.graphics.BLASTBufferQueue.<init>:89 android.view.ViewRootImpl.updateBlastSurfaceIfNeeded:3085 android.view.ViewRootImpl.relayoutWindow:10224 android.view.ViewRootImpl.performTraversals:4167 android.view.ViewRootImpl.doTraversal:3345 android.view.ViewRootImpl$TraversalRunnable.run:11437 
05-15 18:56:39.055 22089 22089 I ViewRootImpl@23b6808[PopupWindow:499ce30]: Relayout returned: old=(434,1201,524,1309) new=(434,1201,524,1309) relayoutAsync=false req=(90,108)0 dur=3 res=0x403 s={true 0xb4000076af8cf000} ch=true seqId=0
05-15 18:56:39.056 22089 22089 I ViewRootImpl@23b6808[PopupWindow:499ce30]: performConfigurationChange setNightDimText nightDimLevel=0
05-15 18:56:39.056 22089 22089 D ViewRootImpl@23b6808[PopupWindow:499ce30]: mThreadedRenderer.initialize() mSurface={isValid=true 0xb4000076af8cf000} hwInitialized=true
05-15 18:56:39.057 22089 22089 D ViewRootImpl@23b6808[PopupWindow:499ce30]: reportNextDraw android.view.ViewRootImpl.performTraversals:4781 android.view.ViewRootImpl.doTraversal:3345 android.view.ViewRootImpl$TraversalRunnable.run:11437 android.view.Choreographer$CallbackRecord.run:1690 android.view.Choreographer$CallbackRecord.run:1699 
05-15 18:56:39.057 22089 22089 I ViewRootImpl@23b6808[PopupWindow:499ce30]: Setup new sync=wmsSync-ViewRootImpl@23b6808[PopupWindow:499ce30]#26
05-15 18:56:39.057 22089 22089 I ViewRootImpl@23b6808[PopupWindow:499ce30]: Creating new active sync group ViewRootImpl@23b6808[PopupWindow:499ce30]#27
05-15 18:56:39.057 22089 22089 I SurfaceSyncGroup: addLocalSync=ViewRootImpl@23b6808[PopupWindow:499ce30]#27 to name=wmsSync-ViewRootImpl@23b6808[PopupWindow:499ce30]#26, callers=android.window.SurfaceSyncGroup.add:431 android.window.SurfaceSyncGroup.add:392 android.window.SurfaceSyncGroup.add:340 android.view.ViewRootImpl.createSyncIfNeeded:4912 android.view.ViewRootImpl.performTraversals:4796 android.view.ViewRootImpl.doTraversal:3345 
05-15 18:56:39.057 22089 22089 I ViewRootImpl@23b6808[PopupWindow:499ce30]: registerCallbacksForSync syncBuffer=false
05-15 18:56:39.058 22089 22166 I ViewRootImpl@23b6808[PopupWindow:499ce30]: Received frameDrawingCallback syncResult=0 frameNum=1.
05-15 18:56:39.058 22089 22166 I ViewRootImpl@23b6808[PopupWindow:499ce30]: mWNT: t=0xb4000076af702500 mBlastBufferQueue=0xb4000075230b0a00 fn= 1 mRenderHdrSdrRatio=1.0 caller= android.view.ViewRootImpl$8.onFrameDraw:13946 android.view.ThreadedRenderer$1.onFrameDraw:792 <bottom of call stack> 
05-15 18:56:39.058 22089 22166 I ViewRootImpl@23b6808[PopupWindow:499ce30]: Setting up sync and frameCommitCallback
05-15 18:56:39.058 22089 22149 I BLASTBufferQueue: [ViewRootImpl@23b6808[PopupWindow:499ce30]#7](f:0,a:0,s:0) onFrameAvailable the first frame is available
05-15 18:56:39.059 22089 22149 I ViewRootImpl@23b6808[PopupWindow:499ce30]: Received frameCommittedCallback lastAttemptedDrawFrameNum=1 didProduceBuffer=true
05-15 18:56:39.059 22089 22149 I SurfaceSyncGroup: onTransactionReady mName=wmsSync-ViewRootImpl@23b6808[PopupWindow:499ce30]#26 callback=196613022
05-15 18:56:39.059 22089 22149 D OpenGLRenderer: CFMS:: SetUp Pid : 22089    Tid : 22149
05-15 18:56:39.059 22089 22089 I ViewRootImpl@23b6808[PopupWindow:499ce30]: reportDrawFinished seqId=0
05-15 18:56:39.064 22089 22102 I ViewRootImpl@522fcb4[PopupWindow:47e3865]: Resizing android.view.ViewRootImpl@90dcbaa: frame = [434,1109][524,1201] reportDraw = true forceLayout = false syncSeqId = -1
05-15 18:56:39.064 22089 22089 I BufferQueueProducer: [](id:564900000008,api:0,p:-1,c:22089) setDequeueTimeout:2077252342
05-15 18:56:39.065 22089 22089 I BLASTBufferQueue_Java: new BLASTBufferQueue, mName= ViewRootImpl@522fcb4[PopupWindow:47e3865] mNativeObject= 0xb400007511834400 sc.mNativeObject= 0xb4000075230f00c0 caller= android.view.ViewRootImpl.updateBlastSurfaceIfNeeded:3085 android.view.ViewRootImpl.relayoutWindow:10224 android.view.ViewRootImpl.performTraversals:4167 android.view.ViewRootImpl.doTraversal:3345 android.view.ViewRootImpl$TraversalRunnable.run:11437 android.view.Choreographer$CallbackRecord.run:1690 android.view.Choreographer$CallbackRecord.run:1699 android.view.Choreographer.doCallbacks:1154 android.view.Choreographer.doFrame:1080 android.view.Choreographer$FrameDisplayEventReceiver.run:1647 
05-15 18:56:39.065 22089 22089 I BLASTBufferQueue_Java: update, w= 90 h= 92 mName = ViewRootImpl@522fcb4[PopupWindow:47e3865] mNativeObject= 0xb400007511834400 sc.mNativeObject= 0xb4000075230f00c0 format= -3 caller= android.graphics.BLASTBufferQueue.<init>:89 android.view.ViewRootImpl.updateBlastSurfaceIfNeeded:3085 android.view.ViewRootImpl.relayoutWindow:10224 android.view.ViewRootImpl.performTraversals:4167 android.view.ViewRootImpl.doTraversal:3345 android.view.ViewRootImpl$TraversalRunnable.run:11437 
05-15 18:56:39.065 22089 22089 I ViewRootImpl@522fcb4[PopupWindow:47e3865]: Relayout returned: old=(434,1109,524,1201) new=(434,1109,524,1201) relayoutAsync=false req=(90,92)0 dur=4 res=0x403 s={true 0xb4000076af7bf800} ch=true seqId=0
05-15 18:56:39.066 22089 22089 I ViewRootImpl@522fcb4[PopupWindow:47e3865]: performConfigurationChange setNightDimText nightDimLevel=0
05-15 18:56:39.066 22089 22089 D ViewRootImpl@522fcb4[PopupWindow:47e3865]: mThreadedRenderer.initialize() mSurface={isValid=true 0xb4000076af7bf800} hwInitialized=true
05-15 18:56:39.066 22089 22089 D ViewRootImpl@522fcb4[PopupWindow:47e3865]: reportNextDraw android.view.ViewRootImpl.performTraversals:4781 android.view.ViewRootImpl.doTraversal:3345 android.view.ViewRootImpl$TraversalRunnable.run:11437 android.view.Choreographer$CallbackRecord.run:1690 android.view.Choreographer$CallbackRecord.run:1699 
05-15 18:56:39.066 22089 22089 I ViewRootImpl@522fcb4[PopupWindow:47e3865]: Setup new sync=wmsSync-ViewRootImpl@522fcb4[PopupWindow:47e3865]#28
05-15 18:56:39.066 22089 22089 I ViewRootImpl@522fcb4[PopupWindow:47e3865]: Creating new active sync group ViewRootImpl@522fcb4[PopupWindow:47e3865]#29
05-15 18:56:39.066 22089 22089 I SurfaceSyncGroup: addLocalSync=ViewRootImpl@522fcb4[PopupWindow:47e3865]#29 to name=wmsSync-ViewRootImpl@522fcb4[PopupWindow:47e3865]#28, callers=android.window.SurfaceSyncGroup.add:431 android.window.SurfaceSyncGroup.add:392 android.window.SurfaceSyncGroup.add:340 android.view.ViewRootImpl.createSyncIfNeeded:4912 android.view.ViewRootImpl.performTraversals:4796 android.view.ViewRootImpl.doTraversal:3345 
05-15 18:56:39.066 22089 22089 I ViewRootImpl@522fcb4[PopupWindow:47e3865]: registerCallbacksForSync syncBuffer=false
05-15 18:56:39.067 22089 22167 I ViewRootImpl@522fcb4[PopupWindow:47e3865]: Received frameDrawingCallback syncResult=0 frameNum=1.
05-15 18:56:39.067 22089 22167 I ViewRootImpl@522fcb4[PopupWindow:47e3865]: mWNT: t=0xb4000075230f4480 mBlastBufferQueue=0xb400007511834400 fn= 1 mRenderHdrSdrRatio=1.0 caller= android.view.ViewRootImpl$8.onFrameDraw:13946 android.view.ThreadedRenderer$1.onFrameDraw:792 <bottom of call stack> 
05-15 18:56:39.067 22089 22167 I ViewRootImpl@522fcb4[PopupWindow:47e3865]: Setting up sync and frameCommitCallback
05-15 18:56:39.068 22089 22149 I BLASTBufferQueue: [ViewRootImpl@522fcb4[PopupWindow:47e3865]#8](f:0,a:0,s:0) onFrameAvailable the first frame is available
05-15 18:56:39.068 22089 22149 I ViewRootImpl@522fcb4[PopupWindow:47e3865]: Received frameCommittedCallback lastAttemptedDrawFrameNum=1 didProduceBuffer=true
05-15 18:56:39.068 22089 22149 I SurfaceSyncGroup: onTransactionReady mName=wmsSync-ViewRootImpl@522fcb4[PopupWindow:47e3865]#28 callback=241808283
05-15 18:56:39.068 22089 22149 D OpenGLRenderer: CFMS:: SetUp Pid : 22089    Tid : 22149
05-15 18:56:39.068 22089 22089 I ViewRootImpl@522fcb4[PopupWindow:47e3865]: reportDrawFinished seqId=0
05-15 18:56:39.068 22089 22149 D OpenGLRenderer: HWUI - treat SMPTE_170M as sRGB
05-15 18:56:39.069 22089 22089 I ViewRootImpl@23b6808[PopupWindow:499ce30]: handleResized, msg = 5 frames=ClientWindowFrames{frame=[434,1201][524,1309] display=[-100000,-100000][100000,100000] parentFrame=[0,0][0,0] attachedFrame=[0,0][1080,2340]} forceNextWindowRelayout=false displayId=0 dragResizing=false compatScale=1.0 frameChanged=false attachedFrameChanged=false configChanged=false displayChanged=false compatScaleChanged=false
05-15 18:56:39.069 22089 22089 I ViewRootImpl@23b6808[PopupWindow:499ce30]: handleResized mSyncSeqId = 0
05-15 18:56:39.069 22089 22089 D ViewRootImpl@23b6808[PopupWindow:499ce30]: reportNextDraw android.view.ViewRootImpl.handleResized:2574 android.view.ViewRootImpl.-$$Nest$mhandleResized:0 android.view.ViewRootImpl$ViewRootHandler.handleMessageImpl:7267 android.view.ViewRootImpl$ViewRootHandler.handleMessage:7236 android.os.Handler.dispatchMessage:106 
05-15 18:56:39.069 22089 22089 I ViewRootImpl@23b6808[PopupWindow:499ce30]: Setup new sync=wmsSync-ViewRootImpl@23b6808[PopupWindow:499ce30]#30
05-15 18:56:39.069 22089 22089 I ViewRootImpl@23b6808[PopupWindow:499ce30]: Creating new active sync group ViewRootImpl@23b6808[PopupWindow:499ce30]#31
05-15 18:56:39.069 22089 22089 I SurfaceSyncGroup: addLocalSync=ViewRootImpl@23b6808[PopupWindow:499ce30]#31 to name=wmsSync-ViewRootImpl@23b6808[PopupWindow:499ce30]#30, callers=android.window.SurfaceSyncGroup.add:431 android.window.SurfaceSyncGroup.add:392 android.window.SurfaceSyncGroup.add:340 android.view.ViewRootImpl.createSyncIfNeeded:4912 android.view.ViewRootImpl.performTraversals:4796 android.view.ViewRootImpl.doTraversal:3345 
05-15 18:56:39.069 22089 22089 I ViewRootImpl@23b6808[PopupWindow:499ce30]: registerCallbacksForSync syncBuffer=false
05-15 18:56:39.070 22089 22166 I ViewRootImpl@23b6808[PopupWindow:499ce30]: Received frameDrawingCallback syncResult=0 frameNum=2.
05-15 18:56:39.070 22089 22166 I ViewRootImpl@23b6808[PopupWindow:499ce30]: mWNT: t=0xb400007523130180 mBlastBufferQueue=0xb4000075230b0a00 fn= 2 mRenderHdrSdrRatio=1.0 caller= android.view.ViewRootImpl$8.onFrameDraw:13946 android.view.ThreadedRenderer$1.onFrameDraw:792 <bottom of call stack> 
05-15 18:56:39.070 22089 22166 I ViewRootImpl@23b6808[PopupWindow:499ce30]: Setting up sync and frameCommitCallback
05-15 18:56:39.071 22089 22149 I ViewRootImpl@23b6808[PopupWindow:499ce30]: Received frameCommittedCallback lastAttemptedDrawFrameNum=2 didProduceBuffer=true
05-15 18:56:39.071 22089 22149 I SurfaceSyncGroup: onTransactionReady mName=wmsSync-ViewRootImpl@23b6808[PopupWindow:499ce30]#30 callback=173340790
05-15 18:56:39.071 22089 22089 I ViewRootImpl@23b6808[PopupWindow:499ce30]: reportDrawFinished seqId=0
05-15 18:56:39.071 22089 22089 I ViewRootImpl@522fcb4[PopupWindow:47e3865]: handleResized, msg = 5 frames=ClientWindowFrames{frame=[434,1109][524,1201] display=[-100000,-100000][100000,100000] parentFrame=[0,0][0,0] attachedFrame=[0,0][1080,2340]} forceNextWindowRelayout=false displayId=0 dragResizing=false compatScale=1.0 frameChanged=false attachedFrameChanged=false configChanged=false displayChanged=false compatScaleChanged=false
05-15 18:56:39.071 22089 22089 I ViewRootImpl@522fcb4[PopupWindow:47e3865]: handleResized mSyncSeqId = 0
05-15 18:56:39.071 22089 22089 D ViewRootImpl@522fcb4[PopupWindow:47e3865]: reportNextDraw android.view.ViewRootImpl.handleResized:2574 android.view.ViewRootImpl.-$$Nest$mhandleResized:0 android.view.ViewRootImpl$ViewRootHandler.handleMessageImpl:7267 android.view.ViewRootImpl$ViewRootHandler.handleMessage:7236 android.os.Handler.dispatchMessage:106 
05-15 18:56:39.081 22089 22089 I ViewRootImpl@522fcb4[PopupWindow:47e3865]: Setup new sync=wmsSync-ViewRootImpl@522fcb4[PopupWindow:47e3865]#32
05-15 18:56:39.081 22089 22089 I ViewRootImpl@522fcb4[PopupWindow:47e3865]: Creating new active sync group ViewRootImpl@522fcb4[PopupWindow:47e3865]#33
05-15 18:56:39.081 22089 22089 I SurfaceSyncGroup: addLocalSync=ViewRootImpl@522fcb4[PopupWindow:47e3865]#33 to name=wmsSync-ViewRootImpl@522fcb4[PopupWindow:47e3865]#32, callers=android.window.SurfaceSyncGroup.add:431 android.window.SurfaceSyncGroup.add:392 android.window.SurfaceSyncGroup.add:340 android.view.ViewRootImpl.createSyncIfNeeded:4912 android.view.ViewRootImpl.performTraversals:4796 android.view.ViewRootImpl.doTraversal:3345 
05-15 18:56:39.082 22089 22089 I ViewRootImpl@522fcb4[PopupWindow:47e3865]: registerCallbacksForSync syncBuffer=false
05-15 18:56:39.082 22089 22167 I ViewRootImpl@522fcb4[PopupWindow:47e3865]: Received frameDrawingCallback syncResult=0 frameNum=2.
05-15 18:56:39.082 22089 22167 I ViewRootImpl@522fcb4[PopupWindow:47e3865]: mWNT: t=0xb400007523130a80 mBlastBufferQueue=0xb400007511834400 fn= 2 mRenderHdrSdrRatio=1.0 caller= android.view.ViewRootImpl$8.onFrameDraw:13946 android.view.ThreadedRenderer$1.onFrameDraw:792 <bottom of call stack> 
05-15 18:56:39.082 22089 22167 I ViewRootImpl@522fcb4[PopupWindow:47e3865]: Setting up sync and frameCommitCallback
