05-15 18:56:18.071 22089 22192 W unknown:ViewManagerPropertyUpdater: Could not find generated setter for class com.airbnb.android.react.maps.AirMapCircleManager
05-15 18:56:18.072 22089 22192 W unknown:ViewManagerPropertyUpdater: Could not find generated setter for class com.airbnb.android.react.maps.AirMapManager
05-15 18:56:18.073 22089 22192 W unknown:ViewManagerPropertyUpdater: Could not find generated setter for class com.airbnb.android.react.maps.AirMapLiteManager
05-15 18:56:18.073 22089 22192 W unknown:ViewManagerPropertyUpdater: Could not find generated setter for class com.airbnb.android.react.maps.AirMapUrlTileManager
05-15 18:56:18.074 22089 22192 W unknown:ViewManagerPropertyUpdater: Could not find generated setter for class com.airbnb.android.react.maps.AirMapWMSTileManager
05-15 18:56:18.075 22089 22192 W unknown:ViewManagerPropertyUpdater: Could not find generated setter for class com.airbnb.android.react.maps.AirMapLocalTileManager
05-15 18:56:18.075 22089 22192 W unknown:ViewManagerPropertyUpdater: Could not find generated setter for class com.airbnb.android.react.maps.AirMapOverlayManager
05-15 18:56:18.076 22089 22192 W unknown:ViewManagerPropertyUpdater: Could not find generated setter for class com.airbnb.android.react.maps.AirMapHeatmapManager
05-15 18:56:18.076 22089 22192 W unknown:ViewManagerPropertyUpdater: Could not find generated setter for class com.th3rdwave.safeareacontext.SafeAreaProviderManager
05-15 18:56:18.076 22089 22192 W unknown:ViewManagerPropertyUpdater: Could not find generated setter for class com.th3rdwave.safeareacontext.SafeAreaViewManager
05-15 18:56:18.077 22089 22192 W unknown:ViewManagerPropertyUpdater: Could not find generated setter for class com.th3rdwave.safeareacontext.SafeAreaViewShadowNode
05-15 18:56:18.077 22089 22192 W unknown:ViewManagerPropertyUpdater: Could not find generated setter for class com.swmansion.rnscreens.ScreenContainerViewManager
05-15 18:56:18.078 22089 22192 W unknown:ViewManagerPropertyUpdater: Could not find generated setter for class com.swmansion.rnscreens.ScreenViewManager
05-15 18:56:18.078 22089 22192 W unknown:ViewManagerPropertyUpdater: Could not find generated setter for class com.swmansion.rnscreens.ModalScreenViewManager
05-15 18:56:18.079 22089 22192 W unknown:ViewManagerPropertyUpdater: Could not find generated setter for class com.swmansion.rnscreens.ScreenStackViewManager
05-15 18:56:18.079 22089 22192 W unknown:ViewManagerPropertyUpdater: Could not find generated setter for class com.swmansion.rnscreens.ScreenStackHeaderConfigViewManager
05-15 18:56:18.080 22089 22192 W unknown:ViewManagerPropertyUpdater: Could not find generated setter for class com.swmansion.rnscreens.ScreenStackHeaderSubviewManager
05-15 18:56:18.080 22089 22192 W unknown:ViewManagerPropertyUpdater: Could not find generated setter for class com.swmansion.rnscreens.SearchBarManager
05-15 18:56:18.080 22089 22192 W unknown:ViewManagerPropertyUpdater: Could not find generated setter for class com.horcrux.svg.RenderableViewManager$DefsViewManager
05-15 18:56:18.081 22089 22192 W unknown:ViewManagerPropertyUpdater: Could not find generated setter for class com.horcrux.svg.VirtualViewManager$RenderableShadowNode
05-15 18:56:18.082 22089 22192 W unknown:ViewManagerPropertyUpdater: Could not find generated setter for class com.horcrux.svg.RenderableViewManager$MarkerManager
05-15 18:56:18.083 22089 22192 W unknown:ViewManagerPropertyUpdater: Could not find generated setter for class com.horcrux.svg.RenderableViewManager$ForeignObjectManager
05-15 18:56:18.084 22089 22192 W unknown:ViewManagerPropertyUpdater: Could not find generated setter for class com.horcrux.svg.RenderableViewManager$EllipseViewManager
05-15 18:56:18.085 22089 22192 W unknown:ViewManagerPropertyUpdater: Could not find generated setter for class com.horcrux.svg.RenderableViewManager$LineViewManager
05-15 18:56:18.086 22089 22192 W unknown:ViewManagerPropertyUpdater: Could not find generated setter for class com.horcrux.svg.RenderableViewManager$LinearGradientManager
05-15 18:56:18.086 22089 22192 W unknown:ViewManagerPropertyUpdater: Could not find generated setter for class com.horcrux.svg.RenderableViewManager$GroupViewManager
05-15 18:56:18.087 22089 22192 W unknown:ViewManagerPropertyUpdater: Could not find generated setter for class com.horcrux.svg.RenderableViewManager$TextViewManager
05-15 18:56:18.088 22089 22192 W unknown:ViewManagerPropertyUpdater: Could not find generated setter for class com.horcrux.svg.RenderableViewManager$ImageViewManager
05-15 18:56:18.089 22089 22192 W unknown:ViewManagerPropertyUpdater: Could not find generated setter for class com.horcrux.svg.RenderableViewManager$ClipPathViewManager
05-15 18:56:18.090 22089 22192 W unknown:ViewManagerPropertyUpdater: Could not find generated setter for class com.horcrux.svg.RenderableViewManager$RadialGradientManager
05-15 18:56:18.095 22089 22192 W unknown:ViewManagerPropertyUpdater: Could not find generated setter for class com.horcrux.svg.RenderableViewManager$MaskManager
05-15 18:56:18.096 22089 22192 W unknown:ViewManagerPropertyUpdater: Could not find generated setter for class com.horcrux.svg.RenderableViewManager$SymbolManager
05-15 18:56:18.097 22089 22192 W unknown:ViewManagerPropertyUpdater: Could not find generated setter for class com.horcrux.svg.RenderableViewManager$PatternManager
05-15 18:56:18.098 22089 22192 W unknown:ViewManagerPropertyUpdater: Could not find generated setter for class com.horcrux.svg.RenderableViewManager$RectViewManager
05-15 18:56:18.099 22089 22192 W unknown:ViewManagerPropertyUpdater: Could not find generated setter for class com.horcrux.svg.RenderableViewManager$TextPathViewManager
05-15 18:56:18.099 22089 22192 W unknown:ViewManagerPropertyUpdater: Could not find generated setter for class com.horcrux.svg.SvgViewManager
05-15 18:56:18.100 22089 22192 W unknown:ViewManagerPropertyUpdater: Could not find generated setter for class com.horcrux.svg.RenderableViewManager$PathViewManager
05-15 18:56:18.101 22089 22192 W unknown:ViewManagerPropertyUpdater: Could not find generated setter for class com.horcrux.svg.RenderableViewManager$UseViewManager
05-15 18:56:18.101 22089 22192 W unknown:ViewManagerPropertyUpdater: Could not find generated setter for class com.horcrux.svg.RenderableViewManager$CircleViewManager
05-15 18:56:18.102 22089 22192 W unknown:ViewManagerPropertyUpdater: Could not find generated setter for class com.horcrux.svg.RenderableViewManager$TSpanViewManager
05-15 18:56:18.103 22089 22192 W unknown:ViewManagerPropertyUpdater: Could not find generated setter for class com.reactnativecommunity.webview.RNCWebViewManager
05-15 18:56:18.103 22089 22131 I BranchSDK: Server returned: [3246d7e6-d051-4448-9bae-6730a4864663-2025051601] Status: [200]; Data: {"data":"{\"+clicked_branch_link\":false,\"+is_first_session\":false}","link":"https://sailinsight30-app.sapsailing.com/a/key_live_kjHOAqtytu1CNDoBMOW9OfcdyEd1gPL0?%24randomized_bundle_token=1451742363344314642","randomized_bundle_token":"1451742363344314642","randomized_device_token":"1451742363289808107","session_id":"1451742363344334088"}
05-15 18:56:18.104 22089 22089 D RNBranch: onInitFinished referringParams {"+clicked_branch_link":false,"+is_first_session":false}
05-15 18:56:18.104 22089 22089 D RNBranch: onInitFinished
05-15 18:56:18.105 22089 22096 I rch.sailinsight: Compiler allocated 6943KB to compile void android.view.ViewRootImpl.performTraversals()
05-15 18:56:18.106 22089 22089 D RNBranch: sendRNEvent
05-15 18:56:18.106 22089 22089 D RNBranch: Catalyst instance poller try 1
05-15 18:56:18.106 22089 22089 D RNBranch: Catalyst instance active
05-15 18:56:18.110 22089 22192 W rch.sailinsight: Accessing hidden field Ljava/lang/reflect/Field;->accessFlags:I (unsupported, reflection, allowed)
05-15 18:56:18.110 22089 22192 W unknown:ReactContext: initializeMessageQueueThreads() is called.
05-15 18:56:18.111 22089 22192 V SoLoader: libyoga.so not found on /data/data/org.sailyachtresearch.sailinsight/lib-main
05-15 18:56:18.111 22089 22192 D SoLoader: libyoga.so found on /data/app/~~Cy0jfkD4K-_EMJin_wV6BA==/org.sailyachtresearch.sailinsight-kwzPktpqmCC5iEwHAW-Fzg==/lib/arm64
05-15 18:56:18.111 22089 22192 D SoLoader: Not resolving dependencies for libyoga.so
05-15 18:56:18.111 22089 22192 D nativeloader: Load /data/app/~~Cy0jfkD4K-_EMJin_wV6BA==/org.sailyachtresearch.sailinsight-kwzPktpqmCC5iEwHAW-Fzg==/lib/arm64/libyoga.so using ns clns-5 from class loader (caller=/data/app/~~Cy0jfkD4K-_EMJin_wV6BA==/org.sailyachtresearch.sailinsight-kwzPktpqmCC5iEwHAW-Fzg==/base.apk): ok
05-15 18:56:18.115 22089 22089 I HMSSDK_HMSPackageManager: Enter getHMSPackageNameForMultiService
05-15 18:56:18.116 22089 22089 E HMSSDK_HMSPackageManager: resolveInfoList is null or empty
05-15 18:56:18.116 22089 22089 E HMSSDK_HMSPackageManager: PackagePriorityInfo list is null
05-15 18:56:18.117 22089 22089 E HMSSDK_HMSPackageManager: <initHmsPackageInfoForMultiService> Failed to find HMS apk
05-15 18:56:18.117 22089 22089 I HMSSDK_HuaweiMobileServicesUtil: hmsPackageName is com.huawei.hwid
05-15 18:56:18.118 22089 22089 E HMSSDK_HMSPackageManager: resolveInfoList is null or empty
05-15 18:56:18.118 22089 22089 E HMSSDK_HMSPackageManager: PackagePriorityInfo list is null
05-15 18:56:18.119 22089 22089 E HMSSDK_HMSPackageManager: <initHmsPackageInfoForMultiService> Failed to find HMS apk
05-15 18:56:18.119 22089 22089 I HMSSDK_HuaweiMobileServicesUtil: HMS is not installed
05-15 18:56:18.127 22089 22089 W Settings: Setting airplane_mode_on has moved from android.provider.Settings.System to android.provider.Settings.Global, returning read-only value.
05-15 18:56:18.129 22089 22089 W Settings: Setting airplane_mode_on has moved from android.provider.Settings.System to android.provider.Settings.Global, returning read-only value.
05-15 18:56:18.131 22089 22192 D ConnectivityManager: StackLog: [android.net.ConnectivityManager.sendRequestForNetwork(ConnectivityManager.java:4709)] [android.net.ConnectivityManager.registerDefaultNetworkCallbackForUid(ConnectivityManager.java:5433)] [android.net.ConnectivityManager.registerDefaultNetworkCallback(ConnectivityManager.java:5400)] [android.net.ConnectivityManager.registerDefaultNetworkCallback(ConnectivityManager.java:5374)] [com.reactnativecommunity.netinfo.NetworkCallbackConnectivityReceiver.register(NetworkCallbackConnectivityReceiver.java:62)] [com.reactnativecommunity.netinfo.NetInfoModule.initialize(NetInfoModule.java:40)] [com.facebook.react.bridge.ModuleHolder.doInitialize(ModuleHolder.java:236)] [com.facebook.react.bridge.ModuleHolder.markInitializable(ModuleHolder.java:100)] [com.facebook.react.bridge.NativeModuleRegistry.notifyJSInstanceInitialized(NativeModuleRegistry.java:124)] [com.facebook.react.bridge.CatalystInstanceImpl$2.run(CatalystInstanceImpl.java:443)]
05-15 18:56:18.138 22089 22192 I flipper : flipper: FlipperClient::addPlugin Fresco
05-15 18:56:18.314 22089 22191 V AsyncStorageExpoMigration: No scoped database found
05-15 18:56:18.317 22089 22191 D RNFBCrashlyticsInit: isCrashlyticsCollectionEnabled via RNFBMeta: true
05-15 18:56:18.317 22089 22191 D RNFBCrashlyticsInit: isCrashlyticsCollectionEnabled after checking crashlytics_debug_enabled: false
05-15 18:56:18.317 22089 22191 D RNFBCrashlyticsInit: isCrashlyticsCollectionEnabled final value: false
05-15 18:56:18.317 22089 22191 D RNFBCrashlyticsInit: isErrorGenerationOnJSCrashEnabled via RNFBMeta: true
05-15 18:56:18.317 22089 22191 D RNFBCrashlyticsInit: isErrorGenerationOnJSCrashEnabled final value: true
05-15 18:56:18.317 22089 22191 D RNFBCrashlyticsInit: isCrashlyticsJavascriptExceptionHandlerChainingEnabled via RNFBMeta: true
05-15 18:56:18.317 22089 22191 D RNFBCrashlyticsInit: isCrashlyticsJavascriptExceptionHandlerChainingEnabled final value: true
05-15 18:56:18.451 22089 22192 D CompatibilityChangeReporter: Compat change id reported: 289878283; UID 10467; state: DISABLED
05-15 18:56:18.457 22089 22191 E ReactNativeJS: ViewPropTypes will be removed from React Native, along with all other PropTypes. We recommend that you migrate away from PropTypes and switch to a type system like TypeScript. If you need to continue using ViewPropTypes, migrate to the 'deprecated-react-native-prop-types' package.
05-15 18:56:18.466 22089 22192 E unknown:ReactNative: console.error: ViewPropTypes will be removed from React Native, along with all other PropTypes. We recommend that you migrate away from PropTypes and switch to a type system like TypeScript. If you need to continue using ViewPropTypes, migrate to the 'deprecated-react-native-prop-types' package., js engine: hermes, stack:
05-15 18:56:18.466 22089 22192 E unknown:ReactNative: _construct@1:270435
05-15 18:56:18.466 22089 22192 E unknown:ReactNative: Wrapper@1:270084
05-15 18:56:18.466 22089 22192 E unknown:ReactNative: _callSuper@1:267255
05-15 18:56:18.466 22089 22192 E unknown:ReactNative: SyntheticError@1:268630
05-15 18:56:18.466 22089 22192 E unknown:ReactNative: reactConsoleErrorHandler@1:268254
05-15 18:56:18.466 22089 22192 E unknown:ReactNative: get ViewPropTypes@1:177554
05-15 18:56:18.466 22089 22192 E unknown:ReactNative: anonymous@1:2970181
05-15 18:56:18.466 22089 22192 E unknown:ReactNative: loadModuleImplementation@1:167208
05-15 18:56:18.466 22089 22192 E unknown:ReactNative: guardedLoadModule@1:166757
05-15 18:56:18.466 22089 22192 E unknown:ReactNative: metroRequire@1:166385
05-15 18:56:18.466 22089 22192 E unknown:ReactNative: anonymous@1:2966957
05-15 18:56:18.466 22089 22192 E unknown:ReactNative: loadModuleImplementation@1:167208
05-15 18:56:18.466 22089 22192 E unknown:ReactNative: guardedLoadModule@1:166757
05-15 18:56:18.466 22089 22192 E unknown:ReactNative: metroRequire@1:166385
05-15 18:56:18.466 22089 22192 E unknown:ReactNative: anonymous@1:2965020
05-15 18:56:18.466 22089 22192 E unknown:ReactNative: loadModuleImplementation@1:167208
05-15 18:56:18.466 22089 22192 E unknown:ReactNative: guardedLoadModule@1:166757
05-15 18:56:18.466 22089 22192 E unknown:ReactNative: metroRequire@1:166385
05-15 18:56:18.466 22089 22192 E unknown:ReactNative: anonymous@1:2653605
05-15 18:56:18.466 22089 22192 E unknown:ReactNative: loadModuleImplementation@1:167208
05-15 18:56:18.466 22089 22192 E unknown:ReactNative: guardedLoadModule@1:166757
05-15 18:56:18.466 22089 22192 E unknown:ReactNative: metroRequire@1:166385
05-15 18:56:18.466 22089 22192 E unknown:ReactNative: anonymous@1:1758608
05-15 18:56:18.466 22089 22192 E unknown:ReactNative: loadModuleImplementation@1:167208
05-15 18:56:18.466 22089 22192 E unknown:ReactNative: guardedLoadModule@1:166757
05-15 18:56:18.466 22089 22192 E unknown:ReactNative: metroRequire@1:166385
05-15 18:56:18.466 22089 22192 E unknown:ReactNative: anonymous@1:702335
05-15 18:56:18.466 22089 22192 E unknown:ReactNative: loadModuleImplementation@1:167208
05-15 18:56:18.466 22089 22192 E unknown:ReactNative: guardedLoadModule@1:166757
05-15 18:56:18.466 22089 22192 E unknown:ReactNative: metroRequire@1:166385
05-15 18:56:18.466 22089 22192 E unknown:ReactNative: anonymous@1:173543
05-15 18:56:18.466 22089 22192 E unknown:ReactNative: loadModuleImplementation@1:167208
05-15 18:56:18.466 22089 22192 E unknown:ReactNative: guardedLoadModule@1:166714
05-15 18:56:18.466 22089 22192 E unknown:ReactNative: metroRequire@1:166385
05-15 18:56:18.466 22089 22192 E unknown:ReactNative: global@1:165969
05-15 18:56:18.485 22089 22191 E ReactNativeJS: ViewPropTypes will be removed from React Native, along with all other PropTypes. We recommend that you migrate away from PropTypes and switch to a type system like TypeScript. If you need to continue using ViewPropTypes, migrate to the 'deprecated-react-native-prop-types' package.
05-15 18:56:18.487 22089 22191 E ReactNativeJS: ViewPropTypes will be removed from React Native, along with all other PropTypes. We recommend that you migrate away from PropTypes and switch to a type system like TypeScript. If you need to continue using ViewPropTypes, migrate to the 'deprecated-react-native-prop-types' package.
05-15 18:56:18.487 22089 22191 E ReactNativeJS: ViewPropTypes will be removed from React Native, along with all other PropTypes. We recommend that you migrate away from PropTypes and switch to a type system like TypeScript. If you need to continue using ViewPropTypes, migrate to the 'deprecated-react-native-prop-types' package.
05-15 18:56:18.488 22089 22191 E ReactNativeJS: ViewPropTypes will be removed from React Native, along with all other PropTypes. We recommend that you migrate away from PropTypes and switch to a type system like TypeScript. If you need to continue using ViewPropTypes, migrate to the 'deprecated-react-native-prop-types' package.
05-15 18:56:18.492 22089 22192 E unknown:ReactNative: console.error: ViewPropTypes will be removed from React Native, along with all other PropTypes. We recommend that you migrate away from PropTypes and switch to a type system like TypeScript. If you need to continue using ViewPropTypes, migrate to the 'deprecated-react-native-prop-types' package., js engine: hermes, stack:
05-15 18:56:18.492 22089 22192 E unknown:ReactNative: _construct@1:270435
05-15 18:56:18.492 22089 22192 E unknown:ReactNative: Wrapper@1:270084
05-15 18:56:18.492 22089 22192 E unknown:ReactNative: _callSuper@1:267255
05-15 18:56:18.492 22089 22192 E unknown:ReactNative: SyntheticError@1:268630
05-15 18:56:18.492 22089 22192 E unknown:ReactNative: reactConsoleErrorHandler@1:268254
05-15 18:56:18.492 22089 22192 E unknown:ReactNative: get ViewPropTypes@1:177554
05-15 18:56:18.492 22089 22192 E unknown:ReactNative: anonymous@1:3138139
05-15 18:56:18.492 22089 22192 E unknown:ReactNative: loadModuleImplementation@1:167208
05-15 18:56:18.492 22089 22192 E unknown:ReactNative: guardedLoadModule@1:166757
05-15 18:56:18.492 22089 22192 E unknown:ReactNative: metroRequire@1:166385
05-15 18:56:18.492 22089 22192 E unknown:ReactNative: anonymous@1:3136353
05-15 18:56:18.492 22089 22192 E unknown:ReactNative: loadModuleImplementation@1:167208
05-15 18:56:18.492 22089 22192 E unknown:ReactNative: guardedLoadModule@1:166757
05-15 18:56:18.492 22089 22192 E unknown:ReactNative: metroRequire@1:166385
05-15 18:56:18.492 22089 22192 E unknown:ReactNative: anonymous@1:3131549
05-15 18:56:18.492 22089 22192 E unknown:ReactNative: loadModuleImplementation@1:167208
05-15 18:56:18.492 22089 22192 E unknown:ReactNative: guardedLoadModule@1:166757
05-15 18:56:18.492 22089 22192 E unknown:ReactNative: metroRequire@1:166385
05-15 18:56:18.492 22089 22192 E unknown:ReactNative: anonymous@1:3128460
05-15 18:56:18.492 22089 22192 E unknown:ReactNative: loadModuleImplementation@1:167208
05-15 18:56:18.492 22089 22192 E unknown:ReactNative: guardedLoadModule@1:166757
05-15 18:56:18.492 22089 22192 E unknown:ReactNative: metroRequire@1:166385
05-15 18:56:18.492 22089 22192 E unknown:ReactNative: anonymous@1:1758899
05-15 18:56:18.492 22089 22192 E unknown:ReactNative: loadModuleImplementation@1:167208
05-15 18:56:18.492 22089 22192 E unknown:ReactNative: guardedLoadModule@1:166757
05-15 18:56:18.492 22089 22192 E unknown:ReactNative: metroRequire@1:166385
05-15 18:56:18.492 22089 22192 E unknown:ReactNative: anonymous@1:702335
05-15 18:56:18.492 22089 22192 E unknown:ReactNative: loadModuleImplementation@1:167208
05-15 18:56:18.492 22089 22192 E unknown:ReactNative: guardedLoadModule@1:166757
05-15 18:56:18.492 22089 22192 E unknown:ReactNative: metroRequire@1:166385
05-15 18:56:18.492 22089 22192 E unknown:ReactNative: anonymous@1:173543
05-15 18:56:18.492 22089 22192 E unknown:ReactNative: loadModuleImplementation@1:167208
05-15 18:56:18.492 22089 22192 E unknown:ReactNative: guardedLoadModule@1:166714
05-15 18:56:18.492 22089 22192 E unknown:ReactNative: metroRequire@1:166385
05-15 18:56:18.492 22089 22192 E unknown:ReactNative: global@1:165969
05-15 18:56:18.499 22089 22191 I ReactNativeJS: Initializing react-native-branch v. 5.8.0
05-15 18:56:18.504 22089 22192 E unknown:ReactNative: console.error: ViewPropTypes will be removed from React Native, along with all other PropTypes. We recommend that you migrate away from PropTypes and switch to a type system like TypeScript. If you need to continue using ViewPropTypes, migrate to the 'deprecated-react-native-prop-types' package., js engine: hermes, stack:
05-15 18:56:18.504 22089 22192 E unknown:ReactNative: _construct@1:270435
05-15 18:56:18.504 22089 22192 E unknown:ReactNative: Wrapper@1:270084
05-15 18:56:18.504 22089 22192 E unknown:ReactNative: _callSuper@1:267255
05-15 18:56:18.504 22089 22192 E unknown:ReactNative: SyntheticError@1:268630
05-15 18:56:18.504 22089 22192 E unknown:ReactNative: reactConsoleErrorHandler@1:268254
05-15 18:56:18.504 22089 22192 E unknown:ReactNative: get ViewPropTypes@1:177554
05-15 18:56:18.504 22089 22192 E unknown:ReactNative: anonymous@1:3173685
05-15 18:56:18.504 22089 22192 E unknown:ReactNative: loadModuleImplementation@1:167208
05-15 18:56:18.504 22089 22192 E unknown:ReactNative: guardedLoadModule@1:166757
05-15 18:56:18.504 22089 22192 E unknown:ReactNative: metroRequire@1:166385
05-15 18:56:18.504 22089 22192 E unknown:ReactNative: anonymous@1:3152599
05-15 18:56:18.504 22089 22192 E unknown:ReactNative: loadModuleImplementation@1:167208
05-15 18:56:18.504 22089 22192 E unknown:ReactNative: guardedLoadModule@1:166757
05-15 18:56:18.504 22089 22192 E unknown:ReactNative: metroRequire@1:166385
05-15 18:56:18.504 22089 22192 E unknown:ReactNative: anonymous@1:1758929
05-15 18:56:18.504 22089 22192 E unknown:ReactNative: loadModuleImplementation@1:167208
05-15 18:56:18.504 22089 22192 E unknown:ReactNative: guardedLoadModule@1:166757
05-15 18:56:18.504 22089 22192 E unknown:ReactNative: metroRequire@1:166385
05-15 18:56:18.504 22089 22192 E unknown:ReactNative: anonymous@1:702335
05-15 18:56:18.504 22089 22192 E unknown:ReactNative: loadModuleImplementation@1:167208
05-15 18:56:18.504 22089 22192 E unknown:ReactNative: guardedLoadModule@1:166757
05-15 18:56:18.504 22089 22192 E unknown:ReactNative: metroRequire@1:166385
05-15 18:56:18.504 22089 22192 E unknown:ReactNative: anonymous@1:173543
05-15 18:56:18.504 22089 22192 E unknown:ReactNative: loadModuleImplementation@1:167208
05-15 18:56:18.504 22089 22192 E unknown:ReactNative: guardedLoadModule@1:166714
05-15 18:56:18.504 22089 22192 E unknown:ReactNative: metroRequire@1:166385
05-15 18:56:18.504 22089 22192 E unknown:ReactNative: global@1:165969
05-15 18:56:18.508 22089 22192 E unknown:ReactNative: console.error: ViewPropTypes will be removed from React Native, along with all other PropTypes. We recommend that you migrate away from PropTypes and switch to a type system like TypeScript. If you need to continue using ViewPropTypes, migrate to the 'deprecated-react-native-prop-types' package., js engine: hermes, stack:
05-15 18:56:18.508 22089 22192 E unknown:ReactNative: _construct@1:270435
05-15 18:56:18.508 22089 22192 E unknown:ReactNative: Wrapper@1:270084
05-15 18:56:18.508 22089 22192 E unknown:ReactNative: _callSuper@1:267255
05-15 18:56:18.508 22089 22192 E unknown:ReactNative: SyntheticError@1:268630
05-15 18:56:18.508 22089 22192 E unknown:ReactNative: reactConsoleErrorHandler@1:268254
05-15 18:56:18.508 22089 22192 E unknown:ReactNative: get ViewPropTypes@1:177554
05-15 18:56:18.508 22089 22192 E unknown:ReactNative: anonymous@1:3176257
05-15 18:56:18.508 22089 22192 E unknown:ReactNative: loadModuleImplementation@1:167208
05-15 18:56:18.508 22089 22192 E unknown:ReactNative: guardedLoadModule@1:166757
05-15 18:56:18.508 22089 22192 E unknown:ReactNative: metroRequire@1:166385
05-15 18:56:18.508 22089 22192 E unknown:ReactNative: anonymous@1:3152685
05-15 18:56:18.508 22089 22192 E unknown:ReactNative: loadModuleImplementation@1:167208
05-15 18:56:18.508 22089 22192 E unknown:ReactNative: guardedLoadModule@1:166757
05-15 18:56:18.508 22089 22192 E unknown:ReactNative: metroRequire@1:166385
05-15 18:56:18.508 22089 22192 E unknown:ReactNative: anonymous@1:1758929
05-15 18:56:18.508 22089 22192 E unknown:ReactNative: loadModuleImplementation@1:167208
05-15 18:56:18.508 22089 22192 E unknown:ReactNative: guardedLoadModule@1:166757
05-15 18:56:18.508 22089 22192 E unknown:ReactNative: metroRequire@1:166385
05-15 18:56:18.508 22089 22192 E unknown:ReactNative: anonymous@1:702335
05-15 18:56:18.508 22089 22192 E unknown:ReactNative: loadModuleImplementation@1:167208
05-15 18:56:18.508 22089 22192 E unknown:ReactNative: guardedLoadModule@1:166757
05-15 18:56:18.508 22089 22192 E unknown:ReactNative: metroRequire@1:166385
05-15 18:56:18.508 22089 22192 E unknown:ReactNative: anonymous@1:173543
05-15 18:56:18.508 22089 22192 E unknown:ReactNative: loadModuleImplementation@1:167208
05-15 18:56:18.508 22089 22192 E unknown:ReactNative: guardedLoadModule@1:166714
05-15 18:56:18.508 22089 22192 E unknown:ReactNative: metroRequire@1:166385
05-15 18:56:18.508 22089 22192 E unknown:ReactNative: global@1:165969
05-15 18:56:18.512 22089 22192 E unknown:ReactNative: console.error: ViewPropTypes will be removed from React Native, along with all other PropTypes. We recommend that you migrate away from PropTypes and switch to a type system like TypeScript. If you need to continue using ViewPropTypes, migrate to the 'deprecated-react-native-prop-types' package., js engine: hermes, stack:
05-15 18:56:18.512 22089 22192 E unknown:ReactNative: _construct@1:270435
05-15 18:56:18.512 22089 22192 E unknown:ReactNative: Wrapper@1:270084
05-15 18:56:18.512 22089 22192 E unknown:ReactNative: _callSuper@1:267255
05-15 18:56:18.512 22089 22192 E unknown:ReactNative: SyntheticError@1:268630
05-15 18:56:18.512 22089 22192 E unknown:ReactNative: reactConsoleErrorHandler@1:268254
05-15 18:56:18.512 22089 22192 E unknown:ReactNative: get ViewPropTypes@1:177554
05-15 18:56:18.512 22089 22192 E unknown:ReactNative: anonymous@1:3176323
05-15 18:56:18.512 22089 22192 E unknown:ReactNative: loadModuleImplementation@1:167208
05-15 18:56:18.512 22089 22192 E unknown:ReactNative: guardedLoadModule@1:166757
05-15 18:56:18.512 22089 22192 E unknown:ReactNative: metroRequire@1:166385
05-15 18:56:18.512 22089 22192 E unknown:ReactNative: anonymous@1:3152685
05-15 18:56:18.512 22089 22192 E unknown:ReactNative: loadModuleImplementation@1:167208
05-15 18:56:18.512 22089 22192 E unknown:ReactNative: guardedLoadModule@1:166757
05-15 18:56:18.512 22089 22192 E unknown:ReactNative: metroRequire@1:166385
05-15 18:56:18.512 22089 22192 E unknown:ReactNative: anonymous@1:1758929
05-15 18:56:18.512 22089 22192 E unknown:ReactNative: loadModuleImplementation@1:167208
05-15 18:56:18.512 22089 22192 E unknown:ReactNative: guardedLoadModule@1:166757
05-15 18:56:18.512 22089 22192 E unknown:ReactNative: metroRequire@1:166385
05-15 18:56:18.512 22089 22192 E unknown:ReactNative: anonymous@1:702335
05-15 18:56:18.512 22089 22192 E unknown:ReactNative: loadModuleImplementation@1:167208
05-15 18:56:18.512 22089 22192 E unknown:ReactNative: guardedLoadModule@1:166757
05-15 18:56:18.512 22089 22192 E unknown:ReactNative: metroRequire@1:166385
05-15 18:56:18.512 22089 22192 E unknown:ReactNative: anonymous@1:173543
05-15 18:56:18.512 22089 22192 E unknown:ReactNative: loadModuleImplementation@1:167208
05-15 18:56:18.512 22089 22192 E unknown:ReactNative: guardedLoadModule@1:166714
05-15 18:56:18.512 22089 22192 E unknown:ReactNative: metroRequire@1:166385
05-15 18:56:18.512 22089 22192 E unknown:ReactNative: global@1:165969
05-15 18:56:18.521 22089 22191 I ReactNativeJS: Running "sap_sailing_insight
05-15 18:56:18.523 22089 22089 I BLASTBufferQueue_Java: update, w= 1080 h= 2340 mName = ViewRootImpl@2f49c97[MainActivity] mNativeObject= 0xb4000076af84ba00 sc.mNativeObject= 0xb4000076af476580 format= -1 caller= android.view.ViewRootImpl.updateBlastSurfaceIfNeeded:3074 android.view.ViewRootImpl.relayoutWindow:10224 android.view.ViewRootImpl.performTraversals:4167 android.view.ViewRootImpl.doTraversal:3345 android.view.ViewRootImpl$TraversalRunnable.run:11437 android.view.Choreographer$CallbackRecord.run:1690 
05-15 18:56:18.523 22089 22089 I ViewRootImpl@2f49c97[MainActivity]: Relayout returned: old=(0,0,1080,2340) new=(0,0,1080,2340) relayoutAsync=true req=(1080,2340)0 dur=0 res=0x0 s={true 0xb4000076af682000} ch=false seqId=0
05-15 18:56:18.524 22089 22089 I ViewRootImpl@2f49c97[MainActivity]: registerCallbackForPendingTransactions
05-15 18:56:18.524 22089 22167 I ViewRootImpl@2f49c97[MainActivity]: mWNT: t=0xb4000076af702800 mBlastBufferQueue=0xb4000076af84ba00 fn= 2 mRenderHdrSdrRatio=1.0 caller= android.view.ViewRootImpl$6.onFrameDraw:5705 android.view.ViewRootImpl$2.onFrameDraw:2190 android.view.ThreadedRenderer$1.onFrameDraw:792 
05-15 18:56:18.553 22089 22191 D nativeloader: Load /data/app/~~Cy0jfkD4K-_EMJin_wV6BA==/org.sailyachtresearch.sailinsight-kwzPktpqmCC5iEwHAW-Fzg==/lib/arm64/librnscreens.so using ns clns-5 from class loader (caller=/data/app/~~Cy0jfkD4K-_EMJin_wV6BA==/org.sailyachtresearch.sailinsight-kwzPktpqmCC5iEwHAW-Fzg==/base.apk!classes2.dex): ok
05-15 18:56:18.591 22089 22089 D CompatibilityChangeReporter: Compat change id reported: 210923482; UID 10467; state: ENABLED
05-15 18:56:18.598 22089 22192 W unknown:ViewManagerPropertyUpdater: Could not find generated setter for class com.swmansion.rnscreens.ScreensShadowNode
05-15 18:56:18.616 22089 22191 V SoLoader: libreactnativeblob.so not found on /data/data/org.sailyachtresearch.sailinsight/lib-main
05-15 18:56:18.616 22089 22191 D SoLoader: libreactnativeblob.so found on /data/app/~~Cy0jfkD4K-_EMJin_wV6BA==/org.sailyachtresearch.sailinsight-kwzPktpqmCC5iEwHAW-Fzg==/lib/arm64
05-15 18:56:18.616 22089 22191 D SoLoader: Not resolving dependencies for libreactnativeblob.so
05-15 18:56:18.617 22089 22191 D nativeloader: Load /data/app/~~Cy0jfkD4K-_EMJin_wV6BA==/org.sailyachtresearch.sailinsight-kwzPktpqmCC5iEwHAW-Fzg==/lib/arm64/libreactnativeblob.so using ns clns-5 from class loader (caller=/data/app/~~Cy0jfkD4K-_EMJin_wV6BA==/org.sailyachtresearch.sailinsight-kwzPktpqmCC5iEwHAW-Fzg==/base.apk): ok
05-15 18:56:18.624 22089 22192 D RNBranch: notifyNativeToInit
05-15 18:56:18.624 22089 22192 I BranchSDK: notifyNativeToInit deferredSessionBuilder null
05-15 18:56:18.624 22089 22192 I BranchSDK: notifyNativeToInit session is not uninitialized. Session state is INITIALISED
05-15 18:56:18.630 22089 22192 W Settings: Setting airplane_mode_on has moved from android.provider.Settings.System to android.provider.Settings.Global, returning read-only value.
05-15 18:56:18.633 22089 22192 W Settings: Setting airplane_mode_on has moved from android.provider.Settings.System to android.provider.Settings.Global, returning read-only value.
05-15 18:56:18.659 22089 22089 I ReactNative: [GESTURE HANDLER] Initialize gesture handler for root view com.facebook.react.ReactRootView{f697a1c V.E...... .......D 0,0-1080,2196 #b}
05-15 18:56:18.662 22089 22226 I WebViewFactory: Loading com.google.android.webview version 136.0.7103.60 (code 710306033)
05-15 18:56:18.667 22089 22226 W ziparchive: Unable to open '/data/app/~~i52JCfap88aPunWtNFyTew==/com.google.android.trichromelibrary_710306033-57WE1_zGtUSSc0mRN0rEaA==/base.dm': No such file or directory
05-15 18:56:18.667 22089 22226 W ziparchive: Unable to open '/data/app/~~i52JCfap88aPunWtNFyTew==/com.google.android.trichromelibrary_710306033-57WE1_zGtUSSc0mRN0rEaA==/base.dm': No such file or directory
05-15 18:56:18.667 22089 22226 W rch.sailinsight: Entry not found
05-15 18:56:18.668 22089 22226 D nativeloader: Configuring clns-7 for other apk /data/app/~~i52JCfap88aPunWtNFyTew==/com.google.android.trichromelibrary_710306033-57WE1_zGtUSSc0mRN0rEaA==/base.apk. target_sdk_version=35, uses_libraries=ALL, library_path=/data/app/~~2Em2kKPh07B3zFpwCLJHxA==/com.google.android.webview-E3sqk2YvvfveBD9J6aGwiA==/lib/arm64:/data/app/~~2Em2kKPh07B3zFpwCLJHxA==/com.google.android.webview-E3sqk2YvvfveBD9J6aGwiA==/base.apk!/lib/arm64-v8a:/data/app/~~i52JCfap88aPunWtNFyTew==/com.google.android.trichromelibrary_710306033-57WE1_zGtUSSc0mRN0rEaA==/base.apk!/lib/arm64-v8a, permitted_path=/data:/mnt/expand
05-15 18:56:18.668 22089 22226 D nativeloader: Extending system_exposed_libraries: libhumantracking.arcsoft.so:libPortraitDistortionCorrection.arcsoft.so:libPortraitDistortionCorrectionCali.arcsoft.so:libface_landmark.arcsoft.so:libFacialStickerEngine.arcsoft.so:libfrtracking_engine.arcsoft.so:libFaceRecognition.arcsoft.so:libveengine.arcsoft.so:lib_pet_detection.arcsoft.so:libae_bracket_hdr.arcsoft.so:libaiclearzoom_raw.arcsoft.so:libacz_hhdr.arcsoft.so:libhybrid_high_dynamic_range.arcsoft.so:libimage_enhancement.arcsoft.so:liblow_light_hdr.arcsoft.so:libhigh_dynamic_range.arcsoft.so:libsuperresolution_raw.arcsoft.so:libobjectcapture_jni.arcsoft.so:libFacialAttributeDetection.arcsoft.so:libobjectcapture.arcsoft.so:libaudiomirroring_jni.audiomirroring.samsung.so:libBeauty_v4.camera.samsung.so:libexifa.camera.samsung.so:libjpega.camera.samsung.so:libOpenCv.camera.samsung.so:libaifrcInterface.camera.samsung.so:libVideoClassifier.camera.samsung.so:libImageScreener.camera.samsung.so:libMyFilter.camera.samsung.so:libtflite2.myfilters.camera.samsung.so:libHIDT
05-15 18:56:18.684 22089 22226 D nativeloader: Configuring clns-8 for other apk /data/app/~~2Em2kKPh07B3zFpwCLJHxA==/com.google.android.webview-E3sqk2YvvfveBD9J6aGwiA==/base.apk. target_sdk_version=35, uses_libraries=, library_path=/data/app/~~2Em2kKPh07B3zFpwCLJHxA==/com.google.android.webview-E3sqk2YvvfveBD9J6aGwiA==/lib/arm64:/data/app/~~2Em2kKPh07B3zFpwCLJHxA==/com.google.android.webview-E3sqk2YvvfveBD9J6aGwiA==/base.apk!/lib/arm64-v8a:/data/app/~~i52JCfap88aPunWtNFyTew==/com.google.android.trichromelibrary_710306033-57WE1_zGtUSSc0mRN0rEaA==/base.apk!/lib/arm64-v8a, permitted_path=/data:/mnt/expand
05-15 18:56:18.705 22089 22234 V SoLoader: libimagepipeline.so not found on /data/data/org.sailyachtresearch.sailinsight/lib-main
05-15 18:56:18.705 22089 22234 D SoLoader: libimagepipeline.so found on /data/app/~~Cy0jfkD4K-_EMJin_wV6BA==/org.sailyachtresearch.sailinsight-kwzPktpqmCC5iEwHAW-Fzg==/lib/arm64
05-15 18:56:18.705 22089 22234 D SoLoader: Not resolving dependencies for libimagepipeline.so
05-15 18:56:18.706 22089 22234 D nativeloader: Load /data/app/~~Cy0jfkD4K-_EMJin_wV6BA==/org.sailyachtresearch.sailinsight-kwzPktpqmCC5iEwHAW-Fzg==/lib/arm64/libimagepipeline.so using ns clns-5 from class loader (caller=/data/app/~~Cy0jfkD4K-_EMJin_wV6BA==/org.sailyachtresearch.sailinsight-kwzPktpqmCC5iEwHAW-Fzg==/base.apk): ok
05-15 18:56:18.708 22089 22226 I cr_WVCFactoryProvider: version=136.0.7103.60 (710306033) minSdkVersion=29 isBundle=false multiprocess=true packageId=2
05-15 18:56:18.719 22089 22226 D nativeloader: Load /data/app/~~i52JCfap88aPunWtNFyTew==/com.google.android.trichromelibrary_710306033-57WE1_zGtUSSc0mRN0rEaA==/base.apk!/lib/arm64-v8a/libmonochrome_64.so using ns clns-8 from class loader (caller=/data/app/~~2Em2kKPh07B3zFpwCLJHxA==/com.google.android.webview-E3sqk2YvvfveBD9J6aGwiA==/base.apk): ok
05-15 18:56:18.721 22089 22226 D nativeloader: Load /system/lib64/libwebviewchromium_plat_support.so using ns clns-8 from class loader (caller=/data/app/~~2Em2kKPh07B3zFpwCLJHxA==/com.google.android.webview-E3sqk2YvvfveBD9J6aGwiA==/base.apk): ok
05-15 18:56:18.723 22089 22248 I chromium: [0515/185618.723284:INFO:android_webview/browser/variations/variations_seed_loader.cc:67] Failed to open file for reading.: No such file or directory (2)
05-15 18:56:18.723 22089 22248 I chromium: [0515/185618.723967:INFO:android_webview/browser/variations/variations_seed_loader.cc:67] Failed to open file for reading.: No such file or directory (2)
05-15 18:56:18.726 22089 22226 I cr_LibraryLoader: Successfully loaded native library
05-15 18:56:18.727 22089 22226 I cr_CachingUmaRecorder: Flushed 7 samples from 7 histograms, 0 samples were dropped.
05-15 18:56:19.332 22089 22156 I BranchSDK: Google Store Referrer fetch lock released by timer
05-15 18:56:19.618 22089 22089 I ViewRootImpl@2f49c97[MainActivity]: ViewPostIme pointer 0
05-15 18:56:19.662 22089 22089 I ViewRootImpl@2f49c97[MainActivity]: ViewPostIme pointer 1
05-15 18:56:19.716 22089 22192 I InputMethodManager: invalidateInput
05-15 18:56:19.722 22089 22192 I InputMethodManager: invalidateInput
05-15 18:56:19.724 22089 22089 I InputMethodManager: invalidateInput
05-15 18:56:19.727 22089 22089 I InputMethodManager: invalidateInput
05-15 18:56:19.728 22089 22089 I InputMethodManager: invalidateInput
05-15 18:56:19.728 22089 22089 I InputMethodManager: invalidateInput
05-15 18:56:19.734 22089 22089 I InputMethodManager: invalidateInput
05-15 18:56:19.735 22089 22089 I InputMethodManager: invalidateInput
05-15 18:56:19.735 22089 22089 I InputMethodManager: invalidateInput
05-15 18:56:19.736 22089 22089 I InputMethodManager: invalidateInput
05-15 18:56:19.738 22089 22089 I InputMethodManager: invalidateInput
05-15 18:56:19.752 22089 22192 W unknown:ReactNative: Attempt to set local data for view with unknown tag: -1
05-15 18:56:19.752 22089 22192 W unknown:ReactNative: Attempt to set local data for view with unknown tag: -1
05-15 18:56:19.752 22089 22192 W unknown:ReactNative: Attempt to set local data for view with unknown tag: -1
05-15 18:56:19.752 22089 22192 W unknown:ReactNative: Attempt to set local data for view with unknown tag: -1
05-15 18:56:19.753 22089 22089 D CompatibilityChangeReporter: Compat change id reported: 171228096; UID 10467; state: ENABLED
05-15 18:56:19.755 22089 22089 D ScrollView: initGoToTop
05-15 18:56:19.755 22089 22089 W rch.sailinsight: Accessing hidden field Landroid/widget/ScrollView;->mScroller:Landroid/widget/OverScroller; (unsupported, reflection, allowed)
05-15 18:56:19.778 22089 22089 I InputMethodManager: invalidateInput
05-15 18:56:19.779 22089 22089 I InputMethodManager: invalidateInput
05-15 18:56:19.784 22089 22089 I InputMethodManager: invalidateInput
05-15 18:56:20.580 22089 22089 I ViewRootImpl@2f49c97[MainActivity]: ViewPostIme pointer 0
05-15 18:56:20.614 22089 22089 I ViewRootImpl@2f49c97[MainActivity]: ViewPostIme pointer 1
05-15 18:56:20.649 22089 22089 I InputMethodManager_LC: showSoftInput(View,I)
05-15 18:56:20.650 22089 22089 I ImeTracker: org.sailyachtresearch.sailinsight:9ae1fe94: onRequestShow at ORIGIN_CLIENT_SHOW_SOFT_INPUT reason SHOW_SOFT_INPUT
05-15 18:56:20.651 22089 22089 I InputMethodManager_LC: ssi(): flags=0 view=org.sailyachtresearch.sailinsight reason = SHOW_SOFT_INPUT
05-15 18:56:20.653 22089 22089 D InputMethodManagerUtils: startInputInner - Id : 0
05-15 18:56:20.653 22089 22089 I InputMethodManager: startInputInner - IInputMethodManagerGlobalInvoker.startInputOrWindowGainedFocus
05-15 18:56:20.656 22089 22089 D CompatibilityChangeReporter: Compat change id reported: 163400105; UID 10467; state: ENABLED
05-15 18:56:20.656 22089 22089 D InputMethodManager: showSoftInput() view=com.facebook.react.views.textinput.ReactEditText{9c6bd5a VFED..CL. .F.P..ID 0,75-984,156 #6d aid=1073741824} flags=0 reason=SHOW_SOFT_INPUT
05-15 18:56:20.682 22089 22089 I InputMethodManager: invalidateInput
05-15 18:56:20.720 22089 22132 I ViewRootImpl@2f49c97[MainActivity]: Resizing android.view.ViewRootImpl@6cdb0cd: frame = [0,0][1080,2340] reportDraw = false forceLayout = false syncSeqId = -1
05-15 18:56:20.720 22089 22089 I InsetsController: onStateChanged: host=org.sailyachtresearch.sailinsight/org.sailyachtresearch.sailinsight.MainActivity, from=android.view.ViewRootImpl$ViewRootHandler.handleMessageImpl:7266, state=InsetsState: {mDisplayFrame=Rect(0, 0 - 1080, 2340), mDisplayCutout=DisplayCutout{insets=Rect(0, 81 - 0, 0) waterfall=Insets{left=0, top=0, right=0, bottom=0} boundingRect={Bounds=[Rect(0, 0 - 0, 0), Rect(512, 0 - 568, 81), Rect(0, 0 - 0, 0), Rect(0, 0 - 0, 0)]} cutoutPathParserInfo={CutoutPathParserInfo{displayWidth=1080 displayHeight=2340 physicalDisplayWidth=1080 physicalDisplayHeight=2340 density={3.0} cutoutSpec={M 0,0 H -9.333333333333333‬ V 27 H 9.333333333333333‬ V 0 H 0 Z @dp} rotation={0} scale={1.0} physicalPixelDisplaySizeRatio={1.0}}}}, mRoundedCorners=RoundedCorners{[RoundedCorner{position=TopLeft, radius=102, center=Point(102, 102)}, RoundedCorner{position=TopRight, radius=102, center=Point(978, 102)}, RoundedCorner{position=BottomRight, radius=102, center=Point(978, 2238)}, RoundedCorner{position=BottomLeft, radius=102, center=Point(102, 2238)}]}  mRoundedCornerFrame=Rect(0, 0 - 1080, 2340), mPrivacyIndicatorBounds=PrivacyIndicatorBounds {static bounds=Rect(948, 0 - 1080, 81) rotation=0}, mDisplayShape=DisplayShape{ spec=-311912193 displayWidth=1080 displayHeight=2340 physicalPixelDisplaySizeRatio=1.0 rotation=0 offsetX=0 offsetY=0 scale=1.0}, mSources= { InsetsSource: {c52a0001 mType=navigationBars mFrame=[0,2196][1080,2340] mVisible=true mFlags=[]}, InsetsSource: {c52a0004 mType=systemGestures mFrame=[0,0][0,0] mVisible=true mFlags=[]}, InsetsSource: {c52a0005 mType=mandatorySystemGestures mFrame=[0,2196][1080,2340] mVisible=true mFlags=[]}, InsetsSource: {c52a0006 mType=tappableElement mFrame=[0,2196][1080,2340] mVisible=true mFlags=[]}, InsetsSource: {c52a0024 mType=systemGestures mFrame=[0,0][0,0] mVisible=true mFlags=[]}, InsetsSource: {3 mType=ime mFrame=[0,1314][1080,2340] mVisible=false mFlags=[]}, InsetsSource: {27 mType=displayCutout mFrame=[0,0][1080,81] mVisible=true mFlags=[]}, InsetsSource: {651f0000 mType=statusBars mFrame=[0,0][1080,81] mVisible=true mFlags=[]}, InsetsSource: {651f0005 mType=mandatorySystemGestures mFrame=[0,0][1080,117] mVisible=true mFlags=[]}, InsetsSource: {651f0006 mType=tappableElement mFrame=[0,0][1080,81] mVisible=true mFlags=[]} }
05-15 18:56:20.721 22089 22089 I ViewRootImpl@2f49c97[MainActivity]: handleResized, msg = 4 frames=ClientWindowFrames{frame=[0,0][1080,2340] display=[0,0][1080,2340] parentFrame=[0,0][0,0]} forceNextWindowRelayout=false displayId=0 dragResizing=false compatScale=1.0 frameChanged=false attachedFrameChanged=false configChanged=false displayChanged=false compatScaleChanged=false
05-15 18:56:20.734 22089 22089 D InsetsController: show(ime(), fromIme=true)
05-15 18:56:20.735 22089 22089 I InsetsController: setRequestedVisibleTypes: visible=true, mask=ime, host=org.sailyachtresearch.sailinsight/org.sailyachtresearch.sailinsight.MainActivity, from=android.view.InsetsController.controlAnimationUnchecked:1476 android.view.InsetsController.applyAnimation:2040 android.view.InsetsController.applyAnimation:2003 android.view.InsetsController.show:1340 android.view.ViewRootImpl$ViewRootHandler.handleMessageImpl:7303 android.view.ViewRootImpl$ViewRootHandler.handleMessage:7236 android.os.Handler.dispatchMessage:106 android.os.Looper.loopOnce:230 android.os.Looper.loop:319 android.app.ActivityThread.main:9063 
05-15 18:56:20.736 22089 22089 I InsetsController: controlAnimationUncheckedInner: Added types=ime, animType=0, host=org.sailyachtresearch.sailinsight/org.sailyachtresearch.sailinsight.MainActivity, from=android.view.InsetsController.controlAnimationUnchecked:1480 android.view.InsetsController.applyAnimation:2040 android.view.InsetsController.applyAnimation:2003 
05-15 18:56:20.741 22089 22132 I ViewRootImpl@2f49c97[MainActivity]: Resizing android.view.ViewRootImpl@6cdb0cd: frame = [0,0][1080,2340] reportDraw = false forceLayout = false syncSeqId = -1
05-15 18:56:20.750 22089 22089 I InsetsController: onStateChanged: host=org.sailyachtresearch.sailinsight/org.sailyachtresearch.sailinsight.MainActivity, from=android.view.ViewRootImpl$ViewRootHandler.handleMessageImpl:7279, state=InsetsState: {mDisplayFrame=Rect(0, 0 - 1080, 2340), mDisplayCutout=DisplayCutout{insets=Rect(0, 81 - 0, 0) waterfall=Insets{left=0, top=0, right=0, bottom=0} boundingRect={Bounds=[Rect(0, 0 - 0, 0), Rect(512, 0 - 568, 81), Rect(0, 0 - 0, 0), Rect(0, 0 - 0, 0)]} cutoutPathParserInfo={CutoutPathParserInfo{displayWidth=1080 displayHeight=2340 physicalDisplayWidth=1080 physicalDisplayHeight=2340 density={3.0} cutoutSpec={M 0,0 H -9.333333333333333‬ V 27 H 9.333333333333333‬ V 0 H 0 Z @dp} rotation={0} scale={1.0} physicalPixelDisplaySizeRatio={1.0}}}}, mRoundedCorners=RoundedCorners{[RoundedCorner{position=TopLeft, radius=102, center=Point(102, 102)}, RoundedCorner{position=TopRight, radius=102, center=Point(978, 102)}, RoundedCorner{position=BottomRight, radius=102, center=Point(978, 2238)}, RoundedCorner{position=BottomLeft, radius=102, center=Point(102, 2238)}]}  mRoundedCornerFrame=Rect(0, 0 - 1080, 2340), mPrivacyIndicatorBounds=PrivacyIndicatorBounds {static bounds=Rect(948, 0 - 1080, 81) rotation=0}, mDisplayShape=DisplayShape{ spec=-311912193 displayWidth=1080 displayHeight=2340 physicalPixelDisplaySizeRatio=1.0 rotation=0 offsetX=0 offsetY=0 scale=1.0}, mSources= { InsetsSource: {c52a0001 mType=navigationBars mFrame=[0,2196][1080,2340] mVisible=true mFlags=[]}, InsetsSource: {c52a0004 mType=systemGestures mFrame=[0,0][0,0] mVisible=true mFlags=[]}, InsetsSource: {c52a0005 mType=mandatorySystemGestures mFrame=[0,2196][1080,2340] mVisible=true mFlags=[]}, InsetsSource: {c52a0006 mType=tappableElement mFrame=[0,2196][1080,2340] mVisible=true mFlags=[]}, InsetsSource: {c52a0024 mType=systemGestures mFrame=[0,0][0,0] mVisible=true mFlags=[]}, InsetsSource: {3 mType=ime mFrame=[0,1314][1080,2340] mVisible=true mFlags=[]}, InsetsSource: {27 mType=displayCutout mFrame=[0,0][1080,81] mVisible=true mFlags=[]}, InsetsSource: {651f0000 mType=statusBars mFrame=[0,0][1080,81] mVisible=true mFlags=[]}, InsetsSource: {651f0005 mType=mandatorySystemGestures mFrame=[0,0][1080,117] mVisible=true mFlags=[]}, InsetsSource: {651f0006 mType=tappableElement mFrame=[0,0][1080,81] mVisible=true mFlags=[]} }
05-15 18:56:20.751 22089 22089 I ViewRootImpl@2f49c97[MainActivity]: handleResized, msg = 4 frames=ClientWindowFrames{frame=[0,0][1080,2340] display=[0,0][1080,2340] parentFrame=[0,0][0,0]} forceNextWindowRelayout=false displayId=0 dragResizing=false compatScale=1.0 frameChanged=false attachedFrameChanged=false configChanged=false displayChanged=false compatScaleChanged=false
05-15 18:56:20.754 22089 22089 I InsetsController: cancelAnimation: types=ime, animType=0, host=org.sailyachtresearch.sailinsight/org.sailyachtresearch.sailinsight.MainActivity, from=android.view.InsetsController.notifyFinished:1783 android.view.InsetsAnimationThreadControlRunner$1.lambda$notifyFinished$0:85 android.view.InsetsAnimationThreadControlRunner$1.$r8$lambda$RAf1SfIREsj9-wH5FOigMy6eLkM:0 
05-15 18:56:20.754 22089 22089 I ImeTracker: org.sailyachtresearch.sailinsight:9ae1fe94: onShown
05-15 18:56:20.766 22089 22166 I ViewRootImpl@2f49c97[MainActivity]: mWNT: t=0xb4000074fcd9dd80 mBlastBufferQueue=0xb4000076af84ba00 fn= 41 mRenderHdrSdrRatio=1.0 caller= android.view.SyncRtSurfaceTransactionApplier.applyTransaction:96 android.view.SyncRtSurfaceTransactionApplier.lambda$scheduleApply$0:69 android.view.SyncRtSurfaceTransactionApplier.$r8$lambda$SgowXC58rj3PR958kHUfRgLZmvE:0 
05-15 18:56:26.694 22089 22089 I ImeTracker: org.sailyachtresearch.sailinsight:b2be6462: onRequestHide at ORIGIN_CLIENT_HIDE_SOFT_INPUT reason HIDE_SOFT_INPUT
05-15 18:56:26.694 22089 22089 I InputMethodManager_LC: hsifw() - flag : 0
05-15 18:56:26.695 22089 22089 I InputMethodManager_LC: hsifw() - mService.hideSoftInput
05-15 18:56:26.711 22089 22089 I InsetsController: setRequestedVisibleTypes: visible=false, mask=ime, host=org.sailyachtresearch.sailinsight/org.sailyachtresearch.sailinsight.MainActivity, from=android.view.InsetsController.controlAnimationUnchecked:1476 android.view.InsetsController.applyAnimation:2040 android.view.InsetsController.applyAnimation:2003 android.view.InsetsController.hide:1434 android.view.ViewRootImpl$ViewRootHandler.handleMessageImpl:7310 android.view.ViewRootImpl$ViewRootHandler.handleMessage:7236 android.os.Handler.dispatchMessage:106 android.os.Looper.loopOnce:230 android.os.Looper.loop:319 android.app.ActivityThread.main:9063 
05-15 18:56:26.711 22089 22089 I InsetsController: controlAnimationUncheckedInner: Added types=ime, animType=1, host=org.sailyachtresearch.sailinsight/org.sailyachtresearch.sailinsight.MainActivity, from=android.view.InsetsController.controlAnimationUnchecked:1480 android.view.InsetsController.applyAnimation:2040 android.view.InsetsController.applyAnimation:2003 
05-15 18:56:26.716 22089 22104 I ViewRootImpl@2f49c97[MainActivity]: Resizing android.view.ViewRootImpl@6cdb0cd: frame = [0,0][1080,2340] reportDraw = false forceLayout = false syncSeqId = -1
05-15 18:56:26.720 22089 22089 I InputMethodManager_LC: showSoftInput(View,I)
05-15 18:56:26.720 22089 22089 I ImeTracker: org.sailyachtresearch.sailinsight:d6d83f33: onRequestShow at ORIGIN_CLIENT_SHOW_SOFT_INPUT reason SHOW_SOFT_INPUT
05-15 18:56:26.720 22089 22089 I InputMethodManager_LC: ssi(): flags=0 view=org.sailyachtresearch.sailinsight reason = SHOW_SOFT_INPUT
05-15 18:56:26.722 22089 22089 D InputMethodManagerUtils: startInputInner - Id : 0
05-15 18:56:26.723 22089 22089 I InputMethodManager: startInputInner - IInputMethodManagerGlobalInvoker.startInputOrWindowGainedFocus
05-15 18:56:26.724 22089 22089 D InputMethodManager: showSoftInput() view=com.facebook.react.views.textinput.ReactEditText{8882081 VFED..CL. .F....ID 0,75-984,156 #77 aid=1073741825} flags=0 reason=SHOW_SOFT_INPUT
