05-16 05:54:06.753 28472 28692 D RNFBCrashlyticsInit: isCrashlyticsCollectionEnabled after checking crashlytics_debug_enabled: false
05-16 05:54:06.753 28472 28692 D RNFBCrashlyticsInit: isCrashlyticsCollectionEnabled final value: false
05-16 05:54:06.753 28472 28692 D RNFBCrashlyticsInit: isCrashlyticsCollectionEnabled via RNFBMeta: true
05-16 05:54:06.754 28472 28692 D RNFBCrashlyticsInit: isCrashlyticsCollectionEnabled after checking crashlytics_debug_enabled: false
05-16 05:54:06.754 28472 28692 D RNFBCrashlyticsInit: isCrashlyticsCollectionEnabled final value: false
05-16 05:54:06.754 28472 28692 D RNFBCrashlyticsInit: isCrashlyticsCollectionEnabled via RNFBMeta: true
05-16 05:54:06.754 28472 28692 D RNFBCrashlyticsInit: isCrashlyticsCollectionEnabled after checking crashlytics_debug_enabled: false
05-16 05:54:06.754 28472 28692 D RNFBCrashlyticsInit: isCrashlyticsCollectionEnabled final value: false
05-16 05:54:06.754 28472 28692 I Crashlytics: crashlytics collection is not enabled, not crashing.
05-16 05:54:06.755 28472 28472 I InputMethodManager: invalidateInput
05-16 05:54:06.755 28472 28472 I InputMethodManager: invalidateInput
05-16 05:54:06.756 28472 28472 I InputMethodManager: invalidateInput
05-16 05:54:06.756 28472 28692 W unknown:ReactNative: Attempt to set local data for view with unknown tag: -1
05-16 05:54:06.756 28472 28472 I InputMethodManager: invalidateInput
05-16 05:54:06.756 28472 28692 W unknown:ReactNative: Attempt to set local data for view with unknown tag: -1
05-16 05:54:06.759 28472 28472 I InputMethodManager: invalidateInput
05-16 05:54:06.759 28472 28472 I InputMethodManager: invalidateInput
05-16 05:54:06.760 28472 28472 I InputMethodManager: invalidateInput
05-16 05:54:06.760 28472 28692 W unknown:ReactNative: Attempt to set local data for view with unknown tag: -1
05-16 05:54:06.760 28472 28692 W unknown:ReactNative: Attempt to set local data for view with unknown tag: -1
05-16 05:54:06.760 28472 28472 I InputMethodManager: invalidateInput
05-16 05:54:06.764 28472 28472 I InputMethodManager: invalidateInput
05-16 05:54:06.764 28472 28472 I InputMethodManager: invalidateInput
05-16 05:54:06.764 28472 28472 I InputMethodManager: invalidateInput
05-16 05:54:06.764 28472 28692 D RNFBCrashlyticsInit: isCrashlyticsCollectionEnabled via RNFBMeta: true
05-16 05:54:06.764 28472 28692 D RNFBCrashlyticsInit: isCrashlyticsCollectionEnabled after checking crashlytics_debug_enabled: false
05-16 05:54:06.764 28472 28692 D RNFBCrashlyticsInit: isCrashlyticsCollectionEnabled final value: false
05-16 05:54:06.764 28472 28472 I InputMethodManager: invalidateInput
05-16 05:54:06.765 28472 28692 W unknown:ReactNative: Attempt to set local data for view with unknown tag: -1
05-16 05:54:06.765 28472 28692 D RNFBCrashlyticsInit: isCrashlyticsCollectionEnabled via RNFBMeta: true
05-16 05:54:06.765 28472 28692 D RNFBCrashlyticsInit: isCrashlyticsCollectionEnabled after checking crashlytics_debug_enabled: false
05-16 05:54:06.765 28472 28692 D RNFBCrashlyticsInit: isCrashlyticsCollectionEnabled final value: false
05-16 05:54:06.765 28472 28692 D RNFBCrashlyticsInit: isCrashlyticsCollectionEnabled via RNFBMeta: true
05-16 05:54:06.765 28472 28692 D RNFBCrashlyticsInit: isCrashlyticsCollectionEnabled after checking crashlytics_debug_enabled: false
05-16 05:54:06.765 28472 28692 D RNFBCrashlyticsInit: isCrashlyticsCollectionEnabled final value: false
05-16 05:54:06.765 28472 28692 I Crashlytics: crashlytics collection is not enabled, not crashing.
05-16 05:54:06.765 28472 28692 W unknown:ReactNative: Attempt to set local data for view with unknown tag: -1
05-16 05:54:06.767 28472 28692 D RNFBCrashlyticsInit: isCrashlyticsCollectionEnabled via RNFBMeta: true
05-16 05:54:06.767 28472 28692 D RNFBCrashlyticsInit: isCrashlyticsCollectionEnabled after checking crashlytics_debug_enabled: false
05-16 05:54:06.767 28472 28692 D RNFBCrashlyticsInit: isCrashlyticsCollectionEnabled final value: false
05-16 05:54:06.767 28472 28692 D RNFBCrashlyticsInit: isCrashlyticsCollectionEnabled via RNFBMeta: true
05-16 05:54:06.767 28472 28692 D RNFBCrashlyticsInit: isCrashlyticsCollectionEnabled after checking crashlytics_debug_enabled: false
05-16 05:54:06.767 28472 28692 D RNFBCrashlyticsInit: isCrashlyticsCollectionEnabled final value: false
05-16 05:54:06.767 28472 28692 D RNFBCrashlyticsInit: isCrashlyticsCollectionEnabled via RNFBMeta: true
05-16 05:54:06.768 28472 28692 D RNFBCrashlyticsInit: isCrashlyticsCollectionEnabled after checking crashlytics_debug_enabled: false
05-16 05:54:06.768 28472 28692 D RNFBCrashlyticsInit: isCrashlyticsCollectionEnabled final value: false
05-16 05:54:06.768 28472 28692 I Crashlytics: crashlytics collection is not enabled, not crashing.
05-16 05:54:06.769 28472 28472 I InputMethodManager: invalidateInput
05-16 05:54:06.769 28472 28692 D RNFBCrashlyticsInit: isCrashlyticsCollectionEnabled via RNFBMeta: true
05-16 05:54:06.769 28472 28692 D RNFBCrashlyticsInit: isCrashlyticsCollectionEnabled after checking crashlytics_debug_enabled: false
05-16 05:54:06.769 28472 28692 D RNFBCrashlyticsInit: isCrashlyticsCollectionEnabled final value: false
05-16 05:54:06.770 28472 28692 D RNFBCrashlyticsInit: isCrashlyticsCollectionEnabled via RNFBMeta: true
05-16 05:54:06.770 28472 28692 D RNFBCrashlyticsInit: isCrashlyticsCollectionEnabled after checking crashlytics_debug_enabled: false
05-16 05:54:06.770 28472 28692 D RNFBCrashlyticsInit: isCrashlyticsCollectionEnabled final value: false
05-16 05:54:06.770 28472 28472 I InputMethodManager: invalidateInput
05-16 05:54:06.770 28472 28692 D RNFBCrashlyticsInit: isCrashlyticsCollectionEnabled via RNFBMeta: true
05-16 05:54:06.770 28472 28692 D RNFBCrashlyticsInit: isCrashlyticsCollectionEnabled after checking crashlytics_debug_enabled: false
05-16 05:54:06.770 28472 28692 D RNFBCrashlyticsInit: isCrashlyticsCollectionEnabled final value: false
05-16 05:54:06.770 28472 28692 I Crashlytics: crashlytics collection is not enabled, not crashing.
05-16 05:54:06.770 28472 28472 I InputMethodManager: invalidateInput
05-16 05:54:06.770 28472 28692 W unknown:ReactNative: Attempt to set local data for view with unknown tag: -1
05-16 05:54:06.770 28472 28472 I InputMethodManager: invalidateInput
05-16 05:54:06.770 28472 28692 W unknown:ReactNative: Attempt to set local data for view with unknown tag: -1
05-16 05:54:06.777 28472 28472 I InputMethodManager: invalidateInput
05-16 05:54:06.778 28472 28472 I InputMethodManager: invalidateInput
05-16 05:54:06.778 28472 28472 I InputMethodManager: invalidateInput
05-16 05:54:06.778 28472 28692 W unknown:ReactNative: Attempt to set local data for view with unknown tag: -1
05-16 05:54:06.778 28472 28692 W unknown:ReactNative: Attempt to set local data for view with unknown tag: -1
05-16 05:54:06.778 28472 28472 I InputMethodManager: invalidateInput
05-16 05:54:06.781 28472 28472 D ScrollView: initGoToTop
05-16 05:54:06.806 28472 28472 I ReactNative: [GESTURE HANDLER] Gesture handler is already enabled for a parent view
05-16 05:54:06.808 28472 28472 I InputMethodManager: invalidateInput
05-16 05:54:06.808 28472 28472 I InputMethodManager: invalidateInput
05-16 05:54:06.809 28472 28472 I InputMethodManager: invalidateInput
05-16 05:54:06.809 28472 28472 I InputMethodManager: invalidateInput
05-16 05:54:06.810 28472 28472 I InputMethodManager: invalidateInput
05-16 05:54:06.810 28472 28472 I InputMethodManager: invalidateInput
05-16 05:54:06.830 28472 28692 D RNFBCrashlyticsInit: isCrashlyticsCollectionEnabled via RNFBMeta: true
05-16 05:54:06.830 28472 28692 D RNFBCrashlyticsInit: isCrashlyticsCollectionEnabled after checking crashlytics_debug_enabled: false
05-16 05:54:06.830 28472 28692 D RNFBCrashlyticsInit: isCrashlyticsCollectionEnabled final value: false
05-16 05:54:06.831 28472 28692 D RNFBCrashlyticsInit: isCrashlyticsCollectionEnabled via RNFBMeta: true
05-16 05:54:06.831 28472 28692 D RNFBCrashlyticsInit: isCrashlyticsCollectionEnabled after checking crashlytics_debug_enabled: false
05-16 05:54:06.831 28472 28692 D RNFBCrashlyticsInit: isCrashlyticsCollectionEnabled final value: false
05-16 05:54:06.831 28472 28692 D RNFBCrashlyticsInit: isCrashlyticsCollectionEnabled via RNFBMeta: true
05-16 05:54:06.831 28472 28692 D RNFBCrashlyticsInit: isCrashlyticsCollectionEnabled after checking crashlytics_debug_enabled: false
05-16 05:54:06.831 28472 28692 D RNFBCrashlyticsInit: isCrashlyticsCollectionEnabled final value: false
05-16 05:54:06.831 28472 28692 I Crashlytics: crashlytics collection is not enabled, not crashing.
05-16 05:54:06.841 28472 28472 I InputMethodManager: invalidateInput
05-16 05:54:06.849 28472 28692 D RNFBCrashlyticsInit: isCrashlyticsCollectionEnabled via RNFBMeta: true
05-16 05:54:06.849 28472 28692 D RNFBCrashlyticsInit: isCrashlyticsCollectionEnabled after checking crashlytics_debug_enabled: false
05-16 05:54:06.849 28472 28692 D RNFBCrashlyticsInit: isCrashlyticsCollectionEnabled final value: false
05-16 05:54:06.849 28472 28692 D RNFBCrashlyticsInit: isCrashlyticsCollectionEnabled via RNFBMeta: true
05-16 05:54:06.849 28472 28692 D RNFBCrashlyticsInit: isCrashlyticsCollectionEnabled after checking crashlytics_debug_enabled: false
05-16 05:54:06.849 28472 28692 D RNFBCrashlyticsInit: isCrashlyticsCollectionEnabled final value: false
05-16 05:54:06.850 28472 28692 D RNFBCrashlyticsInit: isCrashlyticsCollectionEnabled via RNFBMeta: true
05-16 05:54:06.850 28472 28692 D RNFBCrashlyticsInit: isCrashlyticsCollectionEnabled after checking crashlytics_debug_enabled: false
05-16 05:54:06.850 28472 28692 D RNFBCrashlyticsInit: isCrashlyticsCollectionEnabled final value: false
05-16 05:54:06.850 28472 28692 I Crashlytics: crashlytics collection is not enabled, not crashing.
05-16 05:54:06.869 28472 28472 D ScrollView: initGoToTop
05-16 05:54:06.955 28472 28472 D ScrollView: initGoToTop
05-16 05:54:07.050 28472 28692 D RNFBCrashlyticsInit: isCrashlyticsCollectionEnabled via RNFBMeta: true
05-16 05:54:07.050 28472 28692 D RNFBCrashlyticsInit: isCrashlyticsCollectionEnabled after checking crashlytics_debug_enabled: false
05-16 05:54:07.050 28472 28692 D RNFBCrashlyticsInit: isCrashlyticsCollectionEnabled final value: false
05-16 05:54:07.050 28472 28692 D RNFBCrashlyticsInit: isCrashlyticsCollectionEnabled via RNFBMeta: true
05-16 05:54:07.050 28472 28692 D RNFBCrashlyticsInit: isCrashlyticsCollectionEnabled after checking crashlytics_debug_enabled: false
05-16 05:54:07.050 28472 28692 D RNFBCrashlyticsInit: isCrashlyticsCollectionEnabled final value: false
05-16 05:54:07.051 28472 28692 D RNFBCrashlyticsInit: isCrashlyticsCollectionEnabled via RNFBMeta: true
05-16 05:54:07.051 28472 28692 D RNFBCrashlyticsInit: isCrashlyticsCollectionEnabled after checking crashlytics_debug_enabled: false
05-16 05:54:07.051 28472 28692 D RNFBCrashlyticsInit: isCrashlyticsCollectionEnabled final value: false
05-16 05:54:07.051 28472 28692 I Crashlytics: crashlytics collection is not enabled, not crashing.
05-16 05:54:08.239 28472 28472 I ViewRootImpl@2f49c97[MainActivity]: ViewPostIme pointer 0
05-16 05:54:08.263 28472 28472 I ViewRootImpl@2f49c97[MainActivity]: ViewPostIme pointer 1
05-16 05:54:08.342 28472 28472 W unknown:WrappingUtils: Don't know how to round that drawable: com.facebook.drawee.drawable.RoundedColorDrawable@f5efae0
05-16 05:54:08.346 28472 28472 D ScrollView: initGoToTop
05-16 05:54:09.902 28472 28472 I ViewRootImpl@2f49c97[MainActivity]: ViewPostIme pointer 0
05-16 05:54:09.949 28472 28472 I ViewRootImpl@2f49c97[MainActivity]: ViewPostIme pointer 1
05-16 05:54:10.016 28472 28692 I InputMethodManager: invalidateInput
05-16 05:54:10.020 28472 28692 I InputMethodManager: invalidateInput
05-16 05:54:10.023 28472 28472 I InputMethodManager: invalidateInput
05-16 05:54:10.024 28472 28472 I InputMethodManager: invalidateInput
05-16 05:54:10.024 28472 28472 I InputMethodManager: invalidateInput
05-16 05:54:10.024 28472 28472 I InputMethodManager: invalidateInput
05-16 05:54:10.026 28472 28692 I InputMethodManager: invalidateInput
05-16 05:54:10.031 28472 28692 I InputMethodManager: invalidateInput
05-16 05:54:10.035 28472 28472 I InputMethodManager: invalidateInput
05-16 05:54:10.035 28472 28472 I InputMethodManager: invalidateInput
05-16 05:54:10.036 28472 28472 I InputMethodManager: invalidateInput
05-16 05:54:10.036 28472 28692 I InputMethodManager: invalidateInput
05-16 05:54:10.036 28472 28472 I InputMethodManager: invalidateInput
05-16 05:54:10.041 28472 28472 I InputMethodManager: invalidateInput
05-16 05:54:10.041 28472 28692 W unknown:ReactNative: Attempt to set local data for view with unknown tag: -1
05-16 05:54:10.041 28472 28692 W unknown:ReactNative: Attempt to set local data for view with unknown tag: -1
05-16 05:54:10.041 28472 28472 I InputMethodManager: invalidateInput
05-16 05:54:10.042 28472 28472 I InputMethodManager: invalidateInput
05-16 05:54:10.042 28472 28472 I InputMethodManager: invalidateInput
05-16 05:54:10.045 28472 28692 I InputMethodManager: invalidateInput
05-16 05:54:10.056 28472 28472 I InputMethodManager: invalidateInput
05-16 05:54:10.056 28472 28472 I InputMethodManager: invalidateInput
05-16 05:54:10.057 28472 28472 I InputMethodManager: invalidateInput
05-16 05:54:10.057 28472 28472 I InputMethodManager: invalidateInput
05-16 05:54:10.062 28472 28692 W unknown:ReactNative: Attempt to set local data for view with unknown tag: -1
05-16 05:54:10.062 28472 28692 W unknown:ReactNative: Attempt to set local data for view with unknown tag: -1
05-16 05:54:10.063 28472 28692 W unknown:ReactNative: Attempt to set local data for view with unknown tag: -1
05-16 05:54:10.063 28472 28692 W unknown:ReactNative: Attempt to set local data for view with unknown tag: -1
05-16 05:54:10.069 28472 28472 I InputMethodManager: invalidateInput
05-16 05:54:10.070 28472 28472 I InputMethodManager: invalidateInput
05-16 05:54:10.070 28472 28472 I InputMethodManager: invalidateInput
05-16 05:54:10.070 28472 28472 I InputMethodManager: invalidateInput
05-16 05:54:10.075 28472 28692 W unknown:ReactNative: Attempt to set local data for view with unknown tag: -1
05-16 05:54:10.075 28472 28692 W unknown:ReactNative: Attempt to set local data for view with unknown tag: -1
05-16 05:54:10.086 28472 28472 I InputMethodManager: invalidateInput
05-16 05:54:10.087 28472 28472 I InputMethodManager: invalidateInput
05-16 05:54:10.087 28472 28472 I InputMethodManager: invalidateInput
05-16 05:54:10.087 28472 28472 I InputMethodManager: invalidateInput
05-16 05:54:10.090 28472 28692 W unknown:ReactNative: Attempt to set local data for view with unknown tag: -1
05-16 05:54:10.090 28472 28692 W unknown:ReactNative: Attempt to set local data for view with unknown tag: -1
05-16 05:54:10.092 28472 28472 D ScrollView: initGoToTop
05-16 05:54:10.096 28472 28692 W unknown:ReactNative: Attempt to set local data for view with unknown tag: -1
05-16 05:54:10.096 28472 28692 W unknown:ReactNative: Attempt to set local data for view with unknown tag: -1
05-16 05:54:10.143 28472 28472 I InputMethodManager: invalidateInput
05-16 05:54:10.144 28472 28472 I InputMethodManager: invalidateInput
05-16 05:54:10.144 28472 28472 I InputMethodManager: invalidateInput
05-16 05:54:10.144 28472 28472 I InputMethodManager: invalidateInput
05-16 05:54:10.145 28472 28472 I InputMethodManager: invalidateInput
05-16 05:54:10.145 28472 28472 I InputMethodManager: invalidateInput
05-16 05:54:10.153 28472 28472 I InputMethodManager: invalidateInput
05-16 05:54:10.991 28472 28472 D ScrollView: initGoToTop
05-16 05:54:16.969 28472 28489 I rch.sailinsight: Background concurrent mark compact GC freed 18MB AllocSpace bytes, 10(1572KB) LOS objects, 49% free, 22MB/44MB, paused 344us,5.265ms total 65.070ms
05-16 05:54:43.785 28472 28472 I ViewRootImpl@2f49c97[MainActivity]: ViewPostIme pointer 0
05-16 05:54:43.884 28472 28472 I ViewRootImpl@2f49c97[MainActivity]: ViewPostIme pointer 1
05-16 05:54:43.920 28472 28472 D ScrollView: initGoToTop
05-16 05:54:45.072 28472 28472 I ViewRootImpl@2f49c97[MainActivity]: ViewPostIme pointer 0
05-16 05:54:45.125 28472 28472 I ViewRootImpl@2f49c97[MainActivity]: ViewPostIme pointer 1
05-16 05:54:45.405 28472 28472 I BranchSDK: onActivityPaused, activity = org.sailyachtresearch.sailinsight.MainActivity@d9e6ebf
05-16 05:54:45.407 28472 28472 D SensorManager: unregisterListener
05-16 05:54:45.447 28472 28472 I ViewRootImpl@2f49c97[MainActivity]: handleWindowFocusChanged: 0 0 call from android.view.ViewRootImpl.-$$Nest$mhandleWindowFocusChanged:0
05-16 05:54:45.447 28472 28472 I ImeFocusController: onPreWindowFocus: skipped, hasWindowFocus=false mHasImeFocus=true
05-16 05:54:45.448 28472 28472 I ImeFocusController: onPostWindowFocus: skipped, hasWindowFocus=false mHasImeFocus=true
05-16 05:54:45.485 28472 28472 D InputTransport: Input channel destroyed: 'ClientS', fd=158
05-16 05:54:45.504 28472 28472 D CompatibilityChangeReporter: Compat change id reported: 78294732; UID 10473; state: ENABLED
05-16 05:54:45.504 28472 28472 I BranchSDK: onActivityResumed, activity = org.sailyachtresearch.sailinsight.MainActivity@d9e6ebf
05-16 05:54:45.508 28472 28472 D SensorManager: registerListener :: 11, lsm6dso LSM6DSO Accelerometer Non-wakeup, 66667, 0, 
05-16 05:54:45.512 28472 28472 I InsetsSourceConsumer: applyRequestedVisibilityToControl: visible=true, type=statusBars, host=org.sailyachtresearch.sailinsight/org.sailyachtresearch.sailinsight.MainActivity
05-16 05:54:45.513 28472 28472 I InsetsSourceConsumer: applyRequestedVisibilityToControl: visible=true, type=navigationBars, host=org.sailyachtresearch.sailinsight/org.sailyachtresearch.sailinsight.MainActivity
05-16 05:54:45.520 28472 29528 W unknown:ReconnectingWebSocket: Couldn't connect to "ws://localhost:8081/message?device=SM-S911W%20-%2014%20-%20API%2034&app=org.sailyachtresearch.sailinsight&clientid=BridgeDevSupportManager", will silently retry
05-16 05:54:45.531 28472 28472 I ViewRootImpl@2f49c97[MainActivity]: handleWindowFocusChanged: 1 0 call from android.view.ViewRootImpl.-$$Nest$mhandleWindowFocusChanged:0
05-16 05:54:45.531 28472 28472 D ViewRootImpl@2f49c97[MainActivity]: mThreadedRenderer.initializeIfNeeded()#2 mSurface={isValid=true 0xb4000076afa3d800}
05-16 05:54:45.532 28472 28472 D InputMethodManagerUtils: startInputInner - Id : 0
05-16 05:54:45.532 28472 28472 I InputMethodManager: startInputInner - IInputMethodManagerGlobalInvoker.startInputOrWindowGainedFocus
05-16 05:54:45.536 28472 28472 I InsetsSourceConsumer: applyRequestedVisibilityToControl: visible=false, type=ime, host=org.sailyachtresearch.sailinsight/org.sailyachtresearch.sailinsight.MainActivity
05-16 05:54:47.216 28472 28472 I ViewRootImpl@2f49c97[MainActivity]: ViewPostIme pointer 0
05-16 05:54:47.296 28472 28472 I ViewRootImpl@2f49c97[MainActivity]: ViewPostIme pointer 1
05-16 05:54:47.360 28472 28472 D ScrollView: initGoToTop
05-16 05:54:48.549 28472 28472 I ViewRootImpl@2f49c97[MainActivity]: ViewPostIme pointer 0
05-16 05:54:48.614 28472 28472 I ViewRootImpl@2f49c97[MainActivity]: ViewPostIme pointer 1
05-16 05:54:48.881 28472 28472 I BranchSDK: onActivityPaused, activity = org.sailyachtresearch.sailinsight.MainActivity@d9e6ebf
05-16 05:54:48.883 28472 28472 D SensorManager: unregisterListener
05-16 05:54:48.918 28472 28472 I ViewRootImpl@2f49c97[MainActivity]: handleWindowFocusChanged: 0 0 call from android.view.ViewRootImpl.-$$Nest$mhandleWindowFocusChanged:0
05-16 05:54:48.918 28472 28472 I ImeFocusController: onPreWindowFocus: skipped, hasWindowFocus=false mHasImeFocus=true
05-16 05:54:48.918 28472 28472 I ImeFocusController: onPostWindowFocus: skipped, hasWindowFocus=false mHasImeFocus=true
05-16 05:54:48.925 28472 28472 I BranchSDK: onActivityResumed, activity = org.sailyachtresearch.sailinsight.MainActivity@d9e6ebf
05-16 05:54:48.928 28472 28472 D SensorManager: registerListener :: 11, lsm6dso LSM6DSO Accelerometer Non-wakeup, 66667, 0, 
05-16 05:54:48.933 28472 29613 W unknown:ReconnectingWebSocket: Couldn't connect to "ws://localhost:8081/message?device=SM-S911W%20-%2014%20-%20API%2034&app=org.sailyachtresearch.sailinsight&clientid=BridgeDevSupportManager", will silently retry
05-16 05:54:48.934 28472 28472 I BLASTBufferQueue_Java: update, w= 1080 h= 2340 mName = ViewRootImpl@2f49c97[MainActivity] mNativeObject= 0xb4000076b775c200 sc.mNativeObject= 0xb4000076b7775080 format= -1 caller= android.view.ViewRootImpl.updateBlastSurfaceIfNeeded:3074 android.view.ViewRootImpl.relayoutWindow:10224 android.view.ViewRootImpl.performTraversals:4167 android.view.ViewRootImpl.doTraversal:3345 android.view.ViewRootImpl$TraversalRunnable.run:11437 android.view.Choreographer$CallbackRecord.run:1690 
05-16 05:54:48.934 28472 28472 I ViewRootImpl@2f49c97[MainActivity]: Relayout returned: old=(0,0,1080,2340) new=(0,0,1080,2340) relayoutAsync=true req=(1080,2340)0 dur=0 res=0x0 s={true 0xb4000076afa3d800} ch=false seqId=0
05-16 05:54:48.935 28472 28472 I ViewRootImpl@2f49c97[MainActivity]: registerCallbackForPendingTransactions
05-16 05:54:48.936 28472 28665 I ViewRootImpl@2f49c97[MainActivity]: mWNT: t=0xb400007680738180 mBlastBufferQueue=0xb4000076b775c200 fn= 426 mRenderHdrSdrRatio=1.0 caller= android.view.ViewRootImpl$6.onFrameDraw:5705 android.view.ViewRootImpl$2.onFrameDraw:2190 android.view.ThreadedRenderer$1.onFrameDraw:792 
05-16 05:54:48.951 28472 28472 I ViewRootImpl@2f49c97[MainActivity]: handleWindowFocusChanged: 1 0 call from android.view.ViewRootImpl.-$$Nest$mhandleWindowFocusChanged:0
05-16 05:54:48.952 28472 28472 D ViewRootImpl@2f49c97[MainActivity]: mThreadedRenderer.initializeIfNeeded()#2 mSurface={isValid=true 0xb4000076afa3d800}
05-16 05:54:48.952 28472 28472 D InputMethodManagerUtils: startInputInner - Id : 0
05-16 05:54:48.952 28472 28472 I InputMethodManager: startInputInner - IInputMethodManagerGlobalInvoker.startInputOrWindowGainedFocus
05-16 05:54:50.312 28472 28472 I ViewRootImpl@2f49c97[MainActivity]: ViewPostIme pointer 0
05-16 05:54:50.375 28472 28472 I ViewRootImpl@2f49c97[MainActivity]: ViewPostIme pointer 1
05-16 05:54:50.416 28472 28472 D ScrollView: initGoToTop
05-16 05:54:51.303 28472 28472 I ViewRootImpl@2f49c97[MainActivity]: ViewPostIme pointer 0
05-16 05:54:51.366 28472 28472 I ViewRootImpl@2f49c97[MainActivity]: ViewPostIme pointer 1
05-16 05:54:51.634 28472 28472 I BranchSDK: onActivityPaused, activity = org.sailyachtresearch.sailinsight.MainActivity@d9e6ebf
05-16 05:54:51.637 28472 28472 D SensorManager: unregisterListener
05-16 05:54:51.671 28472 28472 I ViewRootImpl@2f49c97[MainActivity]: handleWindowFocusChanged: 0 0 call from android.view.ViewRootImpl.-$$Nest$mhandleWindowFocusChanged:0
05-16 05:54:51.671 28472 28472 I ImeFocusController: onPreWindowFocus: skipped, hasWindowFocus=false mHasImeFocus=true
05-16 05:54:51.672 28472 28472 I ImeFocusController: onPostWindowFocus: skipped, hasWindowFocus=false mHasImeFocus=true
05-16 05:54:51.674 28472 28490 D InputTransport: Input channel destroyed: 'ClientS', fd=200
05-16 05:54:51.694 28472 28472 I BranchSDK: onActivityResumed, activity = org.sailyachtresearch.sailinsight.MainActivity@d9e6ebf
05-16 05:54:51.697 28472 28472 D SensorManager: registerListener :: 11, lsm6dso LSM6DSO Accelerometer Non-wakeup, 66667, 0, 
05-16 05:54:51.700 28472 28472 I InsetsSourceConsumer: applyRequestedVisibilityToControl: visible=true, type=statusBars, host=org.sailyachtresearch.sailinsight/org.sailyachtresearch.sailinsight.MainActivity
05-16 05:54:51.701 28472 28472 I InsetsSourceConsumer: applyRequestedVisibilityToControl: visible=true, type=navigationBars, host=org.sailyachtresearch.sailinsight/org.sailyachtresearch.sailinsight.MainActivity
05-16 05:54:51.701 28472 28472 D InputTransport: Input channel destroyed: 'ClientS', fd=181
05-16 05:54:51.704 28472 29649 W unknown:ReconnectingWebSocket: Couldn't connect to "ws://localhost:8081/message?device=SM-S911W%20-%2014%20-%20API%2034&app=org.sailyachtresearch.sailinsight&clientid=BridgeDevSupportManager", will silently retry
05-16 05:54:51.721 28472 28472 I ViewRootImpl@2f49c97[MainActivity]: handleWindowFocusChanged: 1 0 call from android.view.ViewRootImpl.-$$Nest$mhandleWindowFocusChanged:0
05-16 05:54:51.721 28472 28472 D ViewRootImpl@2f49c97[MainActivity]: mThreadedRenderer.initializeIfNeeded()#2 mSurface={isValid=true 0xb4000076afa3d800}
05-16 05:54:51.722 28472 28472 D InputMethodManagerUtils: startInputInner - Id : 0
05-16 05:54:51.722 28472 28472 I InputMethodManager: startInputInner - IInputMethodManagerGlobalInvoker.startInputOrWindowGainedFocus
05-16 05:54:51.726 28472 28472 I InsetsSourceConsumer: applyRequestedVisibilityToControl: visible=false, type=ime, host=org.sailyachtresearch.sailinsight/org.sailyachtresearch.sailinsight.MainActivity
05-16 05:54:54.775 28472 28472 I ViewRootImpl@2f49c97[MainActivity]: ViewPostIme pointer 0
05-16 05:54:56.156 28472 28472 I ViewRootImpl@2f49c97[MainActivity]: ViewPostIme pointer 1
