05-16 05:53:43.945 28472 28692 W unknown:ViewManagerPropertyUpdater: Could not find generated setter for class com.reactnativecommunity.picker.ReactDialogPickerManager
05-16 05:53:43.946 28472 28692 W unknown:ViewManagerPropertyUpdater: Could not find generated setter for class com.reactnativecommunity.picker.ReactPickerShadowNode
05-16 05:53:43.946 28472 28692 W unknown:ViewManagerPropertyUpdater: Could not find generated setter for class com.reactnativecommunity.picker.ReactDropdownPickerManager
05-16 05:53:43.947 28472 28692 W unknown:ViewManagerPropertyUpdater: Could not find generated setter for class com.lwansbrough.RCTCamera.RCTCameraViewManager
05-16 05:53:43.948 28472 28692 W unknown:ViewManagerPropertyUpdater: Could not find generated setter for class org.reactnative.camera.CameraViewManager
05-16 05:53:43.950 28472 28692 W unknown:ViewManagerPropertyUpdater: Could not find generated setter for class com.dylanvann.fastimage.FastImageViewManager
05-16 05:53:43.951 28472 28692 W unknown:ViewManagerPropertyUpdater: Could not find generated setter for class com.swmansion.gesturehandler.react.RNGestureHandlerRootViewManager
05-16 05:53:43.951 28472 28692 W unknown:ViewManagerPropertyUpdater: Could not find generated setter for class com.swmansion.gesturehandler.react.RNGestureHandlerButtonViewManager
05-16 05:53:43.952 28472 28692 W unknown:ViewManagerPropertyUpdater: Could not find generated setter for class com.BV.LinearGradient.LinearGradientManager
05-16 05:53:43.953 28472 28692 W unknown:ViewManagerPropertyUpdater: Could not find generated setter for class com.airbnb.android.react.maps.AirMapCalloutManager
05-16 05:53:43.954 28472 28692 W unknown:ViewManagerPropertyUpdater: Could not find generated setter for class com.airbnb.android.react.maps.AirMapMarkerManager
05-16 05:53:43.955 28472 28692 W unknown:ViewManagerPropertyUpdater: Could not find generated setter for class com.airbnb.android.react.maps.AirMapPolylineManager
05-16 05:53:43.956 28472 28692 W unknown:ViewManagerPropertyUpdater: Could not find generated setter for class com.airbnb.android.react.maps.AirMapGradientPolylineManager
05-16 05:53:43.957 28472 28692 W unknown:ViewManagerPropertyUpdater: Could not find generated setter for class com.airbnb.android.react.maps.AirMapPolygonManager
05-16 05:53:43.958 28472 28692 W unknown:ViewManagerPropertyUpdater: Could not find generated setter for class com.airbnb.android.react.maps.AirMapCircleManager
05-16 05:53:43.959 28472 28692 W unknown:ViewManagerPropertyUpdater: Could not find generated setter for class com.airbnb.android.react.maps.AirMapManager
05-16 05:53:43.961 28472 28692 W unknown:ViewManagerPropertyUpdater: Could not find generated setter for class com.airbnb.android.react.maps.AirMapLiteManager
05-16 05:53:43.962 28472 28692 W unknown:ViewManagerPropertyUpdater: Could not find generated setter for class com.airbnb.android.react.maps.AirMapUrlTileManager
05-16 05:53:43.963 28472 28692 W unknown:ViewManagerPropertyUpdater: Could not find generated setter for class com.airbnb.android.react.maps.AirMapWMSTileManager
05-16 05:53:43.964 28472 28692 W unknown:ViewManagerPropertyUpdater: Could not find generated setter for class com.airbnb.android.react.maps.AirMapLocalTileManager
05-16 05:53:43.965 28472 28692 W unknown:ViewManagerPropertyUpdater: Could not find generated setter for class com.airbnb.android.react.maps.AirMapOverlayManager
05-16 05:53:43.966 28472 28692 W unknown:ViewManagerPropertyUpdater: Could not find generated setter for class com.airbnb.android.react.maps.AirMapHeatmapManager
05-16 05:53:43.966 28472 28692 W unknown:ViewManagerPropertyUpdater: Could not find generated setter for class com.th3rdwave.safeareacontext.SafeAreaProviderManager
05-16 05:53:43.967 28472 28692 W unknown:ViewManagerPropertyUpdater: Could not find generated setter for class com.th3rdwave.safeareacontext.SafeAreaViewManager
05-16 05:53:43.967 28472 28692 W unknown:ViewManagerPropertyUpdater: Could not find generated setter for class com.th3rdwave.safeareacontext.SafeAreaViewShadowNode
05-16 05:53:43.968 28472 28692 W unknown:ViewManagerPropertyUpdater: Could not find generated setter for class com.swmansion.rnscreens.ScreenContainerViewManager
05-16 05:53:43.968 28472 28692 W unknown:ViewManagerPropertyUpdater: Could not find generated setter for class com.swmansion.rnscreens.ScreenViewManager
05-16 05:53:43.970 28472 28692 W unknown:ViewManagerPropertyUpdater: Could not find generated setter for class com.swmansion.rnscreens.ModalScreenViewManager
05-16 05:53:43.970 28472 28692 W unknown:ViewManagerPropertyUpdater: Could not find generated setter for class com.swmansion.rnscreens.ScreenStackViewManager
05-16 05:53:43.970 28472 28604 I BranchSDK: Server returned: [376e1294-e8bc-44fa-873d-c49d19076aec-2025051612] Status: [200]; Data: {"data":"{\"+clicked_branch_link\":false,\"+is_first_session\":false}","link":"https://sailinsight30-app.sapsailing.com/a/key_live_kjHOAqtytu1CNDoBMOW9OfcdyEd1gPL0?%24randomized_bundle_token=1451907811041944625","randomized_bundle_token":"1451907811041944625","randomized_device_token":"1451907810974782046","session_id":"1451907811046085231"}
05-16 05:53:43.970 28472 28692 W unknown:ViewManagerPropertyUpdater: Could not find generated setter for class com.swmansion.rnscreens.ScreenStackHeaderConfigViewManager
05-16 05:53:43.971 28472 28472 D RNBranch: onInitFinished referringParams {"+clicked_branch_link":false,"+is_first_session":false}
05-16 05:53:43.971 28472 28472 D RNBranch: onInitFinished
05-16 05:53:43.972 28472 28692 W unknown:ViewManagerPropertyUpdater: Could not find generated setter for class com.swmansion.rnscreens.ScreenStackHeaderSubviewManager
05-16 05:53:43.972 28472 28692 W unknown:ViewManagerPropertyUpdater: Could not find generated setter for class com.swmansion.rnscreens.SearchBarManager
05-16 05:53:43.973 28472 28472 D RNBranch: sendRNEvent
05-16 05:53:43.973 28472 28472 D RNBranch: Catalyst instance poller try 1
05-16 05:53:43.973 28472 28472 D RNBranch: Catalyst instance active
05-16 05:53:43.973 28472 28692 W unknown:ViewManagerPropertyUpdater: Could not find generated setter for class com.horcrux.svg.RenderableViewManager$DefsViewManager
05-16 05:53:43.975 28472 28692 W unknown:ViewManagerPropertyUpdater: Could not find generated setter for class com.horcrux.svg.VirtualViewManager$RenderableShadowNode
05-16 05:53:43.976 28472 28692 W unknown:ViewManagerPropertyUpdater: Could not find generated setter for class com.horcrux.svg.RenderableViewManager$MarkerManager
05-16 05:53:43.980 28472 28692 W unknown:ViewManagerPropertyUpdater: Could not find generated setter for class com.horcrux.svg.RenderableViewManager$ForeignObjectManager
05-16 05:53:43.982 28472 28692 W unknown:ViewManagerPropertyUpdater: Could not find generated setter for class com.horcrux.svg.RenderableViewManager$EllipseViewManager
05-16 05:53:43.984 28472 28692 W unknown:ViewManagerPropertyUpdater: Could not find generated setter for class com.horcrux.svg.RenderableViewManager$LineViewManager
05-16 05:53:43.986 28472 28692 W unknown:ViewManagerPropertyUpdater: Could not find generated setter for class com.horcrux.svg.RenderableViewManager$LinearGradientManager
05-16 05:53:43.987 28472 28692 W unknown:ViewManagerPropertyUpdater: Could not find generated setter for class com.horcrux.svg.RenderableViewManager$GroupViewManager
05-16 05:53:43.989 28472 28692 W unknown:ViewManagerPropertyUpdater: Could not find generated setter for class com.horcrux.svg.RenderableViewManager$TextViewManager
05-16 05:53:43.991 28472 28692 W unknown:ViewManagerPropertyUpdater: Could not find generated setter for class com.horcrux.svg.RenderableViewManager$ImageViewManager
05-16 05:53:43.993 28472 28692 W unknown:ViewManagerPropertyUpdater: Could not find generated setter for class com.horcrux.svg.RenderableViewManager$ClipPathViewManager
05-16 05:53:43.994 28472 28692 W unknown:ViewManagerPropertyUpdater: Could not find generated setter for class com.horcrux.svg.RenderableViewManager$RadialGradientManager
05-16 05:53:43.996 28472 28692 W unknown:ViewManagerPropertyUpdater: Could not find generated setter for class com.horcrux.svg.RenderableViewManager$MaskManager
05-16 05:53:43.997 28472 28692 W unknown:ViewManagerPropertyUpdater: Could not find generated setter for class com.horcrux.svg.RenderableViewManager$SymbolManager
05-16 05:53:43.998 28472 28692 W unknown:ViewManagerPropertyUpdater: Could not find generated setter for class com.horcrux.svg.RenderableViewManager$PatternManager
05-16 05:53:44.000 28472 28692 W unknown:ViewManagerPropertyUpdater: Could not find generated setter for class com.horcrux.svg.RenderableViewManager$RectViewManager
05-16 05:53:44.001 28472 28692 W unknown:ViewManagerPropertyUpdater: Could not find generated setter for class com.horcrux.svg.RenderableViewManager$TextPathViewManager
05-16 05:53:44.002 28472 28692 W unknown:ViewManagerPropertyUpdater: Could not find generated setter for class com.horcrux.svg.SvgViewManager
05-16 05:53:44.003 28472 28692 W unknown:ViewManagerPropertyUpdater: Could not find generated setter for class com.horcrux.svg.RenderableViewManager$PathViewManager
05-16 05:53:44.004 28472 28692 W unknown:ViewManagerPropertyUpdater: Could not find generated setter for class com.horcrux.svg.RenderableViewManager$UseViewManager
05-16 05:53:44.005 28472 28692 W unknown:ViewManagerPropertyUpdater: Could not find generated setter for class com.horcrux.svg.RenderableViewManager$CircleViewManager
05-16 05:53:44.006 28472 28692 W unknown:ViewManagerPropertyUpdater: Could not find generated setter for class com.horcrux.svg.RenderableViewManager$TSpanViewManager
05-16 05:53:44.007 28472 28692 W unknown:ViewManagerPropertyUpdater: Could not find generated setter for class com.reactnativecommunity.webview.RNCWebViewManager
05-16 05:53:44.012 28472 28692 W rch.sailinsight: Accessing hidden field Ljava/lang/reflect/Field;->accessFlags:I (unsupported, reflection, allowed)
05-16 05:53:44.013 28472 28692 W unknown:ReactContext: initializeMessageQueueThreads() is called.
05-16 05:53:44.014 28472 28692 V SoLoader: libyoga.so not found on /data/data/org.sailyachtresearch.sailinsight/lib-main
05-16 05:53:44.014 28472 28692 D SoLoader: libyoga.so found on /data/app/~~VaZvND58-hCcaiBhMM061Q==/org.sailyachtresearch.sailinsight-GjwBXmEzGiYGLd3SD9vFHg==/lib/arm64
05-16 05:53:44.014 28472 28692 D SoLoader: Not resolving dependencies for libyoga.so
05-16 05:53:44.018 28472 28692 D nativeloader: Load /data/app/~~VaZvND58-hCcaiBhMM061Q==/org.sailyachtresearch.sailinsight-GjwBXmEzGiYGLd3SD9vFHg==/lib/arm64/libyoga.so using ns clns-5 from class loader (caller=/data/app/~~VaZvND58-hCcaiBhMM061Q==/org.sailyachtresearch.sailinsight-GjwBXmEzGiYGLd3SD9vFHg==/base.apk): ok
05-16 05:53:44.020 28472 28488 I rch.sailinsight: Compiler allocated 6943KB to compile void android.view.ViewRootImpl.performTraversals()
05-16 05:53:44.022 28472 28472 I HMSSDK_HMSPackageManager: Enter getHMSPackageNameForMultiService
05-16 05:53:44.023 28472 28472 E HMSSDK_HMSPackageManager: resolveInfoList is null or empty
05-16 05:53:44.023 28472 28472 E HMSSDK_HMSPackageManager: PackagePriorityInfo list is null
05-16 05:53:44.024 28472 28472 E HMSSDK_HMSPackageManager: <initHmsPackageInfoForMultiService> Failed to find HMS apk
05-16 05:53:44.025 28472 28472 I HMSSDK_HuaweiMobileServicesUtil: hmsPackageName is com.huawei.hwid
05-16 05:53:44.025 28472 28472 E HMSSDK_HMSPackageManager: resolveInfoList is null or empty
05-16 05:53:44.026 28472 28472 E HMSSDK_HMSPackageManager: PackagePriorityInfo list is null
05-16 05:53:44.026 28472 28472 E HMSSDK_HMSPackageManager: <initHmsPackageInfoForMultiService> Failed to find HMS apk
05-16 05:53:44.027 28472 28472 I HMSSDK_HuaweiMobileServicesUtil: HMS is not installed
05-16 05:53:44.033 28472 28472 W Settings: Setting airplane_mode_on has moved from android.provider.Settings.System to android.provider.Settings.Global, returning read-only value.
05-16 05:53:44.035 28472 28472 W Settings: Setting airplane_mode_on has moved from android.provider.Settings.System to android.provider.Settings.Global, returning read-only value.
05-16 05:53:44.038 28472 28692 D ConnectivityManager: StackLog: [android.net.ConnectivityManager.sendRequestForNetwork(ConnectivityManager.java:4709)] [android.net.ConnectivityManager.registerDefaultNetworkCallbackForUid(ConnectivityManager.java:5433)] [android.net.ConnectivityManager.registerDefaultNetworkCallback(ConnectivityManager.java:5400)] [android.net.ConnectivityManager.registerDefaultNetworkCallback(ConnectivityManager.java:5374)] [com.reactnativecommunity.netinfo.NetworkCallbackConnectivityReceiver.register(NetworkCallbackConnectivityReceiver.java:62)] [com.reactnativecommunity.netinfo.NetInfoModule.initialize(NetInfoModule.java:40)] [com.facebook.react.bridge.ModuleHolder.doInitialize(ModuleHolder.java:236)] [com.facebook.react.bridge.ModuleHolder.markInitializable(ModuleHolder.java:100)] [com.facebook.react.bridge.NativeModuleRegistry.notifyJSInstanceInitialized(NativeModuleRegistry.java:124)] [com.facebook.react.bridge.CatalystInstanceImpl$2.run(CatalystInstanceImpl.java:443)]
05-16 05:53:44.043 28472 28692 I flipper : flipper: FlipperClient::addPlugin Fresco
05-16 05:53:44.196 28472 28691 V AsyncStorageExpoMigration: No scoped database found
05-16 05:53:44.199 28472 28691 D RNFBCrashlyticsInit: isCrashlyticsCollectionEnabled via RNFBMeta: true
05-16 05:53:44.199 28472 28691 D RNFBCrashlyticsInit: isCrashlyticsCollectionEnabled after checking crashlytics_debug_enabled: false
05-16 05:53:44.199 28472 28691 D RNFBCrashlyticsInit: isCrashlyticsCollectionEnabled final value: false
05-16 05:53:44.199 28472 28691 D RNFBCrashlyticsInit: isErrorGenerationOnJSCrashEnabled via RNFBMeta: true
05-16 05:53:44.199 28472 28691 D RNFBCrashlyticsInit: isErrorGenerationOnJSCrashEnabled final value: true
05-16 05:53:44.199 28472 28691 D RNFBCrashlyticsInit: isCrashlyticsJavascriptExceptionHandlerChainingEnabled via RNFBMeta: true
05-16 05:53:44.199 28472 28691 D RNFBCrashlyticsInit: isCrashlyticsJavascriptExceptionHandlerChainingEnabled final value: true
05-16 05:53:44.367 28472 28692 D CompatibilityChangeReporter: Compat change id reported: 289878283; UID 10473; state: DISABLED
05-16 05:53:44.372 28472 28691 E ReactNativeJS: ViewPropTypes will be removed from React Native, along with all other PropTypes. We recommend that you migrate away from PropTypes and switch to a type system like TypeScript. If you need to continue using ViewPropTypes, migrate to the 'deprecated-react-native-prop-types' package.
05-16 05:53:44.379 28472 28692 E unknown:ReactNative: console.error: ViewPropTypes will be removed from React Native, along with all other PropTypes. We recommend that you migrate away from PropTypes and switch to a type system like TypeScript. If you need to continue using ViewPropTypes, migrate to the 'deprecated-react-native-prop-types' package., js engine: hermes, stack:
05-16 05:53:44.379 28472 28692 E unknown:ReactNative: _construct@1:270435
05-16 05:53:44.379 28472 28692 E unknown:ReactNative: Wrapper@1:270084
05-16 05:53:44.379 28472 28692 E unknown:ReactNative: _callSuper@1:267255
05-16 05:53:44.379 28472 28692 E unknown:ReactNative: SyntheticError@1:268630
05-16 05:53:44.379 28472 28692 E unknown:ReactNative: reactConsoleErrorHandler@1:268254
05-16 05:53:44.379 28472 28692 E unknown:ReactNative: get ViewPropTypes@1:177554
05-16 05:53:44.379 28472 28692 E unknown:ReactNative: anonymous@1:2970181
05-16 05:53:44.379 28472 28692 E unknown:ReactNative: loadModuleImplementation@1:167208
05-16 05:53:44.379 28472 28692 E unknown:ReactNative: guardedLoadModule@1:166757
05-16 05:53:44.379 28472 28692 E unknown:ReactNative: metroRequire@1:166385
05-16 05:53:44.379 28472 28692 E unknown:ReactNative: anonymous@1:2966957
05-16 05:53:44.379 28472 28692 E unknown:ReactNative: loadModuleImplementation@1:167208
05-16 05:53:44.379 28472 28692 E unknown:ReactNative: guardedLoadModule@1:166757
05-16 05:53:44.379 28472 28692 E unknown:ReactNative: metroRequire@1:166385
05-16 05:53:44.379 28472 28692 E unknown:ReactNative: anonymous@1:2965020
05-16 05:53:44.379 28472 28692 E unknown:ReactNative: loadModuleImplementation@1:167208
05-16 05:53:44.379 28472 28692 E unknown:ReactNative: guardedLoadModule@1:166757
05-16 05:53:44.379 28472 28692 E unknown:ReactNative: metroRequire@1:166385
05-16 05:53:44.379 28472 28692 E unknown:ReactNative: anonymous@1:2653605
05-16 05:53:44.379 28472 28692 E unknown:ReactNative: loadModuleImplementation@1:167208
05-16 05:53:44.379 28472 28692 E unknown:ReactNative: guardedLoadModule@1:166757
05-16 05:53:44.379 28472 28692 E unknown:ReactNative: metroRequire@1:166385
05-16 05:53:44.379 28472 28692 E unknown:ReactNative: anonymous@1:1758608
05-16 05:53:44.379 28472 28692 E unknown:ReactNative: loadModuleImplementation@1:167208
05-16 05:53:44.379 28472 28692 E unknown:ReactNative: guardedLoadModule@1:166757
05-16 05:53:44.379 28472 28692 E unknown:ReactNative: metroRequire@1:166385
05-16 05:53:44.379 28472 28692 E unknown:ReactNative: anonymous@1:702335
05-16 05:53:44.379 28472 28692 E unknown:ReactNative: loadModuleImplementation@1:167208
05-16 05:53:44.379 28472 28692 E unknown:ReactNative: guardedLoadModule@1:166757
05-16 05:53:44.379 28472 28692 E unknown:ReactNative: metroRequire@1:166385
05-16 05:53:44.379 28472 28692 E unknown:ReactNative: anonymous@1:173543
05-16 05:53:44.379 28472 28692 E unknown:ReactNative: loadModuleImplementation@1:167208
05-16 05:53:44.379 28472 28692 E unknown:ReactNative: guardedLoadModule@1:166714
05-16 05:53:44.379 28472 28692 E unknown:ReactNative: metroRequire@1:166385
05-16 05:53:44.379 28472 28692 E unknown:ReactNative: global@1:165969
05-16 05:53:44.396 28472 28691 E ReactNativeJS: ViewPropTypes will be removed from React Native, along with all other PropTypes. We recommend that you migrate away from PropTypes and switch to a type system like TypeScript. If you need to continue using ViewPropTypes, migrate to the 'deprecated-react-native-prop-types' package.
05-16 05:53:44.398 28472 28691 E ReactNativeJS: ViewPropTypes will be removed from React Native, along with all other PropTypes. We recommend that you migrate away from PropTypes and switch to a type system like TypeScript. If you need to continue using ViewPropTypes, migrate to the 'deprecated-react-native-prop-types' package.
05-16 05:53:44.398 28472 28691 E ReactNativeJS: ViewPropTypes will be removed from React Native, along with all other PropTypes. We recommend that you migrate away from PropTypes and switch to a type system like TypeScript. If you need to continue using ViewPropTypes, migrate to the 'deprecated-react-native-prop-types' package.
05-16 05:53:44.398 28472 28691 E ReactNativeJS: ViewPropTypes will be removed from React Native, along with all other PropTypes. We recommend that you migrate away from PropTypes and switch to a type system like TypeScript. If you need to continue using ViewPropTypes, migrate to the 'deprecated-react-native-prop-types' package.
05-16 05:53:44.402 28472 28692 E unknown:ReactNative: console.error: ViewPropTypes will be removed from React Native, along with all other PropTypes. We recommend that you migrate away from PropTypes and switch to a type system like TypeScript. If you need to continue using ViewPropTypes, migrate to the 'deprecated-react-native-prop-types' package., js engine: hermes, stack:
05-16 05:53:44.402 28472 28692 E unknown:ReactNative: _construct@1:270435
05-16 05:53:44.402 28472 28692 E unknown:ReactNative: Wrapper@1:270084
05-16 05:53:44.402 28472 28692 E unknown:ReactNative: _callSuper@1:267255
05-16 05:53:44.402 28472 28692 E unknown:ReactNative: SyntheticError@1:268630
05-16 05:53:44.402 28472 28692 E unknown:ReactNative: reactConsoleErrorHandler@1:268254
05-16 05:53:44.402 28472 28692 E unknown:ReactNative: get ViewPropTypes@1:177554
05-16 05:53:44.402 28472 28692 E unknown:ReactNative: anonymous@1:3138139
05-16 05:53:44.402 28472 28692 E unknown:ReactNative: loadModuleImplementation@1:167208
05-16 05:53:44.402 28472 28692 E unknown:ReactNative: guardedLoadModule@1:166757
05-16 05:53:44.402 28472 28692 E unknown:ReactNative: metroRequire@1:166385
05-16 05:53:44.402 28472 28692 E unknown:ReactNative: anonymous@1:3136353
05-16 05:53:44.402 28472 28692 E unknown:ReactNative: loadModuleImplementation@1:167208
05-16 05:53:44.402 28472 28692 E unknown:ReactNative: guardedLoadModule@1:166757
05-16 05:53:44.402 28472 28692 E unknown:ReactNative: metroRequire@1:166385
05-16 05:53:44.402 28472 28692 E unknown:ReactNative: anonymous@1:3131549
05-16 05:53:44.402 28472 28692 E unknown:ReactNative: loadModuleImplementation@1:167208
05-16 05:53:44.402 28472 28692 E unknown:ReactNative: guardedLoadModule@1:166757
05-16 05:53:44.402 28472 28692 E unknown:ReactNative: metroRequire@1:166385
05-16 05:53:44.402 28472 28692 E unknown:ReactNative: anonymous@1:3128460
05-16 05:53:44.402 28472 28692 E unknown:ReactNative: loadModuleImplementation@1:167208
05-16 05:53:44.402 28472 28692 E unknown:ReactNative: guardedLoadModule@1:166757
05-16 05:53:44.402 28472 28692 E unknown:ReactNative: metroRequire@1:166385
05-16 05:53:44.402 28472 28692 E unknown:ReactNative: anonymous@1:1758899
05-16 05:53:44.402 28472 28692 E unknown:ReactNative: loadModuleImplementation@1:167208
05-16 05:53:44.402 28472 28692 E unknown:ReactNative: guardedLoadModule@1:166757
05-16 05:53:44.402 28472 28692 E unknown:ReactNative: metroRequire@1:166385
05-16 05:53:44.402 28472 28692 E unknown:ReactNative: anonymous@1:702335
05-16 05:53:44.402 28472 28692 E unknown:ReactNative: loadModuleImplementation@1:167208
05-16 05:53:44.402 28472 28692 E unknown:ReactNative: guardedLoadModule@1:166757
05-16 05:53:44.402 28472 28692 E unknown:ReactNative: metroRequire@1:166385
05-16 05:53:44.402 28472 28692 E unknown:ReactNative: anonymous@1:173543
05-16 05:53:44.402 28472 28692 E unknown:ReactNative: loadModuleImplementation@1:167208
05-16 05:53:44.402 28472 28692 E unknown:ReactNative: guardedLoadModule@1:166714
05-16 05:53:44.402 28472 28692 E unknown:ReactNative: metroRequire@1:166385
05-16 05:53:44.402 28472 28692 E unknown:ReactNative: global@1:165969
05-16 05:53:44.407 28472 28691 I ReactNativeJS: Initializing react-native-branch v. 5.8.0
05-16 05:53:44.413 28472 28692 E unknown:ReactNative: console.error: ViewPropTypes will be removed from React Native, along with all other PropTypes. We recommend that you migrate away from PropTypes and switch to a type system like TypeScript. If you need to continue using ViewPropTypes, migrate to the 'deprecated-react-native-prop-types' package., js engine: hermes, stack:
05-16 05:53:44.413 28472 28692 E unknown:ReactNative: _construct@1:270435
05-16 05:53:44.413 28472 28692 E unknown:ReactNative: Wrapper@1:270084
05-16 05:53:44.413 28472 28692 E unknown:ReactNative: _callSuper@1:267255
05-16 05:53:44.413 28472 28692 E unknown:ReactNative: SyntheticError@1:268630
05-16 05:53:44.413 28472 28692 E unknown:ReactNative: reactConsoleErrorHandler@1:268254
05-16 05:53:44.413 28472 28692 E unknown:ReactNative: get ViewPropTypes@1:177554
05-16 05:53:44.413 28472 28692 E unknown:ReactNative: anonymous@1:3173685
05-16 05:53:44.413 28472 28692 E unknown:ReactNative: loadModuleImplementation@1:167208
05-16 05:53:44.413 28472 28692 E unknown:ReactNative: guardedLoadModule@1:166757
05-16 05:53:44.413 28472 28692 E unknown:ReactNative: metroRequire@1:166385
05-16 05:53:44.413 28472 28692 E unknown:ReactNative: anonymous@1:3152599
05-16 05:53:44.413 28472 28692 E unknown:ReactNative: loadModuleImplementation@1:167208
05-16 05:53:44.413 28472 28692 E unknown:ReactNative: guardedLoadModule@1:166757
05-16 05:53:44.413 28472 28692 E unknown:ReactNative: metroRequire@1:166385
05-16 05:53:44.413 28472 28692 E unknown:ReactNative: anonymous@1:1758929
05-16 05:53:44.413 28472 28692 E unknown:ReactNative: loadModuleImplementation@1:167208
05-16 05:53:44.413 28472 28692 E unknown:ReactNative: guardedLoadModule@1:166757
05-16 05:53:44.413 28472 28692 E unknown:ReactNative: metroRequire@1:166385
05-16 05:53:44.413 28472 28692 E unknown:ReactNative: anonymous@1:702335
05-16 05:53:44.413 28472 28692 E unknown:ReactNative: loadModuleImplementation@1:167208
05-16 05:53:44.413 28472 28692 E unknown:ReactNative: guardedLoadModule@1:166757
05-16 05:53:44.413 28472 28692 E unknown:ReactNative: metroRequire@1:166385
05-16 05:53:44.413 28472 28692 E unknown:ReactNative: anonymous@1:173543
05-16 05:53:44.413 28472 28692 E unknown:ReactNative: loadModuleImplementation@1:167208
05-16 05:53:44.413 28472 28692 E unknown:ReactNative: guardedLoadModule@1:166714
05-16 05:53:44.413 28472 28692 E unknown:ReactNative: metroRequire@1:166385
05-16 05:53:44.413 28472 28692 E unknown:ReactNative: global@1:165969
05-16 05:53:44.416 28472 28692 E unknown:ReactNative: console.error: ViewPropTypes will be removed from React Native, along with all other PropTypes. We recommend that you migrate away from PropTypes and switch to a type system like TypeScript. If you need to continue using ViewPropTypes, migrate to the 'deprecated-react-native-prop-types' package., js engine: hermes, stack:
05-16 05:53:44.416 28472 28692 E unknown:ReactNative: _construct@1:270435
05-16 05:53:44.416 28472 28692 E unknown:ReactNative: Wrapper@1:270084
05-16 05:53:44.416 28472 28692 E unknown:ReactNative: _callSuper@1:267255
05-16 05:53:44.416 28472 28692 E unknown:ReactNative: SyntheticError@1:268630
05-16 05:53:44.416 28472 28692 E unknown:ReactNative: reactConsoleErrorHandler@1:268254
05-16 05:53:44.416 28472 28692 E unknown:ReactNative: get ViewPropTypes@1:177554
05-16 05:53:44.416 28472 28692 E unknown:ReactNative: anonymous@1:3176257
05-16 05:53:44.416 28472 28692 E unknown:ReactNative: loadModuleImplementation@1:167208
05-16 05:53:44.416 28472 28692 E unknown:ReactNative: guardedLoadModule@1:166757
05-16 05:53:44.416 28472 28692 E unknown:ReactNative: metroRequire@1:166385
05-16 05:53:44.416 28472 28692 E unknown:ReactNative: anonymous@1:3152685
05-16 05:53:44.416 28472 28692 E unknown:ReactNative: loadModuleImplementation@1:167208
05-16 05:53:44.416 28472 28692 E unknown:ReactNative: guardedLoadModule@1:166757
05-16 05:53:44.416 28472 28692 E unknown:ReactNative: metroRequire@1:166385
05-16 05:53:44.416 28472 28692 E unknown:ReactNative: anonymous@1:1758929
05-16 05:53:44.416 28472 28692 E unknown:ReactNative: loadModuleImplementation@1:167208
05-16 05:53:44.416 28472 28692 E unknown:ReactNative: guardedLoadModule@1:166757
05-16 05:53:44.416 28472 28692 E unknown:ReactNative: metroRequire@1:166385
05-16 05:53:44.416 28472 28692 E unknown:ReactNative: anonymous@1:702335
05-16 05:53:44.416 28472 28692 E unknown:ReactNative: loadModuleImplementation@1:167208
05-16 05:53:44.416 28472 28692 E unknown:ReactNative: guardedLoadModule@1:166757
05-16 05:53:44.416 28472 28692 E unknown:ReactNative: metroRequire@1:166385
05-16 05:53:44.416 28472 28692 E unknown:ReactNative: anonymous@1:173543
05-16 05:53:44.416 28472 28692 E unknown:ReactNative: loadModuleImplementation@1:167208
05-16 05:53:44.416 28472 28692 E unknown:ReactNative: guardedLoadModule@1:166714
05-16 05:53:44.416 28472 28692 E unknown:ReactNative: metroRequire@1:166385
05-16 05:53:44.416 28472 28692 E unknown:ReactNative: global@1:165969
05-16 05:53:44.420 28472 28692 E unknown:ReactNative: console.error: ViewPropTypes will be removed from React Native, along with all other PropTypes. We recommend that you migrate away from PropTypes and switch to a type system like TypeScript. If you need to continue using ViewPropTypes, migrate to the 'deprecated-react-native-prop-types' package., js engine: hermes, stack:
05-16 05:53:44.420 28472 28692 E unknown:ReactNative: _construct@1:270435
05-16 05:53:44.420 28472 28692 E unknown:ReactNative: Wrapper@1:270084
05-16 05:53:44.420 28472 28692 E unknown:ReactNative: _callSuper@1:267255
05-16 05:53:44.420 28472 28692 E unknown:ReactNative: SyntheticError@1:268630
05-16 05:53:44.420 28472 28692 E unknown:ReactNative: reactConsoleErrorHandler@1:268254
05-16 05:53:44.420 28472 28692 E unknown:ReactNative: get ViewPropTypes@1:177554
05-16 05:53:44.420 28472 28692 E unknown:ReactNative: anonymous@1:3176323
05-16 05:53:44.420 28472 28692 E unknown:ReactNative: loadModuleImplementation@1:167208
05-16 05:53:44.420 28472 28692 E unknown:ReactNative: guardedLoadModule@1:166757
05-16 05:53:44.420 28472 28692 E unknown:ReactNative: metroRequire@1:166385
05-16 05:53:44.420 28472 28692 E unknown:ReactNative: anonymous@1:3152685
05-16 05:53:44.420 28472 28692 E unknown:ReactNative: loadModuleImplementation@1:167208
05-16 05:53:44.420 28472 28692 E unknown:ReactNative: guardedLoadModule@1:166757
05-16 05:53:44.420 28472 28692 E unknown:ReactNative: metroRequire@1:166385
05-16 05:53:44.420 28472 28692 E unknown:ReactNative: anonymous@1:1758929
05-16 05:53:44.420 28472 28692 E unknown:ReactNative: loadModuleImplementation@1:167208
05-16 05:53:44.420 28472 28692 E unknown:ReactNative: guardedLoadModule@1:166757
05-16 05:53:44.420 28472 28692 E unknown:ReactNative: metroRequire@1:166385
05-16 05:53:44.420 28472 28692 E unknown:ReactNative: anonymous@1:702335
05-16 05:53:44.420 28472 28692 E unknown:ReactNative: loadModuleImplementation@1:167208
05-16 05:53:44.420 28472 28692 E unknown:ReactNative: guardedLoadModule@1:166757
05-16 05:53:44.420 28472 28692 E unknown:ReactNative: metroRequire@1:166385
05-16 05:53:44.420 28472 28692 E unknown:ReactNative: anonymous@1:173543
05-16 05:53:44.420 28472 28692 E unknown:ReactNative: loadModuleImplementation@1:167208
05-16 05:53:44.420 28472 28692 E unknown:ReactNative: guardedLoadModule@1:166714
05-16 05:53:44.420 28472 28692 E unknown:ReactNative: metroRequire@1:166385
05-16 05:53:44.420 28472 28692 E unknown:ReactNative: global@1:165969
05-16 05:53:44.428 28472 28691 I ReactNativeJS: Running "sap_sailing_insight
05-16 05:53:44.450 28472 28691 D nativeloader: Load /data/app/~~VaZvND58-hCcaiBhMM061Q==/org.sailyachtresearch.sailinsight-GjwBXmEzGiYGLd3SD9vFHg==/lib/arm64/librnscreens.so using ns clns-5 from class loader (caller=/data/app/~~VaZvND58-hCcaiBhMM061Q==/org.sailyachtresearch.sailinsight-GjwBXmEzGiYGLd3SD9vFHg==/base.apk!classes2.dex): ok
05-16 05:53:44.471 28472 28472 I BLASTBufferQueue_Java: update, w= 1080 h= 2340 mName = ViewRootImpl@2f49c97[MainActivity] mNativeObject= 0xb4000076b775c200 sc.mNativeObject= 0xb4000076b7775080 format= -1 caller= android.view.ViewRootImpl.updateBlastSurfaceIfNeeded:3074 android.view.ViewRootImpl.relayoutWindow:10224 android.view.ViewRootImpl.performTraversals:4167 android.view.ViewRootImpl.doTraversal:3345 android.view.ViewRootImpl$TraversalRunnable.run:11437 android.view.Choreographer$CallbackRecord.run:1690 
05-16 05:53:44.471 28472 28472 I ViewRootImpl@2f49c97[MainActivity]: Relayout returned: old=(0,0,1080,2340) new=(0,0,1080,2340) relayoutAsync=true req=(1080,2340)0 dur=0 res=0x0 s={true 0xb4000076afa3d800} ch=false seqId=0
05-16 05:53:44.472 28472 28472 I ViewRootImpl@2f49c97[MainActivity]: registerCallbackForPendingTransactions
05-16 05:53:44.472 28472 28664 I ViewRootImpl@2f49c97[MainActivity]: mWNT: t=0xb400007680613800 mBlastBufferQueue=0xb4000076b775c200 fn= 2 mRenderHdrSdrRatio=1.0 caller= android.view.ViewRootImpl$6.onFrameDraw:5705 android.view.ViewRootImpl$2.onFrameDraw:2190 android.view.ThreadedRenderer$1.onFrameDraw:792 
05-16 05:53:44.497 28472 28692 W unknown:ViewManagerPropertyUpdater: Could not find generated setter for class com.swmansion.rnscreens.ScreensShadowNode
05-16 05:53:44.504 28472 28691 V SoLoader: libreactnativeblob.so not found on /data/data/org.sailyachtresearch.sailinsight/lib-main
05-16 05:53:44.504 28472 28691 D SoLoader: libreactnativeblob.so found on /data/app/~~VaZvND58-hCcaiBhMM061Q==/org.sailyachtresearch.sailinsight-GjwBXmEzGiYGLd3SD9vFHg==/lib/arm64
05-16 05:53:44.504 28472 28691 D SoLoader: Not resolving dependencies for libreactnativeblob.so
05-16 05:53:44.505 28472 28691 D nativeloader: Load /data/app/~~VaZvND58-hCcaiBhMM061Q==/org.sailyachtresearch.sailinsight-GjwBXmEzGiYGLd3SD9vFHg==/lib/arm64/libreactnativeblob.so using ns clns-5 from class loader (caller=/data/app/~~VaZvND58-hCcaiBhMM061Q==/org.sailyachtresearch.sailinsight-GjwBXmEzGiYGLd3SD9vFHg==/base.apk): ok
05-16 05:53:44.512 28472 28692 D RNBranch: notifyNativeToInit
05-16 05:53:44.512 28472 28692 I BranchSDK: notifyNativeToInit deferredSessionBuilder null
05-16 05:53:44.512 28472 28692 I BranchSDK: notifyNativeToInit session is not uninitialized. Session state is INITIALISED
05-16 05:53:44.518 28472 28692 W Settings: Setting airplane_mode_on has moved from android.provider.Settings.System to android.provider.Settings.Global, returning read-only value.
05-16 05:53:44.521 28472 28692 W Settings: Setting airplane_mode_on has moved from android.provider.Settings.System to android.provider.Settings.Global, returning read-only value.
05-16 05:53:44.530 28472 28472 D CompatibilityChangeReporter: Compat change id reported: 210923482; UID 10473; state: ENABLED
05-16 05:53:44.545 28472 28736 I WebViewFactory: Loading com.google.android.webview version 136.0.7103.60 (code 710306033)
05-16 05:53:44.551 28472 28736 W ziparchive: Unable to open '/data/app/~~i52JCfap88aPunWtNFyTew==/com.google.android.trichromelibrary_710306033-57WE1_zGtUSSc0mRN0rEaA==/base.dm': No such file or directory
05-16 05:53:44.551 28472 28736 W ziparchive: Unable to open '/data/app/~~i52JCfap88aPunWtNFyTew==/com.google.android.trichromelibrary_710306033-57WE1_zGtUSSc0mRN0rEaA==/base.dm': No such file or directory
05-16 05:53:44.551 28472 28736 W rch.sailinsight: Entry not found
05-16 05:53:44.551 28472 28736 D nativeloader: Configuring clns-7 for other apk /data/app/~~i52JCfap88aPunWtNFyTew==/com.google.android.trichromelibrary_710306033-57WE1_zGtUSSc0mRN0rEaA==/base.apk. target_sdk_version=35, uses_libraries=ALL, library_path=/data/app/~~2Em2kKPh07B3zFpwCLJHxA==/com.google.android.webview-E3sqk2YvvfveBD9J6aGwiA==/lib/arm64:/data/app/~~2Em2kKPh07B3zFpwCLJHxA==/com.google.android.webview-E3sqk2YvvfveBD9J6aGwiA==/base.apk!/lib/arm64-v8a:/data/app/~~i52JCfap88aPunWtNFyTew==/com.google.android.trichromelibrary_710306033-57WE1_zGtUSSc0mRN0rEaA==/base.apk!/lib/arm64-v8a, permitted_path=/data:/mnt/expand
05-16 05:53:44.551 28472 28736 D nativeloader: Extending system_exposed_libraries: libhumantracking.arcsoft.so:libPortraitDistortionCorrection.arcsoft.so:libPortraitDistortionCorrectionCali.arcsoft.so:libface_landmark.arcsoft.so:libFacialStickerEngine.arcsoft.so:libfrtracking_engine.arcsoft.so:libFaceRecognition.arcsoft.so:libveengine.arcsoft.so:lib_pet_detection.arcsoft.so:libae_bracket_hdr.arcsoft.so:libaiclearzoom_raw.arcsoft.so:libacz_hhdr.arcsoft.so:libhybrid_high_dynamic_range.arcsoft.so:libimage_enhancement.arcsoft.so:liblow_light_hdr.arcsoft.so:libhigh_dynamic_range.arcsoft.so:libsuperresolution_raw.arcsoft.so:libobjectcapture_jni.arcsoft.so:libFacialAttributeDetection.arcsoft.so:libobjectcapture.arcsoft.so:libaudiomirroring_jni.audiomirroring.samsung.so:libBeauty_v4.camera.samsung.so:libexifa.camera.samsung.so:libjpega.camera.samsung.so:libOpenCv.camera.samsung.so:libaifrcInterface.camera.samsung.so:libVideoClassifier.camera.samsung.so:libImageScreener.camera.samsung.so:libMyFilter.camera.samsung.so:libtflite2.myfilters.camera.samsung.so:libHIDT
05-16 05:53:44.553 28472 28472 I ReactNative: [GESTURE HANDLER] Initialize gesture handler for root view com.facebook.react.ReactRootView{f697a1c V.E...... .......D 0,0-1080,2115 #b}
05-16 05:53:44.554 28472 28736 D nativeloader: Configuring clns-8 for other apk /data/app/~~2Em2kKPh07B3zFpwCLJHxA==/com.google.android.webview-E3sqk2YvvfveBD9J6aGwiA==/base.apk. target_sdk_version=35, uses_libraries=, library_path=/data/app/~~2Em2kKPh07B3zFpwCLJHxA==/com.google.android.webview-E3sqk2YvvfveBD9J6aGwiA==/lib/arm64:/data/app/~~2Em2kKPh07B3zFpwCLJHxA==/com.google.android.webview-E3sqk2YvvfveBD9J6aGwiA==/base.apk!/lib/arm64-v8a:/data/app/~~i52JCfap88aPunWtNFyTew==/com.google.android.trichromelibrary_710306033-57WE1_zGtUSSc0mRN0rEaA==/base.apk!/lib/arm64-v8a, permitted_path=/data:/mnt/expand
05-16 05:53:44.568 28472 28736 I cr_WVCFactoryProvider: version=136.0.7103.60 (710306033) minSdkVersion=29 isBundle=false multiprocess=true packageId=2
05-16 05:53:44.568 28472 28747 V SoLoader: libimagepipeline.so not found on /data/data/org.sailyachtresearch.sailinsight/lib-main
05-16 05:53:44.568 28472 28747 D SoLoader: libimagepipeline.so found on /data/app/~~VaZvND58-hCcaiBhMM061Q==/org.sailyachtresearch.sailinsight-GjwBXmEzGiYGLd3SD9vFHg==/lib/arm64
05-16 05:53:44.568 28472 28747 D SoLoader: Not resolving dependencies for libimagepipeline.so
05-16 05:53:44.569 28472 28747 D nativeloader: Load /data/app/~~VaZvND58-hCcaiBhMM061Q==/org.sailyachtresearch.sailinsight-GjwBXmEzGiYGLd3SD9vFHg==/lib/arm64/libimagepipeline.so using ns clns-5 from class loader (caller=/data/app/~~VaZvND58-hCcaiBhMM061Q==/org.sailyachtresearch.sailinsight-GjwBXmEzGiYGLd3SD9vFHg==/base.apk): ok
05-16 05:53:44.572 28472 28736 D nativeloader: Load /data/app/~~i52JCfap88aPunWtNFyTew==/com.google.android.trichromelibrary_710306033-57WE1_zGtUSSc0mRN0rEaA==/base.apk!/lib/arm64-v8a/libmonochrome_64.so using ns clns-8 from class loader (caller=/data/app/~~2Em2kKPh07B3zFpwCLJHxA==/com.google.android.webview-E3sqk2YvvfveBD9J6aGwiA==/base.apk): ok
05-16 05:53:44.575 28472 28736 D nativeloader: Load /system/lib64/libwebviewchromium_plat_support.so using ns clns-8 from class loader (caller=/data/app/~~2Em2kKPh07B3zFpwCLJHxA==/com.google.android.webview-E3sqk2YvvfveBD9J6aGwiA==/base.apk): ok
05-16 05:53:44.580 28472 28736 I cr_LibraryLoader: Successfully loaded native library
05-16 05:53:44.581 28472 28736 I cr_CachingUmaRecorder: Flushed 7 samples from 7 histograms, 0 samples were dropped.
05-16 05:53:44.587 28472 28756 I chromium: [INFO:android_webview/browser/variations/variations_seed_loader.cc:67] Failed to open file for reading.: No such file or directory (2)
05-16 05:53:44.587 28472 28756 I chromium: [INFO:android_webview/browser/variations/variations_seed_loader.cc:67] Failed to open file for reading.: No such file or directory (2)
05-16 05:53:45.242 28472 28646 I BranchSDK: Google Store Referrer fetch lock released by timer
05-16 05:53:45.606 28472 28472 I ViewRootImpl@2f49c97[MainActivity]: ViewPostIme pointer 0
05-16 05:53:45.648 28472 28472 I ViewRootImpl@2f49c97[MainActivity]: ViewPostIme pointer 1
05-16 05:53:45.696 28472 28692 I InputMethodManager: invalidateInput
05-16 05:53:45.700 28472 28692 I InputMethodManager: invalidateInput
05-16 05:53:45.701 28472 28472 I InputMethodManager: invalidateInput
05-16 05:53:45.702 28472 28472 I InputMethodManager: invalidateInput
05-16 05:53:45.705 28472 28472 I InputMethodManager: invalidateInput
05-16 05:53:45.706 28472 28472 I InputMethodManager: invalidateInput
05-16 05:53:45.712 28472 28472 I InputMethodManager: invalidateInput
05-16 05:53:45.713 28472 28472 I InputMethodManager: invalidateInput
05-16 05:53:45.713 28472 28472 I InputMethodManager: invalidateInput
05-16 05:53:45.714 28472 28472 I InputMethodManager: invalidateInput
05-16 05:53:45.716 28472 28472 I InputMethodManager: invalidateInput
05-16 05:53:45.729 28472 28692 W unknown:ReactNative: Attempt to set local data for view with unknown tag: -1
05-16 05:53:45.729 28472 28692 W unknown:ReactNative: Attempt to set local data for view with unknown tag: -1
05-16 05:53:45.729 28472 28692 W unknown:ReactNative: Attempt to set local data for view with unknown tag: -1
05-16 05:53:45.729 28472 28692 W unknown:ReactNative: Attempt to set local data for view with unknown tag: -1
05-16 05:53:45.732 28472 28472 D CompatibilityChangeReporter: Compat change id reported: 171228096; UID 10473; state: ENABLED
05-16 05:53:45.733 28472 28472 D ScrollView: initGoToTop
05-16 05:53:45.733 28472 28472 W rch.sailinsight: Accessing hidden field Landroid/widget/ScrollView;->mScroller:Landroid/widget/OverScroller; (unsupported, reflection, allowed)
05-16 05:53:45.756 28472 28472 I InputMethodManager: invalidateInput
05-16 05:53:45.757 28472 28472 I InputMethodManager: invalidateInput
05-16 05:53:45.761 28472 28472 I InputMethodManager: invalidateInput
05-16 05:53:46.560 28472 28472 I ViewRootImpl@2f49c97[MainActivity]: ViewPostIme pointer 0
05-16 05:53:46.626 28472 28472 I ViewRootImpl@2f49c97[MainActivity]: ViewPostIme pointer 1
05-16 05:53:46.661 28472 28472 I InputMethodManager_LC: showSoftInput(View,I)
05-16 05:53:46.667 28472 28472 I ImeTracker: org.sailyachtresearch.sailinsight:13fd1e7a: onRequestShow at ORIGIN_CLIENT_SHOW_SOFT_INPUT reason SHOW_SOFT_INPUT
05-16 05:53:46.668 28472 28472 I InputMethodManager_LC: ssi(): flags=0 view=org.sailyachtresearch.sailinsight reason = SHOW_SOFT_INPUT
05-16 05:53:46.671 28472 28472 D InputMethodManagerUtils: startInputInner - Id : 0
05-16 05:53:46.671 28472 28472 I InputMethodManager: startInputInner - IInputMethodManagerGlobalInvoker.startInputOrWindowGainedFocus
05-16 05:53:46.673 28472 28472 D CompatibilityChangeReporter: Compat change id reported: 163400105; UID 10473; state: ENABLED
05-16 05:53:46.673 28472 28472 D InputMethodManager: showSoftInput() view=com.facebook.react.views.textinput.ReactEditText{b5f9db2 VFED..CL. .F.P..ID 0,75-984,156 #6d aid=1073741824} flags=0 reason=SHOW_SOFT_INPUT
05-16 05:53:46.691 28472 28472 I InputMethodManager: invalidateInput
05-16 05:53:46.729 28472 28494 I ViewRootImpl@2f49c97[MainActivity]: Resizing android.view.ViewRootImpl@f918cc9: frame = [0,0][1080,2340] reportDraw = false forceLayout = false syncSeqId = -1
05-16 05:53:46.729 28472 28472 I InsetsController: onStateChanged: host=org.sailyachtresearch.sailinsight/org.sailyachtresearch.sailinsight.MainActivity, from=android.view.ViewRootImpl$ViewRootHandler.handleMessageImpl:7266, state=InsetsState: {mDisplayFrame=Rect(0, 0 - 1080, 2340), mDisplayCutout=DisplayCutout{insets=Rect(0, 81 - 0, 0) waterfall=Insets{left=0, top=0, right=0, bottom=0} boundingRect={Bounds=[Rect(0, 0 - 0, 0), Rect(512, 0 - 568, 81), Rect(0, 0 - 0, 0), Rect(0, 0 - 0, 0)]} cutoutPathParserInfo={CutoutPathParserInfo{displayWidth=1080 displayHeight=2340 physicalDisplayWidth=1080 physicalDisplayHeight=2340 density={3.0} cutoutSpec={M 0,0 H -9.333333333333333‬ V 27 H 9.333333333333333‬ V 0 H 0 Z @dp} rotation={0} scale={1.0} physicalPixelDisplaySizeRatio={1.0}}}}, mRoundedCorners=RoundedCorners{[RoundedCorner{position=TopLeft, radius=102, center=Point(102, 102)}, RoundedCorner{position=TopRight, radius=102, center=Point(978, 102)}, RoundedCorner{position=BottomRight, radius=102, center=Point(978, 2238)}, RoundedCorner{position=BottomLeft, radius=102, center=Point(102, 2238)}]}  mRoundedCornerFrame=Rect(0, 0 - 1080, 2340), mPrivacyIndicatorBounds=PrivacyIndicatorBounds {static bounds=Rect(948, 0 - 1080, 81) rotation=0}, mDisplayShape=DisplayShape{ spec=-311912193 displayWidth=1080 displayHeight=2340 physicalPixelDisplaySizeRatio=1.0 rotation=0 offsetX=0 offsetY=0 scale=1.0}, mSources= { InsetsSource: {c52a0001 mType=navigationBars mFrame=[0,2196][1080,2340] mVisible=true mFlags=[]}, InsetsSource: {c52a0004 mType=systemGestures mFrame=[0,0][0,0] mVisible=true mFlags=[]}, InsetsSource: {c52a0005 mType=mandatorySystemGestures mFrame=[0,2196][1080,2340] mVisible=true mFlags=[]}, InsetsSource: {c52a0006 mType=tappableElement mFrame=[0,2196][1080,2340] mVisible=true mFlags=[]}, InsetsSource: {c52a0024 mType=systemGestures mFrame=[0,0][0,0] mVisible=true mFlags=[]}, InsetsSource: {3 mType=ime mFrame=[0,1314][1080,2340] mVisible=false mFlags=[]}, InsetsSource: {27 mType=displayCutout mFrame=[0,0][1080,81] mVisible=true mFlags=[]}, InsetsSource: {651f0000 mType=statusBars mFrame=[0,0][1080,81] mVisible=true mFlags=[]}, InsetsSource: {651f0005 mType=mandatorySystemGestures mFrame=[0,0][1080,117] mVisible=true mFlags=[]}, InsetsSource: {651f0006 mType=tappableElement mFrame=[0,0][1080,81] mVisible=true mFlags=[]} }
05-16 05:53:46.730 28472 28472 I ViewRootImpl@2f49c97[MainActivity]: handleResized, msg = 4 frames=ClientWindowFrames{frame=[0,0][1080,2340] display=[0,0][1080,2340] parentFrame=[0,0][0,0]} forceNextWindowRelayout=false displayId=0 dragResizing=false compatScale=1.0 frameChanged=false attachedFrameChanged=false configChanged=false displayChanged=false compatScaleChanged=false
05-16 05:53:46.742 28472 28472 D InsetsController: show(ime(), fromIme=true)
05-16 05:53:46.743 28472 28472 I InsetsController: setRequestedVisibleTypes: visible=true, mask=ime, host=org.sailyachtresearch.sailinsight/org.sailyachtresearch.sailinsight.MainActivity, from=android.view.InsetsController.controlAnimationUnchecked:1476 android.view.InsetsController.applyAnimation:2040 android.view.InsetsController.applyAnimation:2003 android.view.InsetsController.show:1340 android.view.ViewRootImpl$ViewRootHandler.handleMessageImpl:7303 android.view.ViewRootImpl$ViewRootHandler.handleMessage:7236 android.os.Handler.dispatchMessage:106 android.os.Looper.loopOnce:230 android.os.Looper.loop:319 android.app.ActivityThread.main:9063 
05-16 05:53:46.744 28472 28472 I InsetsController: controlAnimationUncheckedInner: Added types=ime, animType=0, host=org.sailyachtresearch.sailinsight/org.sailyachtresearch.sailinsight.MainActivity, from=android.view.InsetsController.controlAnimationUnchecked:1480 android.view.InsetsController.applyAnimation:2040 android.view.InsetsController.applyAnimation:2003 
05-16 05:53:46.748 28472 28494 I ViewRootImpl@2f49c97[MainActivity]: Resizing android.view.ViewRootImpl@f918cc9: frame = [0,0][1080,2340] reportDraw = false forceLayout = false syncSeqId = -1
05-16 05:53:46.758 28472 28472 I InsetsController: onStateChanged: host=org.sailyachtresearch.sailinsight/org.sailyachtresearch.sailinsight.MainActivity, from=android.view.ViewRootImpl$ViewRootHandler.handleMessageImpl:7279, state=InsetsState: {mDisplayFrame=Rect(0, 0 - 1080, 2340), mDisplayCutout=DisplayCutout{insets=Rect(0, 81 - 0, 0) waterfall=Insets{left=0, top=0, right=0, bottom=0} boundingRect={Bounds=[Rect(0, 0 - 0, 0), Rect(512, 0 - 568, 81), Rect(0, 0 - 0, 0), Rect(0, 0 - 0, 0)]} cutoutPathParserInfo={CutoutPathParserInfo{displayWidth=1080 displayHeight=2340 physicalDisplayWidth=1080 physicalDisplayHeight=2340 density={3.0} cutoutSpec={M 0,0 H -9.333333333333333‬ V 27 H 9.333333333333333‬ V 0 H 0 Z @dp} rotation={0} scale={1.0} physicalPixelDisplaySizeRatio={1.0}}}}, mRoundedCorners=RoundedCorners{[RoundedCorner{position=TopLeft, radius=102, center=Point(102, 102)}, RoundedCorner{position=TopRight, radius=102, center=Point(978, 102)}, RoundedCorner{position=BottomRight, radius=102, center=Point(978, 2238)}, RoundedCorner{position=BottomLeft, radius=102, center=Point(102, 2238)}]}  mRoundedCornerFrame=Rect(0, 0 - 1080, 2340), mPrivacyIndicatorBounds=PrivacyIndicatorBounds {static bounds=Rect(948, 0 - 1080, 81) rotation=0}, mDisplayShape=DisplayShape{ spec=-311912193 displayWidth=1080 displayHeight=2340 physicalPixelDisplaySizeRatio=1.0 rotation=0 offsetX=0 offsetY=0 scale=1.0}, mSources= { InsetsSource: {c52a0001 mType=navigationBars mFrame=[0,2196][1080,2340] mVisible=true mFlags=[]}, InsetsSource: {c52a0004 mType=systemGestures mFrame=[0,0][0,0] mVisible=true mFlags=[]}, InsetsSource: {c52a0005 mType=mandatorySystemGestures mFrame=[0,2196][1080,2340] mVisible=true mFlags=[]}, InsetsSource: {c52a0006 mType=tappableElement mFrame=[0,2196][1080,2340] mVisible=true mFlags=[]}, InsetsSource: {c52a0024 mType=systemGestures mFrame=[0,0][0,0] mVisible=true mFlags=[]}, InsetsSource: {3 mType=ime mFrame=[0,1314][1080,2340] mVisible=true mFlags=[]}, InsetsSource: {27 mType=displayCutout mFrame=[0,0][1080,81] mVisible=true mFlags=[]}, InsetsSource: {651f0000 mType=statusBars mFrame=[0,0][1080,81] mVisible=true mFlags=[]}, InsetsSource: {651f0005 mType=mandatorySystemGestures mFrame=[0,0][1080,117] mVisible=true mFlags=[]}, InsetsSource: {651f0006 mType=tappableElement mFrame=[0,0][1080,81] mVisible=true mFlags=[]} }
05-16 05:53:46.759 28472 28472 I ViewRootImpl@2f49c97[MainActivity]: handleResized, msg = 4 frames=ClientWindowFrames{frame=[0,0][1080,2340] display=[0,0][1080,2340] parentFrame=[0,0][0,0]} forceNextWindowRelayout=false displayId=0 dragResizing=false compatScale=1.0 frameChanged=false attachedFrameChanged=false configChanged=false displayChanged=false compatScaleChanged=false
05-16 05:53:46.762 28472 28472 I InsetsController: cancelAnimation: types=ime, animType=0, host=org.sailyachtresearch.sailinsight/org.sailyachtresearch.sailinsight.MainActivity, from=android.view.InsetsController.notifyFinished:1783 android.view.InsetsAnimationThreadControlRunner$1.lambda$notifyFinished$0:85 android.view.InsetsAnimationThreadControlRunner$1.$r8$lambda$RAf1SfIREsj9-wH5FOigMy6eLkM:0 
05-16 05:53:46.763 28472 28472 I ImeTracker: org.sailyachtresearch.sailinsight:13fd1e7a: onShown
05-16 05:53:46.775 28472 28665 I ViewRootImpl@2f49c97[MainActivity]: mWNT: t=0xb400007680739680 mBlastBufferQueue=0xb4000076b775c200 fn= 39 mRenderHdrSdrRatio=1.0 caller= android.view.SyncRtSurfaceTransactionApplier.applyTransaction:96 android.view.SyncRtSurfaceTransactionApplier.lambda$scheduleApply$0:69 android.view.SyncRtSurfaceTransactionApplier.$r8$lambda$SgowXC58rj3PR958kHUfRgLZmvE:0 
05-16 05:53:48.609 28472 28472 I InputMethodManager: invalidateInput
05-16 05:53:52.171 28472 28472 I ViewRootImpl@2f49c97[MainActivity]: ViewPostIme key 0
05-16 05:53:52.186 28472 28472 I ViewRootImpl@2f49c97[MainActivity]: ViewPostIme key 1
05-16 05:53:53.042 28472 28472 I ImeTracker: org.sailyachtresearch.sailinsight:6db242c3: onRequestHide at ORIGIN_CLIENT_HIDE_SOFT_INPUT reason HIDE_SOFT_INPUT
05-16 05:53:53.042 28472 28472 I InputMethodManager_LC: hsifw() - flag : 0
05-16 05:53:53.042 28472 28472 I InputMethodManager_LC: hsifw() - mService.hideSoftInput
