05-16 05:53:53.053 28472 28472 I InsetsController: setRequestedVisibleTypes: visible=false, mask=ime, host=org.sailyachtresearch.sailinsight/org.sailyachtresearch.sailinsight.MainActivity, from=android.view.InsetsController.controlAnimationUnchecked:1476 android.view.InsetsController.applyAnimation:2040 android.view.InsetsController.applyAnimation:2003 android.view.InsetsController.hide:1434 android.view.ViewRootImpl$ViewRootHandler.handleMessageImpl:7310 android.view.ViewRootImpl$ViewRootHandler.handleMessage:7236 android.os.Handler.dispatchMessage:106 android.os.Looper.loopOnce:230 android.os.Looper.loop:319 android.app.ActivityThread.main:9063 
05-16 05:53:53.053 28472 28472 I InsetsController: controlAnimationUncheckedInner: Added types=ime, animType=1, host=org.sailyachtresearch.sailinsight/org.sailyachtresearch.sailinsight.MainActivity, from=android.view.InsetsController.controlAnimationUnchecked:1480 android.view.InsetsController.applyAnimation:2040 android.view.InsetsController.applyAnimation:2003 
05-16 05:53:53.057 28472 28494 I ViewRootImpl@2f49c97[MainActivity]: Resizing android.view.ViewRootImpl@f918cc9: frame = [0,0][1080,2340] reportDraw = false forceLayout = false syncSeqId = -1
05-16 05:53:53.064 28472 28472 I InputMethodManager_LC: showSoftInput(View,I)
05-16 05:53:53.064 28472 28472 I ImeTracker: org.sailyachtresearch.sailinsight:f2341a9b: onRequestShow at ORIGIN_CLIENT_SHOW_SOFT_INPUT reason SHOW_SOFT_INPUT
05-16 05:53:53.064 28472 28472 I InputMethodManager_LC: ssi(): flags=0 view=org.sailyachtresearch.sailinsight reason = SHOW_SOFT_INPUT
05-16 05:53:53.065 28472 28472 D InputMethodManagerUtils: startInputInner - Id : 0
05-16 05:53:53.065 28472 28472 I InputMethodManager: startInputInner - IInputMethodManagerGlobalInvoker.startInputOrWindowGainedFocus
05-16 05:53:53.067 28472 28472 D InputMethodManager: showSoftInput() view=com.facebook.react.views.textinput.ReactEditText{9575eb9 VFED..CL. .F....ID 0,75-984,156 #77 aid=1073741825} flags=0 reason=SHOW_SOFT_INPUT
05-16 05:53:53.073 28472 28472 W WindowOnBackDispatcher: sendCancelIfRunning: isInProgress=falsecallback=ImeCallback=ImeOnBackInvokedCallback@77188656 Callback=android.window.IOnBackInvokedCallback$Stub$Proxy@5a3c19a
05-16 05:53:53.074 28472 28472 I InsetsController: onStateChanged: host=org.sailyachtresearch.sailinsight/org.sailyachtresearch.sailinsight.MainActivity, from=android.view.ViewRootImpl$ViewRootHandler.handleMessageImpl:7279, state=InsetsState: {mDisplayFrame=Rect(0, 0 - 1080, 2340), mDisplayCutout=DisplayCutout{insets=Rect(0, 81 - 0, 0) waterfall=Insets{left=0, top=0, right=0, bottom=0} boundingRect={Bounds=[Rect(0, 0 - 0, 0), Rect(512, 0 - 568, 81), Rect(0, 0 - 0, 0), Rect(0, 0 - 0, 0)]} cutoutPathParserInfo={CutoutPathParserInfo{displayWidth=1080 displayHeight=2340 physicalDisplayWidth=1080 physicalDisplayHeight=2340 density={3.0} cutoutSpec={M 0,0 H -9.333333333333333‬ V 27 H 9.333333333333333‬ V 0 H 0 Z @dp} rotation={0} scale={1.0} physicalPixelDisplaySizeRatio={1.0}}}}, mRoundedCorners=RoundedCorners{[RoundedCorner{position=TopLeft, radius=102, center=Point(102, 102)}, RoundedCorner{position=TopRight, radius=102, center=Point(978, 102)}, RoundedCorner{position=BottomRight, radius=102, center=Point(978, 2238)}, RoundedCorner{position=BottomLeft, radius=102, center=Point(102, 2238)}]}  mRoundedCornerFrame=Rect(0, 0 - 1080, 2340), mPrivacyIndicatorBounds=PrivacyIndicatorBounds {static bounds=Rect(948, 0 - 1080, 81) rotation=0}, mDisplayShape=DisplayShape{ spec=-311912193 displayWidth=1080 displayHeight=2340 physicalPixelDisplaySizeRatio=1.0 rotation=0 offsetX=0 offsetY=0 scale=1.0}, mSources= { InsetsSource: {c52a0001 mType=navigationBars mFrame=[0,2196][1080,2340] mVisible=true mFlags=[]}, InsetsSource: {c52a0004 mType=systemGestures mFrame=[0,0][0,0] mVisible=true mFlags=[]}, InsetsSource: {c52a0005 mType=mandatorySystemGestures mFrame=[0,2196][1080,2340] mVisible=true mFlags=[]}, InsetsSource: {c52a0006 mType=tappableElement mFrame=[0,2196][1080,2340] mVisible=true mFlags=[]}, InsetsSource: {c52a0024 mType=systemGestures mFrame=[0,0][0,0] mVisible=true mFlags=[]}, InsetsSource: {3 mType=ime mFrame=[0,1314][1080,2340] mVisible=false mFlags=[]}, InsetsSource: {27 mType=displayCutout mFrame=[0,0][1080,81] mVisible=true mFlags=[]}, InsetsSource: {651f0000 mType=statusBars mFrame=[0,0][1080,81] mVisible=true mFlags=[]}, InsetsSource: {651f0005 mType=mandatorySystemGestures mFrame=[0,0][1080,117] mVisible=true mFlags=[]}, InsetsSource: {651f0006 mType=tappableElement mFrame=[0,0][1080,81] mVisible=true mFlags=[]} }
05-16 05:53:53.074 28472 28472 I InsetsSourceConsumer: applyRequestedVisibilityToControl: visible=true, type=navigationBars, host=org.sailyachtresearch.sailinsight/org.sailyachtresearch.sailinsight.MainActivity
05-16 05:53:53.074 28472 28472 I ViewRootImpl@2f49c97[MainActivity]: handleResized, msg = 4 frames=ClientWindowFrames{frame=[0,0][1080,2340] display=[0,0][1080,2340] parentFrame=[0,0][0,0]} forceNextWindowRelayout=false displayId=0 dragResizing=false compatScale=1.0 frameChanged=false attachedFrameChanged=false configChanged=false displayChanged=false compatScaleChanged=false
05-16 05:53:53.074 28472 28472 W RemoteInputConnectionImpl: requestCursorAnchorInfo on inactive InputConnection
05-16 05:53:53.076 28472 28472 I InsetsController: cancelAnimation: types=ime, animType=1, host=org.sailyachtresearch.sailinsight/org.sailyachtresearch.sailinsight.MainActivity, from=android.view.InsetsController.notifyFinished:1783 android.view.InsetsAnimationThreadControlRunner$1.lambda$notifyFinished$0:85 android.view.InsetsAnimationThreadControlRunner$1.$r8$lambda$RAf1SfIREsj9-wH5FOigMy6eLkM:0 
05-16 05:53:53.076 28472 28472 I ImeTracker: org.sailyachtresearch.sailinsight:6db242c3: onHidden
05-16 05:53:53.099 28472 28472 D InsetsController: show(ime(), fromIme=true)
05-16 05:53:53.099 28472 28472 I InsetsController: setRequestedVisibleTypes: visible=true, mask=ime, host=org.sailyachtresearch.sailinsight/org.sailyachtresearch.sailinsight.MainActivity, from=android.view.InsetsController.controlAnimationUnchecked:1476 android.view.InsetsController.applyAnimation:2040 android.view.InsetsController.applyAnimation:2003 android.view.InsetsController.show:1340 android.view.ViewRootImpl$ViewRootHandler.handleMessageImpl:7303 android.view.ViewRootImpl$ViewRootHandler.handleMessage:7236 android.os.Handler.dispatchMessage:106 android.os.Looper.loopOnce:230 android.os.Looper.loop:319 android.app.ActivityThread.main:9063 
05-16 05:53:53.100 28472 28472 I InsetsController: controlAnimationUncheckedInner: Added types=ime, animType=0, host=org.sailyachtresearch.sailinsight/org.sailyachtresearch.sailinsight.MainActivity, from=android.view.InsetsController.controlAnimationUnchecked:1480 android.view.InsetsController.applyAnimation:2040 android.view.InsetsController.applyAnimation:2003 
05-16 05:53:53.103 28472 28496 I ViewRootImpl@2f49c97[MainActivity]: Resizing android.view.ViewRootImpl@f918cc9: frame = [0,0][1080,2340] reportDraw = false forceLayout = false syncSeqId = -1
05-16 05:53:53.120 28472 28472 I InsetsController: onStateChanged: host=org.sailyachtresearch.sailinsight/org.sailyachtresearch.sailinsight.MainActivity, from=android.view.ViewRootImpl$ViewRootHandler.handleMessageImpl:7279, state=InsetsState: {mDisplayFrame=Rect(0, 0 - 1080, 2340), mDisplayCutout=DisplayCutout{insets=Rect(0, 81 - 0, 0) waterfall=Insets{left=0, top=0, right=0, bottom=0} boundingRect={Bounds=[Rect(0, 0 - 0, 0), Rect(512, 0 - 568, 81), Rect(0, 0 - 0, 0), Rect(0, 0 - 0, 0)]} cutoutPathParserInfo={CutoutPathParserInfo{displayWidth=1080 displayHeight=2340 physicalDisplayWidth=1080 physicalDisplayHeight=2340 density={3.0} cutoutSpec={M 0,0 H -9.333333333333333‬ V 27 H 9.333333333333333‬ V 0 H 0 Z @dp} rotation={0} scale={1.0} physicalPixelDisplaySizeRatio={1.0}}}}, mRoundedCorners=RoundedCorners{[RoundedCorner{position=TopLeft, radius=102, center=Point(102, 102)}, RoundedCorner{position=TopRight, radius=102, center=Point(978, 102)}, RoundedCorner{position=BottomRight, radius=102, center=Point(978, 2238)}, RoundedCorner{position=BottomLeft, radius=102, center=Point(102, 2238)}]}  mRoundedCornerFrame=Rect(0, 0 - 1080, 2340), mPrivacyIndicatorBounds=PrivacyIndicatorBounds {static bounds=Rect(948, 0 - 1080, 81) rotation=0}, mDisplayShape=DisplayShape{ spec=-311912193 displayWidth=1080 displayHeight=2340 physicalPixelDisplaySizeRatio=1.0 rotation=0 offsetX=0 offsetY=0 scale=1.0}, mSources= { InsetsSource: {c52a0001 mType=navigationBars mFrame=[0,2196][1080,2340] mVisible=true mFlags=[]}, InsetsSource: {c52a0004 mType=systemGestures mFrame=[0,0][0,0] mVisible=true mFlags=[]}, InsetsSource: {c52a0005 mType=mandatorySystemGestures mFrame=[0,2196][1080,2340] mVisible=true mFlags=[]}, InsetsSource: {c52a0006 mType=tappableElement mFrame=[0,2196][1080,2340] mVisible=true mFlags=[]}, InsetsSource: {c52a0024 mType=systemGestures mFrame=[0,0][0,0] mVisible=true mFlags=[]}, InsetsSource: {3 mType=ime mFrame=[0,1314][1080,2340] mVisible=true mFlags=[]}, InsetsSource: {27 mType=displayCutout mFrame=[0,0][1080,81] mVisible=true mFlags=[]}, InsetsSource: {651f0000 mType=statusBars mFrame=[0,0][1080,81] mVisible=true mFlags=[]}, InsetsSource: {651f0005 mType=mandatorySystemGestures mFrame=[0,0][1080,117] mVisible=true mFlags=[]}, InsetsSource: {651f0006 mType=tappableElement mFrame=[0,0][1080,81] mVisible=true mFlags=[]} }
05-16 05:53:53.121 28472 28472 I ViewRootImpl@2f49c97[MainActivity]: handleResized, msg = 4 frames=ClientWindowFrames{frame=[0,0][1080,2340] display=[0,0][1080,2340] parentFrame=[0,0][0,0]} forceNextWindowRelayout=false displayId=0 dragResizing=false compatScale=1.0 frameChanged=false attachedFrameChanged=false configChanged=false displayChanged=false compatScaleChanged=false
05-16 05:53:53.121 28472 28472 I InsetsController: cancelAnimation: types=ime, animType=0, host=org.sailyachtresearch.sailinsight/org.sailyachtresearch.sailinsight.MainActivity, from=android.view.InsetsController.notifyFinished:1783 android.view.InsetsAnimationThreadControlRunner$1.lambda$notifyFinished$0:85 android.view.InsetsAnimationThreadControlRunner$1.$r8$lambda$RAf1SfIREsj9-wH5FOigMy6eLkM:0 
05-16 05:53:53.122 28472 28472 I ImeTracker: org.sailyachtresearch.sailinsight:f2341a9b: onShown
05-16 05:53:53.132 28472 28664 I ViewRootImpl@2f49c97[MainActivity]: mWNT: t=0xb4000074fff72600 mBlastBufferQueue=0xb4000076b775c200 fn= 75 mRenderHdrSdrRatio=1.0 caller= android.view.SyncRtSurfaceTransactionApplier.applyTransaction:96 android.view.SyncRtSurfaceTransactionApplier.lambda$scheduleApply$0:69 android.view.SyncRtSurfaceTransactionApplier.$r8$lambda$SgowXC58rj3PR958kHUfRgLZmvE:0 
05-16 05:53:53.184 28472 28490 D InputTransport: Input channel destroyed: 'ClientS', fd=204
05-16 05:53:53.184 28472 28490 D InputTransport: Input channel destroyed: 'ClientS', fd=184
05-16 05:53:53.190 28472 28491 W rch.sailinsight: ApkAssets: Deleting an ApkAssets object '<empty> and /data/app/~~2Em2kKPh07B3zFpwCLJHxA==/com.google.android.webview-E3sqk2YvvfveBD9J6aGwiA==/base.apk' with 1 weak references
05-16 05:53:53.190 28472 28491 W rch.sailinsight: ApkAssets: Deleting an ApkAssets object '<empty> and /data/app/~~i52JCfap88aPunWtNFyTew==/com.google.android.trichromelibrary_710306033-57WE1_zGtUSSc0mRN0rEaA==/base.apk' with 1 weak references
05-16 05:53:59.093 28472 28625 D OpenGLRenderer: CacheManager::trimMemory(10)
05-16 05:53:59.101 28472 28691 I ReactNativeJNI: Memory warning (pressure level: TRIM_MEMORY_RUNNING_LOW) received by JS VM, ignoring because it's non-severe
05-16 05:54:00.529 28472 28472 I ViewRootImpl@2f49c97[MainActivity]: ViewPostIme pointer 0
05-16 05:54:00.594 28472 28472 I ViewRootImpl@2f49c97[MainActivity]: ViewPostIme pointer 1
05-16 05:54:00.624 28472 28472 I InputMethodManager: invalidateInput
05-16 05:54:00.625 28472 28472 D InputMethodManagerUtils: startInputInner - Id : 0
05-16 05:54:00.625 28472 28472 I InputMethodManager: startInputInner - IInputMethodManagerGlobalInvoker.startInputOrWindowGainedFocus
05-16 05:54:00.631 28472 28472 D InputMethodManagerUtils: startInputInner - Id : 0
05-16 05:54:00.631 28472 28472 I InputMethodManager: startInputInner - IInputMethodManagerGlobalInvoker.startInputOrWindowGainedFocus
05-16 05:54:00.642 28472 28472 W RemoteInputConnectionImpl: getExtractedText on inactive InputConnection
05-16 05:54:00.658 28472 28472 W RemoteInputConnectionImpl: requestCursorAnchorInfo on inactive InputConnection
05-16 05:54:00.673 28472 28472 D InsetsController: show(ime(), fromIme=true)
05-16 05:54:00.673 28472 28472 I ImeTracker: org.sailyachtresearch.sailinsight:4b6f3de: onCancelled at PHASE_CLIENT_APPLY_ANIMATION
05-16 05:54:00.686 28472 28472 D InsetsController: show(ime(), fromIme=true)
05-16 05:54:00.686 28472 28472 I ImeTracker: org.sailyachtresearch.sailinsight:12ac3ed0: onCancelled at PHASE_CLIENT_APPLY_ANIMATION
05-16 05:54:01.740 28472 28472 I ViewRootImpl@2f49c97[MainActivity]: The input has been finished in ImeInputStage.
05-16 05:54:01.805 28472 28472 I ViewRootImpl@2f49c97[MainActivity]: The input has been finished in ImeInputStage.
05-16 05:54:01.807 28472 28472 I InsetsController: setRequestedVisibleTypes: visible=false, mask=ime, host=org.sailyachtresearch.sailinsight/org.sailyachtresearch.sailinsight.MainActivity, from=android.view.InsetsController.controlAnimationUnchecked:1476 android.view.InsetsController.applyAnimation:2040 android.view.InsetsController.applyAnimation:2003 android.view.InsetsController.hide:1434 android.view.ViewRootImpl$ViewRootHandler.handleMessageImpl:7310 android.view.ViewRootImpl$ViewRootHandler.handleMessage:7236 android.os.Handler.dispatchMessage:106 android.os.Looper.loopOnce:230 android.os.Looper.loop:319 android.app.ActivityThread.main:9063 
05-16 05:54:01.808 28472 28472 I InsetsController: controlAnimationUncheckedInner: Added types=ime, animType=1, host=org.sailyachtresearch.sailinsight/org.sailyachtresearch.sailinsight.MainActivity, from=android.view.InsetsController.controlAnimationUnchecked:1480 android.view.InsetsController.applyAnimation:2040 android.view.InsetsController.applyAnimation:2003 
05-16 05:54:01.815 28472 28496 I ViewRootImpl@2f49c97[MainActivity]: Resizing android.view.ViewRootImpl@f918cc9: frame = [0,0][1080,2340] reportDraw = false forceLayout = false syncSeqId = -1
05-16 05:54:01.815 28472 28472 I InsetsController: onStateChanged: host=org.sailyachtresearch.sailinsight/org.sailyachtresearch.sailinsight.MainActivity, from=android.view.ViewRootImpl$ViewRootHandler.handleMessageImpl:7279, state=InsetsState: {mDisplayFrame=Rect(0, 0 - 1080, 2340), mDisplayCutout=DisplayCutout{insets=Rect(0, 81 - 0, 0) waterfall=Insets{left=0, top=0, right=0, bottom=0} boundingRect={Bounds=[Rect(0, 0 - 0, 0), Rect(512, 0 - 568, 81), Rect(0, 0 - 0, 0), Rect(0, 0 - 0, 0)]} cutoutPathParserInfo={CutoutPathParserInfo{displayWidth=1080 displayHeight=2340 physicalDisplayWidth=1080 physicalDisplayHeight=2340 density={3.0} cutoutSpec={M 0,0 H -9.333333333333333‬ V 27 H 9.333333333333333‬ V 0 H 0 Z @dp} rotation={0} scale={1.0} physicalPixelDisplaySizeRatio={1.0}}}}, mRoundedCorners=RoundedCorners{[RoundedCorner{position=TopLeft, radius=102, center=Point(102, 102)}, RoundedCorner{position=TopRight, radius=102, center=Point(978, 102)}, RoundedCorner{position=BottomRight, radius=102, center=Point(978, 2238)}, RoundedCorner{position=BottomLeft, radius=102, center=Point(102, 2238)}]}  mRoundedCornerFrame=Rect(0, 0 - 1080, 2340), mPrivacyIndicatorBounds=PrivacyIndicatorBounds {static bounds=Rect(948, 0 - 1080, 81) rotation=0}, mDisplayShape=DisplayShape{ spec=-311912193 displayWidth=1080 displayHeight=2340 physicalPixelDisplaySizeRatio=1.0 rotation=0 offsetX=0 offsetY=0 scale=1.0}, mSources= { InsetsSource: {c52a0001 mType=navigationBars mFrame=[0,2196][1080,2340] mVisible=true mFlags=[]}, InsetsSource: {c52a0004 mType=systemGestures mFrame=[0,0][0,0] mVisible=true mFlags=[]}, InsetsSource: {c52a0005 mType=mandatorySystemGestures mFrame=[0,2196][1080,2340] mVisible=true mFlags=[]}, InsetsSource: {c52a0006 mType=tappableElement mFrame=[0,2196][1080,2340] mVisible=true mFlags=[]}, InsetsSource: {c52a0024 mType=systemGestures mFrame=[0,0][0,0] mVisible=true mFlags=[]}, InsetsSource: {3 mType=ime mFrame=[0,1314][1080,2340] mVisible=false mFlags=[]}, InsetsSource: {27 mType=displayCutout mFrame=[0,0][1080,81] mVisible=true mFlags=[]}, InsetsSource: {651f0000 mType=statusBars mFrame=[0,0][1080,81] mVisible=true mFlags=[]}, InsetsSource: {651f0005 mType=mandatorySystemGestures mFrame=[0,0][1080,117] mVisible=true mFlags=[]}, InsetsSource: {651f0006 mType=tappableElement mFrame=[0,0][1080,81] mVisible=true mFlags=[]} }
05-16 05:54:01.816 28472 28472 I InsetsSourceConsumer: applyRequestedVisibilityToControl: visible=true, type=navigationBars, host=org.sailyachtresearch.sailinsight/org.sailyachtresearch.sailinsight.MainActivity
05-16 05:54:01.816 28472 28472 I ViewRootImpl@2f49c97[MainActivity]: handleResized, msg = 4 frames=ClientWindowFrames{frame=[0,0][1080,2340] display=[0,0][1080,2340] parentFrame=[0,0][0,0]} forceNextWindowRelayout=false displayId=0 dragResizing=false compatScale=1.0 frameChanged=false attachedFrameChanged=false configChanged=false displayChanged=false compatScaleChanged=false
05-16 05:54:01.819 28472 28472 W WindowOnBackDispatcher: sendCancelIfRunning: isInProgress=falsecallback=ImeCallback=ImeOnBackInvokedCallback@77188656 Callback=android.window.IOnBackInvokedCallback$Stub$Proxy@888fe35
05-16 05:54:01.828 28472 28472 I InsetsController: cancelAnimation: types=ime, animType=1, host=org.sailyachtresearch.sailinsight/org.sailyachtresearch.sailinsight.MainActivity, from=android.view.InsetsController.notifyFinished:1783 android.view.InsetsAnimationThreadControlRunner$1.lambda$notifyFinished$0:85 android.view.InsetsAnimationThreadControlRunner$1.$r8$lambda$RAf1SfIREsj9-wH5FOigMy6eLkM:0 
05-16 05:54:01.828 28472 28472 I ImeTracker: org.sailyachtresearch.sailinsight:90ae0100: onRequestHide at ORIGIN_CLIENT_HIDE_SOFT_INPUT reason HIDE_SOFT_INPUT_BY_INSETS_API
05-16 05:54:01.829 28472 28472 I InputMethodManager_LC: notifyImeHidden: IInputMethodManagerGlobalInvoker.hideSoftInput
05-16 05:54:01.829 28472 28472 I ImeTracker: org.sailyachtresearch.sailinsight:e4eeadeb: onHidden
05-16 05:54:02.182 28472 28496 I ViewRootImpl@2f49c97[MainActivity]: Resizing android.view.ViewRootImpl@f918cc9: frame = [0,0][1080,2340] reportDraw = false forceLayout = false syncSeqId = -1
05-16 05:54:02.183 28472 28472 I InsetsController: onStateChanged: host=org.sailyachtresearch.sailinsight/org.sailyachtresearch.sailinsight.MainActivity, from=android.view.ViewRootImpl$ViewRootHandler.handleMessageImpl:7266, state=InsetsState: {mDisplayFrame=Rect(0, 0 - 1080, 2340), mDisplayCutout=DisplayCutout{insets=Rect(0, 81 - 0, 0) waterfall=Insets{left=0, top=0, right=0, bottom=0} boundingRect={Bounds=[Rect(0, 0 - 0, 0), Rect(512, 0 - 568, 81), Rect(0, 0 - 0, 0), Rect(0, 0 - 0, 0)]} cutoutPathParserInfo={CutoutPathParserInfo{displayWidth=1080 displayHeight=2340 physicalDisplayWidth=1080 physicalDisplayHeight=2340 density={3.0} cutoutSpec={M 0,0 H -9.333333333333333‬ V 27 H 9.333333333333333‬ V 0 H 0 Z @dp} rotation={0} scale={1.0} physicalPixelDisplaySizeRatio={1.0}}}}, mRoundedCorners=RoundedCorners{[RoundedCorner{position=TopLeft, radius=102, center=Point(102, 102)}, RoundedCorner{position=TopRight, radius=102, center=Point(978, 102)}, RoundedCorner{position=BottomRight, radius=102, center=Point(978, 2238)}, RoundedCorner{position=BottomLeft, radius=102, center=Point(102, 2238)}]}  mRoundedCornerFrame=Rect(0, 0 - 1080, 2340), mPrivacyIndicatorBounds=PrivacyIndicatorBounds {static bounds=Rect(948, 0 - 1080, 81) rotation=0}, mDisplayShape=DisplayShape{ spec=-311912193 displayWidth=1080 displayHeight=2340 physicalPixelDisplaySizeRatio=1.0 rotation=0 offsetX=0 offsetY=0 scale=1.0}, mSources= { InsetsSource: {c52a0001 mType=navigationBars mFrame=[0,2196][1080,2340] mVisible=true mFlags=[]}, InsetsSource: {c52a0004 mType=systemGestures mFrame=[0,0][0,0] mVisible=true mFlags=[]}, InsetsSource: {c52a0005 mType=mandatorySystemGestures mFrame=[0,2196][1080,2340] mVisible=true mFlags=[]}, InsetsSource: {c52a0006 mType=tappableElement mFrame=[0,2196][1080,2340] mVisible=true mFlags=[]}, InsetsSource: {c52a0024 mType=systemGestures mFrame=[0,0][0,0] mVisible=true mFlags=[]}, InsetsSource: {3 mType=ime mFrame=[0,0][0,0] mVisible=false mFlags=[]}, InsetsSource: {27 mType=displayCutout mFrame=[0,0][1080,81] mVisible=true mFlags=[]}, InsetsSource: {651f0000 mType=statusBars mFrame=[0,0][1080,81] mVisible=true mFlags=[]}, InsetsSource: {651f0005 mType=mandatorySystemGestures mFrame=[0,0][1080,117] mVisible=true mFlags=[]}, InsetsSource: {651f0006 mType=tappableElement mFrame=[0,0][1080,81] mVisible=true mFlags=[]} }
05-16 05:54:02.183 28472 28472 I ViewRootImpl@2f49c97[MainActivity]: handleResized, msg = 4 frames=ClientWindowFrames{frame=[0,0][1080,2340] display=[0,0][1080,2340] parentFrame=[0,0][0,0]} forceNextWindowRelayout=false displayId=0 dragResizing=false compatScale=1.0 frameChanged=false attachedFrameChanged=false configChanged=false displayChanged=false compatScaleChanged=false
05-16 05:54:02.538 28472 28472 I ViewRootImpl@2f49c97[MainActivity]: ViewPostIme pointer 0
05-16 05:54:02.579 28472 28472 I ViewRootImpl@2f49c97[MainActivity]: ViewPostIme pointer 1
05-16 05:54:03.236 28472 28472 D ScrollView: initGoToTop
05-16 05:54:03.268 28472 28472 I ImeTracker: org.sailyachtresearch.sailinsight:9a423707: onRequestHide at ORIGIN_CLIENT_HIDE_SOFT_INPUT reason HIDE_SOFT_INPUT
05-16 05:54:03.268 28472 28472 I InputMethodManager_LC: hsifw() - flag : 0
05-16 05:54:03.268 28472 28472 I InputMethodManager_LC: hsifw() - mService.hideSoftInput
05-16 05:54:03.305 28472 28472 I ReactNative: [GESTURE HANDLER] Gesture handler is already enabled for a parent view
05-16 05:54:03.599 28472 28472 I ImeTracker: org.sailyachtresearch.sailinsight:b3a90791: onRequestHide at ORIGIN_CLIENT_HIDE_SOFT_INPUT reason HIDE_SOFT_INPUT
05-16 05:54:03.599 28472 28472 I InputMethodManager_LC: closeCurrentInput: IInputMethodManagerGlobalInvoker.hideSoftInput
05-16 05:54:04.064 28472 28489 W rch.sailinsight: Cleared Reference was only reachable from finalizer (only reported once)
05-16 05:54:04.082 28472 28490 D InputTransport: Input channel destroyed: 'ClientS', fd=180
05-16 05:54:04.082 28472 28490 D InputTransport: Input channel destroyed: 'ClientS', fd=229
05-16 05:54:04.232 28472 28692 D RNFBCrashlyticsInit: isCrashlyticsCollectionEnabled via RNFBMeta: true
05-16 05:54:04.232 28472 28692 D RNFBCrashlyticsInit: isCrashlyticsCollectionEnabled after checking crashlytics_debug_enabled: false
05-16 05:54:04.232 28472 28692 D RNFBCrashlyticsInit: isCrashlyticsCollectionEnabled final value: false
05-16 05:54:04.233 28472 28692 D RNFBCrashlyticsInit: isCrashlyticsCollectionEnabled via RNFBMeta: true
05-16 05:54:04.233 28472 28692 D RNFBCrashlyticsInit: isCrashlyticsCollectionEnabled after checking crashlytics_debug_enabled: false
05-16 05:54:04.233 28472 28692 D RNFBCrashlyticsInit: isCrashlyticsCollectionEnabled final value: false
05-16 05:54:04.234 28472 28692 D RNFBCrashlyticsInit: isCrashlyticsCollectionEnabled via RNFBMeta: true
05-16 05:54:04.234 28472 28692 D RNFBCrashlyticsInit: isCrashlyticsCollectionEnabled after checking crashlytics_debug_enabled: false
05-16 05:54:04.234 28472 28692 D RNFBCrashlyticsInit: isCrashlyticsCollectionEnabled final value: false
05-16 05:54:04.234 28472 28692 I Crashlytics: crashlytics collection is not enabled, not crashing.
05-16 05:54:04.238 28472 28692 D RNFBCrashlyticsInit: isCrashlyticsCollectionEnabled via RNFBMeta: true
05-16 05:54:04.238 28472 28692 D RNFBCrashlyticsInit: isCrashlyticsCollectionEnabled after checking crashlytics_debug_enabled: false
05-16 05:54:04.238 28472 28692 D RNFBCrashlyticsInit: isCrashlyticsCollectionEnabled final value: false
05-16 05:54:04.239 28472 28692 D RNFBCrashlyticsInit: isCrashlyticsCollectionEnabled via RNFBMeta: true
05-16 05:54:04.239 28472 28692 D RNFBCrashlyticsInit: isCrashlyticsCollectionEnabled after checking crashlytics_debug_enabled: false
05-16 05:54:04.239 28472 28692 D RNFBCrashlyticsInit: isCrashlyticsCollectionEnabled final value: false
05-16 05:54:04.239 28472 28692 D RNFBCrashlyticsInit: isCrashlyticsCollectionEnabled via RNFBMeta: true
05-16 05:54:04.239 28472 28692 D RNFBCrashlyticsInit: isCrashlyticsCollectionEnabled after checking crashlytics_debug_enabled: false
05-16 05:54:04.239 28472 28692 D RNFBCrashlyticsInit: isCrashlyticsCollectionEnabled final value: false
05-16 05:54:04.239 28472 28692 I Crashlytics: crashlytics collection is not enabled, not crashing.
05-16 05:54:04.294 28472 28692 D RNFBCrashlyticsInit: isCrashlyticsCollectionEnabled via RNFBMeta: true
05-16 05:54:04.294 28472 28692 D RNFBCrashlyticsInit: isCrashlyticsCollectionEnabled after checking crashlytics_debug_enabled: false
05-16 05:54:04.294 28472 28692 D RNFBCrashlyticsInit: isCrashlyticsCollectionEnabled final value: false
05-16 05:54:04.294 28472 28692 D RNFBCrashlyticsInit: isCrashlyticsCollectionEnabled via RNFBMeta: true
05-16 05:54:04.294 28472 28692 D RNFBCrashlyticsInit: isCrashlyticsCollectionEnabled after checking crashlytics_debug_enabled: false
05-16 05:54:04.294 28472 28692 D RNFBCrashlyticsInit: isCrashlyticsCollectionEnabled final value: false
05-16 05:54:04.295 28472 28692 D RNFBCrashlyticsInit: isCrashlyticsCollectionEnabled via RNFBMeta: true
05-16 05:54:04.295 28472 28692 D RNFBCrashlyticsInit: isCrashlyticsCollectionEnabled after checking crashlytics_debug_enabled: false
05-16 05:54:04.295 28472 28692 D RNFBCrashlyticsInit: isCrashlyticsCollectionEnabled final value: false
05-16 05:54:04.295 28472 28692 I Crashlytics: crashlytics collection is not enabled, not crashing.
05-16 05:54:04.417 28472 28472 I ViewRootImpl@2f49c97[MainActivity]: ViewPostIme pointer 0
05-16 05:54:04.466 28472 28472 I ViewRootImpl@2f49c97[MainActivity]: ViewPostIme pointer 1
05-16 05:54:04.533 28472 28472 I ReactNative: [GESTURE HANDLER] Gesture handler is already enabled for a parent view
05-16 05:54:04.576 28472 28692 D RNFBCrashlyticsInit: isCrashlyticsCollectionEnabled via RNFBMeta: true
05-16 05:54:04.576 28472 28692 D RNFBCrashlyticsInit: isCrashlyticsCollectionEnabled after checking crashlytics_debug_enabled: false
05-16 05:54:04.576 28472 28692 D RNFBCrashlyticsInit: isCrashlyticsCollectionEnabled final value: false
05-16 05:54:04.576 28472 28692 D RNFBCrashlyticsInit: isCrashlyticsCollectionEnabled via RNFBMeta: true
05-16 05:54:04.576 28472 28692 D RNFBCrashlyticsInit: isCrashlyticsCollectionEnabled after checking crashlytics_debug_enabled: false
05-16 05:54:04.576 28472 28692 D RNFBCrashlyticsInit: isCrashlyticsCollectionEnabled final value: false
05-16 05:54:04.576 28472 28692 D RNFBCrashlyticsInit: isCrashlyticsCollectionEnabled via RNFBMeta: true
05-16 05:54:04.576 28472 28692 D RNFBCrashlyticsInit: isCrashlyticsCollectionEnabled after checking crashlytics_debug_enabled: false
05-16 05:54:04.576 28472 28692 D RNFBCrashlyticsInit: isCrashlyticsCollectionEnabled final value: false
05-16 05:54:04.577 28472 28692 I Crashlytics: crashlytics collection is not enabled, not crashing.
05-16 05:54:04.591 28472 28692 D RNFBCrashlyticsInit: isCrashlyticsCollectionEnabled via RNFBMeta: true
05-16 05:54:04.591 28472 28692 D RNFBCrashlyticsInit: isCrashlyticsCollectionEnabled after checking crashlytics_debug_enabled: false
05-16 05:54:04.591 28472 28692 D RNFBCrashlyticsInit: isCrashlyticsCollectionEnabled final value: false
05-16 05:54:04.592 28472 28692 D RNFBCrashlyticsInit: isCrashlyticsCollectionEnabled via RNFBMeta: true
05-16 05:54:04.592 28472 28692 D RNFBCrashlyticsInit: isCrashlyticsCollectionEnabled after checking crashlytics_debug_enabled: false
05-16 05:54:04.592 28472 28692 D RNFBCrashlyticsInit: isCrashlyticsCollectionEnabled final value: false
05-16 05:54:04.592 28472 28692 D RNFBCrashlyticsInit: isCrashlyticsCollectionEnabled via RNFBMeta: true
05-16 05:54:04.593 28472 28692 D RNFBCrashlyticsInit: isCrashlyticsCollectionEnabled after checking crashlytics_debug_enabled: false
05-16 05:54:04.593 28472 28692 D RNFBCrashlyticsInit: isCrashlyticsCollectionEnabled final value: false
05-16 05:54:04.593 28472 28692 I Crashlytics: crashlytics collection is not enabled, not crashing.
05-16 05:54:04.632 28472 28692 D RNFBCrashlyticsInit: isCrashlyticsCollectionEnabled via RNFBMeta: true
05-16 05:54:04.632 28472 28692 D RNFBCrashlyticsInit: isCrashlyticsCollectionEnabled after checking crashlytics_debug_enabled: false
05-16 05:54:04.632 28472 28692 D RNFBCrashlyticsInit: isCrashlyticsCollectionEnabled final value: false
05-16 05:54:04.632 28472 28692 D RNFBCrashlyticsInit: isCrashlyticsCollectionEnabled via RNFBMeta: true
05-16 05:54:04.632 28472 28692 D RNFBCrashlyticsInit: isCrashlyticsCollectionEnabled after checking crashlytics_debug_enabled: false
05-16 05:54:04.632 28472 28692 D RNFBCrashlyticsInit: isCrashlyticsCollectionEnabled final value: false
05-16 05:54:04.633 28472 28692 D RNFBCrashlyticsInit: isCrashlyticsCollectionEnabled via RNFBMeta: true
05-16 05:54:04.633 28472 28692 D RNFBCrashlyticsInit: isCrashlyticsCollectionEnabled after checking crashlytics_debug_enabled: false
05-16 05:54:04.633 28472 28692 D RNFBCrashlyticsInit: isCrashlyticsCollectionEnabled final value: false
05-16 05:54:04.633 28472 28692 I Crashlytics: crashlytics collection is not enabled, not crashing.
05-16 05:54:05.073 28472 28692 D RNFBCrashlyticsInit: isCrashlyticsCollectionEnabled via RNFBMeta: true
05-16 05:54:05.073 28472 28692 D RNFBCrashlyticsInit: isCrashlyticsCollectionEnabled after checking crashlytics_debug_enabled: false
05-16 05:54:05.073 28472 28692 D RNFBCrashlyticsInit: isCrashlyticsCollectionEnabled final value: false
05-16 05:54:05.073 28472 28692 D RNFBCrashlyticsInit: isCrashlyticsCollectionEnabled via RNFBMeta: true
05-16 05:54:05.073 28472 28692 D RNFBCrashlyticsInit: isCrashlyticsCollectionEnabled after checking crashlytics_debug_enabled: false
05-16 05:54:05.073 28472 28692 D RNFBCrashlyticsInit: isCrashlyticsCollectionEnabled final value: false
05-16 05:54:05.074 28472 28692 D RNFBCrashlyticsInit: isCrashlyticsCollectionEnabled via RNFBMeta: true
05-16 05:54:05.074 28472 28692 D RNFBCrashlyticsInit: isCrashlyticsCollectionEnabled after checking crashlytics_debug_enabled: false
05-16 05:54:05.074 28472 28692 D RNFBCrashlyticsInit: isCrashlyticsCollectionEnabled final value: false
05-16 05:54:05.074 28472 28692 I Crashlytics: crashlytics collection is not enabled, not crashing.
05-16 05:54:05.084 28472 28692 D RNFBCrashlyticsInit: isCrashlyticsCollectionEnabled via RNFBMeta: true
05-16 05:54:05.084 28472 28692 D RNFBCrashlyticsInit: isCrashlyticsCollectionEnabled after checking crashlytics_debug_enabled: false
05-16 05:54:05.084 28472 28692 D RNFBCrashlyticsInit: isCrashlyticsCollectionEnabled final value: false
05-16 05:54:05.084 28472 28692 D RNFBCrashlyticsInit: isCrashlyticsCollectionEnabled via RNFBMeta: true
05-16 05:54:05.084 28472 28692 D RNFBCrashlyticsInit: isCrashlyticsCollectionEnabled after checking crashlytics_debug_enabled: false
05-16 05:54:05.084 28472 28692 D RNFBCrashlyticsInit: isCrashlyticsCollectionEnabled final value: false
05-16 05:54:05.085 28472 28692 D RNFBCrashlyticsInit: isCrashlyticsCollectionEnabled via RNFBMeta: true
05-16 05:54:05.085 28472 28692 D RNFBCrashlyticsInit: isCrashlyticsCollectionEnabled after checking crashlytics_debug_enabled: false
05-16 05:54:05.085 28472 28692 D RNFBCrashlyticsInit: isCrashlyticsCollectionEnabled final value: false
05-16 05:54:05.085 28472 28692 I Crashlytics: crashlytics collection is not enabled, not crashing.
05-16 05:54:05.090 28472 28692 D RNFBCrashlyticsInit: isCrashlyticsCollectionEnabled via RNFBMeta: true
05-16 05:54:05.090 28472 28692 D RNFBCrashlyticsInit: isCrashlyticsCollectionEnabled after checking crashlytics_debug_enabled: false
05-16 05:54:05.090 28472 28692 D RNFBCrashlyticsInit: isCrashlyticsCollectionEnabled final value: false
05-16 05:54:05.090 28472 28692 D RNFBCrashlyticsInit: isCrashlyticsCollectionEnabled via RNFBMeta: true
05-16 05:54:05.090 28472 28692 D RNFBCrashlyticsInit: isCrashlyticsCollectionEnabled after checking crashlytics_debug_enabled: false
05-16 05:54:05.090 28472 28692 D RNFBCrashlyticsInit: isCrashlyticsCollectionEnabled final value: false
05-16 05:54:05.091 28472 28692 D RNFBCrashlyticsInit: isCrashlyticsCollectionEnabled via RNFBMeta: true
05-16 05:54:05.091 28472 28692 D RNFBCrashlyticsInit: isCrashlyticsCollectionEnabled after checking crashlytics_debug_enabled: false
05-16 05:54:05.091 28472 28692 D RNFBCrashlyticsInit: isCrashlyticsCollectionEnabled final value: false
05-16 05:54:05.091 28472 28692 I Crashlytics: crashlytics collection is not enabled, not crashing.
05-16 05:54:05.243 28472 28692 D RNFBCrashlyticsInit: isCrashlyticsCollectionEnabled via RNFBMeta: true
05-16 05:54:05.243 28472 28692 D RNFBCrashlyticsInit: isCrashlyticsCollectionEnabled after checking crashlytics_debug_enabled: false
05-16 05:54:05.243 28472 28692 D RNFBCrashlyticsInit: isCrashlyticsCollectionEnabled final value: false
05-16 05:54:05.243 28472 28692 D RNFBCrashlyticsInit: isCrashlyticsCollectionEnabled via RNFBMeta: true
05-16 05:54:05.243 28472 28692 D RNFBCrashlyticsInit: isCrashlyticsCollectionEnabled after checking crashlytics_debug_enabled: false
05-16 05:54:05.243 28472 28692 D RNFBCrashlyticsInit: isCrashlyticsCollectionEnabled final value: false
05-16 05:54:05.243 28472 28692 D RNFBCrashlyticsInit: isCrashlyticsCollectionEnabled via RNFBMeta: true
05-16 05:54:05.243 28472 28692 D RNFBCrashlyticsInit: isCrashlyticsCollectionEnabled after checking crashlytics_debug_enabled: false
05-16 05:54:05.243 28472 28692 D RNFBCrashlyticsInit: isCrashlyticsCollectionEnabled final value: false
05-16 05:54:05.243 28472 28692 I Crashlytics: crashlytics collection is not enabled, not crashing.
05-16 05:54:05.475 28472 28692 D RNFBCrashlyticsInit: isCrashlyticsCollectionEnabled via RNFBMeta: true
05-16 05:54:05.475 28472 28692 D RNFBCrashlyticsInit: isCrashlyticsCollectionEnabled after checking crashlytics_debug_enabled: false
05-16 05:54:05.475 28472 28692 D RNFBCrashlyticsInit: isCrashlyticsCollectionEnabled final value: false
05-16 05:54:05.476 28472 28692 D RNFBCrashlyticsInit: isCrashlyticsCollectionEnabled via RNFBMeta: true
05-16 05:54:05.476 28472 28692 D RNFBCrashlyticsInit: isCrashlyticsCollectionEnabled after checking crashlytics_debug_enabled: false
05-16 05:54:05.476 28472 28692 D RNFBCrashlyticsInit: isCrashlyticsCollectionEnabled final value: false
05-16 05:54:05.476 28472 28692 D RNFBCrashlyticsInit: isCrashlyticsCollectionEnabled via RNFBMeta: true
05-16 05:54:05.476 28472 28692 D RNFBCrashlyticsInit: isCrashlyticsCollectionEnabled after checking crashlytics_debug_enabled: false
05-16 05:54:05.476 28472 28692 D RNFBCrashlyticsInit: isCrashlyticsCollectionEnabled final value: false
05-16 05:54:05.476 28472 28692 I Crashlytics: crashlytics collection is not enabled, not crashing.
05-16 05:54:05.482 28472 28692 D RNFBCrashlyticsInit: isCrashlyticsCollectionEnabled via RNFBMeta: true
05-16 05:54:05.482 28472 28692 D RNFBCrashlyticsInit: isCrashlyticsCollectionEnabled after checking crashlytics_debug_enabled: false
05-16 05:54:05.482 28472 28692 D RNFBCrashlyticsInit: isCrashlyticsCollectionEnabled final value: false
05-16 05:54:05.483 28472 28692 D RNFBCrashlyticsInit: isCrashlyticsCollectionEnabled via RNFBMeta: true
05-16 05:54:05.483 28472 28692 D RNFBCrashlyticsInit: isCrashlyticsCollectionEnabled after checking crashlytics_debug_enabled: false
05-16 05:54:05.483 28472 28692 D RNFBCrashlyticsInit: isCrashlyticsCollectionEnabled final value: false
05-16 05:54:05.483 28472 28692 D RNFBCrashlyticsInit: isCrashlyticsCollectionEnabled via RNFBMeta: true
05-16 05:54:05.483 28472 28692 D RNFBCrashlyticsInit: isCrashlyticsCollectionEnabled after checking crashlytics_debug_enabled: false
05-16 05:54:05.483 28472 28692 D RNFBCrashlyticsInit: isCrashlyticsCollectionEnabled final value: false
05-16 05:54:05.483 28472 28692 I Crashlytics: crashlytics collection is not enabled, not crashing.
05-16 05:54:05.589 28472 28472 I ViewRootImpl@2f49c97[MainActivity]: ViewPostIme pointer 0
05-16 05:54:05.622 28472 28472 I ViewRootImpl@2f49c97[MainActivity]: ViewPostIme pointer 1
05-16 05:54:05.673 28472 28472 W unknown:WrappingUtils: Don't know how to round that drawable: com.facebook.drawee.drawable.RoundedColorDrawable@2e2921c
05-16 05:54:05.678 28472 28472 D ScrollView: initGoToTop
05-16 05:54:05.682 28472 28692 D RNFBCrashlyticsInit: isCrashlyticsCollectionEnabled via RNFBMeta: true
05-16 05:54:05.682 28472 28692 D RNFBCrashlyticsInit: isCrashlyticsCollectionEnabled after checking crashlytics_debug_enabled: false
05-16 05:54:05.682 28472 28692 D RNFBCrashlyticsInit: isCrashlyticsCollectionEnabled final value: false
05-16 05:54:05.682 28472 28692 D RNFBCrashlyticsInit: isCrashlyticsCollectionEnabled via RNFBMeta: true
05-16 05:54:05.682 28472 28692 D RNFBCrashlyticsInit: isCrashlyticsCollectionEnabled after checking crashlytics_debug_enabled: false
05-16 05:54:05.682 28472 28692 D RNFBCrashlyticsInit: isCrashlyticsCollectionEnabled final value: false
05-16 05:54:05.682 28472 28692 D RNFBCrashlyticsInit: isCrashlyticsCollectionEnabled via RNFBMeta: true
05-16 05:54:05.682 28472 28692 D RNFBCrashlyticsInit: isCrashlyticsCollectionEnabled after checking crashlytics_debug_enabled: false
05-16 05:54:05.682 28472 28692 D RNFBCrashlyticsInit: isCrashlyticsCollectionEnabled final value: false
05-16 05:54:05.682 28472 28692 I Crashlytics: crashlytics collection is not enabled, not crashing.
05-16 05:54:05.806 28472 28692 D RNFBCrashlyticsInit: isCrashlyticsCollectionEnabled via RNFBMeta: true
05-16 05:54:05.806 28472 28692 D RNFBCrashlyticsInit: isCrashlyticsCollectionEnabled after checking crashlytics_debug_enabled: false
05-16 05:54:05.806 28472 28692 D RNFBCrashlyticsInit: isCrashlyticsCollectionEnabled final value: false
05-16 05:54:05.807 28472 28692 D RNFBCrashlyticsInit: isCrashlyticsCollectionEnabled via RNFBMeta: true
05-16 05:54:05.807 28472 28692 D RNFBCrashlyticsInit: isCrashlyticsCollectionEnabled after checking crashlytics_debug_enabled: false
05-16 05:54:05.807 28472 28692 D RNFBCrashlyticsInit: isCrashlyticsCollectionEnabled final value: false
05-16 05:54:05.808 28472 28692 D RNFBCrashlyticsInit: isCrashlyticsCollectionEnabled via RNFBMeta: true
05-16 05:54:05.808 28472 28692 D RNFBCrashlyticsInit: isCrashlyticsCollectionEnabled after checking crashlytics_debug_enabled: false
05-16 05:54:05.808 28472 28692 D RNFBCrashlyticsInit: isCrashlyticsCollectionEnabled final value: false
05-16 05:54:05.808 28472 28692 I Crashlytics: crashlytics collection is not enabled, not crashing.
05-16 05:54:05.828 28472 28692 D RNFBCrashlyticsInit: isCrashlyticsCollectionEnabled via RNFBMeta: true
05-16 05:54:05.828 28472 28692 D RNFBCrashlyticsInit: isCrashlyticsCollectionEnabled after checking crashlytics_debug_enabled: false
05-16 05:54:05.828 28472 28692 D RNFBCrashlyticsInit: isCrashlyticsCollectionEnabled final value: false
05-16 05:54:05.828 28472 28692 D RNFBCrashlyticsInit: isCrashlyticsCollectionEnabled via RNFBMeta: true
05-16 05:54:05.828 28472 28692 D RNFBCrashlyticsInit: isCrashlyticsCollectionEnabled after checking crashlytics_debug_enabled: false
05-16 05:54:05.829 28472 28692 D RNFBCrashlyticsInit: isCrashlyticsCollectionEnabled final value: false
05-16 05:54:05.829 28472 28692 D RNFBCrashlyticsInit: isCrashlyticsCollectionEnabled via RNFBMeta: true
05-16 05:54:05.829 28472 28692 D RNFBCrashlyticsInit: isCrashlyticsCollectionEnabled after checking crashlytics_debug_enabled: false
05-16 05:54:05.829 28472 28692 D RNFBCrashlyticsInit: isCrashlyticsCollectionEnabled final value: false
05-16 05:54:05.829 28472 28692 I Crashlytics: crashlytics collection is not enabled, not crashing.
05-16 05:54:06.007 28472 28692 D RNFBCrashlyticsInit: isCrashlyticsCollectionEnabled via RNFBMeta: true
05-16 05:54:06.007 28472 28692 D RNFBCrashlyticsInit: isCrashlyticsCollectionEnabled after checking crashlytics_debug_enabled: false
05-16 05:54:06.007 28472 28692 D RNFBCrashlyticsInit: isCrashlyticsCollectionEnabled final value: false
05-16 05:54:06.007 28472 28692 D RNFBCrashlyticsInit: isCrashlyticsCollectionEnabled via RNFBMeta: true
05-16 05:54:06.007 28472 28692 D RNFBCrashlyticsInit: isCrashlyticsCollectionEnabled after checking crashlytics_debug_enabled: false
05-16 05:54:06.007 28472 28692 D RNFBCrashlyticsInit: isCrashlyticsCollectionEnabled final value: false
05-16 05:54:06.008 28472 28692 D RNFBCrashlyticsInit: isCrashlyticsCollectionEnabled via RNFBMeta: true
05-16 05:54:06.008 28472 28692 D RNFBCrashlyticsInit: isCrashlyticsCollectionEnabled after checking crashlytics_debug_enabled: false
05-16 05:54:06.008 28472 28692 D RNFBCrashlyticsInit: isCrashlyticsCollectionEnabled final value: false
05-16 05:54:06.008 28472 28692 I Crashlytics: crashlytics collection is not enabled, not crashing.
05-16 05:54:06.167 28472 28692 D RNFBCrashlyticsInit: isCrashlyticsCollectionEnabled via RNFBMeta: true
05-16 05:54:06.167 28472 28692 D RNFBCrashlyticsInit: isCrashlyticsCollectionEnabled after checking crashlytics_debug_enabled: false
05-16 05:54:06.167 28472 28692 D RNFBCrashlyticsInit: isCrashlyticsCollectionEnabled final value: false
05-16 05:54:06.168 28472 28692 D RNFBCrashlyticsInit: isCrashlyticsCollectionEnabled via RNFBMeta: true
05-16 05:54:06.168 28472 28692 D RNFBCrashlyticsInit: isCrashlyticsCollectionEnabled after checking crashlytics_debug_enabled: false
05-16 05:54:06.168 28472 28692 D RNFBCrashlyticsInit: isCrashlyticsCollectionEnabled final value: false
05-16 05:54:06.168 28472 28692 D RNFBCrashlyticsInit: isCrashlyticsCollectionEnabled via RNFBMeta: true
05-16 05:54:06.168 28472 28692 D RNFBCrashlyticsInit: isCrashlyticsCollectionEnabled after checking crashlytics_debug_enabled: false
05-16 05:54:06.168 28472 28692 D RNFBCrashlyticsInit: isCrashlyticsCollectionEnabled final value: false
05-16 05:54:06.168 28472 28692 I Crashlytics: crashlytics collection is not enabled, not crashing.
05-16 05:54:06.170 28472 28692 D RNFBCrashlyticsInit: isCrashlyticsCollectionEnabled via RNFBMeta: true
05-16 05:54:06.170 28472 28692 D RNFBCrashlyticsInit: isCrashlyticsCollectionEnabled after checking crashlytics_debug_enabled: false
05-16 05:54:06.170 28472 28692 D RNFBCrashlyticsInit: isCrashlyticsCollectionEnabled final value: false
05-16 05:54:06.170 28472 28692 D RNFBCrashlyticsInit: isCrashlyticsCollectionEnabled via RNFBMeta: true
05-16 05:54:06.170 28472 28692 D RNFBCrashlyticsInit: isCrashlyticsCollectionEnabled after checking crashlytics_debug_enabled: false
05-16 05:54:06.170 28472 28692 D RNFBCrashlyticsInit: isCrashlyticsCollectionEnabled final value: false
05-16 05:54:06.171 28472 28692 D RNFBCrashlyticsInit: isCrashlyticsCollectionEnabled via RNFBMeta: true
05-16 05:54:06.171 28472 28692 D RNFBCrashlyticsInit: isCrashlyticsCollectionEnabled after checking crashlytics_debug_enabled: false
05-16 05:54:06.171 28472 28692 D RNFBCrashlyticsInit: isCrashlyticsCollectionEnabled final value: false
05-16 05:54:06.171 28472 28692 I Crashlytics: crashlytics collection is not enabled, not crashing.
05-16 05:54:06.328 28472 28472 I ViewRootImpl@2f49c97[MainActivity]: ViewPostIme pointer 0
05-16 05:54:06.332 28472 28692 D RNFBCrashlyticsInit: isCrashlyticsCollectionEnabled via RNFBMeta: true
05-16 05:54:06.332 28472 28692 D RNFBCrashlyticsInit: isCrashlyticsCollectionEnabled after checking crashlytics_debug_enabled: false
05-16 05:54:06.332 28472 28692 D RNFBCrashlyticsInit: isCrashlyticsCollectionEnabled final value: false
05-16 05:54:06.332 28472 28692 D RNFBCrashlyticsInit: isCrashlyticsCollectionEnabled via RNFBMeta: true
05-16 05:54:06.332 28472 28692 D RNFBCrashlyticsInit: isCrashlyticsCollectionEnabled after checking crashlytics_debug_enabled: false
05-16 05:54:06.332 28472 28692 D RNFBCrashlyticsInit: isCrashlyticsCollectionEnabled final value: false
05-16 05:54:06.333 28472 28692 D RNFBCrashlyticsInit: isCrashlyticsCollectionEnabled via RNFBMeta: true
05-16 05:54:06.333 28472 28692 D RNFBCrashlyticsInit: isCrashlyticsCollectionEnabled after checking crashlytics_debug_enabled: false
05-16 05:54:06.333 28472 28692 D RNFBCrashlyticsInit: isCrashlyticsCollectionEnabled final value: false
05-16 05:54:06.333 28472 28692 I Crashlytics: crashlytics collection is not enabled, not crashing.
05-16 05:54:06.352 28472 28472 I ViewRootImpl@2f49c97[MainActivity]: ViewPostIme pointer 1
05-16 05:54:06.409 28472 28692 I InputMethodManager: invalidateInput
05-16 05:54:06.412 28472 28472 I InputMethodManager: invalidateInput
05-16 05:54:06.412 28472 28472 I InputMethodManager: invalidateInput
05-16 05:54:06.413 28472 28472 I InputMethodManager: invalidateInput
05-16 05:54:06.413 28472 28692 I InputMethodManager: invalidateInput
05-16 05:54:06.413 28472 28472 I InputMethodManager: invalidateInput
05-16 05:54:06.420 28472 28692 I InputMethodManager: invalidateInput
05-16 05:54:06.422 28472 28692 W unknown:ReactNative: Attempt to set local data for view with unknown tag: -1
05-16 05:54:06.422 28472 28692 W unknown:ReactNative: Attempt to set local data for view with unknown tag: -1
05-16 05:54:06.423 28472 28472 I InputMethodManager: invalidateInput
05-16 05:54:06.424 28472 28472 I InputMethodManager: invalidateInput
05-16 05:54:06.424 28472 28472 I InputMethodManager: invalidateInput
05-16 05:54:06.424 28472 28472 I InputMethodManager: invalidateInput
05-16 05:54:06.426 28472 28692 I InputMethodManager: invalidateInput
05-16 05:54:06.430 28472 28692 I InputMethodManager: invalidateInput
05-16 05:54:06.439 28472 28472 I InputMethodManager: invalidateInput
05-16 05:54:06.439 28472 28472 I InputMethodManager: invalidateInput
05-16 05:54:06.440 28472 28472 I InputMethodManager: invalidateInput
05-16 05:54:06.440 28472 28472 I InputMethodManager: invalidateInput
05-16 05:54:06.440 28472 28692 I InputMethodManager: invalidateInput
05-16 05:54:06.455 28472 28692 W unknown:ReactNative: Attempt to set local data for view with unknown tag: -1
05-16 05:54:06.455 28472 28692 W unknown:ReactNative: Attempt to set local data for view with unknown tag: -1
05-16 05:54:06.458 28472 28472 I InputMethodManager: invalidateInput
05-16 05:54:06.458 28472 28472 I InputMethodManager: invalidateInput
05-16 05:54:06.459 28472 28472 I InputMethodManager: invalidateInput
05-16 05:54:06.459 28472 28472 I InputMethodManager: invalidateInput
05-16 05:54:06.463 28472 28692 W unknown:ReactNative: Attempt to set local data for view with unknown tag: -1
05-16 05:54:06.463 28472 28692 W unknown:ReactNative: Attempt to set local data for view with unknown tag: -1
05-16 05:54:06.472 28472 28472 I InputMethodManager: invalidateInput
05-16 05:54:06.473 28472 28472 I InputMethodManager: invalidateInput
05-16 05:54:06.473 28472 28472 I InputMethodManager: invalidateInput
05-16 05:54:06.473 28472 28692 W unknown:ReactNative: Attempt to set local data for view with unknown tag: -1
05-16 05:54:06.473 28472 28692 W unknown:ReactNative: Attempt to set local data for view with unknown tag: -1
05-16 05:54:06.473 28472 28472 I InputMethodManager: invalidateInput
05-16 05:54:06.476 28472 28692 W unknown:ReactNative: Attempt to set local data for view with unknown tag: -1
05-16 05:54:06.477 28472 28692 W unknown:ReactNative: Attempt to set local data for view with unknown tag: -1
05-16 05:54:06.490 28472 28472 I InputMethodManager: invalidateInput
05-16 05:54:06.491 28472 28472 I InputMethodManager: invalidateInput
05-16 05:54:06.491 28472 28472 I InputMethodManager: invalidateInput
05-16 05:54:06.491 28472 28472 I InputMethodManager: invalidateInput
05-16 05:54:06.497 28472 28472 D ScrollView: initGoToTop
05-16 05:54:06.497 28472 28692 W unknown:ReactNative: Attempt to set local data for view with unknown tag: -1
05-16 05:54:06.497 28472 28692 W unknown:ReactNative: Attempt to set local data for view with unknown tag: -1
05-16 05:54:06.530 28472 28472 I InputMethodManager: invalidateInput
05-16 05:54:06.531 28472 28472 I InputMethodManager: invalidateInput
05-16 05:54:06.531 28472 28472 I InputMethodManager: invalidateInput
05-16 05:54:06.532 28472 28472 I InputMethodManager: invalidateInput
05-16 05:54:06.534 28472 28472 I InputMethodManager: invalidateInput
05-16 05:54:06.535 28472 28472 I InputMethodManager: invalidateInput
05-16 05:54:06.549 28472 28472 I InputMethodManager: invalidateInput
05-16 05:54:06.623 28472 28692 I InputMethodManager: invalidateInput
05-16 05:54:06.625 28472 28692 I InputMethodManager: invalidateInput
05-16 05:54:06.629 28472 28692 I InputMethodManager: invalidateInput
05-16 05:54:06.633 28472 28692 I InputMethodManager: invalidateInput
05-16 05:54:06.637 28472 28692 I InputMethodManager: invalidateInput
05-16 05:54:06.643 28472 28692 I InputMethodManager: invalidateInput
05-16 05:54:06.690 28472 28472 D ScrollView: initGoToTop
05-16 05:54:06.720 28472 28472 D ScrollView: initGoToTop
05-16 05:54:06.724 28472 28472 W unknown:WrappingUtils: Don't know how to round that drawable: com.facebook.drawee.drawable.RoundedColorDrawable@4851c5
05-16 05:54:06.734 28472 28472 D ScrollView: initGoToTop
05-16 05:54:06.751 28472 28472 I InputMethodManager: invalidateInput
05-16 05:54:06.752 28472 28472 I InputMethodManager: invalidateInput
05-16 05:54:06.752 28472 28472 I InputMethodManager: invalidateInput
05-16 05:54:06.752 28472 28472 I InputMethodManager: invalidateInput
05-16 05:54:06.753 28472 28692 W unknown:ReactNative: Attempt to set local data for view with unknown tag: -1
05-16 05:54:06.753 28472 28692 W unknown:ReactNative: Attempt to set local data for view with unknown tag: -1
05-16 05:54:06.753 28472 28692 D RNFBCrashlyticsInit: isCrashlyticsCollectionEnabled via RNFBMeta: true
