--------- beginning of main
05-16 05:53:43.113 28472 28472 I rch.sailinsight: Late-enabling -Xcheck:jni
05-16 05:53:43.131 28472 28472 I rch.sailinsight: Using CollectorTypeCMC GC.
05-16 05:53:43.137 28472 28472 D nativeloader: Load libframework-connectivity-tiramisu-jni.so using APEX ns com_android_tethering for caller /apex/com.android.tethering/javalib/framework-connectivity-t.jar: ok
05-16 05:53:43.140 28472 28472 D ActivityThread: setConscryptValidator
05-16 05:53:43.140 28472 28472 D ActivityThread: setConscryptValidator - put
05-16 05:53:43.151 28472 28472 D CompatibilityChangeReporter: Compat change id reported: 171979766; UID 10473; state: ENABLED
05-16 05:53:43.151 28472 28472 D CompatibilityChangeReporter: Compat change id reported: 242716250; UID 10473; state: DISABLED
05-16 05:53:43.161 28472 28472 D nativeloader: Configuring clns-4 for other apk /system/framework/org.apache.http.legacy.jar. target_sdk_version=33, uses_libraries=ALL, library_path=/data/app/~~VaZvND58-hCcaiBhMM061Q==/org.sailyachtresearch.sailinsight-GjwBXmEzGiYGLd3SD9vFHg==/lib/arm64:/data/app/~~VaZvND58-hCcaiBhMM061Q==/org.sailyachtresearch.sailinsight-GjwBXmEzGiYGLd3SD9vFHg==/base.apk!/lib/arm64-v8a, permitted_path=/data:/mnt/expand:/data/user/0/org.sailyachtresearch.sailinsight
05-16 05:53:43.161 28472 28472 D nativeloader: Extending system_exposed_libraries: libhumantracking.arcsoft.so:libPortraitDistortionCorrection.arcsoft.so:libPortraitDistortionCorrectionCali.arcsoft.so:libface_landmark.arcsoft.so:libFacialStickerEngine.arcsoft.so:libfrtracking_engine.arcsoft.so:libFaceRecognition.arcsoft.so:libveengine.arcsoft.so:lib_pet_detection.arcsoft.so:libae_bracket_hdr.arcsoft.so:libaiclearzoom_raw.arcsoft.so:libacz_hhdr.arcsoft.so:libhybrid_high_dynamic_range.arcsoft.so:libimage_enhancement.arcsoft.so:liblow_light_hdr.arcsoft.so:libhigh_dynamic_range.arcsoft.so:libsuperresolution_raw.arcsoft.so:libobjectcapture_jni.arcsoft.so:libFacialAttributeDetection.arcsoft.so:libobjectcapture.arcsoft.so:libaudiomirroring_jni.audiomirroring.samsung.so:libBeauty_v4.camera.samsung.so:libexifa.camera.samsung.so:libjpega.camera.samsung.so:libOpenCv.camera.samsung.so:libaifrcInterface.camera.samsung.so:libVideoClassifier.camera.samsung.so:libImageScreener.camera.samsung.so:libMyFilter.camera.samsung.so:libtflite2.myfilters.camera.samsung.so:libHIDT
05-16 05:53:43.162 28472 28472 W ziparchive: Unable to open '/data/app/~~VaZvND58-hCcaiBhMM061Q==/org.sailyachtresearch.sailinsight-GjwBXmEzGiYGLd3SD9vFHg==/base.dm': No such file or directory
05-16 05:53:43.162 28472 28472 W ziparchive: Unable to open '/data/app/~~VaZvND58-hCcaiBhMM061Q==/org.sailyachtresearch.sailinsight-GjwBXmEzGiYGLd3SD9vFHg==/base.dm': No such file or directory
05-16 05:53:43.331 28472 28472 D nativeloader: Configuring clns-5 for other apk /data/app/~~VaZvND58-hCcaiBhMM061Q==/org.sailyachtresearch.sailinsight-GjwBXmEzGiYGLd3SD9vFHg==/base.apk. target_sdk_version=33, uses_libraries=, library_path=/data/app/~~VaZvND58-hCcaiBhMM061Q==/org.sailyachtresearch.sailinsight-GjwBXmEzGiYGLd3SD9vFHg==/lib/arm64:/data/app/~~VaZvND58-hCcaiBhMM061Q==/org.sailyachtresearch.sailinsight-GjwBXmEzGiYGLd3SD9vFHg==/base.apk!/lib/arm64-v8a, permitted_path=/data:/mnt/expand:/data/user/0/org.sailyachtresearch.sailinsight
05-16 05:53:43.336 28472 28472 D nativeloader: Load libframework-connectivity-jni.so using APEX ns com_android_tethering for caller /apex/com.android.tethering/javalib/framework-connectivity.jar: ok
05-16 05:53:43.338 28472 28472 V GraphicsEnvironment: Currently set values for:
05-16 05:53:43.338 28472 28472 V GraphicsEnvironment:   angle_gl_driver_selection_pkgs=[]
05-16 05:53:43.338 28472 28472 V GraphicsEnvironment:   angle_gl_driver_selection_values=[]
05-16 05:53:43.338 28472 28472 V GraphicsEnvironment: ANGLE GameManagerService for org.sailyachtresearch.sailinsight: false
05-16 05:53:43.339 28472 28472 V GraphicsEnvironment: org.sailyachtresearch.sailinsight is not listed in per-application setting
05-16 05:53:43.339 28472 28472 V GraphicsEnvironment: App is not on the allowlist for updatable production driver.
05-16 05:53:43.364 28472 28472 D CompatibilityChangeReporter: Compat change id reported: 183155436; UID 10473; state: ENABLED
05-16 05:53:43.365 28472 28472 I FirebaseApp: Device unlocked: initializing all Firebase APIs for app [DEFAULT]
05-16 05:53:43.367 28472 28472 I FirebaseCrashlytics: Initializing Firebase Crashlytics 18.2.13 for org.sailyachtresearch.sailinsight
05-16 05:53:43.372 28472 28472 D nativeloader: Load /data/app/~~VaZvND58-hCcaiBhMM061Q==/org.sailyachtresearch.sailinsight-GjwBXmEzGiYGLd3SD9vFHg==/lib/arm64/libcrashlytics.so using ns clns-5 from class loader (caller=/data/app/~~VaZvND58-hCcaiBhMM061Q==/org.sailyachtresearch.sailinsight-GjwBXmEzGiYGLd3SD9vFHg==/base.apk!classes6.dex): ok
05-16 05:53:43.380 28472 28472 D CompatibilityChangeReporter: Compat change id reported: 247079863; UID 10473; state: DISABLED
05-16 05:53:43.388 28472 28564 I DynamiteModule: Considering local module com.google.android.gms.measurement.dynamite:83 and remote module com.google.android.gms.measurement.dynamite:147
05-16 05:53:43.388 28472 28564 I DynamiteModule: Selected remote version of com.google.android.gms.measurement.dynamite, version >= 147
05-16 05:53:43.388 28472 28564 V DynamiteModule: Dynamite loader version >= 2, using loadModule2NoCrashUtils
05-16 05:53:43.392 28472 28472 I FirebaseInitProvider: FirebaseApp initialization successful
05-16 05:53:43.392 28472 28472 D ReactNativeFirebaseApp: received application context.
05-16 05:53:43.395 28472 28565 D libcrashlytics: Initializing libcrashlytics version 3.2.0
05-16 05:53:43.396 28472 28565 D libcrashlytics: Initializing native crash handling successful.
05-16 05:53:43.396 28472 28564 W System  : ClassLoader referenced unknown path: 
05-16 05:53:43.397 28472 28564 D nativeloader: Configuring clns-6 for other apk . target_sdk_version=36, uses_libraries=, library_path=/data/app/~~hXFTrcngshRlNBzCUBk_pg==/com.google.android.gms-uIcWJcFzbDHinHcUdzmzzg==/lib/arm64:/data/app/~~hXFTrcngshRlNBzCUBk_pg==/com.google.android.gms-uIcWJcFzbDHinHcUdzmzzg==/base.apk!/lib/arm64-v8a, permitted_path=/data:/mnt/expand:/data/user/0/com.google.android.gms
05-16 05:53:43.399 28472 28472 D RNFBCrashlyticsInit: isCrashlyticsCollectionEnabled via RNFBMeta: true
05-16 05:53:43.399 28472 28472 D RNFBCrashlyticsInit: isCrashlyticsCollectionEnabled after checking crashlytics_debug_enabled: false
05-16 05:53:43.399 28472 28472 D RNFBCrashlyticsInit: isCrashlyticsCollectionEnabled final value: false
05-16 05:53:43.399 28472 28472 I RNFBCrashlyticsInit: initialization successful
05-16 05:53:43.403 28472 28472 I AGConnectProvider: AGConnectInitializeProvider#onCreate
05-16 05:53:43.404 28472 28472 I AGConnectInstance: AGConnectInstance#initialize
05-16 05:53:43.404 28472 28472 I ServiceRegistrarParser: getServices
05-16 05:53:43.405 28472 28472 I ServiceRegistrarParser: services:0
05-16 05:53:43.407 28472 28472 I AGC_Instance: AGC SDK initialize end, default route:UNKNOWN
05-16 05:53:43.408 28472 28472 D WM-WrkMgrInitializer: Initializing WorkManager with default configuration.
05-16 05:53:43.430 28472 28472 V fb-UnpackingSoSource: locked dso store /data/user/0/org.sailyachtresearch.sailinsight/lib-main
05-16 05:53:43.430 28472 28574 I FA      : App measurement disabled via the manifest
05-16 05:53:43.430 28472 28574 E rch.sailinsight: No package ID 6d found for resource ID 0x6d0b000f.
05-16 05:53:43.431 28472 28574 I FA      : App measurement initialized, version: 125000
05-16 05:53:43.431 28472 28574 I FA      : To enable debug logging run: adb shell setprop log.tag.FA VERBOSE
05-16 05:53:43.431 28472 28574 I FA      : To enable faster debug mode event logging run:
05-16 05:53:43.431 28472 28574 I FA      :   adb shell setprop debug.firebase.analytics.app org.sailyachtresearch.sailinsight
05-16 05:53:43.432 28472 28472 V fb-UnpackingSoSource: deps mismatch on deps store: regenerating
05-16 05:53:43.432 28472 28472 V fb-UnpackingSoSource: so store dirty: regenerating
05-16 05:53:43.472 28472 28577 D CompatibilityChangeReporter: Compat change id reported: 160794467; UID 10473; state: ENABLED
05-16 05:53:43.610 28472 28472 D ApkSoSource: not allowing consideration of lib/arm64-v8a/libTransform.so: deferring to libdir
05-16 05:53:43.610 28472 28472 D ApkSoSource: not allowing consideration of lib/arm64-v8a/libc++_shared.so: deferring to libdir
05-16 05:53:43.610 28472 28472 D ApkSoSource: not allowing consideration of lib/arm64-v8a/libcrashlytics-common.so: deferring to libdir
05-16 05:53:43.610 28472 28472 D ApkSoSource: not allowing consideration of lib/arm64-v8a/libcrashlytics-handler.so: deferring to libdir
05-16 05:53:43.610 28472 28472 D ApkSoSource: not allowing consideration of lib/arm64-v8a/libcrashlytics-trampoline.so: deferring to libdir
05-16 05:53:43.610 28472 28472 D ApkSoSource: not allowing consideration of lib/arm64-v8a/libcrashlytics.so: deferring to libdir
05-16 05:53:43.610 28472 28472 D ApkSoSource: not allowing consideration of lib/arm64-v8a/libcxxcomponents.so: deferring to libdir
05-16 05:53:43.611 28472 28472 D ApkSoSource: not allowing consideration of lib/arm64-v8a/libevent-2.1.so: deferring to libdir
05-16 05:53:43.611 28472 28472 D ApkSoSource: not allowing consideration of lib/arm64-v8a/libevent_core-2.1.so: deferring to libdir
05-16 05:53:43.611 28472 28472 D ApkSoSource: not allowing consideration of lib/arm64-v8a/libevent_extra-2.1.so: deferring to libdir
05-16 05:53:43.611 28472 28472 D ApkSoSource: not allowing consideration of lib/arm64-v8a/libfabricjni.so: deferring to libdir
05-16 05:53:43.611 28472 28472 D ApkSoSource: not allowing consideration of lib/arm64-v8a/libfb.so: deferring to libdir
05-16 05:53:43.611 28472 28472 D ApkSoSource: not allowing consideration of lib/arm64-v8a/libfbjni.so: deferring to libdir
05-16 05:53:43.611 28472 28472 D ApkSoSource: not allowing consideration of lib/arm64-v8a/libflipper.so: deferring to libdir
05-16 05:53:43.611 28472 28472 D ApkSoSource: not allowing consideration of lib/arm64-v8a/libfolly_runtime.so: deferring to libdir
05-16 05:53:43.611 28472 28472 D ApkSoSource: not allowing consideration of lib/arm64-v8a/libglog.so: deferring to libdir
05-16 05:53:43.611 28472 28472 D ApkSoSource: not allowing consideration of lib/arm64-v8a/libglog_init.so: deferring to libdir
05-16 05:53:43.611 28472 28472 D ApkSoSource: not allowing consideration of lib/arm64-v8a/libhermes.so: deferring to libdir
05-16 05:53:43.612 28472 28472 D ApkSoSource: not allowing consideration of lib/arm64-v8a/libhermes_executor.so: deferring to libdir
05-16 05:53:43.612 28472 28472 D ApkSoSource: not allowing consideration of lib/arm64-v8a/libimagepipeline.so: deferring to libdir
05-16 05:53:43.612 28472 28472 D ApkSoSource: not allowing consideration of lib/arm64-v8a/libjsi.so: deferring to libdir
05-16 05:53:43.612 28472 28472 D ApkSoSource: not allowing consideration of lib/arm64-v8a/libjsijniprofiler.so: deferring to libdir
05-16 05:53:43.612 28472 28472 D ApkSoSource: not allowing consideration of lib/arm64-v8a/libjsinspector.so: deferring to libdir
05-16 05:53:43.612 28472 28472 D ApkSoSource: not allowing consideration of lib/arm64-v8a/liblogger.so: deferring to libdir
05-16 05:53:43.612 28472 28472 D ApkSoSource: not allowing consideration of lib/arm64-v8a/libmapbufferjni.so: deferring to libdir
05-16 05:53:43.612 28472 28472 D ApkSoSource: not allowing consideration of lib/arm64-v8a/libnative-filters.so: deferring to libdir
05-16 05:53:43.612 28472 28472 D ApkSoSource: not allowing consideration of lib/arm64-v8a/libnative-imagetranscoder.so: deferring to libdir
05-16 05:53:43.612 28472 28472 D ApkSoSource: not allowing consideration of lib/arm64-v8a/libreact_codegen_rncore.so: deferring to libdir
05-16 05:53:43.613 28472 28472 D ApkSoSource: not allowing consideration of lib/arm64-v8a/libreact_config.so: deferring to libdir
05-16 05:53:43.613 28472 28472 D ApkSoSource: not allowing consideration of lib/arm64-v8a/libreact_debug.so: deferring to libdir
05-16 05:53:43.613 28472 28472 D ApkSoSource: not allowing consideration of lib/arm64-v8a/libreact_nativemodule_core.so: deferring to libdir
05-16 05:53:43.613 28472 28472 D ApkSoSource: not allowing consideration of lib/arm64-v8a/libreact_newarchdefaults.so: deferring to libdir
05-16 05:53:43.613 28472 28472 D ApkSoSource: not allowing consideration of lib/arm64-v8a/libreact_render_animations.so: deferring to libdir
05-16 05:53:43.613 28472 28472 D ApkSoSource: not allowing consideration of lib/arm64-v8a/libreact_render_attributedstring.so: deferring to libdir
05-16 05:53:43.613 28472 28472 D ApkSoSource: not allowing consideration of lib/arm64-v8a/libreact_render_componentregistry.so: deferring to libdir
05-16 05:53:43.613 28472 28472 D ApkSoSource: not allowing consideration of lib/arm64-v8a/libreact_render_core.so: deferring to libdir
05-16 05:53:43.613 28472 28472 D ApkSoSource: not allowing consideration of lib/arm64-v8a/libreact_render_debug.so: deferring to libdir
05-16 05:53:43.613 28472 28472 D ApkSoSource: not allowing consideration of lib/arm64-v8a/libreact_render_graphics.so: deferring to libdir
05-16 05:53:43.613 28472 28472 D ApkSoSource: not allowing consideration of lib/arm64-v8a/libreact_render_imagemanager.so: deferring to libdir
05-16 05:53:43.614 28472 28472 D ApkSoSource: not allowing consideration of lib/arm64-v8a/libreact_render_leakchecker.so: deferring to libdir
05-16 05:53:43.614 28472 28472 D ApkSoSource: not allowing consideration of lib/arm64-v8a/libreact_render_mapbuffer.so: deferring to libdir
05-16 05:53:43.614 28472 28472 D ApkSoSource: not allowing consideration of lib/arm64-v8a/libreact_render_mounting.so: deferring to libdir
05-16 05:53:43.614 28472 28472 D ApkSoSource: not allowing consideration of lib/arm64-v8a/libreact_render_runtimescheduler.so: deferring to libdir
05-16 05:53:43.614 28472 28472 D ApkSoSource: not allowing consideration of lib/arm64-v8a/libreact_render_scheduler.so: deferring to libdir
05-16 05:53:43.614 28472 28472 D ApkSoSource: not allowing consideration of lib/arm64-v8a/libreact_render_telemetry.so: deferring to libdir
05-16 05:53:43.614 28472 28472 D ApkSoSource: not allowing consideration of lib/arm64-v8a/libreact_render_templateprocessor.so: deferring to libdir
05-16 05:53:43.614 28472 28472 D ApkSoSource: not allowing consideration of lib/arm64-v8a/libreact_render_textlayoutmanager.so: deferring to libdir
05-16 05:53:43.614 28472 28472 D ApkSoSource: not allowing consideration of lib/arm64-v8a/libreact_render_uimanager.so: deferring to libdir
05-16 05:53:43.614 28472 28472 D ApkSoSource: not allowing consideration of lib/arm64-v8a/libreact_utils.so: deferring to libdir
05-16 05:53:43.614 28472 28472 D ApkSoSource: not allowing consideration of lib/arm64-v8a/libreactnativeblob.so: deferring to libdir
05-16 05:53:43.615 28472 28472 D ApkSoSource: not allowing consideration of lib/arm64-v8a/libreactnativejni.so: deferring to libdir
05-16 05:53:43.615 28472 28472 D ApkSoSource: not allowing consideration of lib/arm64-v8a/libreactperfloggerjni.so: deferring to libdir
05-16 05:53:43.615 28472 28472 D ApkSoSource: not allowing consideration of lib/arm64-v8a/libreanimated.so: deferring to libdir
05-16 05:53:43.615 28472 28472 D ApkSoSource: not allowing consideration of lib/arm64-v8a/librnscreens.so: deferring to libdir
05-16 05:53:43.615 28472 28472 D ApkSoSource: not allowing consideration of lib/arm64-v8a/librrc_image.so: deferring to libdir
05-16 05:53:43.615 28472 28472 D ApkSoSource: not allowing consideration of lib/arm64-v8a/librrc_root.so: deferring to libdir
05-16 05:53:43.615 28472 28472 D ApkSoSource: not allowing consideration of lib/arm64-v8a/librrc_scrollview.so: deferring to libdir
05-16 05:53:43.615 28472 28472 D ApkSoSource: not allowing consideration of lib/arm64-v8a/librrc_text.so: deferring to libdir
05-16 05:53:43.615 28472 28472 D ApkSoSource: not allowing consideration of lib/arm64-v8a/librrc_textinput.so: deferring to libdir
05-16 05:53:43.615 28472 28472 D ApkSoSource: not allowing consideration of lib/arm64-v8a/librrc_unimplementedview.so: deferring to libdir
05-16 05:53:43.615 28472 28472 D ApkSoSource: not allowing consideration of lib/arm64-v8a/librrc_view.so: deferring to libdir
05-16 05:53:43.615 28472 28472 D ApkSoSource: not allowing consideration of lib/arm64-v8a/libruntimeexecutor.so: deferring to libdir
05-16 05:53:43.616 28472 28472 D ApkSoSource: not allowing consideration of lib/arm64-v8a/libtslocationmanager.so: deferring to libdir
05-16 05:53:43.616 28472 28472 D ApkSoSource: not allowing consideration of lib/arm64-v8a/libturbomodulejsijni.so: deferring to libdir
05-16 05:53:43.616 28472 28472 D ApkSoSource: not allowing consideration of lib/arm64-v8a/libucrop.so: deferring to libdir
05-16 05:53:43.616 28472 28472 D ApkSoSource: not allowing consideration of lib/arm64-v8a/libucs-credential.so: deferring to libdir
05-16 05:53:43.616 28472 28472 D ApkSoSource: not allowing consideration of lib/arm64-v8a/libyoga.so: deferring to libdir
05-16 05:53:43.616 28472 28472 V fb-UnpackingSoSource: regenerating DSO store com.facebook.soloader.ApkSoSource
05-16 05:53:43.616 28472 28472 V fb-UnpackingSoSource: Finished regenerating DSO store com.facebook.soloader.ApkSoSource
05-16 05:53:43.616 28472 28472 V fb-UnpackingSoSource: starting syncer worker
05-16 05:53:43.617 28472 28472 V fb-UnpackingSoSource: releasing dso store lock for /data/user/0/org.sailyachtresearch.sailinsight/lib-main (from syncer thread)
05-16 05:53:43.617 28472 28472 V fb-UnpackingSoSource: not releasing dso store lock for /data/user/0/org.sailyachtresearch.sailinsight/lib-main (syncer thread started)
05-16 05:53:43.625 28472 28472 W unknown:ReactInstanceManagerBuilder: You're not setting the JS Engine Resolution Algorithm. We'll try to load JSC first, and if it fails we'll fallback to Hermes
05-16 05:53:43.625 28472 28472 V SoLoader: libjscexecutor.so not found on /data/data/org.sailyachtresearch.sailinsight/lib-main
05-16 05:53:43.625 28472 28472 V SoLoader: libjscexecutor.so not found on /data/app/~~VaZvND58-hCcaiBhMM061Q==/org.sailyachtresearch.sailinsight-GjwBXmEzGiYGLd3SD9vFHg==/lib/arm64
05-16 05:53:43.625 28472 28472 V SoLoader: libjscexecutor.so not found on /system/lib64
05-16 05:53:43.625 28472 28472 V SoLoader: libjscexecutor.so not found on /vendor/lib64
05-16 05:53:43.626 28472 28472 E SoLoader: couldn't find DSO to load: libjscexecutor.so
05-16 05:53:43.626 28472 28472 E SoLoader: 	SoSource 0: com.facebook.soloader.ApkSoSource[root = /data/data/org.sailyachtresearch.sailinsight/lib-main flags = 1]
05-16 05:53:43.626 28472 28472 E SoLoader: 	SoSource 1: com.facebook.soloader.DirectorySoSource[root = /data/app/~~VaZvND58-hCcaiBhMM061Q==/org.sailyachtresearch.sailinsight-GjwBXmEzGiYGLd3SD9vFHg==/lib/arm64 flags = 0]
05-16 05:53:43.626 28472 28472 E SoLoader: 	SoSource 2: com.facebook.soloader.DirectorySoSource[root = /system/lib64 flags = 2]
05-16 05:53:43.626 28472 28472 E SoLoader: 	SoSource 3: com.facebook.soloader.DirectorySoSource[root = /vendor/lib64 flags = 2]
05-16 05:53:43.626 28472 28472 E SoLoader: 	Native lib dir: /data/app/~~VaZvND58-hCcaiBhMM061Q==/org.sailyachtresearch.sailinsight-GjwBXmEzGiYGLd3SD9vFHg==/lib/arm64
05-16 05:53:43.626 28472 28472 E SoLoader:  result: 0
05-16 05:53:43.626 28472 28472 V SoLoader: libhermes.so not found on /data/data/org.sailyachtresearch.sailinsight/lib-main
05-16 05:53:43.626 28472 28472 D SoLoader: libhermes.so found on /data/app/~~VaZvND58-hCcaiBhMM061Q==/org.sailyachtresearch.sailinsight-GjwBXmEzGiYGLd3SD9vFHg==/lib/arm64
05-16 05:53:43.626 28472 28472 D SoLoader: Not resolving dependencies for libhermes.so
05-16 05:53:43.628 28472 28472 D nativeloader: Load /data/app/~~VaZvND58-hCcaiBhMM061Q==/org.sailyachtresearch.sailinsight-GjwBXmEzGiYGLd3SD9vFHg==/lib/arm64/libhermes.so using ns clns-5 from class loader (caller=/data/app/~~VaZvND58-hCcaiBhMM061Q==/org.sailyachtresearch.sailinsight-GjwBXmEzGiYGLd3SD9vFHg==/base.apk): ok
05-16 05:53:43.629 28472 28472 V SoLoader: libhermes_executor.so not found on /data/data/org.sailyachtresearch.sailinsight/lib-main
05-16 05:53:43.629 28472 28472 D SoLoader: libhermes_executor.so found on /data/app/~~VaZvND58-hCcaiBhMM061Q==/org.sailyachtresearch.sailinsight-GjwBXmEzGiYGLd3SD9vFHg==/lib/arm64
05-16 05:53:43.629 28472 28472 D SoLoader: Not resolving dependencies for libhermes_executor.so
05-16 05:53:43.635 28472 28472 D nativeloader: Load /data/app/~~VaZvND58-hCcaiBhMM061Q==/org.sailyachtresearch.sailinsight-GjwBXmEzGiYGLd3SD9vFHg==/lib/arm64/libhermes_executor.so using ns clns-5 from class loader (caller=/data/app/~~VaZvND58-hCcaiBhMM061Q==/org.sailyachtresearch.sailinsight-GjwBXmEzGiYGLd3SD9vFHg==/base.apk): ok
05-16 05:53:43.665 28472 28472 D SensorManager: registerListener :: 11, lsm6dso LSM6DSO Accelerometer Non-wakeup, 66667, 0, 
05-16 05:53:43.669 28472 28606 V SoLoader: libfbjni.so not found on /data/data/org.sailyachtresearch.sailinsight/lib-main
05-16 05:53:43.669 28472 28606 D SoLoader: libfbjni.so found on /data/app/~~VaZvND58-hCcaiBhMM061Q==/org.sailyachtresearch.sailinsight-GjwBXmEzGiYGLd3SD9vFHg==/lib/arm64
05-16 05:53:43.669 28472 28606 D SoLoader: Not resolving dependencies for libfbjni.so
05-16 05:53:43.670 28472 28606 D nativeloader: Load /data/app/~~VaZvND58-hCcaiBhMM061Q==/org.sailyachtresearch.sailinsight-GjwBXmEzGiYGLd3SD9vFHg==/lib/arm64/libfbjni.so using ns clns-5 from class loader (caller=/data/app/~~VaZvND58-hCcaiBhMM061Q==/org.sailyachtresearch.sailinsight-GjwBXmEzGiYGLd3SD9vFHg==/base.apk): ok
05-16 05:53:43.670 28472 28606 V SoLoader: libflipper.so not found on /data/data/org.sailyachtresearch.sailinsight/lib-main
05-16 05:53:43.670 28472 28606 D SoLoader: libflipper.so found on /data/app/~~VaZvND58-hCcaiBhMM061Q==/org.sailyachtresearch.sailinsight-GjwBXmEzGiYGLd3SD9vFHg==/lib/arm64
05-16 05:53:43.670 28472 28606 D SoLoader: Not resolving dependencies for libflipper.so
05-16 05:53:43.673 28472 28606 D nativeloader: Load /data/app/~~VaZvND58-hCcaiBhMM061Q==/org.sailyachtresearch.sailinsight-GjwBXmEzGiYGLd3SD9vFHg==/lib/arm64/libflipper.so using ns clns-5 from class loader (caller=/data/app/~~VaZvND58-hCcaiBhMM061Q==/org.sailyachtresearch.sailinsight-GjwBXmEzGiYGLd3SD9vFHg==/base.apk): ok
05-16 05:53:43.685 28472 28472 W rch.sailinsight: Accessing hidden field Landroid/view/View;->mKeyedTags:Landroid/util/SparseArray; (unsupported, reflection, allowed)
05-16 05:53:43.685 28472 28472 W rch.sailinsight: Accessing hidden field Landroid/view/View;->mListenerInfo:Landroid/view/View$ListenerInfo; (unsupported, reflection, allowed)
05-16 05:53:43.685 28472 28472 W rch.sailinsight: Accessing hidden field Landroid/view/View$ListenerInfo;->mOnClickListener:Landroid/view/View$OnClickListener; (unsupported, reflection, allowed)
05-16 05:53:43.687 28472 28472 I flipper : flipper: FlipperClient::addPlugin Inspector
05-16 05:53:43.687 28472 28472 I flipper : flipper: FlipperClient::addPlugin Databases
05-16 05:53:43.688 28472 28472 I flipper : flipper: FlipperClient::addPlugin Preferences
05-16 05:53:43.688 28472 28472 I flipper : flipper: FlipperClient::addPlugin CrashReporter
05-16 05:53:43.689 28472 28472 I flipper : flipper: FlipperClient::addPlugin Network
05-16 05:53:43.689 28472 28615 W unknown:InspectorPackagerConnection: Couldn't connect to packager, will silently retry
05-16 05:53:43.689 28472 28616 W unknown:ReconnectingWebSocket: Couldn't connect to "ws://localhost:8081/message?device=SM-S911W%20-%2014%20-%20API%2034&app=org.sailyachtresearch.sailinsight&clientid=BridgeDevSupportManager", will silently retry
05-16 05:53:43.692 28472 28472 I BranchSDK: !SDK-VERSION-STRING!:io.branch.sdk.android:library:5.3.0
05-16 05:53:43.693 28472 28472 I BranchSDK: deferInitForPluginRuntime false
05-16 05:53:43.697 28472 28606 W rch.sailinsight: Accessing hidden method Landroid/app/AppGlobals;->getInitialApplication()Landroid/app/Application; (unsupported, reflection, allowed)
05-16 05:53:43.697 28472 28472 D OpenGLRenderer: HWUI - treat SMPTE_170M as sRGB
05-16 05:53:43.700 28472 28625 I AdrenoGLES-0: QUALCOMM build                   : 7b26bdd942, Iab69c31769
05-16 05:53:43.700 28472 28625 I AdrenoGLES-0: Build Date                       : 08/28/23
05-16 05:53:43.700 28472 28625 I AdrenoGLES-0: OpenGL ES Shader Compiler Version: E031.41.03.44
05-16 05:53:43.700 28472 28625 I AdrenoGLES-0: Local Branch                     : 
05-16 05:53:43.700 28472 28625 I AdrenoGLES-0: Remote Branch                    : refs/tags/AU_LINUX_ANDROID_LA.VENDOR.13.2.0.11.00.00.855.659
05-16 05:53:43.700 28472 28625 I AdrenoGLES-0: Remote Branch                    : NONE
05-16 05:53:43.700 28472 28625 I AdrenoGLES-0: Reconstruct Branch               : NOTHING
05-16 05:53:43.700 28472 28625 I AdrenoGLES-0: Build Config                     : S P 14.1.4 AArch64
05-16 05:53:43.700 28472 28625 I AdrenoGLES-0: Driver Path                      : /vendor/lib64/egl/libGLESv2_adreno.so
05-16 05:53:43.700 28472 28625 I AdrenoGLES-0: Driver Version                   : 0676.42
05-16 05:53:43.702 28472 28625 I AdrenoGLES-0: PFP: 0x01740158, ME: 0x00000000
05-16 05:53:43.705 28472 28625 W Adreno-AppProfiles: Could not find QSPM HAL service. Skipping adreno profile processing.
05-16 05:53:43.706 28472 28625 I AdrenoUtils: <ReadGpuID:407>: Reading chip ID through GSL
05-16 05:53:43.717 28472 28472 I BranchSDK: onActivityCreated, activity = org.sailyachtresearch.sailinsight.MainActivity@d9e6ebf
05-16 05:53:43.723 28472 28631 W unknown:ReactNative: The packager does not seem to be running as we got an IOException requesting its status: Failed to connect to localhost/127.0.0.1:8081
05-16 05:53:43.726 28472 28472 I DecorView: setWindowBackground: isPopOver=false color=fffafafa d=android.graphics.drawable.ColorDrawable@ac6dbc
05-16 05:53:43.729 28472 28472 W rch.sailinsight: Accessing hidden method Landroid/view/View;->computeFitSystemWindows(Landroid/graphics/Rect;Landroid/graphics/Rect;)Z (unsupported, reflection, allowed)
05-16 05:53:43.729 28472 28472 W rch.sailinsight: Accessing hidden method Landroid/view/ViewGroup;->makeOptionalFitsSystemWindows()V (unsupported, reflection, allowed)
05-16 05:53:43.731 28472 28472 I BranchSDK: onActivityStarted, activity = org.sailyachtresearch.sailinsight.MainActivity@d9e6ebf
05-16 05:53:43.731 28472 28472 D RNBranch: initSession uri null reactActivity org.sailyachtresearch.sailinsight.MainActivity@d9e6ebf
05-16 05:53:43.731 28472 28472 I RNBranch: Initializing Branch SDK v. 5.3.0
05-16 05:53:43.731 28472 28472 D RNBranch: notifyJSOfInitSessionStart  null
05-16 05:53:43.731 28472 28472 D RNBranch: Broadcasting NATIVE_INIT_SESSION_STARTED_EVENT
05-16 05:53:43.731 28472 28472 D RNBranch: sessionBuilder io.branch.referral.Branch$InitSessionBuilder@63ab854
05-16 05:53:43.731 28472 28472 I BranchSDK: Beginning session initialization
05-16 05:53:43.731 28472 28472 I BranchSDK: Session uri is null
05-16 05:53:43.738 28472 28472 I BranchSDK: Could not find com.huawei.hms.ads.installreferrer.api.InstallReferrerClient. If expected, import the dependency into your app.
05-16 05:53:43.738 28472 28472 I BranchSDK: Could not find com.sec.android.app.samsungapps.installreferrer.api.InstallReferrerClient. If expected, import the dependency into your app.
05-16 05:53:43.738 28472 28472 I BranchSDK: Could not find com.miui.referrer.api.GetAppsReferrerClient. If expected, import the dependency into your app.
05-16 05:53:43.743 28472 28472 I BranchSDK: processNextQueueItem, req ServerRequestRegisterInstall
05-16 05:53:43.744 28472 28472 I BranchSDK: onActivityResumed, activity = org.sailyachtresearch.sailinsight.MainActivity@d9e6ebf
05-16 05:53:43.744 28472 28472 I BranchSDK: processNextQueueItem, req ServerRequestRegisterInstall
05-16 05:53:43.747 28472 28472 D CompatibilityChangeReporter: Compat change id reported: 237531167; UID 10473; state: DISABLED
05-16 05:53:43.749 28472 28625 D NativeCustomFrequencyManager: [NativeCFMS] BpCustomFrequencyManager::BpCustomFrequencyManager()
05-16 05:53:43.754 28472 28472 I InsetsController: onStateChanged: host=org.sailyachtresearch.sailinsight/org.sailyachtresearch.sailinsight.MainActivity, from=android.view.ViewRootImpl.setView:1797, state=InsetsState: {mDisplayFrame=Rect(0, 0 - 1080, 2340), mDisplayCutout=DisplayCutout{insets=Rect(0, 81 - 0, 0) waterfall=Insets{left=0, top=0, right=0, bottom=0} boundingRect={Bounds=[Rect(0, 0 - 0, 0), Rect(512, 0 - 568, 81), Rect(0, 0 - 0, 0), Rect(0, 0 - 0, 0)]} cutoutPathParserInfo={CutoutPathParserInfo{displayWidth=1080 displayHeight=2340 physicalDisplayWidth=1080 physicalDisplayHeight=2340 density={3.0} cutoutSpec={M 0,0 H -9.333333333333333‬ V 27 H 9.333333333333333‬ V 0 H 0 Z @dp} rotation={0} scale={1.0} physicalPixelDisplaySizeRatio={1.0}}}}, mRoundedCorners=RoundedCorners{[RoundedCorner{position=TopLeft, radius=102, center=Point(102, 102)}, RoundedCorner{position=TopRight, radius=102, center=Point(978, 102)}, RoundedCorner{position=BottomRight, radius=102, center=Point(978, 2238)}, RoundedCorner{position=BottomLeft, radius=102, center=Point(102, 2238)}]}  mRoundedCornerFrame=Rect(0, 0 - 1080, 2340), mPrivacyIndicatorBounds=PrivacyIndicatorBounds {static bounds=Rect(948, 0 - 1080, 81) rotation=0}, mDisplayShape=DisplayShape{ spec=-311912193 displayWidth=1080 displayHeight=2340 physicalPixelDisplaySizeRatio=1.0 rotation=0 offsetX=0 offsetY=0 scale=1.0}, mSources= { InsetsSource: {c52a0001 mType=navigationBars mFrame=[0,2196][1080,2340] mVisible=true mFlags=[]}, InsetsSource: {c52a0004 mType=systemGestures mFrame=[0,0][0,0] mVisible=true mFlags=[]}, InsetsSource: {c52a0005 mType=mandatorySystemGestures mFrame=[0,2196][1080,2340] mVisible=true mFlags=[]}, InsetsSource: {c52a0006 mType=tappableElement mFrame=[0,2196][1080,2340] mVisible=true mFlags=[]}, InsetsSource: {c52a0024 mType=systemGestures mFrame=[0,0][0,0] mVisible=true mFlags=[]}, InsetsSource: {27 mType=displayCutout mFrame=[0,0][1080,81] mVisible=true mFlags=[]}, InsetsSource: {651f0000 mType=statusBars mFrame=[0,0][1080,81] mVisible=true mFlags=[]}, InsetsSource: {651f0005 mType=mandatorySystemGestures mFrame=[0,0][1080,117] mVisible=true mFlags=[]}, InsetsSource: {651f0006 mType=tappableElement mFrame=[0,0][1080,81] mVisible=true mFlags=[]} }
05-16 05:53:43.754 28472 28472 I ViewRootImpl@2f49c97[MainActivity]: synced displayState. AttachInfo displayState=2
05-16 05:53:43.755 28472 28472 I ViewRootImpl@2f49c97[MainActivity]: setView = com.android.internal.policy.DecorView@fdc6b33 TM=true
05-16 05:53:43.755 28472 28472 I IDS_TAG : Starting IDS observe window
05-16 05:53:43.755 28472 28472 I IDS_TAG : Getting Shared Preference for org.sailyachtresearch.sailinsight.MainApplication@e72f91b uid = 10473
05-16 05:53:43.755 28472 28472 I IDS_TAG : App org.sailyachtresearch.sailinsight.MainApplication@e72f91b has not finished training
05-16 05:53:43.757 28472 28472 I BranchSDK: Google Play onInstallReferrerSetupFinished, responseCode = 0
05-16 05:53:43.760 28472 28472 I BranchSDK: com.android.installreferrer.api.InstallReferrerClientImpl onReferrerClientFinished() Referrer: utm_source=google-play&utm_medium=organic Click Timestamp: 0 Install Timestamp: 1747398331
05-16 05:53:43.760 28472 28472 I BranchSDK: processNextQueueItem, req ServerRequestRegisterInstall
05-16 05:53:43.761 28472 28625 D OpenGLRenderer: HWUI - treat SMPTE_170M as sRGB
05-16 05:53:43.761 28472 28472 I IDS_TAG : Closing IDS observe window
05-16 05:53:43.761 28472 28472 I IDS_TAG : Getting Shared Preference for org.sailyachtresearch.sailinsight.MainApplication@e72f91b uid = 10473
05-16 05:53:43.761 28472 28472 I IDS_TAG : IDS count updated to 1 for org.sailyachtresearch.sailinsight.MainApplication@e72f91b
05-16 05:53:43.762 28472 28472 W unknown:ReactNative: Packager connection already open, nooping.
05-16 05:53:43.768 28472 28656 D TSBackgroundFetch: [RNBackgroundFetch initialize]
05-16 05:53:43.772 28472 28472 I BufferQueueProducer: [](id:6f3800000000,api:0,p:0,c:28472) setDequeueTimeout:2077252342
05-16 05:53:43.772 28472 28472 I BLASTBufferQueue_Java: new BLASTBufferQueue, mName= ViewRootImpl@2f49c97[MainActivity] mNativeObject= 0xb4000076b775c200 sc.mNativeObject= 0xb4000076b7775080 caller= android.view.ViewRootImpl.updateBlastSurfaceIfNeeded:3085 android.view.ViewRootImpl.relayoutWindow:10224 android.view.ViewRootImpl.performTraversals:4167 android.view.ViewRootImpl.doTraversal:3345 android.view.ViewRootImpl$TraversalRunnable.run:11437 android.view.Choreographer$CallbackRecord.run:1690 android.view.Choreographer$CallbackRecord.run:1699 android.view.Choreographer.doCallbacks:1154 android.view.Choreographer.doFrame:1080 android.view.Choreographer$FrameDisplayEventReceiver.run:1647 
05-16 05:53:43.772 28472 28472 I BLASTBufferQueue_Java: update, w= 1080 h= 2340 mName = ViewRootImpl@2f49c97[MainActivity] mNativeObject= 0xb4000076b775c200 sc.mNativeObject= 0xb4000076b7775080 format= -1 caller= android.graphics.BLASTBufferQueue.<init>:89 android.view.ViewRootImpl.updateBlastSurfaceIfNeeded:3085 android.view.ViewRootImpl.relayoutWindow:10224 android.view.ViewRootImpl.performTraversals:4167 android.view.ViewRootImpl.doTraversal:3345 android.view.ViewRootImpl$TraversalRunnable.run:11437 
05-16 05:53:43.772 28472 28472 I ViewRootImpl@2f49c97[MainActivity]: Relayout returned: old=(0,0,1080,2340) new=(0,0,1080,2340) relayoutAsync=false req=(1080,2340)0 dur=4 res=0x403 s={true 0xb4000076afa3d800} ch=true seqId=0
05-16 05:53:43.773 28472 28472 I ViewRootImpl@2f49c97[MainActivity]: performConfigurationChange setNightDimText nightDimLevel=0
05-16 05:53:43.773 28472 28472 D ViewRootImpl@2f49c97[MainActivity]: mThreadedRenderer.initialize() mSurface={isValid=true 0xb4000076afa3d800} hwInitialized=true
05-16 05:53:43.775 28472 28472 D ViewRootImpl@2f49c97[MainActivity]: reportNextDraw android.view.ViewRootImpl.performTraversals:4781 android.view.ViewRootImpl.doTraversal:3345 android.view.ViewRootImpl$TraversalRunnable.run:11437 android.view.Choreographer$CallbackRecord.run:1690 android.view.Choreographer$CallbackRecord.run:1699 
05-16 05:53:43.775 28472 28472 I ViewRootImpl@2f49c97[MainActivity]: Setup new sync=wmsSync-ViewRootImpl@2f49c97[MainActivity]#0
05-16 05:53:43.775 28472 28472 I ViewRootImpl@2f49c97[MainActivity]: Creating new active sync group ViewRootImpl@2f49c97[MainActivity]#1
--------- beginning of system
05-16 05:53:43.775 28472 28472 I SurfaceSyncGroup: addLocalSync=ViewRootImpl@2f49c97[MainActivity]#1 to name=wmsSync-ViewRootImpl@2f49c97[MainActivity]#0, callers=android.window.SurfaceSyncGroup.add:431 android.window.SurfaceSyncGroup.add:392 android.window.SurfaceSyncGroup.add:340 android.view.ViewRootImpl.createSyncIfNeeded:4912 android.view.ViewRootImpl.performTraversals:4796 android.view.ViewRootImpl.doTraversal:3345 
05-16 05:53:43.776 28472 28472 I ViewRootImpl@2f49c97[MainActivity]: registerCallbacksForSync syncBuffer=false
05-16 05:53:43.777 28472 28665 I ViewRootImpl@2f49c97[MainActivity]: Received frameDrawingCallback syncResult=0 frameNum=1.
05-16 05:53:43.777 28472 28665 I ViewRootImpl@2f49c97[MainActivity]: mWNT: t=0xb4000076afa5f200 mBlastBufferQueue=0xb4000076b775c200 fn= 1 mRenderHdrSdrRatio=1.0 caller= android.view.ViewRootImpl$8.onFrameDraw:13946 android.view.ThreadedRenderer$1.onFrameDraw:792 <bottom of call stack> 
05-16 05:53:43.777 28472 28665 I ViewRootImpl@2f49c97[MainActivity]: Setting up sync and frameCommitCallback
05-16 05:53:43.780 28472 28656 E HMSSDK_HMSPackageManager: resolveInfoList is null or empty
05-16 05:53:43.780 28472 28656 E HMSSDK_HMSPackageManager: PackagePriorityInfo list is null
05-16 05:53:43.781 28472 28656 E HMSSDK_HMSPackageManager: <initHmsPackageInfoForMultiService> Failed to find HMS apk
05-16 05:53:43.782 28472 28656 I HMSSDK_HMSPackageManager: Enter getHMSPackageNameForMultiService
05-16 05:53:43.782 28472 28667 I HMSSDK_HMSPackageManager: enter asyncOnceCheckMDMState
05-16 05:53:43.783 28472 28667 I HMSSDK_HMSPackageManager: quit asyncOnceCheckMDMState
05-16 05:53:43.783 28472 28656 E HMSSDK_HMSPackageManager: resolveInfoList is null or empty
05-16 05:53:43.784 28472 28656 E HMSSDK_HMSPackageManager: PackagePriorityInfo list is null
05-16 05:53:43.784 28472 28656 E HMSSDK_HMSPackageManager: <initHmsPackageInfoForMultiService> Failed to find HMS apk
05-16 05:53:43.785 28472 28656 I HMSSDK_HuaweiMobileServicesUtil: hmsPackageName is com.huawei.hwid
05-16 05:53:43.786 28472 28656 E HMSSDK_HMSPackageManager: resolveInfoList is null or empty
05-16 05:53:43.787 28472 28656 E HMSSDK_HMSPackageManager: PackagePriorityInfo list is null
05-16 05:53:43.787 28472 28656 E HMSSDK_HMSPackageManager: <initHmsPackageInfoForMultiService> Failed to find HMS apk
05-16 05:53:43.788 28472 28656 I HMSSDK_HuaweiMobileServicesUtil: HMS is not installed
05-16 05:53:43.791 28472 28656 D nativeloader: Load /data/app/~~VaZvND58-hCcaiBhMM061Q==/org.sailyachtresearch.sailinsight-GjwBXmEzGiYGLd3SD9vFHg==/lib/arm64/libtslocationmanager.so using ns clns-5 from class loader (caller=/data/app/~~VaZvND58-hCcaiBhMM061Q==/org.sailyachtresearch.sailinsight-GjwBXmEzGiYGLd3SD9vFHg==/base.apk!classes6.dex): ok
05-16 05:53:43.795 28472 28625 I BLASTBufferQueue: [ViewRootImpl@2f49c97[MainActivity]#0](f:0,a:0,s:0) onFrameAvailable the first frame is available
05-16 05:53:43.795 28472 28625 I ViewRootImpl@2f49c97[MainActivity]: Received frameCommittedCallback lastAttemptedDrawFrameNum=1 didProduceBuffer=true
05-16 05:53:43.795 28472 28625 I SurfaceSyncGroup: onTransactionReady mName=wmsSync-ViewRootImpl@2f49c97[MainActivity]#0 callback=12957221
05-16 05:53:43.796 28472 28625 D OpenGLRenderer: CFMS:: SetUp Pid : 28472    Tid : 28625
05-16 05:53:43.796 28472 28472 I ViewRootImpl@2f49c97[MainActivity]: reportDrawFinished seqId=0
05-16 05:53:43.798 28472 28472 I BranchSDK: processNextQueueItem, req ServerRequestRegisterInstall
05-16 05:53:43.799 28472 28472 D TSBackgroundFetch: ☯️  onCreate
05-16 05:53:43.799 28472 28472 D TSBackgroundFetch: ☯️  onStart
05-16 05:53:43.799 28472 28472 D TSBackgroundFetch: ☯️  onResume
05-16 05:53:43.799 28472 28472 I InsetsSourceConsumer: applyRequestedVisibilityToControl: visible=true, type=statusBars, host=org.sailyachtresearch.sailinsight/org.sailyachtresearch.sailinsight.MainActivity
05-16 05:53:43.799 28472 28472 I InsetsSourceConsumer: applyRequestedVisibilityToControl: visible=true, type=navigationBars, host=org.sailyachtresearch.sailinsight/org.sailyachtresearch.sailinsight.MainActivity
05-16 05:53:43.805 28472 28656 D EventBus: No subscribers registered for event class com.transistorsoft.locationmanager.event.ConfigChangeEvent
05-16 05:53:43.806 28472 28656 D EventBus: No subscribers registered for event class org.greenrobot.eventbus.NoSubscriberEvent
05-16 05:53:43.809 28472 28472 I ViewRootImpl@2f49c97[MainActivity]: handleWindowFocusChanged: 1 0 call from android.view.ViewRootImpl.-$$Nest$mhandleWindowFocusChanged:0
05-16 05:53:43.809 28472 28472 D ViewRootImpl@2f49c97[MainActivity]: mThreadedRenderer.initializeIfNeeded()#2 mSurface={isValid=true 0xb4000076afa3d800}
05-16 05:53:43.810 28472 28472 D InputMethodManagerUtils: startInputInner - Id : 0
05-16 05:53:43.810 28472 28472 I InputMethodManager: startInputInner - IInputMethodManagerGlobalInvoker.startInputOrWindowGainedFocus
05-16 05:53:43.810 28472 28604 I BranchSDK: posting to https://api2.branch.io/v1/install
05-16 05:53:43.815 28472 28604 I BranchSDK: Post value = {"hardware_id":"b4cdc553-eb7a-439a-9e38-1fbdc5868c0b","is_hardware_id_real":false,"brand":"samsung","model":"SM-S911W","screen_dpi":480,"screen_height":2115,"screen_width":1080,"wifi":true,"ui_mode":"UI_MODE_TYPE_NORMAL","os":"Android","os_version":34,"cpu_type":"aarch64","build":"UP1A.231005.007.S911WVLS6CYB3","locale":"en_CA","connection_type":"wifi","device_carrier":"ROGERS","os_version_android":"14","plugin_name":"ReactNative","plugin_version":"5.8.0","country":"CA","language":"en","local_ip":"192.168.1.70","debug":false,"partner_data":{},"app_version":"2.10.0","initial_referrer":"android-app:\/\/com.sec.android.app.launcher","facebook_app_link_checked":false,"update":0,"latest_install_time":1747399172946,"latest_update_time":1747399172946,"first_install_time":1747399172946,"previous_update_time":0,"environment":"FULL_APP","install_begin_ts":1747398331,"metadata":{},"install_referrer_extras":"utm_source=google-play&utm_medium=organic","app_store":"PlayStore","advertising_ids":{"aaid":"b1cd064f-f345-4b64-8191-4efa54ef3698"},"lat_val":0,"google_advertising_id":"b1cd064f-f345-4b64-8191-4efa54ef3698","instrumentation":{"v1\/install-qwt":"0"},"sdk":"android5.3.0","branch_key":"key_live_kjHOAqtytu1CNDoBMOW9OfcdyEd1gPL0"}
05-16 05:53:43.816 28472 28472 D InputMethodManagerUtils: startInputInner - Id : 0
05-16 05:53:43.828 28472 28472 I InsetsController: onStateChanged: host=org.sailyachtresearch.sailinsight/org.sailyachtresearch.sailinsight.MainActivity, from=android.view.ViewRootImpl$ViewRootHandler.handleMessageImpl:7279, state=InsetsState: {mDisplayFrame=Rect(0, 0 - 1080, 2340), mDisplayCutout=DisplayCutout{insets=Rect(0, 81 - 0, 0) waterfall=Insets{left=0, top=0, right=0, bottom=0} boundingRect={Bounds=[Rect(0, 0 - 0, 0), Rect(512, 0 - 568, 81), Rect(0, 0 - 0, 0), Rect(0, 0 - 0, 0)]} cutoutPathParserInfo={CutoutPathParserInfo{displayWidth=1080 displayHeight=2340 physicalDisplayWidth=1080 physicalDisplayHeight=2340 density={3.0} cutoutSpec={M 0,0 H -9.333333333333333‬ V 27 H 9.333333333333333‬ V 0 H 0 Z @dp} rotation={0} scale={1.0} physicalPixelDisplaySizeRatio={1.0}}}}, mRoundedCorners=RoundedCorners{[RoundedCorner{position=TopLeft, radius=102, center=Point(102, 102)}, RoundedCorner{position=TopRight, radius=102, center=Point(978, 102)}, RoundedCorner{position=BottomRight, radius=102, center=Point(978, 2238)}, RoundedCorner{position=BottomLeft, radius=102, center=Point(102, 2238)}]}  mRoundedCornerFrame=Rect(0, 0 - 1080, 2340), mPrivacyIndicatorBounds=PrivacyIndicatorBounds {static bounds=Rect(948, 0 - 1080, 81) rotation=0}, mDisplayShape=DisplayShape{ spec=-311912193 displayWidth=1080 displayHeight=2340 physicalPixelDisplaySizeRatio=1.0 rotation=0 offsetX=0 offsetY=0 scale=1.0}, mSources= { InsetsSource: {c52a0001 mType=navigationBars mFrame=[0,2196][1080,2340] mVisible=true mFlags=[]}, InsetsSource: {c52a0004 mType=systemGestures mFrame=[0,0][0,0] mVisible=true mFlags=[]}, InsetsSource: {c52a0005 mType=mandatorySystemGestures mFrame=[0,2196][1080,2340] mVisible=true mFlags=[]}, InsetsSource: {c52a0006 mType=tappableElement mFrame=[0,2196][1080,2340] mVisible=true mFlags=[]}, InsetsSource: {c52a0024 mType=systemGestures mFrame=[0,0][0,0] mVisible=true mFlags=[]}, InsetsSource: {3 mType=ime mFrame=[0,0][0,0] mVisible=false mFlags=[]}, InsetsSource: {27 mType=displayCutout mFrame=[0,0][1080,81] mVisible=true mFlags=[]}, InsetsSource: {651f0000 mType=statusBars mFrame=[0,0][1080,81] mVisible=true mFlags=[]}, InsetsSource: {651f0005 mType=mandatorySystemGestures mFrame=[0,0][1080,117] mVisible=true mFlags=[]}, InsetsSource: {651f0006 mType=tappableElement mFrame=[0,0][1080,81] mVisible=true mFlags=[]} }
05-16 05:53:43.829 28472 28472 I InsetsSourceConsumer: applyRequestedVisibilityToControl: visible=false, type=ime, host=org.sailyachtresearch.sailinsight/org.sailyachtresearch.sailinsight.MainActivity
05-16 05:53:43.829 28472 28472 D InstallReferrerState: OK
05-16 05:53:43.830 28472 28656 D SensorManager: registerListener :: 11, lsm6dso LSM6DSO Accelerometer Non-wakeup, 66667, 0, 
05-16 05:53:43.834 28472 28656 V SoLoader: libreactnativejni.so not found on /data/data/org.sailyachtresearch.sailinsight/lib-main
05-16 05:53:43.834 28472 28656 D SoLoader: libreactnativejni.so found on /data/app/~~VaZvND58-hCcaiBhMM061Q==/org.sailyachtresearch.sailinsight-GjwBXmEzGiYGLd3SD9vFHg==/lib/arm64
05-16 05:53:43.834 28472 28656 D SoLoader: Not resolving dependencies for libreactnativejni.so
05-16 05:53:43.834 28472 28656 D nativeloader: Load /data/app/~~VaZvND58-hCcaiBhMM061Q==/org.sailyachtresearch.sailinsight-GjwBXmEzGiYGLd3SD9vFHg==/lib/arm64/libreactnativejni.so using ns clns-5 from class loader (caller=/data/app/~~VaZvND58-hCcaiBhMM061Q==/org.sailyachtresearch.sailinsight-GjwBXmEzGiYGLd3SD9vFHg==/base.apk): ok
05-16 05:53:43.844 28472 28656 W unknown:ReactContext: initializeMessageQueueThreads() is called.
05-16 05:53:43.868 28472 28702 D TSLocationManager: [c.t.l.l.TSSQLiteAppender$c run] 
05-16 05:53:43.868 28472 28702 D TSLocationManager:   ℹ️  Cleared logs older than 72 hours
05-16 05:53:43.868 28472 28674 D TSLocationManager: [c.t.l.logger.LoggerFacade$a a] ℹ️   Persist config, dirty: []
05-16 05:53:43.873 28472 28472 W unknown:ReactNative: Packager connection already open, nooping.
05-16 05:53:43.907 28472 28692 W unknown:ViewManagerPropertyUpdater: Could not find generated setter for class com.facebook.react.views.drawer.ReactDrawerLayoutManager
05-16 05:53:43.912 28472 28692 W unknown:ViewManagerPropertyUpdater: Could not find generated setter for class com.facebook.react.uimanager.LayoutShadowNode
05-16 05:53:43.915 28472 28692 W unknown:ViewManagerPropertyUpdater: Could not find generated setter for class com.facebook.react.views.scroll.ReactHorizontalScrollViewManager
05-16 05:53:43.917 28472 28692 W unknown:ViewManagerPropertyUpdater: Could not find generated setter for class com.facebook.react.views.scroll.ReactHorizontalScrollContainerViewManager
05-16 05:53:43.918 28472 28692 W unknown:ViewManagerPropertyUpdater: Could not find generated setter for class com.facebook.react.views.progressbar.ReactProgressBarViewManager
05-16 05:53:43.919 28472 28692 W unknown:ViewManagerPropertyUpdater: Could not find generated setter for class com.facebook.react.views.progressbar.ProgressBarShadowNode
05-16 05:53:43.919 28472 28692 W unknown:ViewManagerPropertyUpdater: Could not find generated setter for class com.facebook.react.views.scroll.ReactScrollViewManager
05-16 05:53:43.922 28472 28692 W unknown:ViewManagerPropertyUpdater: Could not find generated setter for class com.facebook.react.views.slider.ReactSliderManager
05-16 05:53:43.924 28472 28692 W unknown:ViewManagerPropertyUpdater: Could not find generated setter for class com.facebook.react.views.slider.ReactSliderManager$ReactSliderShadowNode
05-16 05:53:43.924 28472 28692 W unknown:ViewManagerPropertyUpdater: Could not find generated setter for class com.facebook.react.views.switchview.ReactSwitchManager
05-16 05:53:43.926 28472 28692 W unknown:ViewManagerPropertyUpdater: Could not find generated setter for class com.facebook.react.views.switchview.ReactSwitchManager$ReactSwitchShadowNode
05-16 05:53:43.926 28472 28692 W unknown:ViewManagerPropertyUpdater: Could not find generated setter for class com.facebook.react.views.swiperefresh.SwipeRefreshLayoutManager
05-16 05:53:43.927 28472 28692 W unknown:ViewManagerPropertyUpdater: Could not find generated setter for class com.facebook.react.views.text.frescosupport.FrescoBasedReactTextInlineImageViewManager
05-16 05:53:43.927 28472 28692 W unknown:ViewManagerPropertyUpdater: Could not find generated setter for class com.facebook.react.views.text.frescosupport.FrescoBasedReactTextInlineImageShadowNode
05-16 05:53:43.928 28472 28692 W unknown:ViewManagerPropertyUpdater: Could not find generated setter for class com.facebook.react.views.image.ReactImageManager
05-16 05:53:43.930 28472 28692 W unknown:ViewManagerPropertyUpdater: Could not find generated setter for class com.facebook.react.views.modal.ReactModalHostManager
05-16 05:53:43.931 28472 28692 W unknown:ViewManagerPropertyUpdater: Could not find generated setter for class com.facebook.react.views.modal.ModalHostShadowNode
05-16 05:53:43.931 28472 28692 W unknown:ViewManagerPropertyUpdater: Could not find generated setter for class com.facebook.react.views.text.ReactRawTextManager
05-16 05:53:43.932 28472 28692 W unknown:ViewManagerPropertyUpdater: Could not find generated setter for class com.facebook.react.views.text.ReactRawTextShadowNode
05-16 05:53:43.932 28472 28692 W unknown:ViewManagerPropertyUpdater: Could not find generated setter for class com.facebook.react.views.textinput.ReactTextInputManager
05-16 05:53:43.936 28472 28692 W unknown:ViewManagerPropertyUpdater: Could not find generated setter for class com.facebook.react.views.textinput.ReactTextInputShadowNode
05-16 05:53:43.938 28472 28692 W unknown:ViewManagerPropertyUpdater: Could not find generated setter for class com.facebook.react.views.text.ReactTextViewManager
05-16 05:53:43.939 28472 28692 W unknown:ViewManagerPropertyUpdater: Could not find generated setter for class com.facebook.react.views.text.ReactTextShadowNode
05-16 05:53:43.940 28472 28692 W unknown:ViewManagerPropertyUpdater: Could not find generated setter for class com.facebook.react.views.view.ReactViewManager
05-16 05:53:43.942 28472 28692 W unknown:ViewManagerPropertyUpdater: Could not find generated setter for class com.facebook.react.views.text.ReactVirtualTextViewManager
05-16 05:53:43.942 28472 28692 W unknown:ViewManagerPropertyUpdater: Could not find generated setter for class com.facebook.react.views.text.ReactVirtualTextShadowNode
05-16 05:53:43.942 28472 28692 W unknown:ViewManagerPropertyUpdater: Could not find generated setter for class com.facebook.react.views.unimplementedview.ReactUnimplementedViewManager
05-16 05:53:43.943 28472 28692 W unknown:ViewManagerPropertyUpdater: Could not find generated setter for class org.reactnative.maskedview.RNCMaskedViewManager
05-16 05:53:43.943 28472 28692 W unknown:ViewManagerPropertyUpdater: Could not find generated setter for class com.reactnativecommunity.slider.ReactSliderManager
05-16 05:53:43.945 28472 28692 W unknown:ViewManagerPropertyUpdater: Could not find generated setter for class com.reactnativecommunity.slider.ReactSliderManager$ReactSliderShadowNode
