05-18 19:24:17.734  2568  3401 I WindowManager: Destroying surface Surface(name=Splash Screen org.sailyachtresearch.sailinsight$_4000)/@0x601080e called by com.android.server.wm.WindowStateAnimator.destroySurface:811 com.android.server.wm.WindowStateAnimator.destroySurfaceLocked:478 com.android.server.wm.WindowState.removeImmediately:2958 com.android.server.wm.WindowState.removeIfPossible:3226 com.android.server.wm.WindowManagerService.removeWindow:2151 com.android.server.wm.Session.remove:257 android.view.IWindowSession$Stub.onTransact:747 com.android.server.wm.Session.onTransact:204 
05-18 19:24:17.736  4000  4000 D SamsungLightBarControlHelper: onStatusBarAppearanceChanged() -  sbModeChanged:false, statusBarMode:0, barState:MODE_TRANSPARENT, isKeyguardShowing:false, navbarColorManagedByIme:false, stackAppearanceChanged:true, (AppearanceRegion{ bounds=[0,0][1080,2340]}, ), packageName:org.sailyachtresearch.sailinsight
05-18 19:24:17.736  4000  4000 D NavigationBar: onSystemBarAttributesChanged() -  displayId:0, appearance:0, packageName: org.sailyachtresearch.sailinsight, navbarColorManagedByIme:false
05-18 19:24:17.736  4000  4000 D SamsungLightBarControlHelper: updateNavigationBar (WHITE button) isLightOpaque:false, hasLightNavigationBarFlag:false, packageName:org.sailyachtresearch.sailinsight, DirectReplying:false, NavBarColorMangedByIme:false, ForceDarkForScrim:false, QsCustomizing:false, PanelHasWhiteBg:false
05-18 19:24:17.737  4000  4000 D SamsungLightBarControlHelper: updateStatusBar (WHITE icon) numStacks:1, StatusBarMode:MODE_TRANSPARENT, lightBarBounds:[], StatusBarState:SHADE, packageName:org.sailyachtresearch.sailinsight, isWhiteKeyguardStatusBar:false
05-18 19:24:17.742  1765  1765 I Layer   : Layer [5c5f1e0 org.sailyachtresearch.sailinsight/org.sailyachtresearch.sailinsight.MainActivity#41138] hidden!! flag(0)
05-18 19:24:17.742  1765  1765 I Layer   : Layer::reparent [5c5f1e0 org.sailyachtresearch.sailinsight/org.sailyachtresearch.sailinsight.MainActivity#41138] newParent : Surface(name=5c5f1e0 org.sailyachtresearch.sailinsight/org.sailyachtresearch.sailinsight.MainActivity)/@0x7b41cf8 - animation-leash of starting_reveal#41142 , isRemovedFromCurrentState : 0 -------------------------
05-18 19:24:17.742  1765  1765 I Layer   : Layer::reparent [5c5f1e0 org.sailyachtresearch.sailinsight/org.sailyachtresearch.sailinsight.MainActivity#41138] End -------------------------
05-18 19:24:17.742  9035  9123 D nativeloader: Load /data/app/~~V15-Q3Ih18zVQ2UjMXEpgQ==/org.sailyachtresearch.sailinsight-ESRTqsk645u2k1GA4JdryQ==/lib/arm64/libtslocationmanager.so using ns clns-5 from class loader (caller=/data/app/~~V15-Q3Ih18zVQ2UjMXEpgQ==/org.sailyachtresearch.sailinsight-ESRTqsk645u2k1GA4JdryQ==/base.apk!classes6.dex): ok
05-18 19:24:17.742  1765  1765 I Layer   : Layer [org.sailyachtresearch.sailinsight/org.sailyachtresearch.sailinsight.MainActivity$_9035#41139] hidden!! flag(0)
05-18 19:24:17.742  1765  1765 I Layer   : Layer [Splash Screen org.sailyachtresearch.sailinsight$_4000#41130] hidden!! flag(1)
05-18 19:24:17.742  1765  1765 I Layer   : Layer::reparent [5c5f1e0 org.sailyachtresearch.sailinsight/org.sailyachtresearch.sailinsight.MainActivity#41138] newParent : ActivityRecord{6fad416 u0 org.sailyachtresearch.sailinsight/.MainActivity t8422}#41128 , isRemovedFromCurrentState : 0 -------------------------
05-18 19:24:17.742  1765  1765 I Layer   : Layer::reparent [5c5f1e0 org.sailyachtresearch.sailinsight/org.sailyachtresearch.sailinsight.MainActivity#41138] End -------------------------
05-18 19:24:17.742  1765  1765 I Layer   : Layer::reparent [ee4a969 Splash Screen org.sailyachtresearch.sailinsight#41129] newParentHandle : null -------------------------
05-18 19:24:17.742  1765  1765 I Layer   : id=41129 removeFromCurrentState ee4a969 Splash Screen org.sailyachtresearch.sailinsight#41129 (124)
05-18 19:24:17.742  1765  1765 I Layer   : id=41130 removeFromCurrentState Splash Screen org.sailyachtresearch.sailinsight$_4000#41130 (124)
05-18 19:24:17.742  1765  1765 I Layer   : Layer::reparent [ee4a969 Splash Screen org.sailyachtresearch.sailinsight#41129] End -------------------------
05-18 19:24:17.742  1765  1765 I Layer   : Layer::reparent [Splash Screen org.sailyachtresearch.sailinsight$_4000#41130] newParentHandle : null -------------------------
05-18 19:24:17.742  1765  1765 I Layer   : id=41130 removeFromCurrentState Splash Screen org.sailyachtresearch.sailinsight$_4000#41130 (124)
05-18 19:24:17.742  1765  1765 I Layer   : Layer::reparent [Splash Screen org.sailyachtresearch.sailinsight$_4000#41130] End -------------------------
05-18 19:24:17.742  1765  1765 I Layer   : Layer::reparent [Surface(name=5c5f1e0 org.sailyachtresearch.sailinsight/org.sailyachtresearch.sailinsight.MainActivity)/@0x7b41cf8 - animation-leash of starting_reveal#41142] newParentHandle : null -------------------------
05-18 19:24:17.742  1765  1765 I Layer   : id=41142 removeFromCurrentState Surface(name=5c5f1e0 org.sailyachtresearch.sailinsight/org.sailyachtresearch.sailinsight.MainActivity)/@0x7b41cf8 - animation-leash of starting_reveal#41142 (124)
05-18 19:24:17.742  1765  1765 I Layer   : Layer::reparent [Surface(name=5c5f1e0 org.sailyachtresearch.sailinsight/org.sailyachtresearch.sailinsight.MainActivity)/@0x7b41cf8 - animation-leash of starting_reveal#41142] End -------------------------
05-18 19:24:17.743  1765  1765 I SurfaceFlinger: id=41130 Removed Splash Screen org.sailyachtresearch.sailinsight$_4000#41130 (124)
05-18 19:24:17.743  1765  1765 I SurfaceFlinger: id=41129 Removed ee4a969 Splash Screen org.sailyachtresearch.sailinsight#41129 (124)
05-18 19:24:17.744  2568  4373 D InputDispatcher: Focus request (0): 5c5f1e0 org.sailyachtresearch.sailinsight/org.sailyachtresearch.sailinsight.MainActivity but waiting because NO_WINDOW
05-18 19:24:17.744  2568  4013 D InputDispatcher: Focus entered window (0): 5c5f1e0 org.sailyachtresearch.sailinsight/org.sailyachtresearch.sailinsight.MainActivity
05-18 19:24:17.744  1765  1765 D SurfaceFlinger:      DEVICE | 0xb4000072d3e1b700 | 0102 | RGBA_8888    |    0.0    0.0 1080.0 2340.0 |    0    0 1080 2340 | org.sailyachtresearch.sailinsight/or[...]sailinsight.MainActivity$_9035#41139
05-18 19:24:17.746  2568  4952 I ImeTracker: org.sailyachtresearch.sailinsight:eddcf62e: onRequestHide at ORIGIN_SERVER_HIDE_INPUT reason HIDE_UNSPECIFIED_WINDOW
05-18 19:24:17.746  2568  4952 I ImeTracker: org.sailyachtresearch.sailinsight:eddcf62e: onCancelled at PHASE_SERVER_SHOULD_HIDE
05-18 19:24:17.751  2568  6796 D InsetsSourceProvider: updateControlForTarget: control=InsetsSourceControl: {3 mType=ime mSurfacePosition=Point(0, 81) mInsetsHint=Insets{left=0, top=0, right=0, bottom=1026}}, target=Window{5c5f1e0 u0 org.sailyachtresearch.sailinsight/org.sailyachtresearch.sailinsight.MainActivity}, from=com.android.server.wm.ImeInsetsSourceProvider.updateControlForTarget:165 com.android.server.wm.InsetsStateController.onControlTargetChanged:363 com.android.server.wm.InsetsStateController.onImeControlTargetChanged:307 com.android.server.wm.DisplayContent.updateImeControlTarget:5763 com.android.server.wm.DisplayContent.updateImeInputAndControlTarget:5723 
05-18 19:24:17.751  7582  7582 I HBD     : b [AiWriter] setContact : org.sailyachtresearch.sailinsight
05-18 19:24:17.751  7582  7582 I HBD     : a [AiWriter] setContact : org.sailyachtresearch.sailinsight
05-18 19:24:17.753  9035  9035 I InsetsController: onStateChanged: host=org.sailyachtresearch.sailinsight/org.sailyachtresearch.sailinsight.MainActivity, from=android.view.ViewRootImpl$ViewRootHandler.handleMessageImpl:7279, state=InsetsState: {mDisplayFrame=Rect(0, 0 - 1080, 2340), mDisplayCutout=DisplayCutout{insets=Rect(0, 81 - 0, 0) waterfall=Insets{left=0, top=0, right=0, bottom=0} boundingRect={Bounds=[Rect(0, 0 - 0, 0), Rect(512, 0 - 568, 81), Rect(0, 0 - 0, 0), Rect(0, 0 - 0, 0)]} cutoutPathParserInfo={CutoutPathParserInfo{displayWidth=1080 displayHeight=2340 physicalDisplayWidth=1080 physicalDisplayHeight=2340 density={3.0} cutoutSpec={M 0,0 H -9.333333333333333‬ V 27 H 9.333333333333333‬ V 0 H 0 Z @dp} rotation={0} scale={1.0} physicalPixelDisplaySizeRatio={1.0}}}}, mRoundedCorners=RoundedCorners{[RoundedCorner{position=TopLeft, radius=102, center=Point(102, 102)}, RoundedCorner{position=TopRight, radius=102, center=Point(978, 102)}, RoundedCorner{position=BottomRight, radius=102, center=Point(978, 2238)}, RoundedCorner{position=BottomLeft, radius=102, center=Point(102, 2238)}]}  mRoundedCornerFrame=Rect(0, 0 - 1080, 2340), mPrivacyIndicatorBounds=PrivacyIndicatorBounds {static bounds=Rect(948, 0 - 1080, 81) rotation=0}, mDisplayShape=DisplayShape{ spec=-311912193 displayWidth=1080 displayHeight=2340 physicalPixelDisplaySizeRatio=1.0 rotation=0 offsetX=0 offsetY=0 scale=1.0}, mSources= { InsetsSource: {c52a0001 mType=navigationBars mFrame=[0,2196][1080,2340] mVisible=true mFlags=[]}, InsetsSource: {c52a0004 mType=systemGestures mFrame=[0,0][0,0] mVisible=true mFlags=[]}, InsetsSource: {c52a0005 mType=mandatorySystemGestures mFrame=[0,2196][1080,2340] mVisible=true mFlags=[]}, InsetsSource: {c52a0006 mType=tappableElement mFrame=[0,2196][1080,2340] mVisible=true mFlags=[]}, InsetsSource: {c52a0024 mType=systemGestures mFrame=[0,0][0,0] mVisible=true mFlags=[]}, InsetsSource: {3 mType=ime mFrame=[0,0][0,0] mVisible=false mFlags=[]}, InsetsSource: {27 mType=displayCutout mFrame=[0,0][1080,81] mVisible=true mFlags=[]}, InsetsSource: {651f0000 mType=statusBars mFrame=[0,0][1080,81] mVisible=true mFlags=[]}, InsetsSource: {651f0005 mType=mandatorySystemGestures mFrame=[0,0][1080,117] mVisible=true mFlags=[]}, InsetsSource: {651f0006 mType=tappableElement mFrame=[0,0][1080,81] mVisible=true mFlags=[]} }
05-18 19:24:17.754  9035  9035 I InsetsSourceConsumer: applyRequestedVisibilityToControl: visible=false, type=ime, host=org.sailyachtresearch.sailinsight/org.sailyachtresearch.sailinsight.MainActivity
05-18 19:24:17.767  1765  1765 I Layer   : Layer::reparent [ImeContainer#17] newParent : ActivityRecord{6fad416 u0 org.sailyachtresearch.sailinsight/.MainActivity t8422}#41128 , isRemovedFromCurrentState : 0 -------------------------
05-18 19:24:17.767  1765  1765 I Layer   : id=41129 Destroyed ee4a969 Splash Screen org.sailyachtresearch.sailinsight#41129
05-18 19:24:17.767  1765  1765 I Layer   : id=41130 Destroyed Splash Screen org.sailyachtresearch.sailinsight$_4000#41130
05-18 19:24:17.771  9035  9149 E AndroidRuntime: Process: org.sailyachtresearch.sailinsight, PID: 9035
05-18 19:24:17.774  2568  2858 D ScreenCurtainController: onForegroundActivitiesChanged: org.sailyachtresearch.sailinsight
05-18 19:24:17.775  2568  6796 D SGM:GameManager: identifyForegroundApp. org.sailyachtresearch.sailinsight, mCurrentUserId: 0, callerUserId: 0
05-18 19:24:17.775  2568  6796 D SGM:PkgDataHelper: getGamePkgData(). org.sailyachtresearch.sailinsight
05-18 19:24:17.789  7582 20020 I HBD     : i [SKE_SPECIFIC] specific model[org.sailyachtresearch.sailinsight] loaded, 23935468 ns
05-18 19:24:17.799  9035  9123 V SoLoader: libreactnativejni.so not found on /data/data/org.sailyachtresearch.sailinsight/lib-main
05-18 19:24:17.799  9035  9123 D SoLoader: libreactnativejni.so found on /data/app/~~V15-Q3Ih18zVQ2UjMXEpgQ==/org.sailyachtresearch.sailinsight-ESRTqsk645u2k1GA4JdryQ==/lib/arm64
05-18 19:24:17.800  9035  9123 D nativeloader: Load /data/app/~~V15-Q3Ih18zVQ2UjMXEpgQ==/org.sailyachtresearch.sailinsight-ESRTqsk645u2k1GA4JdryQ==/lib/arm64/libreactnativejni.so using ns clns-5 from class loader (caller=/data/app/~~V15-Q3Ih18zVQ2UjMXEpgQ==/org.sailyachtresearch.sailinsight-ESRTqsk645u2k1GA4JdryQ==/base.apk): ok
05-18 19:24:17.903  2568  3401 W ActivityTaskManager:   Force finishing activity org.sailyachtresearch.sailinsight/.MainActivity
05-18 19:24:17.903  2568  9163 W ActivityManager: crash : org.sailyachtresearch.sailinsight,10477
05-18 19:24:17.904  2568  3401 D ActivityTaskManager: scheduleTopResumedActivityChanged, onTop=false, r=ActivityRecord{6fad416 u0 org.sailyachtresearch.sailinsight/.MainActivity t8422 f}}, caller=com.android.server.wm.ActivityTaskSupervisor.updateTopResumedActivityIfNeeded:2873 com.android.server.wm.TaskDisplayArea.positionChildTaskAt:569 com.android.server.wm.TaskDisplayArea.positionChildAt:485 com.android.server.wm.WindowContainer.positionChildAt:993 com.android.server.wm.Task.positionChildAt:3373 com.android.server.wm.Task.moveToFront:6140 
05-18 19:24:17.905  2568  3401 V WindowManager: Changing focus from Window{5c5f1e0 u0 org.sailyachtresearch.sailinsight/org.sailyachtresearch.sailinsight.MainActivity} to null displayId=0 Callers=com.android.server.wm.RootWindowContainer.updateFocusedWindowLocked:581 com.android.server.wm.WindowManagerService.updateFocusedWindowLocked:6910 com.android.server.wm.ActivityTaskManagerService.setLastResumedActivityUncheckLocked:6164 com.android.server.wm.ActivityRecord.moveFocusableActivityToTop:4165 
05-18 19:24:17.905  2568  3401 V WindowManager: Collecting in transition 2961: Task{46f3197 #8422 type=standard A=10477:org.sailyachtresearch.sailinsight}, caller=com.android.server.wm.Transition.collect:753 com.android.server.wm.Transition.collectExistenceChange:936 com.android.server.wm.TransitionController.collectExistenceChange:1025 com.android.server.wm.TransitionController.requestCloseTransitionIfNeeded:963 com.android.server.wm.ActivityRecord.finishIfPossible:4361 
05-18 19:24:17.905  2568  3401 D WindowManager: prepareSync <SYNC_STATE_WAITING_FOR_DRAW>, mPrepareSyncSeqId=0, win=Window{5c5f1e0 u0 org.sailyachtresearch.sailinsight/org.sailyachtresearch.sailinsight.MainActivity}
05-18 19:24:17.905  2568  3401 V WindowManager: Collecting in transition 2961: ActivityRecord{6fad416 u0 org.sailyachtresearch.sailinsight/.MainActivity t8422 f}}, caller=com.android.server.wm.Transition.collect:753 com.android.server.wm.TransitionController.collect:975 com.android.server.wm.ActivityRecord.setVisibility:6429 com.android.server.wm.ActivityRecord.setVisibility:6381 com.android.server.wm.ActivityRecord.finishIfPossible:4440 
05-18 19:24:17.905  2568  3401 D WindowManager: VisibleRequested updated, r=ActivityRecord{6fad416 u0 org.sailyachtresearch.sailinsight/.MainActivity t8422 f}}
05-18 19:24:17.919  6630  6630 I SDHMS:BarTender:Gatherer:AppError: update AppError : uid=10477, pkg=org.sailyachtresearch.sailinsight, errorType=crash
05-18 19:24:17.922  6630  6630 I SDHMS:BarTender:Analyzer:AppError: analyze app error : uid=10477, pkg=org.sailyachtresearch.sailinsight, appErrorCount=4
05-18 19:24:17.930  2568  6796 I WindowManager: WIN DEATH: Window{5c5f1e0 u0 org.sailyachtresearch.sailinsight/org.sailyachtresearch.sailinsight.MainActivity}
05-18 19:24:17.930  2568  4013 I ImeTracker: org.sailyachtresearch.sailinsight:ba709dac: onRequestHide at ORIGIN_SERVER_HIDE_INPUT reason HIDE_REMOVE_CLIENT
05-18 19:24:17.930  2568  6796 W InputManager-JNI: Input channel object '5c5f1e0 org.sailyachtresearch.sailinsight/org.sailyachtresearch.sailinsight.MainActivity (client)' was disposed without first being removed with the input manager!
05-18 19:24:17.930  2568  4013 I ImeTracker: org.sailyachtresearch.sailinsight:ba709dac: onCancelled at PHASE_SERVER_SHOULD_HIDE
05-18 19:24:17.930  2568  3401 I ActivityManager: Process org.sailyachtresearch.sailinsight (pid 9035) has died: prcp TOP (771,2242)
05-18 19:24:17.931  2568  6796 V WindowManager: Remove Window{5c5f1e0 u0 org.sailyachtresearch.sailinsight/org.sailyachtresearch.sailinsight.MainActivity}: mSurfaceController=Surface(name=org.sailyachtresearch.sailinsight/org.sailyachtresearch.sailinsight.MainActivity$_9035)/@0xdfada59 mAnimatingExit=false mRemoveOnExit=false mHasSurface=true surfaceShowing=true animating=false app-animation=false mDisplayFrozen=false callers=com.android.server.wm.WindowState$DeathRecipient.binderDied:3698 android.os.IBinder$DeathRecipient.binderDied:325 android.os.BinderProxy.sendDeathNotice:781 <bottom of call stack> <bottom of call stack> <bottom of call stack> 
05-18 19:24:17.933  2568  3401 V WindowManager: Collecting in transition 2961: Task{46f3197 #8422 type=standard A=10477:org.sailyachtresearch.sailinsight}, caller=com.android.server.wm.Transition.collect:753 com.android.server.wm.TransitionController.collect:975 com.android.server.wm.TransitionController.requestCloseTransitionIfNeeded:967 com.android.server.wm.ActivityRecord.handleAppDied:5182 com.android.server.wm.WindowProcessController.handleAppDied:1480 
05-18 19:24:17.933  2568  3401 V WindowManager: Collecting in transition 2961: ActivityRecord{6fad416 u0 org.sailyachtresearch.sailinsight/.MainActivity t8422 f}}, caller=com.android.server.wm.Transition.collect:753 com.android.server.wm.TransitionController.collect:975 com.android.server.wm.ActivityRecord.onRemovedFromDisplay:5272 com.android.server.wm.DisplayContent.removeAppToken:1892 com.android.server.wm.ActivityRecord.removeFromHistory:4899 
05-18 19:24:17.934  2568  4396 D InputDispatcher: Focus left window (0): 5c5f1e0 org.sailyachtresearch.sailinsight/org.sailyachtresearch.sailinsight.MainActivity
05-18 19:24:17.958  2568  2861 W WindowManager: Failed to deliver inset control state change to w=Window{5c5f1e0 u0 org.sailyachtresearch.sailinsight/org.sailyachtresearch.sailinsight.MainActivity EXITING}
05-18 19:24:17.962  2568  2861 V WindowManager: Start calculating TransitionInfo based on participants: {Task{46f3197 #8422 type=standard A=10477:org.sailyachtresearch.sailinsight}, WallpaperWindowToken{64427aa token=android.os.Binder@b9e5a95}, ActivityRecord{6fad416 u0 org.sailyachtresearch.sailinsight/.MainActivity t8422 f} isExiting}, ActivityRecord{d4be286 u0 com.sec.android.app.launcher/.activities.LauncherActivity t8024}}
05-18 19:24:17.962  2568  2861 V WindowManager:   Final targets: [Task{eab5968 #1 type=home}, Task{46f3197 #8422 type=standard A=10477:org.sailyachtresearch.sailinsight}]
05-18 19:24:17.964  1765  1911 D RenderEngine: [SEC_GC_CMN_SF_EFFECTS] drawLayersInternal,1279, Rendering layer org.sailyachtresearch.sailinsight/org.sailyachtresearch.sailinsight.MainActivity$_9035#41139 at index 1
05-18 19:24:17.966  2568  2861 V WindowManager:         {WCT{RemoteToken{34d1650 Task{46f3197 #8422 type=standard A=10477:org.sailyachtresearch.sailinsight}}} m=CLOSE f=NONE leash=Surface(name=Task=8422)/@0x461302 sb=Rect(0, 0 - 1080, 2340) eb=Rect(0, 0 - 1080, 2340) d=0 inset=Rect(0, 0 - 0, 0)}
05-18 19:24:17.967  2568  2856 V WindowManager:         {WCT{RemoteToken{34d1650 Task{46f3197 #8422 type=standard A=10477:org.sailyachtresearch.sailinsight}}} m=CLOSE f=NONE leash=Surface(name=Task=8422)/@0x461302 sb=Rect(0, 0 - 1080, 2340) eb=Rect(0, 0 - 1080, 2340) d=0 inset=Rect(0, 0 - 0, 0)}
05-18 19:24:17.971  4325  4325 I HoneySpace.AppListFastRecyclerViewAdapter: findCloseTarget : 19533, ComponentInfo{org.sailyachtresearch.sailinsight/org.sailyachtresearch.sailinsight.MainActivity}
05-18 19:24:17.973  4325  4325 I AppIconSolution: getThemeIconWithBG called with public API, pkg = org.sailyachtresearch.sailinsight, mode = 48
05-18 19:24:17.973  4325  4325 I AppIconSolution: start to load, pkg=org.sailyachtresearch.sailinsight, bg=192-192, dr=192-192, forDefault=true, density=640
05-18 19:24:17.974  4325  4325 I AppIconSolution: getIconScale, pkg=org.sailyachtresearch.sailinsight, size=192, iconScale=IconScale[alpha=20, scale=1.0, isCrop=true]
05-18 19:24:17.975  4325  4325 I AppIconSolution: default container[CROP], pkg=org.sailyachtresearch.sailinsight, bg=152-152, dr=192-192, isNight = true
05-18 19:24:17.975  4325  4325 I LauncherActivityInfo: packageName: org.sailyachtresearch.sailinsight, useThemeIcon: false, height: 152, width: 152, density: 640
05-18 19:24:17.989  2568  4396 V WindowManager: Setting visibility of Window{5c5f1e0 u0 org.sailyachtresearch.sailinsight/org.sailyachtresearch.sailinsight.MainActivity EXITING}: false, caller=com.android.server.wm.WindowContainer.sendAppVisibilityToClients:1305 com.android.server.wm.WindowToken.setClientVisible:454 com.android.server.wm.ActivityRecord.setClientVisible:8235 com.android.server.wm.ActivityRecord.postApplyAnimation:6766 com.android.server.wm.ActivityRecord.commitVisibility:6709 
05-18 19:24:17.989  2568  4396 W WindowManager: Client process is already killed Window{5c5f1e0 u0 org.sailyachtresearch.sailinsight/org.sailyachtresearch.sailinsight.MainActivity EXITING}
05-18 19:24:17.990  2568  4396 V WindowManager: Remove Window{5c5f1e0 u0 org.sailyachtresearch.sailinsight/org.sailyachtresearch.sailinsight.MainActivity EXITING}: mSurfaceController=Surface(name=org.sailyachtresearch.sailinsight/org.sailyachtresearch.sailinsight.MainActivity$_9035)/@0xdfada59 mAnimatingExit=true mRemoveOnExit=true mHasSurface=true surfaceShowing=true animating=false app-animation=false mDisplayFrozen=false callers=com.android.server.wm.WindowToken.removeAllWindowsIfPossible:258 com.android.server.wm.ActivityRecord.removeIfPossible:5220 com.android.server.wm.ActivityRecord.handleCompleteDeferredRemoval:5227 com.android.server.wm.WindowContainer.handleCompleteDeferredRemoval:1510 com.android.server.wm.TaskFragment.handleCompleteDeferredRemoval:3445 com.android.server.wm.WindowContainer.handleCompleteDeferredRemoval:1510 
05-18 19:24:17.991  2568  4396 V WindowManager: Remove Window{5c5f1e0 u0 org.sailyachtresearch.sailinsight/org.sailyachtresearch.sailinsight.MainActivity EXITING}: mSurfaceController=Surface(name=org.sailyachtresearch.sailinsight/org.sailyachtresearch.sailinsight.MainActivity$_9035)/@0xdfada59 mAnimatingExit=true mRemoveOnExit=true mHasSurface=true surfaceShowing=false animating=false app-animation=false mDisplayFrozen=false callers=com.android.server.wm.WindowToken.removeAllWindowsIfPossible:258 com.android.server.wm.ActivityRecord.removeIfPossible:5220 com.android.server.wm.ActivityRecord.onRemovedFromDisplay:5308 com.android.server.wm.ActivityRecord.removeImmediately:5210 com.android.server.wm.ActivityRecord.removeIfPossible:5221 com.android.server.wm.ActivityRecord.handleCompleteDeferredRemoval:5227 
05-18 19:24:17.991  2568  4396 I WindowManager: Destroying surface Surface(name=org.sailyachtresearch.sailinsight/org.sailyachtresearch.sailinsight.MainActivity$_9035)/@0xdfada59 called by com.android.server.wm.WindowStateAnimator.destroySurface:811 com.android.server.wm.WindowStateAnimator.destroySurfaceLocked:478 com.android.server.wm.WindowState.removeImmediately:2958 com.android.server.wm.WindowState.removeIfPossible:3226 com.android.server.wm.WindowToken.removeAllWindowsIfPossible:258 com.android.server.wm.ActivityRecord.removeIfPossible:5220 com.android.server.wm.ActivityRecord.onRemovedFromDisplay:5308 com.android.server.wm.ActivityRecord.removeImmediately:5210 
05-18 19:24:17.993  1765  2141 I SurfaceFlinger: id=41133 Removed 5882dd8 ActivityRecordInputSink org.sailyachtresearch.sailinsight/.MainActivity#41133 (125)
05-18 19:24:18.001  1765  1765 I Layer   : id=41128 removeFromCurrentState ActivityRecord{6fad416 u0 org.sailyachtresearch.sailinsight/.MainActivity t8422}#41128 (126)
05-18 19:24:18.001  1765  1765 I Layer   : id=41133 removeFromCurrentState 5882dd8 ActivityRecordInputSink org.sailyachtresearch.sailinsight/.MainActivity#41133 (126)
05-18 19:24:18.001  1765  1765 I Layer   : id=41138 removeFromCurrentState 5c5f1e0 org.sailyachtresearch.sailinsight/org.sailyachtresearch.sailinsight.MainActivity#41138 (126)
05-18 19:24:18.001  1765  1765 I Layer   : id=41139 removeFromCurrentState org.sailyachtresearch.sailinsight/org.sailyachtresearch.sailinsight.MainActivity$_9035#41139 (126)
05-18 19:24:18.001  1765  1765 I Layer   : id=41128 addToCurrentState ActivityRecord{6fad416 u0 org.sailyachtresearch.sailinsight/.MainActivity t8422}#41128 (126)
05-18 19:24:18.001  1765  1765 I Layer   : id=41133 addToCurrentState 5882dd8 ActivityRecordInputSink org.sailyachtresearch.sailinsight/.MainActivity#41133 (126)
05-18 19:24:18.001  1765  1765 I Layer   : id=41138 addToCurrentState 5c5f1e0 org.sailyachtresearch.sailinsight/org.sailyachtresearch.sailinsight.MainActivity#41138 (126)
05-18 19:24:18.001  1765  1765 I Layer   : id=41139 addToCurrentState org.sailyachtresearch.sailinsight/org.sailyachtresearch.sailinsight.MainActivity$_9035#41139 (126)
05-18 19:24:18.002  1765  1765 I Layer   : Layer [ActivityRecord{6fad416 u0 org.sailyachtresearch.sailinsight/.MainActivity t8422}#41128] hidden!! flag(1)
05-18 19:24:18.002  1765  1765 I Layer   : Layer [org.sailyachtresearch.sailinsight/org.sailyachtresearch.sailinsight.MainActivity$_9035#41139] hidden!! flag(1)
05-18 19:24:18.002  1765  1765 I Layer   : Layer::reparent [org.sailyachtresearch.sailinsight/org.sailyachtresearch.sailinsight.MainActivity$_9035#41139] newParentHandle : null -------------------------
05-18 19:24:18.002  1765  1765 I Layer   : id=41139 removeFromCurrentState org.sailyachtresearch.sailinsight/org.sailyachtresearch.sailinsight.MainActivity$_9035#41139 (126)
05-18 19:24:18.002  1765  1765 I Layer   : Layer::reparent [org.sailyachtresearch.sailinsight/org.sailyachtresearch.sailinsight.MainActivity$_9035#41139] End -------------------------
05-18 19:24:18.002  1765  1765 I Layer   : Layer::reparent [5c5f1e0 org.sailyachtresearch.sailinsight/org.sailyachtresearch.sailinsight.MainActivity#41138] newParentHandle : null -------------------------
05-18 19:24:18.002  1765  1765 I Layer   : id=41138 removeFromCurrentState 5c5f1e0 org.sailyachtresearch.sailinsight/org.sailyachtresearch.sailinsight.MainActivity#41138 (126)
05-18 19:24:18.002  1765  1765 I Layer   : Layer::reparent [5c5f1e0 org.sailyachtresearch.sailinsight/org.sailyachtresearch.sailinsight.MainActivity#41138] End -------------------------
05-18 19:24:18.002  1765  1765 I Layer   : Layer::reparent [ActivityRecord{6fad416 u0 org.sailyachtresearch.sailinsight/.MainActivity t8422}#41128] newParentHandle : null -------------------------
05-18 19:24:18.002  1765  1765 I Layer   : id=41128 removeFromCurrentState ActivityRecord{6fad416 u0 org.sailyachtresearch.sailinsight/.MainActivity t8422}#41128 (126)
05-18 19:24:18.002  1765  1765 I Layer   : id=41133 removeFromCurrentState 5882dd8 ActivityRecordInputSink org.sailyachtresearch.sailinsight/.MainActivity#41133 (126)
05-18 19:24:18.002  1765  1765 I Layer   : Layer::reparent [ActivityRecord{6fad416 u0 org.sailyachtresearch.sailinsight/.MainActivity t8422}#41128] End -------------------------
05-18 19:24:18.002  1765  1765 I SurfaceFlinger: id=41138 Removed 5c5f1e0 org.sailyachtresearch.sailinsight/org.sailyachtresearch.sailinsight.MainActivity#41138 (126)
05-18 19:24:18.002  1765  1765 I SurfaceFlinger: id=41139 Removed org.sailyachtresearch.sailinsight/org.sailyachtresearch.sailinsight.MainActivity$_9035#41139 (126)
05-18 19:24:18.002  1765  1765 I SurfaceFlinger: id=41128 Removed ActivityRecord{6fad416 u0 org.sailyachtresearch.sailinsight/.MainActivity t8422}#41128 (126)
05-18 19:24:18.018  1765  1765 I Layer   : id=41138 Destroyed 5c5f1e0 org.sailyachtresearch.sailinsight/org.sailyachtresearch.sailinsight.MainActivity#41138
05-18 19:24:18.018  1765  1765 I Layer   : id=41139 Destroyed org.sailyachtresearch.sailinsight/org.sailyachtresearch.sailinsight.MainActivity$_9035#41139
05-18 19:24:18.018  1765  1765 I Layer   : id=41128 Destroyed ActivityRecord{6fad416 u0 org.sailyachtresearch.sailinsight/.MainActivity t8422}#41128
05-18 19:24:18.018  1765  1765 I Layer   : id=41133 Destroyed 5882dd8 ActivityRecordInputSink org.sailyachtresearch.sailinsight/.MainActivity#41133
05-18 19:24:18.976  2568  3880 I Pageboost: start alp : org.sailyachtresearch.sailinsight
05-18 19:24:18.977  2568  3883 I Pageboost: alp for : org.sailyachtresearch.sailinsight , 0
05-18 19:24:18.977  2568  2860 I ChimeraSystemEventListener: appLaunchIntent package name is: org.sailyachtresearch.sailinsight
05-18 19:24:18.991  4000  4068 D ShellStartingWindow: preload Icon org.sailyachtresearch.sailinsight
05-18 19:24:18.997  2568  3138 I ActivityManager: Start proc 9185:org.sailyachtresearch.sailinsight/u0a477 for activelaunch {org.sailyachtresearch.sailinsight/org.sailyachtresearch.sailinsight.MainActivity}
05-18 19:24:19.026  2568  2860 I ChimeraSystemEventListener: appLaunchIntent package name is: org.sailyachtresearch.sailinsight
05-18 19:24:19.026  2568  4396 I Pageboost: onAppLaunch : org.sailyachtresearch.sailinsight
05-18 19:24:19.028  2568  4396 V WindowManager: Collecting in transition 2962: ActivityRecord{479a8ad u0 org.sailyachtresearch.sailinsight/.MainActivity, caller=com.android.server.wm.Transition.collect:753 com.android.server.wm.TransitionController.collect:975 com.android.server.wm.ActivityStarter.startActivityUnchecked:2407 com.android.server.wm.ActivityStarter.executeRequest:1959 com.android.server.wm.ActivityStarter.execute:1075 
05-18 19:24:19.028  2568  4396 D ActivityTaskManager: TaskLaunchParamsModifier:task=null activity=ActivityRecord{479a8ad u0 org.sailyachtresearch.sailinsight/.MainActivity t-1} display-from-option=0 display-id=0 task-display-area-windowing-mode=1 suggested-display-area=DefaultTaskDisplayArea_d0@231382683
05-18 19:24:19.028  2568  4396 D ActivityTaskManager: TaskLaunchParamsModifier:task=null activity=ActivityRecord{479a8ad u0 org.sailyachtresearch.sailinsight/.MainActivity t-1} display-from-option=0 display-id=0 task-display-area-windowing-mode=1 suggested-display-area=DefaultTaskDisplayArea_d0@231382683 inherit-from-source=fullscreen non-freeform-task-display-area display-area=DefaultTaskDisplayArea_d0@231382683 default-portrait freeform-size-mismatch=Rect(81, 553 - 999, 1723)
05-18 19:24:19.029  2568  4396 D ActivityTaskManager: TaskLaunchParamsModifier:task=Task{bffb7e2 #8423 type=standard A=10477:org.sailyachtresearch.sailinsight} activity=ActivityRecord{479a8ad u0 org.sailyachtresearch.sailinsight/.MainActivity t-1} display-from-option=0 display-id=0 task-display-area-windowing-mode=1 suggested-display-area=DefaultTaskDisplayArea_d0@231382683 inherit-from-source=fullscreen non-freeform-task-display-area display-area=DefaultTaskDisplayArea_d0@231382683 default-portrait freeform-size-mismatch=Rect(81, 553 - 999, 1723)
05-18 19:24:19.029  2568  4396 V WindowManager: Collecting in transition 2962: Task{bffb7e2 #8423 type=standard A=10477:org.sailyachtresearch.sailinsight}, caller=com.android.server.wm.Transition.collect:753 com.android.server.wm.Transition.collectExistenceChange:936 com.android.server.wm.TransitionController.collectExistenceChange:1025 com.android.server.wm.ActivityStarter.setNewTask:4833 com.android.server.wm.ActivityStarter.startActivityInner:3041 
05-18 19:24:19.030  1765  2141 I SurfaceFlinger: id=41156 createSurf, flag=84004, ActivityRecord{479a8ad u0 org.sailyachtresearch.sailinsight/.MainActivity t8423}#41156
05-18 19:24:19.031  2568  4396 D ActivityTaskManager: Add starting ActivityRecord{479a8ad u0 org.sailyachtresearch.sailinsight/.MainActivity t8423}: typeParam=139 startingData=com.android.server.wm.SplashScreenStartingData@5607630
05-18 19:24:19.031  2568  4396 V WindowManager: Added starting ActivityRecord{479a8ad u0 org.sailyachtresearch.sailinsight/.MainActivity t8423}: startingWindow=null startingView=com.android.server.wm.StartingSurfaceController$StartingSurface@73522a9
05-18 19:24:19.031  2568  4396 V WindowManager: Collecting in transition 2962: ActivityRecord{479a8ad u0 org.sailyachtresearch.sailinsight/.MainActivity t8423}, caller=com.android.server.wm.Transition.collect:753 com.android.server.wm.Transition.collectExistenceChange:936 com.android.server.wm.TransitionController.collectExistenceChange:1025 com.android.server.wm.ActivityStarter.handleStartResult:2632 com.android.server.wm.ActivityStarter.startActivityUnchecked:2415 
05-18 19:24:19.032  2568  4396 I ActivityTaskManager: START u0 {act=android.intent.action.MAIN cat=[android.intent.category.LAUNCHER] flg=0x10200000 cmp=org.sailyachtresearch.sailinsight/.MainActivity bnds=[38,1758][289,2052]} with LAUNCH_SINGLE_TASK from uid 10136 (BAL_ALLOW_ALLOWLISTED_COMPONENT) result code=0
05-18 19:24:19.032  4000  4056 V WindowManagerShell: Transition requested: android.os.BinderProxy@5de1bff TransitionRequestInfo { type = OPEN, triggerTask = TaskInfo{userId=0 taskId=8423 displayId=0 isRunning=true baseIntent=Intent { act=android.intent.action.MAIN cat=[android.intent.category.LAUNCHER] flg=0x10200000 cmp=org.sailyachtresearch.sailinsight/.MainActivity } baseActivity=ComponentInfo{org.sailyachtresearch.sailinsight/org.sailyachtresearch.sailinsight.MainActivity} topActivity=ComponentInfo{org.sailyachtresearch.sailinsight/org.sailyachtresearch.sailinsight.MainActivity} origActivity=null realActivity=ComponentInfo{org.sailyachtresearch.sailinsight/org.sailyachtresearch.sailinsight.MainActivity} numActivities=1 lastActiveTime=261021648 supportsMultiWindow=true resizeMode=1 isResizeable=true minWidth=-1 minHeight=-1 maxWidth=-1 maxHeight=-1 defaultMinSize=220 token=WCT{android.window.IWindowContainerToken$Stub$Proxy@253cdcc} topActivityType=1 pictureInPictureParams=null shouldDockBigOverlays=false launchIntoPipHostTaskId=-1 lastParentTaskIdBeforePip=-1 displayCutoutSafeInsets=Rect(0, 81 - 0, 0) topActivityInfo=ActivityInfo{e2af815 org.sailyachtresearch.sailinsight.MainActivity} launchCookies=[android.os.BinderProxy@520372a] positionInParent=Point(0, 0) parentTaskId=-1 isFocused=false isVisible=false isVisibleRequested=false isSleeping=false topActivityInSizeCompat=false topActivityEligibleForLetterboxEducation= false topActivityLetterboxed= false isFromDoubleTap= false topActivityLetterboxVerticalPosition= -1 topActivityLetterboxHorizontalPosition= -1 topActivityLetterboxWidth=-1 topActivityLetterboxHeight=-1 locusId=null displayAreaFeatureId=1 cameraCompatControlState=hidden originallySupportedMultiWindow=true hasWallpaper=false topActivityInFixedAspectRatio=false rootAffinity=10477:org.sailyachtresearch.sailinsight topActivityInDisplayCompat=false topActivityInBoundsCompat=false topActivityBounds=null singleTapFromLetterbox=false isTopTaskInStage=false topActivityUiMode=33 CoverLauncherWidgetTask=false CoverScreenTask=false isAllowedSeamlessRotation=false isTopTransparentActivity=false hasPopOver=false}, remoteTransition = RemoteTransition { remoteTransition = android.window.IRemoteTransition$Stub$Proxy@402791b, appThread = android.app.IApplicationThread$Stub$Proxy@bd5fab8, debugName = QuickstepLaunch }, displayChange = null }
05-18 19:24:19.033  4325  4639 I HoneySpace.SALoggingUtils: SA Logging screenID: 201 eventId: 1001 detail: {PackageName=org.sailyachtresearch.sailinsight, det=3} value: -1
05-18 19:24:19.033  4325 25820 I HoneySpace.SuggestedAppsRepositoryImpl: sendSuggestedAppsLaunchTarget: ComponentInfo{org.sailyachtresearch.sailinsight/org.sailyachtresearch.sailinsight.MainActivity}
05-18 19:24:19.034  2568  7333 V WindowManager: Collecting in transition 2962: ActivityRecord{479a8ad u0 org.sailyachtresearch.sailinsight/.MainActivity t8423}, caller=com.android.server.wm.Transition.collect:753 com.android.server.wm.TransitionController.collect:975 com.android.server.wm.ActivityRecord.setVisibility:6429 com.android.server.wm.ActivityRecord.setVisibility:6381 com.android.server.wm.EnsureActivitiesVisibleHelper.makeVisibleAndRestartIfNeeded:338 
05-18 19:24:19.036  4325  4679 I HoneySpace.TopTaskUseCase: topTasks 8423 ComponentInfo{org.sailyachtresearch.sailinsight/org.sailyachtresearch.sailinsight.MainActivity}
05-18 19:24:19.042  2568  7333 D WindowManager: prepareSync <SYNC_STATE_WAITING_FOR_DRAW>, mPrepareSyncSeqId=0, win=Window{65c613a u0 Splash Screen org.sailyachtresearch.sailinsight}
05-18 19:24:19.042  1765  4405 I SurfaceFlinger: id=41157 createSurf, flag=84004, 65c613a Splash Screen org.sailyachtresearch.sailinsight#41157
05-18 19:24:19.042  2568  7333 V WindowManager: addWindow: ActivityRecord{479a8ad u0 org.sailyachtresearch.sailinsight/.MainActivity t8423} startingWindow=Window{65c613a u0 Splash Screen org.sailyachtresearch.sailinsight}
05-18 19:24:19.043  2568  7333 D WindowManager: rotationForOrientation, orientationSource=ActivityRecord{479a8ad u0 org.sailyachtresearch.sailinsight/.MainActivity t8423}
05-18 19:24:19.043  4000  4067 I InsetsController: onStateChanged: host=Splash Screen org.sailyachtresearch.sailinsight, from=android.view.ViewRootImpl.setView:1797, state=InsetsState: {mDisplayFrame=Rect(0, 0 - 1080, 2340), mDisplayCutout=DisplayCutout{insets=Rect(0, 81 - 0, 0) waterfall=Insets{left=0, top=0, right=0, bottom=0} boundingRect={Bounds=[Rect(0, 0 - 0, 0), Rect(512, 0 - 568, 81), Rect(0, 0 - 0, 0), Rect(0, 0 - 0, 0)]} cutoutPathParserInfo={CutoutPathParserInfo{displayWidth=1080 displayHeight=2340 physicalDisplayWidth=1080 physicalDisplayHeight=2340 density={3.0} cutoutSpec={M 0,0 H -9.333333333333333‬ V 27 H 9.333333333333333‬ V 0 H 0 Z @dp} rotation={0} scale={1.0} physicalPixelDisplaySizeRatio={1.0}}}}, mRoundedCorners=RoundedCorners{[RoundedCorner{position=TopLeft, radius=102, center=Point(102, 102)}, RoundedCorner{position=TopRight, radius=102, center=Point(978, 102)}, RoundedCorner{position=BottomRight, radius=102, center=Point(978, 2238)}, RoundedCorner{position=BottomLeft, radius=102, center=Point(102, 2238)}]}  mRoundedCornerFrame=Rect(0, 0 - 1080, 2340), mPrivacyIndicatorBounds=PrivacyIndicatorBounds {static bounds=Rect(948, 0 - 1080, 81) rotation=0}, mDisplayShape=DisplayShape{ spec=-311912193 displayWidth=1080 displayHeight=2340 physicalPixelDisplaySizeRatio=1.0 rotation=0 offsetX=0 offsetY=0 scale=1.0}, mSources= { InsetsSource: {c52a0001 mType=navigationBars mFrame=[0,2196][1080,2340] mVisible=true mFlags=[]}, InsetsSource: {c52a0004 mType=systemGestures mFrame=[0,0][0,0] mVisible=true mFlags=[]}, InsetsSource: {c52a0005 mType=mandatorySystemGestures mFrame=[0,2196][1080,2340] mVisible=true mFlags=[]}, InsetsSource: {c52a0006 mType=tappableElement mFrame=[0,2196][1080,2340] mVisible=true mFlags=[]}, InsetsSource: {c52a0024 mType=systemGestures mFrame=[0,0][0,0] mVisible=true mFlags=[]}, InsetsSource: {3 mType=ime mFrame=[0,0][0,0] mVisible=false mFlags=[]}, InsetsSource: {27 mType=displayCutout mFrame=[0,0][1080,81] mVisible=true mFlags=[]}, InsetsSource: {651f0000 mType=statusBars mFrame=[0,0][1080,81] mVisible=true mFlags=[]}, InsetsSource: {651f0005 mType=mandatorySystemGestures mFrame=[0,0][1080,117] mVisible=true mFlags=[]}, InsetsSource: {651f0006 mType=tappableElement mFrame=[0,0][1080,81] mVisible=true mFlags=[]} }
05-18 19:24:19.052  2568  7333 D WindowManager: rotationForOrientation, orientationSource=ActivityRecord{479a8ad u0 org.sailyachtresearch.sailinsight/.MainActivity t8423}
05-18 19:24:19.052  2568  7333 D WindowManager: rotationForOrientation, orientationSource=ActivityRecord{479a8ad u0 org.sailyachtresearch.sailinsight/.MainActivity t8423}
05-18 19:24:19.052  2568  7333 D WindowManager: rotationForOrientation, orientationSource=ActivityRecord{479a8ad u0 org.sailyachtresearch.sailinsight/.MainActivity t8423}
05-18 19:24:19.052  2568  7333 V WindowManager: Collecting in transition 2962: ActivityRecord{479a8ad u0 org.sailyachtresearch.sailinsight/.MainActivity t8423}, caller=com.android.server.wm.Transition.collect:753 com.android.server.wm.TransitionController.collect:975 com.android.server.wm.ActivityRecord.setVisibility:6429 com.android.server.wm.ActivityRecord.setVisibility:6381 com.android.server.wm.ActivityTaskSupervisor.realStartActivityLocked:965 
05-18 19:24:19.052  2568  7333 D SGM:PkgDataHelper: notifyAppCreate(), pkgName: org.sailyachtresearch.sailinsight, userId: 0, sendRet: true
05-18 19:24:19.053  2568  7333 D SGM:FgCheckThread:   sendRunningComponentFocus(), pkgName: org.sailyachtresearch.sailinsight, userId: 0
05-18 19:24:19.053  2568  7333 D InputDispatcher: Focused application(0): ActivityRecord{479a8ad u0 org.sailyachtresearch.sailinsight/.MainActivity t8423}
05-18 19:24:19.054  2568  7333 D SGM:FgCheckThread:   sendRunningComponentFocus(), pkgName: org.sailyachtresearch.sailinsight, userId: 0
05-18 19:24:19.054  2568  3556 D SGM:FgCheckThread: onLooperPrepared(), msg: MSG_APP_CREATE, pkgName: org.sailyachtresearch.sailinsight, userId: 0
05-18 19:24:19.054  2568  3556 D SGM:FgCheckThread: onLooperPrepared(), msg: MSG_TASK_FOCUSED, pkgName: org.sailyachtresearch.sailinsight, userId: 0
05-18 19:24:19.055  2568  7333 D ActivityTaskManager: scheduleTopResumedActivityChanged, onTop=true, r=ActivityRecord{479a8ad u0 org.sailyachtresearch.sailinsight/.MainActivity t8423}, caller=com.android.server.wm.ActivityTaskSupervisor.scheduleTopResumedActivityStateIfNeeded:2904 com.android.server.wm.ActivityTaskSupervisor.updateTopResumedActivityIfNeeded:2896 com.android.server.wm.TaskFragment.setResumedActivity:580 com.android.server.wm.TaskFragment.onActivityStateChanged:904 com.android.server.wm.ActivityRecord.setState:6892 com.android.server.wm.Task.minimalResumeActivityLocked:6255 
05-18 19:24:19.055  2568  3556 D SGM:FgCheckThread:   handleTaskFocused(), pkgName: org.sailyachtresearch.sailinsight, userID:0
05-18 19:24:19.055  2568  3556 D SGM:FgCheckThread:   handleResume(). pkgName: org.sailyachtresearch.sailinsight, userId: 0, isTunableApp: null
05-18 19:24:19.055  2568  3556 D SGM:FgCheckThread: notifyFocusInOut(). of pkg: org.sailyachtresearch.sailinsight, type: 4, isTunableApp: false, userId: 0
05-18 19:24:19.055  2568  7333 V WindowManager: Collecting in transition 2962: ActivityRecord{479a8ad u0 org.sailyachtresearch.sailinsight/.MainActivity t8423}, caller=com.android.server.wm.Transition.collect:753 com.android.server.wm.TransitionController.collect:975 com.android.server.wm.ActivityRecord.setVisibility:6429 com.android.server.wm.ActivityRecord.setVisibility:6381 com.android.server.wm.ActivityRecord.completeResumeLocked:7499 
05-18 19:24:19.055  2568  7333 D WindowManagerServiceExt: notifyOccludeChangeNotice: cn=ComponentInfo{org.sailyachtresearch.sailinsight/org.sailyachtresearch.sailinsight.MainActivity} occludesParent=true isInSplitScreenMode=false styleFloating=false caller=com.android.server.wm.ActivityRecord.completeResumeLocked:7556 com.android.server.wm.Task.minimalResumeActivityLocked:6256 com.android.server.wm.ActivityTaskSupervisor.realStartActivityLocked:1187 com.android.server.wm.RootWindowContainer$AttachApplicationHelper.test:4369 com.android.server.wm.RootWindowContainer$AttachApplicationHelper.test:4305 
05-18 19:24:19.060  2568  6796 V WindowManager: Relayout Window{65c613a u0 Splash Screen org.sailyachtresearch.sailinsight}: viewVisibility=0 req=1080x2340 ty=3 d0
05-18 19:24:19.061  1765  4405 I SurfaceFlinger: id=41158 createSurf, flag=44004, Splash Screen org.sailyachtresearch.sailinsight$_4000#41158
05-18 19:24:19.061  2568  6796 D WindowManager: makeSurface duration=0 name=Splash Screen org.sailyachtresearch.sailinsight$_4000
05-18 19:24:19.062  2568  6796 D WindowManager: SyncGroup 2962:  Unfinished container: Task{bffb7e2 #8423 type=standard A=10477:org.sailyachtresearch.sailinsight} mSyncState=2
05-18 19:24:19.063  2568  4373 D CoreBackPreview: Window{65c613a u0 Splash Screen org.sailyachtresearch.sailinsight}: Setting back callback OnBackInvokedCallbackInfo{mCallback=android.window.IOnBackInvokedCallback$Stub$Proxy@5ab224, mPriority=0, mIsAnimationCallback=false}
05-18 19:24:19.063  2568  2860 D SGM:GameManager: identifyGamePackage. org.sailyachtresearch.sailinsight, mCurrentUserId: 0, callerUserId: 0, callingMethodInfo: com.samsung.android.game.SemGameManager.isGamePackage(SemGameManager.java:111)
05-18 19:24:19.063  2568  2860 D SGM:PkgDataHelper: getGamePkgData(). org.sailyachtresearch.sailinsight
05-18 19:24:19.063  2568  2860 D SGM:SemGameManager: isGamePackage(), pkgName=org.sailyachtresearch.sailinsight, ret=false
05-18 19:24:19.065  2568  7333 D SGM:GameManager: identifyForegroundApp. org.sailyachtresearch.sailinsight, mCurrentUserId: 0, callerUserId: 0
05-18 19:24:19.065  2568  7333 D SGM:PkgDataHelper: getGamePkgData(). org.sailyachtresearch.sailinsight
05-18 19:24:19.066  2568  2860 I GameSDK@LifeCycle: noteResumeComponent(): package name  : org.sailyachtresearch.sailinsight
05-18 19:24:19.066  2568  2860 D SGM:FgCheckThread: noteResumeComponent(), received pkgName: org.sailyachtresearch.sailinsight, userId: 0
05-18 19:24:19.066  2568  3556 D SGM:FgCheckThread: onLooperPrepared(), msg: MSG_APP_RESUME, pkgName: org.sailyachtresearch.sailinsight, userid: 0
05-18 19:24:19.067  2568  3556 D SGM:FgCheckThread:   handleResume(). pkgName: org.sailyachtresearch.sailinsight, userId: 0, isTunableApp: null
05-18 19:24:19.067  2568  3556 D SGM:FgCheckThread: notifyFocusInOut(). of pkg: org.sailyachtresearch.sailinsight, type: 4, isTunableApp: false, userId: 0
05-18 19:24:19.069  2568  4373 I AppsFilter: interaction: PackageSetting{6b99db0 org.sailyachtresearch.sailinsight/10477} -> PackageSetting{f942f3c com.amazon.mShop.android.shopping/10250} BLOCKED
05-18 19:24:19.069  9185  9185 D nativeloader: Configuring clns-4 for other apk /system/framework/org.apache.http.legacy.jar. target_sdk_version=33, uses_libraries=ALL, library_path=/data/app/~~V15-Q3Ih18zVQ2UjMXEpgQ==/org.sailyachtresearch.sailinsight-ESRTqsk645u2k1GA4JdryQ==/lib/arm64:/data/app/~~V15-Q3Ih18zVQ2UjMXEpgQ==/org.sailyachtresearch.sailinsight-ESRTqsk645u2k1GA4JdryQ==/base.apk!/lib/arm64-v8a, permitted_path=/data:/mnt/expand:/data/user/0/org.sailyachtresearch.sailinsight
05-18 19:24:19.069  2568  4373 I AppsFilter: interaction: PackageSetting{6b99db0 org.sailyachtresearch.sailinsight/10477} -> PackageSetting{ce494c5 co.dialogue.patient.sunlife/10332} BLOCKED
05-18 19:24:19.069  2568  4373 I AppsFilter: interaction: PackageSetting{6b99db0 org.sailyachtresearch.sailinsight/10477} -> PackageSetting{8058e1a com.android.cts.priv.ctsshim/10268} BLOCKED
05-18 19:24:19.069  2568  4373 I AppsFilter: interaction: PackageSetting{6b99db0 org.sailyachtresearch.sailinsight/10477} -> PackageSetting{dc59d4b com.sec.vsim.ericssonnsds.webapp/10088} BLOCKED
05-18 19:24:19.069  2568  4373 I AppsFilter: interaction: PackageSetting{6b99db0 org.sailyachtresearch.sailinsight/10477} -> PackageSetting{6130328 com.google.android.youtube/10247} BLOCKED
05-18 19:24:19.069  2568  4373 I AppsFilter: interaction: PackageSetting{6b99db0 org.sailyachtresearch.sailinsight/10477} -> PackageSetting{9feb841 com.samsung.android.themestore/10131} BLOCKED
05-18 19:24:19.069  2568  4373 I AppsFilter: interaction: PackageSetting{6b99db0 org.sailyachtresearch.sailinsight/10477} -> PackageSetting{3734922 com.android.internal.display.cutout.emulation.corner/10004} BLOCKED
05-18 19:24:19.069  2568  4373 I AppsFilter: interaction: PackageSetting{6b99db0 org.sailyachtresearch.sailinsight/10477} -> PackageSetting{aaaafb3 com.android.internal.display.cutout.emulation.double/10005} BLOCKED
05-18 19:24:19.069  2568  4373 I AppsFilter: interaction: PackageSetting{6b99db0 org.sailyachtresearch.sailinsight/10477} -> PackageSetting{de71e6 com.sec.location.nfwlocationprivacy/10180} BLOCKED
05-18 19:24:19.069  2568  4373 I AppsFilter: interaction: PackageSetting{6b99db0 org.sailyachtresearch.sailinsight/10477} -> PackageSetting{1f70260 com.microsoft.appmanager/10138} BLOCKED
05-18 19:24:19.069  2568  4373 I AppsFilter: interaction: PackageSetting{6b99db0 org.sailyachtresearch.sailinsight/10477} -> PackageSetting{f2929d4 com.google.android.googlequicksearchbox/10231} BLOCKED
05-18 19:24:19.069  2568  4373 I AppsFilter: interaction: PackageSetting{6b99db0 org.sailyachtresearch.sailinsight/10477} -> PackageSetting{d3d977d com.kwindoo.application/10424} BLOCKED
05-18 19:24:19.069  2568  4373 I AppsFilter: interaction: PackageSetting{6b99db0 org.sailyachtresearch.sailinsight/10477} -> PackageSetting{f0fc672 com.sap.sailing.racecommittee.app/10469} BLOCKED
05-18 19:24:19.069  2568  4373 I AppsFilter: interaction: PackageSetting{6b99db0 org.sailyachtresearch.sailinsight/10477} -> PackageSetting{b542ce3 com.google.android.apps.googleassistant/10314} BLOCKED
05-18 19:24:19.069  2568  4373 I AppsFilter: interaction: PackageSetting{6b99db0 org.sailyachtresearch.sailinsight/10477} -> PackageSetting{6d90f40 com.google.android.apps.docs.editors.docs/10459} BLOCKED
05-18 19:24:19.069  2568  4373 I AppsFilter: interaction: PackageSetting{6b99db0 org.sailyachtresearch.sailinsight/10477} -> PackageSetting{8912e79 com.google.android.onetimeinitializer/10220} BLOCKED
05-18 19:24:19.069  2568  4373 I AppsFilter: interaction: PackageSetting{6b99db0 org.sailyachtresearch.sailinsight/10477} -> PackageSetting{c8fd7be com.google.android.ext.shared/10166} BLOCKED
05-18 19:24:19.069  2568  4373 I AppsFilter: interaction: PackageSetting{6b99db0 org.sailyachtresearch.sailinsight/10477} -> PackageSetting{c1f1688 com.android.internal.systemui.navbar.gestural_wide_back/10025} BLOCKED
05-18 19:24:19.069  2568  4373 I AppsFilter: interaction: PackageSetting{6b99db0 org.sailyachtresearch.sailinsight/10477} -> PackageSetting{7eef01f com.android.virtualmachine.res/10363} BLOCKED
05-18 19:24:19.069  2568  4373 I AppsFilter: interaction: PackageSetting{6b99db0 org.sailyachtresearch.sailinsight/10477} -> PackageSetting{4dfdf6c com.ringapp/10378} BLOCKED
05-18 19:24:19.069  2568  4373 I AppsFilter: interaction: PackageSetting{6b99db0 org.sailyachtresearch.sailinsight/10477} -> PackageSetting{2ed3935 com.roku.remote/10354} BLOCKED
05-18 19:24:19.069  2568  4373 I AppsFilter: interaction: PackageSetting{6b99db0 org.sailyachtresearch.sailinsight/10477} -> PackageSetting{a6db1ca com.mobi2go.fatburger/10414} BLOCKED
05-18 19:24:19.069  2568  4373 I AppsFilter: interaction: PackageSetting{6b99db0 org.sailyachtresearch.sailinsight/10477} -> PackageSetting{91c6f3b com.google.android.server.deviceconfig.resources/10069} BLOCKED
05-18 19:24:19.069  2568  4373 I AppsFilter: interaction: PackageSetting{6b99db0 org.sailyachtresearch.sailinsight/10477} -> PackageSetting{da18658 co.faria.mobilemanagebac/10383} BLOCKED
