05-18 19:24:17.528  2568  4664 I AppsFilter: interaction: PackageSetting{6b99db0 org.sailyachtresearch.sailinsight/10477} -> PackageSetting{7eef01f com.android.virtualmachine.res/10363} BLOCKED
05-18 19:24:17.528  2568  4664 I AppsFilter: interaction: PackageSetting{6b99db0 org.sailyachtresearch.sailinsight/10477} -> PackageSetting{4dfdf6c com.ringapp/10378} BLOCKED
05-18 19:24:17.528  2568  4664 I AppsFilter: interaction: PackageSetting{6b99db0 org.sailyachtresearch.sailinsight/10477} -> PackageSetting{2ed3935 com.roku.remote/10354} BLOCKED
05-18 19:24:17.528  2568  4664 I AppsFilter: interaction: PackageSetting{6b99db0 org.sailyachtresearch.sailinsight/10477} -> PackageSetting{a6db1ca com.mobi2go.fatburger/10414} BLOCKED
05-18 19:24:17.528  2568  4664 I AppsFilter: interaction: PackageSetting{6b99db0 org.sailyachtresearch.sailinsight/10477} -> PackageSetting{91c6f3b com.google.android.server.deviceconfig.resources/10069} BLOCKED
05-18 19:24:17.528  2568  4664 I AppsFilter: interaction: PackageSetting{6b99db0 org.sailyachtresearch.sailinsight/10477} -> PackageSetting{da18658 co.faria.mobilemanagebac/10383} BLOCKED
05-18 19:24:17.528  2568  4664 I AppsFilter: interaction: PackageSetting{6b99db0 org.sailyachtresearch.sailinsight/10477} -> PackageSetting{4c533b1 com.whatsapp/10341} BLOCKED
05-18 19:24:17.528  2568  4664 I AppsFilter: interaction: PackageSetting{6b99db0 org.sailyachtresearch.sailinsight/10477} -> PackageSetting{99d2096 com.google.android.apps.docs.editors.sheets/10356} BLOCKED
05-18 19:24:17.528  2568  4664 I AppsFilter: interaction: PackageSetting{6b99db0 org.sailyachtresearch.sailinsight/10477} -> PackageSetting{1d8c417 com.google.android.apps.authenticator2/10461} BLOCKED
05-18 19:24:17.528  2568  4664 I AppsFilter: interaction: PackageSetting{6b99db0 org.sailyachtresearch.sailinsight/10477} -> PackageSetting{5d4b004 com.diotek.sec.lookup.dictionary/10160} BLOCKED
05-18 19:24:17.528  2568  4664 I AppsFilter: interaction: PackageSetting{6b99db0 org.sailyachtresearch.sailinsight/10477} -> PackageSetting{4859ed com.google.android.health.connect.backuprestore/10362} BLOCKED
05-18 19:24:17.528  2568  4664 I AppsFilter: interaction: PackageSetting{6b99db0 org.sailyachtresearch.sailinsight/10477} -> PackageSetting{482b022 com.google.android.apps.messaging/10229} BLOCKED
05-18 19:24:17.528  2568  4664 I AppsFilter: interaction: PackageSetting{6b99db0 org.sailyachtresearch.sailinsight/10477} -> PackageSetting{99b8ab3 com.alltrails.alltrails/10440} BLOCKED
05-18 19:24:17.528  2568  4664 I AppsFilter: interaction: PackageSetting{6b99db0 org.sailyachtresearch.sailinsight/10477} -> PackageSetting{78cd62a com.android.internal.systemui.onehanded.gestural/10028} BLOCKED
05-18 19:24:17.528  2568  4664 I AppsFilter: interaction: PackageSetting{6b99db0 org.sailyachtresearch.sailinsight/10477} -> PackageSetting{4eec870 com.monotype.android.font.foundation/10164} BLOCKED
05-18 19:24:17.528  2568  4664 I AppsFilter: interaction: PackageSetting{6b99db0 org.sailyachtresearch.sailinsight/10477} -> PackageSetting{15da7e9 com.sec.android.widgetapp.easymodecontactswidget/10163} BLOCKED
05-18 19:24:17.528  2568  4664 I AppsFilter: interaction: PackageSetting{6b99db0 org.sailyachtresearch.sailinsight/10477} -> PackageSetting{53fac6e com.victoriataxi.passengerapp/10388} BLOCKED
05-18 19:24:17.528  2568  4664 I AppsFilter: interaction: PackageSetting{6b99db0 org.sailyachtresearch.sailinsight/10477} -> PackageSetting{dba1f0f com.sec.android.app.samsungapps/10076} BLOCKED
05-18 19:24:17.528  2568  4664 I AppsFilter: interaction: PackageSetting{6b99db0 org.sailyachtresearch.sailinsight/10477} -> PackageSetting{24ffb9c com.uhaul.android.myuhaul/10445} BLOCKED
05-18 19:24:17.528  2568  4664 I AppsFilter: interaction: PackageSetting{6b99db0 org.sailyachtresearch.sailinsight/10477} -> PackageSetting{15fd9a5 com.google.android.configupdater/10216} BLOCKED
05-18 19:24:17.528  2568  4664 I AppsFilter: interaction: PackageSetting{6b99db0 org.sailyachtresearch.sailinsight/10477} -> PackageSetting{28f2fcd com.google.android.overlay.modules.permissioncontroller/10018} BLOCKED
05-18 19:24:17.528  2568  4664 I AppsFilter: interaction: PackageSetting{6b99db0 org.sailyachtresearch.sailinsight/10477} -> PackageSetting{4be217a com.sec.android.app.billing/10101} BLOCKED
05-18 19:24:17.528  2568  4664 I AppsFilter: interaction: PackageSetting{6b99db0 org.sailyachtresearch.sailinsight/10477} -> PackageSetting{d120393 com.samsung.android.wifi.p2paware.resources/10179} BLOCKED
05-18 19:24:17.528  2568  4664 I AppsFilter: interaction: PackageSetting{6b99db0 org.sailyachtresearch.sailinsight/10477} -> PackageSetting{1839d2b com.google.ar.core/10139} BLOCKED
05-18 19:24:17.528  2568  4664 I AppsFilter: interaction: PackageSetting{6b99db0 org.sailyachtresearch.sailinsight/10477} -> PackageSetting{92f3588 com.android.simappdialog/10194} BLOCKED
05-18 19:24:17.528  2568  4664 I AppsFilter: interaction: PackageSetting{6b99db0 org.sailyachtresearch.sailinsight/10477} -> PackageSetting{a996b21 hu.illion.buoymarker/10319} BLOCKED
05-18 19:24:17.528  2568  4664 I AppsFilter: interaction: PackageSetting{6b99db0 org.sailyachtresearch.sailinsight/10477} -> PackageSetting{3cf45ef com.samsung.internal.systemui.navbar.sec_gestural/10026} BLOCKED
05-18 19:24:17.528  2568  4664 I AppsFilter: interaction: PackageSetting{6b99db0 org.sailyachtresearch.sailinsight/10477} -> PackageSetting{e7cdb46 com.microsoft.skydrive/10096} BLOCKED
05-18 19:24:17.528  2568  4664 I AppsFilter: interaction: PackageSetting{6b99db0 org.sailyachtresearch.sailinsight/10477} -> PackageSetting{32f8b85 com.android.internal.display.cutout.emulation.hole/10006} BLOCKED
05-18 19:24:17.528  2568  4664 I AppsFilter: interaction: PackageSetting{6b99db0 org.sailyachtresearch.sailinsight/10477} -> PackageSetting{59f1dda com.android.internal.display.cutout.emulation.tall/10008} BLOCKED
05-18 19:24:17.528  2568  4664 I AppsFilter: interaction: PackageSetting{6b99db0 org.sailyachtresearch.sailinsight/10477} -> PackageSetting{f462234 com.passportparking.mobile.parkvictoria/10389} BLOCKED
05-18 19:24:17.528  2568  4664 I AppsFilter: interaction: PackageSetting{6b99db0 org.sailyachtresearch.sailinsight/10477} -> PackageSetting{8dae131 com.google.android.apps.accessibility.voiceaccess/10209} BLOCKED
05-18 19:24:17.528  2568  4664 I AppsFilter: interaction: PackageSetting{6b99db0 org.sailyachtresearch.sailinsight/10477} -> PackageSetting{780985d com.reddit.frontpage/10351} BLOCKED
05-18 19:24:17.528  2568  4664 I AppsFilter: interaction: PackageSetting{6b99db0 org.sailyachtresearch.sailinsight/10477} -> PackageSetting{de25b01 com.android.internal.systemui.navbar.threebutton/10022} BLOCKED
05-18 19:24:17.528  2568  4664 I AppsFilter: interaction: PackageSetting{6b99db0 org.sailyachtresearch.sailinsight/10477} -> PackageSetting{51b65d2 com.android.hotwordenrollment.xgoogle/10223} BLOCKED
05-18 19:24:17.528  2568  4664 I AppsFilter: interaction: PackageSetting{6b99db0 org.sailyachtresearch.sailinsight/10477} -> PackageSetting{81c86a3 com.govee.home/10366} BLOCKED
05-18 19:24:17.528  2568  4664 I AppsFilter: interaction: PackageSetting{6b99db0 org.sailyachtresearch.sailinsight/10477} -> PackageSetting{a3d2da0 com.superseries.app/10460} BLOCKED
05-18 19:24:17.528  2568  4664 I AppsFilter: interaction: PackageSetting{6b99db0 org.sailyachtresearch.sailinsight/10477} -> PackageSetting{d98a63d com.google.android.overlay.modules.cellbroadcastreceiver/10003} BLOCKED
05-18 19:24:17.528  2568  4664 I AppsFilter: interaction: PackageSetting{6b99db0 org.sailyachtresearch.sailinsight/10477} -> PackageSetting{cd38e32 com.samsung.internal.systemui.navbar.sec_gestural_no_hint/10027} BLOCKED
05-18 19:24:17.528  2568  4664 I AppsFilter: interaction: PackageSetting{6b99db0 org.sailyachtresearch.sailinsight/10477} -> PackageSetting{9b35d59 com.pizzapizza.production/10387} BLOCKED
05-18 19:24:17.529  2568  4664 I AppsFilter: interaction: PackageSetting{6b99db0 org.sailyachtresearch.sailinsight/10477} -> PackageSetting{3a60d1e com.samsung.SMT.lang_en_us_l03/10310} BLOCKED
05-18 19:24:17.529  2568  4664 I AppsFilter: interaction: PackageSetting{6b99db0 org.sailyachtresearch.sailinsight/10477} -> PackageSetting{8e6e9ff com.google.android.as/10221} BLOCKED
05-18 19:24:17.529  2568  4664 I AppsFilter: interaction: PackageSetting{6b99db0 org.sailyachtresearch.sailinsight/10477} -> PackageSetting{fd783cc com.google.android.gm/10241} BLOCKED
05-18 19:24:17.529  2568  4664 I AppsFilter: interaction: PackageSetting{6b99db0 org.sailyachtresearch.sailinsight/10477} -> PackageSetting{4b37615 com.samsung.SMT.lang_es_us_f00/10311} BLOCKED
05-18 19:24:17.529  2568  4664 I AppsFilter: interaction: PackageSetting{6b99db0 org.sailyachtresearch.sailinsight/10477} -> PackageSetting{7a1dd2a com.google.android.apps.tachyon/10233} BLOCKED
05-18 19:24:17.529  2568  4664 I AppsFilter: interaction: PackageSetting{6b99db0 org.sailyachtresearch.sailinsight/10477} -> PackageSetting{9ca271b com.brother.mfc.mobileconnect/10348} BLOCKED
05-18 19:24:17.529  2568  4664 I AppsFilter: interaction: PackageSetting{6b99db0 org.sailyachtresearch.sailinsight/10477} -> PackageSetting{c6ab18a com.google.android.overlay.gmsconfig.common/10011} BLOCKED
05-18 19:24:17.529  2568  4664 I AppsFilter: interaction: PackageSetting{6b99db0 org.sailyachtresearch.sailinsight/10477} -> PackageSetting{cdf10b8 com.monotype.android.font.samsungone/10190} BLOCKED
05-18 19:24:17.529  2568  4664 I AppsFilter: interaction: PackageSetting{6b99db0 org.sailyachtresearch.sailinsight/10477} -> PackageSetting{7bfec18 com.android.internal.systemui.navbar.gestural_extra_wide_back/10021} BLOCKED
05-18 19:24:17.529  2568  4664 I AppsFilter: interaction: PackageSetting{6b99db0 org.sailyachtresearch.sailinsight/10477} -> PackageSetting{8625e91 com.microsoft.office.outlook/10292} BLOCKED
05-18 19:24:17.529  2568  4664 I AppsFilter: interaction: PackageSetting{6b99db0 org.sailyachtresearch.sailinsight/10477} -> PackageSetting{fd8a1f6 org.readera/10350} BLOCKED
05-18 19:24:17.529  2568  4664 I AppsFilter: interaction: PackageSetting{6b99db0 org.sailyachtresearch.sailinsight/10477} -> PackageSetting{ada19f7 com.google.android.setupwizard/10258} BLOCKED
05-18 19:24:17.529  2568  4664 I AppsFilter: interaction: PackageSetting{6b99db0 org.sailyachtresearch.sailinsight/10477} -> PackageSetting{ed08064 com.vidure.fitcamx/10454} BLOCKED
05-18 19:24:17.529  2568  4664 I AppsFilter: interaction: PackageSetting{6b99db0 org.sailyachtresearch.sailinsight/10477} -> PackageSetting{73d52cd com.samsung.SMT.lang_fr_ca_f00/10312} BLOCKED
05-18 19:24:17.529  2568  4664 I AppsFilter: interaction: PackageSetting{6b99db0 org.sailyachtresearch.sailinsight/10477} -> PackageSetting{be4e782 com.subway.mobile.subwayapp03/10318} BLOCKED
05-18 19:24:17.529  2568  4664 I AppsFilter: interaction: PackageSetting{6b99db0 org.sailyachtresearch.sailinsight/10477} -> PackageSetting{f8c5e93 com.facebook.services/10067} BLOCKED
05-18 19:24:17.529  2568  4664 I AppsFilter: interaction: PackageSetting{6b99db0 org.sailyachtresearch.sailinsight/10477} -> PackageSetting{c473ed0 com.android.printspooler/10186} BLOCKED
05-18 19:24:17.529  2568  4664 I AppsFilter: interaction: PackageSetting{6b99db0 org.sailyachtresearch.sailinsight/10477} -> PackageSetting{4594ec9 com.android.hotwordenrollment.okgoogle/10224} BLOCKED
05-18 19:24:17.529  2568  4664 I AppsFilter: interaction: PackageSetting{6b99db0 org.sailyachtresearch.sailinsight/10477} -> PackageSetting{87df9ce com.android.dreams.basic/10145} BLOCKED
05-18 19:24:17.529  2568  4664 I AppsFilter: interaction: PackageSetting{6b99db0 org.sailyachtresearch.sailinsight/10477} -> PackageSetting{31450ef com.google.android.as.oss/10226} BLOCKED
05-18 19:24:17.529  2568  4664 I AppsFilter: interaction: PackageSetting{6b99db0 org.sailyachtresearch.sailinsight/10477} -> PackageSetting{a75755c com.samsung.android.wifi.resources/10208} BLOCKED
05-18 19:24:17.529  2568  4664 I AppsFilter: interaction: PackageSetting{6b99db0 org.sailyachtresearch.sailinsight/10477} -> PackageSetting{82977fc com.android.rkpdapp/10359} BLOCKED
05-18 19:24:17.529  2568  4664 I AppsFilter: interaction: PackageSetting{6b99db0 org.sailyachtresearch.sailinsight/10477} -> PackageSetting{2da913a com.google.android.overlay.gmsconfig.photos/10014} BLOCKED
05-18 19:24:17.529  2568  4664 I AppsFilter: interaction: PackageSetting{6b99db0 org.sailyachtresearch.sailinsight/10477} -> PackageSetting{51f0e85 com.google.audio.hearing.visualization.accessibility.scribe/10183} BLOCKED
05-18 19:24:17.529  2568  4664 I AppsFilter: interaction: PackageSetting{6b99db0 org.sailyachtresearch.sailinsight/10477} -> PackageSetting{483e4da com.samsung.android.app.contacts/10106} BLOCKED
05-18 19:24:17.529  2568  4664 I AppsFilter: interaction: PackageSetting{6b99db0 org.sailyachtresearch.sailinsight/10477} -> PackageSetting{67f0d0b com.google.android.captiveportallogin/10155} BLOCKED
05-18 19:24:17.529  2568  4664 I AppsFilter: interaction: PackageSetting{6b99db0 org.sailyachtresearch.sailinsight/10477} -> PackageSetting{8508706 com.google.android.overlay.gmsconfig.geotz/10013} BLOCKED
05-18 19:24:17.529  2568  4664 I AppsFilter: interaction: PackageSetting{6b99db0 org.sailyachtresearch.sailinsight/10477} -> PackageSetting{b9417e8 com.google.android.appsearch.apk/10072} BLOCKED
05-18 19:24:17.529  2568  4664 I AppsFilter: interaction: PackageSetting{6b99db0 org.sailyachtresearch.sailinsight/10477} -> PackageSetting{2c70e01 com.google.android.apps.docs/10302} BLOCKED
05-18 19:24:17.529  2568  4664 I AppsFilter: interaction: PackageSetting{6b99db0 org.sailyachtresearch.sailinsight/10477} -> PackageSetting{acb74a6 com.ubercab.eats/10349} BLOCKED
05-18 19:24:17.529  2568  4664 I AppsFilter: interaction: PackageSetting{6b99db0 org.sailyachtresearch.sailinsight/10477} -> PackageSetting{48f6ee7 com.sec.android.app.clockpackage/10279} BLOCKED
05-18 19:24:17.529  2568  4664 I AppsFilter: interaction: PackageSetting{6b99db0 org.sailyachtresearch.sailinsight/10477} -> PackageSetting{17d7b60 com.google.android.overlay.modules.documentsui/10015} BLOCKED
05-18 19:24:17.529  2568  4664 I AppsFilter: interaction: PackageSetting{6b99db0 org.sailyachtresearch.sailinsight/10477} -> PackageSetting{795893d ca.walmart.ecommerceapp/10396} BLOCKED
05-18 19:24:17.529  2568  4664 I AppsFilter: interaction: PackageSetting{6b99db0 org.sailyachtresearch.sailinsight/10477} -> PackageSetting{caa3532 com.amazon.appmanager/10248} BLOCKED
05-18 19:24:17.529  2568  4664 I AppsFilter: interaction: PackageSetting{6b99db0 org.sailyachtresearch.sailinsight/10477} -> PackageSetting{75a1283 com.google.android.contactkeys/10427} BLOCKED
05-18 19:24:17.529  2568  4664 I AppsFilter: interaction: PackageSetting{6b99db0 org.sailyachtresearch.sailinsight/10477} -> PackageSetting{74ffc00 com.pelmorex.WeatherEyeAndroid/10353} BLOCKED
05-18 19:24:17.529  2568  4664 I AppsFilter: interaction: PackageSetting{6b99db0 org.sailyachtresearch.sailinsight/10477} -> PackageSetting{3d67c39 com.android.chrome/10240} BLOCKED
05-18 19:24:17.529  2568  4664 I AppsFilter: interaction: PackageSetting{6b99db0 org.sailyachtresearch.sailinsight/10477} -> PackageSetting{942727e android.autoinstalls.config.samsung/10184} BLOCKED
05-18 19:24:17.529  2568  4664 I AppsFilter: interaction: PackageSetting{6b99db0 org.sailyachtresearch.sailinsight/10477} -> PackageSetting{ba153df com.google.android.apps.walletnfcrel/10386} BLOCKED
05-18 19:24:17.529  2568  4664 I AppsFilter: interaction: PackageSetting{6b99db0 org.sailyachtresearch.sailinsight/10477} -> PackageSetting{8b8d82c com.google.android.partnersetup/10222} BLOCKED
05-18 19:24:17.529  2568  4664 I AppsFilter: interaction: PackageSetting{6b99db0 org.sailyachtresearch.sailinsight/10477} -> PackageSetting{8b49151 com.google.android.overlay.gmsconfig.asi/10009} BLOCKED
05-18 19:24:17.529  2568  4664 I AppsFilter: interaction: PackageSetting{6b99db0 org.sailyachtresearch.sailinsight/10477} -> PackageSetting{ecebdb6 com.google.android.overlay.gmsconfig.gsa/10012} BLOCKED
05-18 19:24:17.529  2568  4664 I AppsFilter: interaction: PackageSetting{6b99db0 org.sailyachtresearch.sailinsight/10477} -> PackageSetting{699a2f5 com.sec.spp.push/10099} BLOCKED
05-18 19:24:17.529  2568  4664 I AppsFilter: interaction: PackageSetting{6b99db0 org.sailyachtresearch.sailinsight/10477} -> PackageSetting{df36224 com.android.theme.font.notoserifsource/10010} BLOCKED
05-18 19:24:17.529  2568  4664 I AppsFilter: interaction: PackageSetting{6b99db0 org.sailyachtresearch.sailinsight/10477} -> PackageSetting{d8f388a com.google.android.safetycenter.resources/10273} BLOCKED
05-18 19:24:17.529  2568  4664 I AppsFilter: interaction: PackageSetting{6b99db0 org.sailyachtresearch.sailinsight/10477} -> PackageSetting{880ff42 com.android.internal.display.cutout.emulation.waterfall/10007} BLOCKED
05-18 19:24:17.529  2568  4664 I AppsFilter: interaction: PackageSetting{6b99db0 org.sailyachtresearch.sailinsight/10477} -> PackageSetting{df14efb com.netflix.mediaclient/10407} BLOCKED
05-18 19:24:17.529  2568  4664 I AppsFilter: interaction: PackageSetting{6b99db0 org.sailyachtresearch.sailinsight/10477} -> PackageSetting{6f14b18 org.videolan.vlc/10438} BLOCKED
05-18 19:24:17.529  2568  4664 I AppsFilter: interaction: PackageSetting{6b99db0 org.sailyachtresearch.sailinsight/10477} -> PackageSetting{8e71989 com.android.internal.systemui.navbar.transparent/10280} BLOCKED
05-18 19:24:17.529  2568  4664 I AppsFilter: interaction: PackageSetting{6b99db0 org.sailyachtresearch.sailinsight/10477} -> PackageSetting{62e7971 com.google.android.connectivity.resources/10270} BLOCKED
05-18 19:24:17.529  2568  4664 I AppsFilter: interaction: PackageSetting{6b99db0 org.sailyachtresearch.sailinsight/10477} -> PackageSetting{9305356 org.chromium.webapk.a7bdbf116e00bd0a7_v2/10364} BLOCKED
05-18 19:24:17.529  2568  4664 I AppsFilter: interaction: PackageSetting{6b99db0 org.sailyachtresearch.sailinsight/10477} -> PackageSetting{d7bdfd7 com.google.android.feedback/10252} BLOCKED
05-18 19:24:17.529  2568  4664 I AppsFilter: interaction: PackageSetting{6b99db0 org.sailyachtresearch.sailinsight/10477} -> PackageSetting{33c00c4 com.google.android.printservice.recommendation/10168} BLOCKED
05-18 19:24:17.529  2568  4664 I AppsFilter: interaction: PackageSetting{6b99db0 org.sailyachtresearch.sailinsight/10477} -> PackageSetting{4603bad com.google.android.apps.photos/10283} BLOCKED
05-18 19:24:17.529  2568  4664 I AppsFilter: interaction: PackageSetting{6b99db0 org.sailyachtresearch.sailinsight/10477} -> PackageSetting{b3178d3 com.google.android.syncadapters.calendar/10235} BLOCKED
05-18 19:24:17.529  2568  4664 I AppsFilter: interaction: PackageSetting{6b99db0 org.sailyachtresearch.sailinsight/10477} -> PackageSetting{3f64ee2 com.ubercab/10339} BLOCKED
05-18 19:24:17.529  2568  4664 I AppsFilter: interaction: PackageSetting{6b99db0 org.sailyachtresearch.sailinsight/10477} -> PackageSetting{b4a273 com.google.android.documentsui/10059} BLOCKED
05-18 19:24:17.529  2568  4664 I AppsFilter: interaction: PackageSetting{6b99db0 org.sailyachtresearch.sailinsight/10477} -> PackageSetting{e5a6530 com.android.dreams.phototable/10185} BLOCKED
05-18 19:24:17.529  2568  4664 I AppsFilter: interaction: PackageSetting{6b99db0 org.sailyachtresearch.sailinsight/10477} -> PackageSetting{a71e5a9 com.windyty.android/10342} BLOCKED
05-18 19:24:17.529  2568  4664 I AppsFilter: interaction: PackageSetting{6b99db0 org.sailyachtresearch.sailinsight/10477} -> PackageSetting{2e772e com.givex.cws5.barburrito/10355} BLOCKED
05-18 19:24:17.529  2568  4664 I AppsFilter: interaction: PackageSetting{6b99db0 org.sailyachtresearch.sailinsight/10477} -> PackageSetting{c059c54 com.samsung.android.wifi.resources.wifilock/10299} BLOCKED
05-18 19:24:17.529  2568  4664 I AppsFilter: interaction: PackageSetting{6b99db0 org.sailyachtresearch.sailinsight/10477} -> PackageSetting{fd57fd com.samsung.android.wifi.h2e.resources/10210} BLOCKED
05-18 19:24:17.529  2568  4664 I AppsFilter: interaction: PackageSetting{6b99db0 org.sailyachtresearch.sailinsight/10477} -> PackageSetting{7acf2cf com.amazon.avod.thirdpartyclient/10337} BLOCKED
05-18 19:24:17.529  2568  4664 I AppsFilter: interaction: PackageSetting{6b99db0 org.sailyachtresearch.sailinsight/10477} -> PackageSetting{1b8a45c com.android.providers.partnerbookmarks/10182} BLOCKED
05-18 19:24:17.529  2568  4664 I AppsFilter: interaction: PackageSetting{6b99db0 org.sailyachtresearch.sailinsight/10477} -> PackageSetting{8da3365 com.google.android.apps.kids.familylink/10346} BLOCKED
05-18 19:24:17.529  2568  4664 I AppsFilter: interaction: PackageSetting{6b99db0 org.sailyachtresearch.sailinsight/10477} -> PackageSetting{5aed83a com.telus.mywifi/10370} BLOCKED
05-18 19:24:17.529  2568  4664 I AppsFilter: interaction: PackageSetting{6b99db0 org.sailyachtresearch.sailinsight/10477} -> PackageSetting{82feceb com.marinetraffic.android/10382} BLOCKED
05-18 19:24:17.529  2568  4664 I AppsFilter: interaction: PackageSetting{6b99db0 org.sailyachtresearch.sailinsight/10477} -> PackageSetting{5dcac9f com.samsung.internal.systemui.navbar.gestural_no_hint/10023} BLOCKED
05-18 19:24:17.529  2568  4664 I AppsFilter: interaction: PackageSetting{6b99db0 org.sailyachtresearch.sailinsight/10477} -> PackageSetting{f59aa48 com.facebook.system/10066} BLOCKED
05-18 19:24:17.529  2568  4664 I AppsFilter: interaction: PackageSetting{6b99db0 org.sailyachtresearch.sailinsight/10477} -> PackageSetting{6bfa0e1 com.google.android.healthconnect.controller/10361} BLOCKED
05-18 19:24:17.529  2568  4664 I AppsFilter: interaction: PackageSetting{6b99db0 org.sailyachtresearch.sailinsight/10477} -> PackageSetting{1a23e06 com.samsung.android.bixby.ondevice.enus/10293} BLOCKED
05-18 19:24:17.530  2568  4664 I AppsFilter: interaction: PackageSetting{6b99db0 org.sailyachtresearch.sailinsight/10477} -> PackageSetting{f9e6cc7 com.sec.android.app.kidshome/10278} BLOCKED
05-18 19:24:17.530  2568  4664 I AppsFilter: interaction: PackageSetting{6b99db0 org.sailyachtresearch.sailinsight/10477} -> PackageSetting{48322f4 com.samsung.android.app.notes.addons/10287} BLOCKED
05-18 19:24:17.530  2568  4664 I AppsFilter: interaction: PackageSetting{6b99db0 org.sailyachtresearch.sailinsight/10477} -> PackageSetting{d346a1d com.android.bookmarkprovider/10147} BLOCKED
05-18 19:24:17.530  2568  4664 I AppsFilter: interaction: PackageSetting{6b99db0 org.sailyachtresearch.sailinsight/10477} -> PackageSetting{7143492 com.linkedin.android/10374} BLOCKED
05-18 19:24:17.530  2568  4664 I AppsFilter: interaction: PackageSetting{6b99db0 org.sailyachtresearch.sailinsight/10477} -> PackageSetting{9e994a com.google.android.projection.gearhead/10219} BLOCKED
05-18 19:24:17.530  2568  4664 I AppsFilter: interaction: PackageSetting{6b99db0 org.sailyachtresearch.sailinsight/10477} -> PackageSetting{68b0e63 com.google.android.apps.turbo/10227} BLOCKED
05-18 19:24:17.530  2568  4664 I AppsFilter: interaction: PackageSetting{6b99db0 org.sailyachtresearch.sailinsight/10477} -> PackageSetting{b297a60 com.google.android.safetycore/10420} BLOCKED
05-18 19:24:17.530  2568  4664 I AppsFilter: interaction: PackageSetting{6b99db0 org.sailyachtresearch.sailinsight/10477} -> PackageSetting{4f946a2 com.sec.android.app.qsfastpairoverlay/10271} BLOCKED
05-18 19:24:17.530  2568  4664 I AppsFilter: interaction: PackageSetting{6b99db0 org.sailyachtresearch.sailinsight/10477} -> PackageSetting{a328b19 com.google.android.apps.chromecast.app/10052} BLOCKED
05-18 19:24:17.530  2568  4664 I AppsFilter: interaction: PackageSetting{6b99db0 org.sailyachtresearch.sailinsight/10477} -> PackageSetting{f7800bb com.android.cts.ctsshim/10269} BLOCKED
05-18 19:24:17.530  2568  4664 I AppsFilter: interaction: PackageSetting{6b99db0 org.sailyachtresearch.sailinsight/10477} -> PackageSetting{c3d07de com.delphicoder.flud/10437} BLOCKED
05-18 19:24:17.530  2568  4664 I AppsFilter: interaction: PackageSetting{6b99db0 org.sailyachtresearch.sailinsight/10477} -> PackageSetting{2162dbf com.telus.myaccount/10369} BLOCKED
05-18 19:24:17.530  2568  4664 I AppsFilter: interaction: PackageSetting{6b99db0 org.sailyachtresearch.sailinsight/10477} -> PackageSetting{61bdc8c com.duckduckgo.mobile.android/10344} BLOCKED
05-18 19:24:17.530  2568  4664 I AppsFilter: interaction: PackageSetting{6b99db0 org.sailyachtresearch.sailinsight/10477} -> PackageSetting{757bfd5 com.hiya.star/10172} BLOCKED
05-18 19:24:17.530  2568  4664 I AppsFilter: interaction: PackageSetting{6b99db0 org.sailyachtresearch.sailinsight/10477} -> PackageSetting{8cdde1c com.google.android.overlay.modules.cellbroadcastservice/10001} BLOCKED
05-18 19:24:17.530  2568  4664 I AppsFilter: interaction: PackageSetting{6b99db0 org.sailyachtresearch.sailinsight/10477} -> PackageSetting{8dc3ea com.google.android.apps.carrier.carrierwifi/10217} BLOCKED
05-18 19:24:17.530  2568  4664 I AppsFilter: interaction: PackageSetting{6b99db0 org.sailyachtresearch.sailinsight/10477} -> PackageSetting{f09e6db com.fivemobile.myaccount/10249} BLOCKED
05-18 19:24:17.530  2568  4664 I AppsFilter: interaction: PackageSetting{6b99db0 org.sailyachtresearch.sailinsight/10477} -> PackageSetting{3f03578 com.azure.authenticator/10365} BLOCKED
05-18 19:24:17.530  2568  4664 I AppsFilter: interaction: PackageSetting{6b99db0 org.sailyachtresearch.sailinsight/10477} -> PackageSetting{618451 com.google.android.gms.location.history/10234} BLOCKED
05-18 19:24:17.530  2568  4664 I AppsFilter: interaction: PackageSetting{6b99db0 org.sailyachtresearch.sailinsight/10477} -> PackageSetting{cc63a1 com.android.internal.systemui.navbar.gestural/10020} BLOCKED
05-18 19:24:17.530  2568  4664 I AppsFilter: interaction: PackageSetting{6b99db0 org.sailyachtresearch.sailinsight/10477} -> PackageSetting{77c34b6 com.google.android.apps.aiwallpapers/10313} BLOCKED
05-18 19:24:17.530  2568  4664 I AppsFilter: interaction: PackageSetting{6b99db0 org.sailyachtresearch.sailinsight/10477} -> PackageSetting{2b615b7 com.google.android.apps.youtube.music/10285} BLOCKED
05-18 19:24:17.530  2568  4664 I AppsFilter: interaction: PackageSetting{6b99db0 org.sailyachtresearch.sailinsight/10477} -> PackageSetting{4af3124 com.android.bluetoothmidiservice/10148} BLOCKED
05-18 19:24:17.530  2568  4664 I AppsFilter: interaction: PackageSetting{6b99db0 org.sailyachtresearch.sailinsight/10477} -> PackageSetting{569148d com.facebook.appmanager/10165} BLOCKED
05-18 19:24:17.530  2568  4664 I AppsFilter: interaction: PackageSetting{6b99db0 org.sailyachtresearch.sailinsight/10477} -> PackageSetting{40ee642 org.opencpn.opencpn/10377} BLOCKED
05-18 19:24:17.530  2568  4664 I AppsFilter: interaction: PackageSetting{6b99db0 org.sailyachtresearch.sailinsight/10477} -> PackageSetting{d8c5653 com.sailorz.app/10404} BLOCKED
05-18 19:24:17.530  2568  4664 I AppsFilter: interaction: PackageSetting{6b99db0 org.sailyachtresearch.sailinsight/10477} -> PackageSetting{e403b90 com.groundspeak.geocaching.intro/10141} BLOCKED
05-18 19:24:17.530  2568  4664 I AppsFilter: interaction: PackageSetting{6b99db0 org.sailyachtresearch.sailinsight/10477} -> PackageSetting{4df6c89 com.google.android.cellbroadcastreceiver/10275} BLOCKED
05-18 19:24:17.530  2568  4664 I AppsFilter: interaction: PackageSetting{6b99db0 org.sailyachtresearch.sailinsight/10477} -> PackageSetting{129248e com.vw.carnet.releaseca/10358} BLOCKED
05-18 19:24:17.530  2568  4664 I AppsFilter: interaction: PackageSetting{6b99db0 org.sailyachtresearch.sailinsight/10477} -> PackageSetting{f6ce67f android.auto_generated_rro_product__/10030} BLOCKED
05-18 19:24:17.530  2568  4664 I AppsFilter: interaction: PackageSetting{6b99db0 org.sailyachtresearch.sailinsight/10477} -> PackageSetting{b7c04af com.littlecaesars/10406} BLOCKED
05-18 19:24:17.530  2568  4664 I AppsFilter: interaction: PackageSetting{6b99db0 org.sailyachtresearch.sailinsight/10477} -> PackageSetting{b9580bc com.yellowbrick.raceviewer/10450} BLOCKED
05-18 19:24:17.530  2568  4664 I AppsFilter: interaction: PackageSetting{6b99db0 org.sailyachtresearch.sailinsight/10477} -> PackageSetting{9494845 com.monotype.android.font.roboto/10291} BLOCKED
05-18 19:24:17.530  2568  4664 I AppsFilter: interaction: PackageSetting{6b99db0 org.sailyachtresearch.sailinsight/10477} -> PackageSetting{bf36b9b com.android.internal.systemui.navbar.gestural_narrow_back/10024} BLOCKED
05-18 19:24:17.530  2568  4664 I AppsFilter: interaction: PackageSetting{6b99db0 org.sailyachtresearch.sailinsight/10477} -> PackageSetting{6503b38 com.samsung.android.wifi.resources.qc/10212} BLOCKED
05-18 19:24:17.530  2568  4664 I AppsFilter: interaction: PackageSetting{6b99db0 org.sailyachtresearch.sailinsight/10477} -> PackageSetting{296fb9a com.rbc.mobile.android/10352} BLOCKED
05-18 19:24:17.530  2568  4664 I AppsFilter: interaction: PackageSetting{6b99db0 org.sailyachtresearch.sailinsight/10477} -> PackageSetting{e0e3ccb com.google.android.photopicker/10298} BLOCKED
05-18 19:24:17.530  2568  4664 I AppsFilter: interaction: PackageSetting{6b99db0 org.sailyachtresearch.sailinsight/10477} -> PackageSetting{3932677 android.auto_generated_rro_vendor__/10038} BLOCKED
05-18 19:24:17.530  2568  4664 I AppsFilter: interaction: PackageSetting{6b99db0 org.sailyachtresearch.sailinsight/10477} -> PackageSetting{297eca8 com.google.android.apps.restore/10225} BLOCKED
05-18 19:24:17.541  2568  4664 D PackageManager: setEnabledSetting : userId = 0 packageName = org.sailyachtresearch.sailinsight cmp = androidx.work.impl.background.systemjob.SystemJobService newState = 1 callingPackage = org.sailyachtresearch.sailinsight
05-18 19:24:17.541  2568  4664 D ApplicationPolicy: getApplicationStateEnabled : pkg = org.sailyachtresearch.sailinsight userId : 0
05-18 19:24:17.541  2568  4664 D ApplicationPolicy: getApplicationComponentState : pkg = org.sailyachtresearch.sailinsight userId : 0
05-18 19:24:17.549  9035  9035 V fb-UnpackingSoSource: locked dso store /data/user/0/org.sailyachtresearch.sailinsight/lib-main
05-18 19:24:17.549  9035  9035 I fb-UnpackingSoSource: dso store is up-to-date: /data/user/0/org.sailyachtresearch.sailinsight/lib-main
05-18 19:24:17.550  9035  9035 V fb-UnpackingSoSource: releasing dso store lock for /data/user/0/org.sailyachtresearch.sailinsight/lib-main
05-18 19:24:17.556  9035  9077 I FA      :   adb shell setprop debug.firebase.analytics.app org.sailyachtresearch.sailinsight
05-18 19:24:17.557  9035  9035 V SoLoader: libjscexecutor.so not found on /data/data/org.sailyachtresearch.sailinsight/lib-main
05-18 19:24:17.557  9035  9035 V SoLoader: libjscexecutor.so not found on /data/app/~~V15-Q3Ih18zVQ2UjMXEpgQ==/org.sailyachtresearch.sailinsight-ESRTqsk645u2k1GA4JdryQ==/lib/arm64
05-18 19:24:17.558  9035  9035 E SoLoader: 	SoSource 0: com.facebook.soloader.ApkSoSource[root = /data/data/org.sailyachtresearch.sailinsight/lib-main flags = 1]
05-18 19:24:17.558  9035  9035 E SoLoader: 	SoSource 1: com.facebook.soloader.DirectorySoSource[root = /data/app/~~V15-Q3Ih18zVQ2UjMXEpgQ==/org.sailyachtresearch.sailinsight-ESRTqsk645u2k1GA4JdryQ==/lib/arm64 flags = 0]
05-18 19:24:17.558  9035  9035 E SoLoader: 	Native lib dir: /data/app/~~V15-Q3Ih18zVQ2UjMXEpgQ==/org.sailyachtresearch.sailinsight-ESRTqsk645u2k1GA4JdryQ==/lib/arm64
05-18 19:24:17.559  9035  9035 V SoLoader: libhermes.so not found on /data/data/org.sailyachtresearch.sailinsight/lib-main
05-18 19:24:17.559  9035  9035 D SoLoader: libhermes.so found on /data/app/~~V15-Q3Ih18zVQ2UjMXEpgQ==/org.sailyachtresearch.sailinsight-ESRTqsk645u2k1GA4JdryQ==/lib/arm64
05-18 19:24:17.561  9035  9035 D nativeloader: Load /data/app/~~V15-Q3Ih18zVQ2UjMXEpgQ==/org.sailyachtresearch.sailinsight-ESRTqsk645u2k1GA4JdryQ==/lib/arm64/libhermes.so using ns clns-5 from class loader (caller=/data/app/~~V15-Q3Ih18zVQ2UjMXEpgQ==/org.sailyachtresearch.sailinsight-ESRTqsk645u2k1GA4JdryQ==/base.apk): ok
05-18 19:24:17.562  9035  9035 V SoLoader: libhermes_executor.so not found on /data/data/org.sailyachtresearch.sailinsight/lib-main
05-18 19:24:17.562  9035  9035 D SoLoader: libhermes_executor.so found on /data/app/~~V15-Q3Ih18zVQ2UjMXEpgQ==/org.sailyachtresearch.sailinsight-ESRTqsk645u2k1GA4JdryQ==/lib/arm64
05-18 19:24:17.568  9035  9035 D nativeloader: Load /data/app/~~V15-Q3Ih18zVQ2UjMXEpgQ==/org.sailyachtresearch.sailinsight-ESRTqsk645u2k1GA4JdryQ==/lib/arm64/libhermes_executor.so using ns clns-5 from class loader (caller=/data/app/~~V15-Q3Ih18zVQ2UjMXEpgQ==/org.sailyachtresearch.sailinsight-ESRTqsk645u2k1GA4JdryQ==/base.apk): ok
05-18 19:24:17.605  9035  9091 V SoLoader: libfbjni.so not found on /data/data/org.sailyachtresearch.sailinsight/lib-main
05-18 19:24:17.605  9035  9091 D SoLoader: libfbjni.so found on /data/app/~~V15-Q3Ih18zVQ2UjMXEpgQ==/org.sailyachtresearch.sailinsight-ESRTqsk645u2k1GA4JdryQ==/lib/arm64
05-18 19:24:17.606  9035  9091 D nativeloader: Load /data/app/~~V15-Q3Ih18zVQ2UjMXEpgQ==/org.sailyachtresearch.sailinsight-ESRTqsk645u2k1GA4JdryQ==/lib/arm64/libfbjni.so using ns clns-5 from class loader (caller=/data/app/~~V15-Q3Ih18zVQ2UjMXEpgQ==/org.sailyachtresearch.sailinsight-ESRTqsk645u2k1GA4JdryQ==/base.apk): ok
05-18 19:24:17.606  9035  9091 V SoLoader: libflipper.so not found on /data/data/org.sailyachtresearch.sailinsight/lib-main
05-18 19:24:17.606  9035  9091 D SoLoader: libflipper.so found on /data/app/~~V15-Q3Ih18zVQ2UjMXEpgQ==/org.sailyachtresearch.sailinsight-ESRTqsk645u2k1GA4JdryQ==/lib/arm64
05-18 19:24:17.609  9035  9091 D nativeloader: Load /data/app/~~V15-Q3Ih18zVQ2UjMXEpgQ==/org.sailyachtresearch.sailinsight-ESRTqsk645u2k1GA4JdryQ==/lib/arm64/libflipper.so using ns clns-5 from class loader (caller=/data/app/~~V15-Q3Ih18zVQ2UjMXEpgQ==/org.sailyachtresearch.sailinsight-ESRTqsk645u2k1GA4JdryQ==/base.apk): ok
05-18 19:24:17.628  9035  9098 W unknown:ReconnectingWebSocket: Couldn't connect to "ws://localhost:8081/message?device=SM-S911W%20-%2014%20-%20API%2034&app=org.sailyachtresearch.sailinsight&clientid=BridgeDevSupportManager", will silently retry
05-18 19:24:17.658  9035  9035 I BranchSDK: onActivityCreated, activity = org.sailyachtresearch.sailinsight.MainActivity@ce576b7
05-18 19:24:17.673  9035  9035 I BranchSDK: onActivityStarted, activity = org.sailyachtresearch.sailinsight.MainActivity@ce576b7
05-18 19:24:17.673  9035  9035 D RNBranch: initSession uri null reactActivity org.sailyachtresearch.sailinsight.MainActivity@ce576b7
05-18 19:24:17.682  9035  9035 I BranchSDK: onActivityResumed, activity = org.sailyachtresearch.sailinsight.MainActivity@ce576b7
05-18 19:24:17.691  1765  3851 I SurfaceFlinger: id=41138 createSurf, flag=84004, 5c5f1e0 org.sailyachtresearch.sailinsight/org.sailyachtresearch.sailinsight.MainActivity#41138
05-18 19:24:17.692  9035  9035 I InsetsController: onStateChanged: host=org.sailyachtresearch.sailinsight/org.sailyachtresearch.sailinsight.MainActivity, from=android.view.ViewRootImpl.setView:1797, state=InsetsState: {mDisplayFrame=Rect(0, 0 - 1080, 2340), mDisplayCutout=DisplayCutout{insets=Rect(0, 81 - 0, 0) waterfall=Insets{left=0, top=0, right=0, bottom=0} boundingRect={Bounds=[Rect(0, 0 - 0, 0), Rect(512, 0 - 568, 81), Rect(0, 0 - 0, 0), Rect(0, 0 - 0, 0)]} cutoutPathParserInfo={CutoutPathParserInfo{displayWidth=1080 displayHeight=2340 physicalDisplayWidth=1080 physicalDisplayHeight=2340 density={3.0} cutoutSpec={M 0,0 H -9.333333333333333‬ V 27 H 9.333333333333333‬ V 0 H 0 Z @dp} rotation={0} scale={1.0} physicalPixelDisplaySizeRatio={1.0}}}}, mRoundedCorners=RoundedCorners{[RoundedCorner{position=TopLeft, radius=102, center=Point(102, 102)}, RoundedCorner{position=TopRight, radius=102, center=Point(978, 102)}, RoundedCorner{position=BottomRight, radius=102, center=Point(978, 2238)}, RoundedCorner{position=BottomLeft, radius=102, center=Point(102, 2238)}]}  mRoundedCornerFrame=Rect(0, 0 - 1080, 2340), mPrivacyIndicatorBounds=PrivacyIndicatorBounds {static bounds=Rect(948, 0 - 1080, 81) rotation=0}, mDisplayShape=DisplayShape{ spec=-311912193 displayWidth=1080 displayHeight=2340 physicalPixelDisplaySizeRatio=1.0 rotation=0 offsetX=0 offsetY=0 scale=1.0}, mSources= { InsetsSource: {c52a0001 mType=navigationBars mFrame=[0,2196][1080,2340] mVisible=true mFlags=[]}, InsetsSource: {c52a0004 mType=systemGestures mFrame=[0,0][0,0] mVisible=true mFlags=[]}, InsetsSource: {c52a0005 mType=mandatorySystemGestures mFrame=[0,2196][1080,2340] mVisible=true mFlags=[]}, InsetsSource: {c52a0006 mType=tappableElement mFrame=[0,2196][1080,2340] mVisible=true mFlags=[]}, InsetsSource: {c52a0024 mType=systemGestures mFrame=[0,0][0,0] mVisible=true mFlags=[]}, InsetsSource: {27 mType=displayCutout mFrame=[0,0][1080,81] mVisible=true mFlags=[]}, InsetsSource: {651f0000 mType=statusBars mFrame=[0,0][1080,81] mVisible=true mFlags=[]}, InsetsSource: {651f0005 mType=mandatorySystemGestures mFrame=[0,0][1080,117] mVisible=true mFlags=[]}, InsetsSource: {651f0006 mType=tappableElement mFrame=[0,0][1080,81] mVisible=true mFlags=[]} }
05-18 19:24:17.694  9035  9035 I IDS_TAG : Getting Shared Preference for org.sailyachtresearch.sailinsight.MainApplication@6cf94cd uid = 10477
05-18 19:24:17.694  9035  9035 I IDS_TAG : App org.sailyachtresearch.sailinsight.MainApplication@6cf94cd has not finished training
05-18 19:24:17.695  9035  9035 I IDS_TAG : Getting Shared Preference for org.sailyachtresearch.sailinsight.MainApplication@6cf94cd uid = 10477
05-18 19:24:17.695  9035  9035 I IDS_TAG : IDS count updated to 9 for org.sailyachtresearch.sailinsight.MainApplication@6cf94cd
05-18 19:24:17.699  2568  6757 D CoreBackPreview: Window{5c5f1e0 u0 org.sailyachtresearch.sailinsight/org.sailyachtresearch.sailinsight.MainActivity}: Setting back callback OnBackInvokedCallbackInfo{mCallback=android.window.IOnBackInvokedCallback$Stub$Proxy@3f8ab3f, mPriority=0, mIsAnimationCallback=false}
05-18 19:24:17.700  2568  6757 V WindowManager: Relayout Window{5c5f1e0 u0 org.sailyachtresearch.sailinsight/org.sailyachtresearch.sailinsight.MainActivity}: viewVisibility=0 req=1080x2340 ty=1 d0
05-18 19:24:17.700  1765  3851 I SurfaceFlinger: id=41139 createSurf, flag=44004, org.sailyachtresearch.sailinsight/org.sailyachtresearch.sailinsight.MainActivity$_9035#41139
05-18 19:24:17.701  2568  6757 D WindowManager: makeSurface duration=1 name=org.sailyachtresearch.sailinsight/org.sailyachtresearch.sailinsight.MainActivity$_9035
05-18 19:24:17.702  2568  6757 V WindowManager: Changing focus from null to Window{5c5f1e0 u0 org.sailyachtresearch.sailinsight/org.sailyachtresearch.sailinsight.MainActivity} displayId=0 Callers=com.android.server.wm.RootWindowContainer.updateFocusedWindowLocked:581 com.android.server.wm.WindowManagerService.updateFocusedWindowLocked:6910 com.android.server.wm.WindowManagerService.relayoutWindow:2777 com.android.server.wm.Session.relayout:282 
05-18 19:24:17.702  2568  6757 D InsetsSourceProvider: updateControlForTarget: control=InsetsSourceControl: {651f0000 mType=statusBars initiallyVisible mSurfacePosition=Point(0, 0) mInsetsHint=Insets{left=0, top=81, right=0, bottom=0}}, target=Window{5c5f1e0 u0 org.sailyachtresearch.sailinsight/org.sailyachtresearch.sailinsight.MainActivity}, from=com.android.server.wm.InsetsStateController.onControlTargetChanged:363 com.android.server.wm.InsetsStateController.onBarControlTargetChanged:329 com.android.server.wm.InsetsPolicy.updateBarControlTarget:173 com.android.server.wm.InsetsPolicy.updateSystemBars:843 com.android.server.wm.DisplayPolicy.updateSystemBarsLw:3484 
05-18 19:24:17.703  2568  6757 D InsetsSourceProvider: updateControlForTarget: control=InsetsSourceControl: {c52a0001 mType=navigationBars initiallyVisible mSurfacePosition=Point(0, 2196) mInsetsHint=Insets{left=0, top=0, right=0, bottom=144}}, target=Window{5c5f1e0 u0 org.sailyachtresearch.sailinsight/org.sailyachtresearch.sailinsight.MainActivity}, from=com.android.server.wm.InsetsStateController.onControlTargetChanged:363 com.android.server.wm.InsetsStateController.onBarControlTargetChanged:332 com.android.server.wm.InsetsPolicy.updateBarControlTarget:173 com.android.server.wm.InsetsPolicy.updateSystemBars:843 com.android.server.wm.DisplayPolicy.updateSystemBarsLw:3484 
05-18 19:24:17.703  2568  6757 D WindowManager: updateSystemBarAttributes: displayId=0, win=Window{5c5f1e0 u0 org.sailyachtresearch.sailinsight/org.sailyachtresearch.sailinsight.MainActivity}, navColorWin=Window{ee4a969 u0 Splash Screen org.sailyachtresearch.sailinsight}, focusedCanBeNavColorWin=false, behavior=1, appearance=16, statusBarAppearanceRegions=[AppearanceRegion{LIGHT_STATUS_BARS bounds=[0,0][1080,2340]}], requestedVisibilities=-9, from=com.android.server.wm.DisplayPolicy.focusChangedLw:2988 com.android.server.wm.DisplayContent.updateFocusedWindowLocked:4900 com.android.server.wm.RootWindowContainer.updateFocusedWindowLocked:581 
05-18 19:24:17.703  2568  6757 V SystemKeyManager: updateFocusedWindow() is called, org.sailyachtresearch.sailinsight/org.sailyachtresearch.sailinsight.MainActivity
05-18 19:24:17.703  4000  4000 D NavigationBar: onSystemBarAttributesChanged() -  displayId:0, appearance:16, packageName: org.sailyachtresearch.sailinsight (APPEARANCE_LIGHT_NAVIGATION_BARS ), navbarColorManagedByIme:false
05-18 19:24:17.715  2568  6757 D WindowManager: finishDrawingWindow: Window{5c5f1e0 u0 org.sailyachtresearch.sailinsight/org.sailyachtresearch.sailinsight.MainActivity} mDrawState=DRAW_PENDING seqId=0
05-18 19:24:17.716  9220 13465 W AbstractServiceBroker: calling package is not null : org.sailyachtresearch.sailinsight for service ids : [93] [CONTEXT service_id=259 ]
05-18 19:24:17.716  2568  2861 V WindowManager: Finish starting ActivityRecord{6fad416 u0 org.sailyachtresearch.sailinsight/.MainActivity t8422}: first real window is shown, no animation
05-18 19:24:17.716  2568  2861 V WindowManager: Schedule remove starting ActivityRecord{6fad416 u0 org.sailyachtresearch.sailinsight/.MainActivity t8422} startingWindow=Window{ee4a969 u0 Splash Screen org.sailyachtresearch.sailinsight} animate=true Callers=com.android.server.wm.ActivityRecord.removeStartingWindow:3496 com.android.server.wm.ActivityRecord.onFirstWindowDrawn:8007 com.android.server.wm.WindowState.performShowLocked:5350 com.android.server.wm.WindowStateAnimator.commitFinishDrawingLocked:286 com.android.server.wm.DisplayContent.lambda$new$8:1293 
05-18 19:24:17.716  2568  2861 D TaskOrganizerController: applyStartingWindowAnimation, window=Window{5c5f1e0 u0 org.sailyachtresearch.sailinsight/org.sailyachtresearch.sailinsight.MainActivity}, caller=com.android.server.wm.TaskOrganizerController.removeStartingWindow:809 com.android.server.wm.StartingSurfaceController$StartingSurface.remove:292 com.android.server.wm.ActivityRecord.removeStartingWindowAnimation:3576 
05-18 19:24:17.716  2568  2861 I WindowManager: Reparenting to leash, surface=Surface(name=5c5f1e0 org.sailyachtresearch.sailinsight/org.sailyachtresearch.sailinsight.MainActivity)/@0x7b41cf8, leashParent=Surface(name=ActivityRecord{6fad416 u0 org.sailyachtresearch.sailinsight/.MainActivity t8422})/@0x401fc4d
05-18 19:24:17.717  1765  3851 I SurfaceFlinger: id=41142 createSurf, flag=24000, Surface(name=5c5f1e0 org.sailyachtresearch.sailinsight/org.sailyachtresearch.sailinsight.MainActivity)/@0x7b41cf8 - animation-leash of starting_reveal#41142
05-18 19:24:17.717  2568  2861 D WindowManager: makeSurface duration=1 leash=Surface(name=Surface(name=5c5f1e0 org.sailyachtresearch.sailinsight/org.sailyachtresearch.sailinsight.MainActivity)/@0x7b41cf8 - animation-leash of starting_reveal)/@0x85415d1
05-18 19:24:17.718  2568  2861 V WindowManager: performShowLocked: mDrawState=HAS_DRAWN in Window{5c5f1e0 u0 org.sailyachtresearch.sailinsight/org.sailyachtresearch.sailinsight.MainActivity}
05-18 19:24:17.718  2568  2856 W ziparchive: Unable to open '/data/app/~~V15-Q3Ih18zVQ2UjMXEpgQ==/org.sailyachtresearch.sailinsight-ESRTqsk645u2k1GA4JdryQ==/base.dm': No such file or directory
05-18 19:24:17.719  2568  2856 I PkgPredictorService-SecIpmManagerServiceImpl: reportToNAP uid:10477 org.sailyachtresearch.sailinsight/org.sailyachtresearch.sailinsight.MainActivity thisTime:460
05-18 19:24:17.719  4000  4067 I InsetsController: onStateChanged: host=Splash Screen org.sailyachtresearch.sailinsight, from=android.view.ViewRootImpl$ViewRootHandler.handleMessageImpl:7279, state=InsetsState: {mDisplayFrame=Rect(0, 0 - 1080, 2340), mDisplayCutout=DisplayCutout{insets=Rect(0, 81 - 0, 0) waterfall=Insets{left=0, top=0, right=0, bottom=0} boundingRect={Bounds=[Rect(0, 0 - 0, 0), Rect(512, 0 - 568, 81), Rect(0, 0 - 0, 0), Rect(0, 0 - 0, 0)]} cutoutPathParserInfo={CutoutPathParserInfo{displayWidth=1080 displayHeight=2340 physicalDisplayWidth=1080 physicalDisplayHeight=2340 density={3.0} cutoutSpec={M 0,0 H -9.333333333333333‬ V 27 H 9.333333333333333‬ V 0 H 0 Z @dp} rotation={0} scale={1.0} physicalPixelDisplaySizeRatio={1.0}}}}, mRoundedCorners=RoundedCorners{[RoundedCorner{position=TopLeft, radius=102, center=Point(102, 102)}, RoundedCorner{position=TopRight, radius=102, center=Point(978, 102)}, RoundedCorner{position=BottomRight, radius=102, center=Point(978, 2238)}, RoundedCorner{position=BottomLeft, radius=102, center=Point(102, 2238)}]}  mRoundedCornerFrame=Rect(0, 0 - 1080, 2340), mPrivacyIndicatorBounds=PrivacyIndicatorBounds {static bounds=Rect(948, 0 - 1080, 81) rotation=0}, mDisplayShape=DisplayShape{ spec=-311912193 displayWidth=1080 displayHeight=2340 physicalPixelDisplaySizeRatio=1.0 rotation=0 offsetX=0 offsetY=0 scale=1.0}, mSources= { InsetsSource: {c52a0001 mType=navigationBars mFrame=[0,2196][1080,2340] mVisible=true mFlags=[]}, InsetsSource: {c52a0004 mType=systemGestures mFrame=[0,0][0,0] mVisible=true mFlags=[]}, InsetsSource: {c52a0005 mType=mandatorySystemGestures mFrame=[0,2196][1080,2340] mVisible=true mFlags=[]}, InsetsSource: {c52a0006 mType=tappableElement mFrame=[0,2196][1080,2340] mVisible=true mFlags=[]}, InsetsSource: {c52a0024 mType=systemGestures mFrame=[0,0][0,0] mVisible=true mFlags=[]}, InsetsSource: {27 mType=displayCutout mFrame=[0,0][1080,81] mVisible=true mFlags=[]}, InsetsSource: {651f0000 mType=statusBars mFrame=[0,0][1080,81] mVisible=true mFlags=[]}, InsetsSource: {651f0005 mType=mandatorySystemGestures mFrame=[0,0][1080,117] mVisible=true mFlags=[]}, InsetsSource: {651f0006 mType=tappableElement mFrame=[0,0][1080,81] mVisible=true mFlags=[]} }
05-18 19:24:17.720  2568  2856 I ActivityTaskManager: Displayed org.sailyachtresearch.sailinsight/.MainActivity for user 0: +460ms
05-18 19:24:17.720  2568  2856 I Pageboost: Launch time gathered : pid 9035 org.sailyachtresearch.sailinsight 460
05-18 19:24:17.727  9035  9035 I InsetsSourceConsumer: applyRequestedVisibilityToControl: visible=true, type=statusBars, host=org.sailyachtresearch.sailinsight/org.sailyachtresearch.sailinsight.MainActivity
05-18 19:24:17.727  9035  9035 I InsetsSourceConsumer: applyRequestedVisibilityToControl: visible=true, type=navigationBars, host=org.sailyachtresearch.sailinsight/org.sailyachtresearch.sailinsight.MainActivity
05-18 19:24:17.730  2568  4664 V WindowManager: Relayout Window{ee4a969 u0 Splash Screen org.sailyachtresearch.sailinsight}: viewVisibility=8 req=1080x2340 ty=3 d0
05-18 19:24:17.730  2568  4664 D WindowManager: updateSystemBarAttributes: displayId=0, win=Window{5c5f1e0 u0 org.sailyachtresearch.sailinsight/org.sailyachtresearch.sailinsight.MainActivity}, navColorWin=Window{5c5f1e0 u0 org.sailyachtresearch.sailinsight/org.sailyachtresearch.sailinsight.MainActivity}, focusedCanBeNavColorWin=false, behavior=1, appearance=0, statusBarAppearanceRegions=[AppearanceRegion{ bounds=[0,0][1080,2340]}], requestedVisibilities=-9, from=com.android.server.wm.DisplayPolicy.finishPostLayoutPolicyLw:2339 com.android.server.wm.DisplayContent.applySurfaceChangesTransaction:6181 com.android.server.wm.RootWindowContainer.applySurfaceChangesTransaction:1183 
05-18 19:24:17.732  2568  6796 D CoreBackPreview: Window{ee4a969 u0 Splash Screen org.sailyachtresearch.sailinsight}: Setting back callback null
05-18 19:24:17.733  2568  3401 D WindowManager: Starting window removed Window{ee4a969 u0 Splash Screen org.sailyachtresearch.sailinsight}
05-18 19:24:17.733  2568  3401 I WindowManager: Cancelling animation restarting=false, leash=Surface(name=Surface(name=5c5f1e0 org.sailyachtresearch.sailinsight/org.sailyachtresearch.sailinsight.MainActivity)/@0x7b41cf8 - animation-leash of starting_reveal)/@0x85415d1
05-18 19:24:17.733  2568  3401 I WindowManager: Reparenting to original parent: Surface(name=ActivityRecord{6fad416 u0 org.sailyachtresearch.sailinsight/.MainActivity t8422})/@0x401fc4d, destroy=false, surface=Surface(name=5c5f1e0 org.sailyachtresearch.sailinsight/org.sailyachtresearch.sailinsight.MainActivity)/@0x7b41cf8
05-18 19:24:17.733  2568  3401 W InputManager-JNI: Input channel object 'ee4a969 Splash Screen org.sailyachtresearch.sailinsight (client)' was disposed without first being removed with the input manager!
05-18 19:24:17.734  2568  3401 V WindowManager: Remove Window{ee4a969 u0 Splash Screen org.sailyachtresearch.sailinsight}: mSurfaceController=Surface(name=Splash Screen org.sailyachtresearch.sailinsight$_4000)/@0x601080e mAnimatingExit=false mRemoveOnExit=false mHasSurface=true surfaceShowing=false animating=false app-animation=false mDisplayFrozen=false callers=com.android.server.wm.WindowManagerService.removeWindow:2151 com.android.server.wm.Session.remove:257 android.view.IWindowSession$Stub.onTransact:747 com.android.server.wm.Session.onTransact:204 android.os.Binder.execTransactInternal:1375 android.os.Binder.execTransact:1311 
