05-18 19:24:17.196  2568  3880 I Pageboost: start alp : org.sailyachtresearch.sailinsight
05-18 19:24:17.196  2568  3883 I Pageboost: alp for : org.sailyachtresearch.sailinsight , 0
05-18 19:24:17.198  2568  2860 I ChimeraSystemEventListener: appLaunchIntent package name is: org.sailyachtresearch.sailinsight
05-18 19:24:17.218  4000  4068 D ShellStartingWindow: preload Icon org.sailyachtresearch.sailinsight
05-18 19:24:17.220  2568  3138 I ActivityManager: Start proc 9035:org.sailyachtresearch.sailinsight/u0a477 for activelaunch {org.sailyachtresearch.sailinsight/org.sailyachtresearch.sailinsight.MainActivity}
05-18 19:24:17.257  2568  2860 I ChimeraSystemEventListener: appLaunchIntent package name is: org.sailyachtresearch.sailinsight
05-18 19:24:17.257  2568  4373 I Pageboost: onAppLaunch : org.sailyachtresearch.sailinsight
05-18 19:24:17.259  2568  4373 V WindowManager: Collecting in transition 2960: ActivityRecord{6fad416 u0 org.sailyachtresearch.sailinsight/.MainActivity, caller=com.android.server.wm.Transition.collect:753 com.android.server.wm.TransitionController.collect:975 com.android.server.wm.ActivityStarter.startActivityUnchecked:2407 com.android.server.wm.ActivityStarter.executeRequest:1959 com.android.server.wm.ActivityStarter.execute:1075 
05-18 19:24:17.259  2568  4373 D ActivityTaskManager: TaskLaunchParamsModifier:task=null activity=ActivityRecord{6fad416 u0 org.sailyachtresearch.sailinsight/.MainActivity t-1} display-from-option=0 display-id=0 task-display-area-windowing-mode=1 suggested-display-area=DefaultTaskDisplayArea_d0@231382683
05-18 19:24:17.260  2568  4373 D ActivityTaskManager: TaskLaunchParamsModifier:task=null activity=ActivityRecord{6fad416 u0 org.sailyachtresearch.sailinsight/.MainActivity t-1} display-from-option=0 display-id=0 task-display-area-windowing-mode=1 suggested-display-area=DefaultTaskDisplayArea_d0@231382683 inherit-from-source=fullscreen non-freeform-task-display-area display-area=DefaultTaskDisplayArea_d0@231382683 default-portrait freeform-size-mismatch=Rect(81, 553 - 999, 1723)
05-18 19:24:17.262  2568  4373 D ActivityTaskManager: TaskLaunchParamsModifier:task=Task{46f3197 #8422 type=standard A=10477:org.sailyachtresearch.sailinsight} activity=ActivityRecord{6fad416 u0 org.sailyachtresearch.sailinsight/.MainActivity t-1} display-from-option=0 display-id=0 task-display-area-windowing-mode=1 suggested-display-area=DefaultTaskDisplayArea_d0@231382683 inherit-from-source=fullscreen non-freeform-task-display-area display-area=DefaultTaskDisplayArea_d0@231382683 default-portrait freeform-size-mismatch=Rect(81, 553 - 999, 1723)
05-18 19:24:17.262  2568  4373 V WindowManager: Collecting in transition 2960: Task{46f3197 #8422 type=standard A=10477:org.sailyachtresearch.sailinsight}, caller=com.android.server.wm.Transition.collect:753 com.android.server.wm.Transition.collectExistenceChange:936 com.android.server.wm.TransitionController.collectExistenceChange:1025 com.android.server.wm.ActivityStarter.setNewTask:4833 com.android.server.wm.ActivityStarter.startActivityInner:3041 
05-18 19:24:17.262  1765  2141 I SurfaceFlinger: id=41128 createSurf, flag=84004, ActivityRecord{6fad416 u0 org.sailyachtresearch.sailinsight/.MainActivity t8422}#41128
05-18 19:24:17.263  2568  4373 D ActivityTaskManager: Add starting ActivityRecord{6fad416 u0 org.sailyachtresearch.sailinsight/.MainActivity t8422}: typeParam=139 startingData=com.android.server.wm.SplashScreenStartingData@8da436d
05-18 19:24:17.263  2568  4373 V WindowManager: Added starting ActivityRecord{6fad416 u0 org.sailyachtresearch.sailinsight/.MainActivity t8422}: startingWindow=null startingView=com.android.server.wm.StartingSurfaceController$StartingSurface@8c81ba2
05-18 19:24:17.265  2568  4373 V WindowManager: Collecting in transition 2960: ActivityRecord{6fad416 u0 org.sailyachtresearch.sailinsight/.MainActivity t8422}, caller=com.android.server.wm.Transition.collect:753 com.android.server.wm.Transition.collectExistenceChange:936 com.android.server.wm.TransitionController.collectExistenceChange:1025 com.android.server.wm.ActivityStarter.handleStartResult:2632 com.android.server.wm.ActivityStarter.startActivityUnchecked:2415 
05-18 19:24:17.265  2568  4373 I ActivityTaskManager: START u0 {act=android.intent.action.MAIN cat=[android.intent.category.LAUNCHER] flg=0x10200000 cmp=org.sailyachtresearch.sailinsight/.MainActivity bnds=[38,1758][289,2052]} with LAUNCH_SINGLE_TASK from uid 10136 (BAL_ALLOW_ALLOWLISTED_COMPONENT) result code=0
05-18 19:24:17.266  4000  4056 V WindowManagerShell: Transition requested: android.os.BinderProxy@bdcf93c TransitionRequestInfo { type = OPEN, triggerTask = TaskInfo{userId=0 taskId=8422 displayId=0 isRunning=true baseIntent=Intent { act=android.intent.action.MAIN cat=[android.intent.category.LAUNCHER] flg=0x10200000 cmp=org.sailyachtresearch.sailinsight/.MainActivity } baseActivity=ComponentInfo{org.sailyachtresearch.sailinsight/org.sailyachtresearch.sailinsight.MainActivity} topActivity=ComponentInfo{org.sailyachtresearch.sailinsight/org.sailyachtresearch.sailinsight.MainActivity} origActivity=null realActivity=ComponentInfo{org.sailyachtresearch.sailinsight/org.sailyachtresearch.sailinsight.MainActivity} numActivities=1 lastActiveTime=261019881 supportsMultiWindow=true resizeMode=1 isResizeable=true minWidth=-1 minHeight=-1 maxWidth=-1 maxHeight=-1 defaultMinSize=220 token=WCT{android.window.IWindowContainerToken$Stub$Proxy@16e96c5} topActivityType=1 pictureInPictureParams=null shouldDockBigOverlays=false launchIntoPipHostTaskId=-1 lastParentTaskIdBeforePip=-1 displayCutoutSafeInsets=Rect(0, 81 - 0, 0) topActivityInfo=ActivityInfo{f64681a org.sailyachtresearch.sailinsight.MainActivity} launchCookies=[android.os.BinderProxy@3946f4b] positionInParent=Point(0, 0) parentTaskId=-1 isFocused=false isVisible=false isVisibleRequested=false isSleeping=false topActivityInSizeCompat=false topActivityEligibleForLetterboxEducation= false topActivityLetterboxed= false isFromDoubleTap= false topActivityLetterboxVerticalPosition= -1 topActivityLetterboxHorizontalPosition= -1 topActivityLetterboxWidth=-1 topActivityLetterboxHeight=-1 locusId=null displayAreaFeatureId=1 cameraCompatControlState=hidden originallySupportedMultiWindow=true hasWallpaper=false topActivityInFixedAspectRatio=false rootAffinity=10477:org.sailyachtresearch.sailinsight topActivityInDisplayCompat=false topActivityInBoundsCompat=false topActivityBounds=null singleTapFromLetterbox=false isTopTaskInStage=false topActivityUiMode=33 CoverLauncherWidgetTask=false CoverScreenTask=false isAllowedSeamlessRotation=false isTopTransparentActivity=false hasPopOver=false}, remoteTransition = RemoteTransition { remoteTransition = android.window.IRemoteTransition$Stub$Proxy@f1e6d28, appThread = android.app.IApplicationThread$Stub$Proxy@a26da41, debugName = QuickstepLaunch }, displayChange = null }
05-18 19:24:17.266  4325  4639 I HoneySpace.SALoggingUtils: SA Logging screenID: 201 eventId: 1001 detail: {PackageName=org.sailyachtresearch.sailinsight, det=3} value: -1
05-18 19:24:17.266  4325  6577 I HoneySpace.SuggestedAppsRepositoryImpl: sendSuggestedAppsLaunchTarget: ComponentInfo{org.sailyachtresearch.sailinsight/org.sailyachtresearch.sailinsight.MainActivity}
05-18 19:24:17.269  2568  6796 V WindowManager: Collecting in transition 2960: ActivityRecord{6fad416 u0 org.sailyachtresearch.sailinsight/.MainActivity t8422}, caller=com.android.server.wm.Transition.collect:753 com.android.server.wm.TransitionController.collect:975 com.android.server.wm.ActivityRecord.setVisibility:6429 com.android.server.wm.ActivityRecord.setVisibility:6381 com.android.server.wm.EnsureActivitiesVisibleHelper.makeVisibleAndRestartIfNeeded:338 
05-18 19:24:17.271  4325  4679 I HoneySpace.TopTaskUseCase: topTasks 8422 ComponentInfo{org.sailyachtresearch.sailinsight/org.sailyachtresearch.sailinsight.MainActivity}
05-18 19:24:17.272  2568  6757 D WindowManager: prepareSync <SYNC_STATE_WAITING_FOR_DRAW>, mPrepareSyncSeqId=0, win=Window{ee4a969 u0 Splash Screen org.sailyachtresearch.sailinsight}
05-18 19:24:17.272  1765  2141 I SurfaceFlinger: id=41129 createSurf, flag=84004, ee4a969 Splash Screen org.sailyachtresearch.sailinsight#41129
05-18 19:24:17.274  2568  6757 V WindowManager: addWindow: ActivityRecord{6fad416 u0 org.sailyachtresearch.sailinsight/.MainActivity t8422} startingWindow=Window{ee4a969 u0 Splash Screen org.sailyachtresearch.sailinsight}
05-18 19:24:17.274  2568  6757 D WindowManager: rotationForOrientation, orientationSource=ActivityRecord{6fad416 u0 org.sailyachtresearch.sailinsight/.MainActivity t8422}
05-18 19:24:17.275  4000  4067 I InsetsController: onStateChanged: host=Splash Screen org.sailyachtresearch.sailinsight, from=android.view.ViewRootImpl.setView:1797, state=InsetsState: {mDisplayFrame=Rect(0, 0 - 1080, 2340), mDisplayCutout=DisplayCutout{insets=Rect(0, 81 - 0, 0) waterfall=Insets{left=0, top=0, right=0, bottom=0} boundingRect={Bounds=[Rect(0, 0 - 0, 0), Rect(512, 0 - 568, 81), Rect(0, 0 - 0, 0), Rect(0, 0 - 0, 0)]} cutoutPathParserInfo={CutoutPathParserInfo{displayWidth=1080 displayHeight=2340 physicalDisplayWidth=1080 physicalDisplayHeight=2340 density={3.0} cutoutSpec={M 0,0 H -9.333333333333333‬ V 27 H 9.333333333333333‬ V 0 H 0 Z @dp} rotation={0} scale={1.0} physicalPixelDisplaySizeRatio={1.0}}}}, mRoundedCorners=RoundedCorners{[RoundedCorner{position=TopLeft, radius=102, center=Point(102, 102)}, RoundedCorner{position=TopRight, radius=102, center=Point(978, 102)}, RoundedCorner{position=BottomRight, radius=102, center=Point(978, 2238)}, RoundedCorner{position=BottomLeft, radius=102, center=Point(102, 2238)}]}  mRoundedCornerFrame=Rect(0, 0 - 1080, 2340), mPrivacyIndicatorBounds=PrivacyIndicatorBounds {static bounds=Rect(948, 0 - 1080, 81) rotation=0}, mDisplayShape=DisplayShape{ spec=-311912193 displayWidth=1080 displayHeight=2340 physicalPixelDisplaySizeRatio=1.0 rotation=0 offsetX=0 offsetY=0 scale=1.0}, mSources= { InsetsSource: {c52a0001 mType=navigationBars mFrame=[0,2196][1080,2340] mVisible=true mFlags=[]}, InsetsSource: {c52a0004 mType=systemGestures mFrame=[0,0][0,0] mVisible=true mFlags=[]}, InsetsSource: {c52a0005 mType=mandatorySystemGestures mFrame=[0,2196][1080,2340] mVisible=true mFlags=[]}, InsetsSource: {c52a0006 mType=tappableElement mFrame=[0,2196][1080,2340] mVisible=true mFlags=[]}, InsetsSource: {c52a0024 mType=systemGestures mFrame=[0,0][0,0] mVisible=true mFlags=[]}, InsetsSource: {3 mType=ime mFrame=[0,0][0,0] mVisible=false mFlags=[]}, InsetsSource: {27 mType=displayCutout mFrame=[0,0][1080,81] mVisible=true mFlags=[]}, InsetsSource: {651f0000 mType=statusBars mFrame=[0,0][1080,81] mVisible=true mFlags=[]}, InsetsSource: {651f0005 mType=mandatorySystemGestures mFrame=[0,0][1080,117] mVisible=true mFlags=[]}, InsetsSource: {651f0006 mType=tappableElement mFrame=[0,0][1080,81] mVisible=true mFlags=[]} }
05-18 19:24:17.279  2568  6757 D WindowManager: rotationForOrientation, orientationSource=ActivityRecord{6fad416 u0 org.sailyachtresearch.sailinsight/.MainActivity t8422}
05-18 19:24:17.279  2568  6757 D WindowManager: rotationForOrientation, orientationSource=ActivityRecord{6fad416 u0 org.sailyachtresearch.sailinsight/.MainActivity t8422}
05-18 19:24:17.279  2568  6757 D WindowManager: rotationForOrientation, orientationSource=ActivityRecord{6fad416 u0 org.sailyachtresearch.sailinsight/.MainActivity t8422}
05-18 19:24:17.279  2568  6757 V WindowManager: Collecting in transition 2960: ActivityRecord{6fad416 u0 org.sailyachtresearch.sailinsight/.MainActivity t8422}, caller=com.android.server.wm.Transition.collect:753 com.android.server.wm.TransitionController.collect:975 com.android.server.wm.ActivityRecord.setVisibility:6429 com.android.server.wm.ActivityRecord.setVisibility:6381 com.android.server.wm.ActivityTaskSupervisor.realStartActivityLocked:965 
05-18 19:24:17.279  2568  6757 D SGM:PkgDataHelper: notifyAppCreate(), pkgName: org.sailyachtresearch.sailinsight, userId: 0, sendRet: true
05-18 19:24:17.279  2568  3556 D SGM:FgCheckThread: onLooperPrepared(), msg: MSG_APP_CREATE, pkgName: org.sailyachtresearch.sailinsight, userId: 0
05-18 19:24:17.279  2568  6757 D SGM:FgCheckThread:   sendRunningComponentFocus(), pkgName: org.sailyachtresearch.sailinsight, userId: 0
05-18 19:24:17.279  2568  3556 D SGM:FgCheckThread: onLooperPrepared(), msg: MSG_TASK_FOCUSED, pkgName: org.sailyachtresearch.sailinsight, userId: 0
05-18 19:24:17.279  2568  3556 D SGM:FgCheckThread:   handleTaskFocused(), pkgName: org.sailyachtresearch.sailinsight, userID:0
05-18 19:24:17.280  2568  3556 D SGM:FgCheckThread:   handleResume(). pkgName: org.sailyachtresearch.sailinsight, userId: 0, isTunableApp: null
05-18 19:24:17.280  2568  3556 D SGM:FgCheckThread: notifyFocusInOut(). of pkg: org.sailyachtresearch.sailinsight, type: 4, isTunableApp: false, userId: 0
05-18 19:24:17.280  2568  6757 D InputDispatcher: Focused application(0): ActivityRecord{6fad416 u0 org.sailyachtresearch.sailinsight/.MainActivity t8422}
05-18 19:24:17.280  2568  6757 D SGM:FgCheckThread:   sendRunningComponentFocus(), pkgName: org.sailyachtresearch.sailinsight, userId: 0
05-18 19:24:17.280  2568  6757 D ActivityTaskManager: scheduleTopResumedActivityChanged, onTop=true, r=ActivityRecord{6fad416 u0 org.sailyachtresearch.sailinsight/.MainActivity t8422}, caller=com.android.server.wm.ActivityTaskSupervisor.scheduleTopResumedActivityStateIfNeeded:2904 com.android.server.wm.ActivityTaskSupervisor.updateTopResumedActivityIfNeeded:2896 com.android.server.wm.TaskFragment.setResumedActivity:580 com.android.server.wm.TaskFragment.onActivityStateChanged:904 com.android.server.wm.ActivityRecord.setState:6892 com.android.server.wm.Task.minimalResumeActivityLocked:6255 
05-18 19:24:17.281  2568  3556 D SGM:FgCheckThread: onLooperPrepared(), msg: MSG_TASK_FOCUSED, pkgName: org.sailyachtresearch.sailinsight, userId: 0
05-18 19:24:17.281  2568  3556 D SGM:FgCheckThread:   handleTaskFocused(), pkgName: org.sailyachtresearch.sailinsight, userID:0
05-18 19:24:17.281  2568  3556 D SGM:FgCheckThread:   handleResume(). pkgName: org.sailyachtresearch.sailinsight, userId: 0, isTunableApp: null
05-18 19:24:17.281  2568  3556 D SGM:FgCheckThread: notifyFocusInOut(). of pkg: org.sailyachtresearch.sailinsight, type: 4, isTunableApp: false, userId: 0
05-18 19:24:17.281  2568  6757 V WindowManager: Collecting in transition 2960: ActivityRecord{6fad416 u0 org.sailyachtresearch.sailinsight/.MainActivity t8422}, caller=com.android.server.wm.Transition.collect:753 com.android.server.wm.TransitionController.collect:975 com.android.server.wm.ActivityRecord.setVisibility:6429 com.android.server.wm.ActivityRecord.setVisibility:6381 com.android.server.wm.ActivityRecord.completeResumeLocked:7499 
05-18 19:24:17.281  2568  6757 D WindowManagerServiceExt: notifyOccludeChangeNotice: cn=ComponentInfo{org.sailyachtresearch.sailinsight/org.sailyachtresearch.sailinsight.MainActivity} occludesParent=true isInSplitScreenMode=false styleFloating=false caller=com.android.server.wm.ActivityRecord.completeResumeLocked:7556 com.android.server.wm.Task.minimalResumeActivityLocked:6256 com.android.server.wm.ActivityTaskSupervisor.realStartActivityLocked:1187 com.android.server.wm.RootWindowContainer$AttachApplicationHelper.test:4369 com.android.server.wm.RootWindowContainer$AttachApplicationHelper.test:4305 
05-18 19:24:17.284  2568  6757 D CoreBackPreview: Window{ee4a969 u0 Splash Screen org.sailyachtresearch.sailinsight}: Setting back callback OnBackInvokedCallbackInfo{mCallback=android.window.IOnBackInvokedCallback$Stub$Proxy@e6e6ec6, mPriority=0, mIsAnimationCallback=false}
05-18 19:24:17.284  2568  4664 V WindowManager: Relayout Window{ee4a969 u0 Splash Screen org.sailyachtresearch.sailinsight}: viewVisibility=0 req=1080x2340 ty=3 d0
05-18 19:24:17.286  1765  2141 I SurfaceFlinger: id=41130 createSurf, flag=44004, Splash Screen org.sailyachtresearch.sailinsight$_4000#41130
05-18 19:24:17.287  2568  4664 D WindowManager: makeSurface duration=2 name=Splash Screen org.sailyachtresearch.sailinsight$_4000
05-18 19:24:17.288  2568  6796 D SGM:GameManager: identifyForegroundApp. org.sailyachtresearch.sailinsight, mCurrentUserId: 0, callerUserId: 0
05-18 19:24:17.288  2568  6796 D SGM:PkgDataHelper: getGamePkgData(). org.sailyachtresearch.sailinsight
05-18 19:24:17.288  2568  4664 D WindowManager: SyncGroup 2960:  Unfinished container: ActivityRecord{6fad416 u0 org.sailyachtresearch.sailinsight/.MainActivity t8422} mSyncState=2
05-18 19:24:17.289  2568  2860 D SGM:GameManager: identifyGamePackage. org.sailyachtresearch.sailinsight, mCurrentUserId: 0, callerUserId: 0, callingMethodInfo: com.samsung.android.game.SemGameManager.isGamePackage(SemGameManager.java:111)
05-18 19:24:17.289  2568  2860 D SGM:PkgDataHelper: getGamePkgData(). org.sailyachtresearch.sailinsight
05-18 19:24:17.289  2568  2860 D SGM:SemGameManager: isGamePackage(), pkgName=org.sailyachtresearch.sailinsight, ret=false
05-18 19:24:17.290  2568  2860 I GameSDK@LifeCycle: noteResumeComponent(): package name  : org.sailyachtresearch.sailinsight
05-18 19:24:17.290  2568  2860 D SGM:FgCheckThread: noteResumeComponent(), received pkgName: org.sailyachtresearch.sailinsight, userId: 0
05-18 19:24:17.291  2568  3556 D SGM:FgCheckThread: onLooperPrepared(), msg: MSG_APP_RESUME, pkgName: org.sailyachtresearch.sailinsight, userid: 0
05-18 19:24:17.291  2568  3556 D SGM:FgCheckThread:   handleResume(). pkgName: org.sailyachtresearch.sailinsight, userId: 0, isTunableApp: null
05-18 19:24:17.291  2568  3556 D SGM:FgCheckThread: notifyFocusInOut(). of pkg: org.sailyachtresearch.sailinsight, type: 4, isTunableApp: false, userId: 0
05-18 19:24:17.291  2568  2861 D WindowManager: SyncGroup 2960:  Unfinished container: ActivityRecord{6fad416 u0 org.sailyachtresearch.sailinsight/.MainActivity t8422} mSyncState=2
05-18 19:24:17.293  9035  9035 D nativeloader: Configuring clns-4 for other apk /system/framework/org.apache.http.legacy.jar. target_sdk_version=33, uses_libraries=ALL, library_path=/data/app/~~V15-Q3Ih18zVQ2UjMXEpgQ==/org.sailyachtresearch.sailinsight-ESRTqsk645u2k1GA4JdryQ==/lib/arm64:/data/app/~~V15-Q3Ih18zVQ2UjMXEpgQ==/org.sailyachtresearch.sailinsight-ESRTqsk645u2k1GA4JdryQ==/base.apk!/lib/arm64-v8a, permitted_path=/data:/mnt/expand:/data/user/0/org.sailyachtresearch.sailinsight
05-18 19:24:17.293  2568  6796 I AppsFilter: interaction: PackageSetting{6b99db0 org.sailyachtresearch.sailinsight/10477} -> PackageSetting{f942f3c com.amazon.mShop.android.shopping/10250} BLOCKED
05-18 19:24:17.293  2568  6796 I AppsFilter: interaction: PackageSetting{6b99db0 org.sailyachtresearch.sailinsight/10477} -> PackageSetting{ce494c5 co.dialogue.patient.sunlife/10332} BLOCKED
05-18 19:24:17.293  2568  6796 I AppsFilter: interaction: PackageSetting{6b99db0 org.sailyachtresearch.sailinsight/10477} -> PackageSetting{8058e1a com.android.cts.priv.ctsshim/10268} BLOCKED
05-18 19:24:17.293  2568  6796 I AppsFilter: interaction: PackageSetting{6b99db0 org.sailyachtresearch.sailinsight/10477} -> PackageSetting{dc59d4b com.sec.vsim.ericssonnsds.webapp/10088} BLOCKED
05-18 19:24:17.293  2568  6796 I AppsFilter: interaction: PackageSetting{6b99db0 org.sailyachtresearch.sailinsight/10477} -> PackageSetting{6130328 com.google.android.youtube/10247} BLOCKED
05-18 19:24:17.293  2568  6796 I AppsFilter: interaction: PackageSetting{6b99db0 org.sailyachtresearch.sailinsight/10477} -> PackageSetting{9feb841 com.samsung.android.themestore/10131} BLOCKED
05-18 19:24:17.293  2568  6796 I AppsFilter: interaction: PackageSetting{6b99db0 org.sailyachtresearch.sailinsight/10477} -> PackageSetting{3734922 com.android.internal.display.cutout.emulation.corner/10004} BLOCKED
05-18 19:24:17.293  2568  6796 I AppsFilter: interaction: PackageSetting{6b99db0 org.sailyachtresearch.sailinsight/10477} -> PackageSetting{aaaafb3 com.android.internal.display.cutout.emulation.double/10005} BLOCKED
05-18 19:24:17.293  2568  6796 I AppsFilter: interaction: PackageSetting{6b99db0 org.sailyachtresearch.sailinsight/10477} -> PackageSetting{de71e6 com.sec.location.nfwlocationprivacy/10180} BLOCKED
05-18 19:24:17.293  2568  6796 I AppsFilter: interaction: PackageSetting{6b99db0 org.sailyachtresearch.sailinsight/10477} -> PackageSetting{1f70260 com.microsoft.appmanager/10138} BLOCKED
05-18 19:24:17.293  2568  6796 I AppsFilter: interaction: PackageSetting{6b99db0 org.sailyachtresearch.sailinsight/10477} -> PackageSetting{f2929d4 com.google.android.googlequicksearchbox/10231} BLOCKED
05-18 19:24:17.293  2568  6796 I AppsFilter: interaction: PackageSetting{6b99db0 org.sailyachtresearch.sailinsight/10477} -> PackageSetting{d3d977d com.kwindoo.application/10424} BLOCKED
05-18 19:24:17.293  2568  6796 I AppsFilter: interaction: PackageSetting{6b99db0 org.sailyachtresearch.sailinsight/10477} -> PackageSetting{f0fc672 com.sap.sailing.racecommittee.app/10469} BLOCKED
05-18 19:24:17.293  2568  6796 I AppsFilter: interaction: PackageSetting{6b99db0 org.sailyachtresearch.sailinsight/10477} -> PackageSetting{b542ce3 com.google.android.apps.googleassistant/10314} BLOCKED
05-18 19:24:17.293  2568  6796 I AppsFilter: interaction: PackageSetting{6b99db0 org.sailyachtresearch.sailinsight/10477} -> PackageSetting{6d90f40 com.google.android.apps.docs.editors.docs/10459} BLOCKED
05-18 19:24:17.293  2568  6796 I AppsFilter: interaction: PackageSetting{6b99db0 org.sailyachtresearch.sailinsight/10477} -> PackageSetting{8912e79 com.google.android.onetimeinitializer/10220} BLOCKED
05-18 19:24:17.293  9035  9035 W ziparchive: Unable to open '/data/app/~~V15-Q3Ih18zVQ2UjMXEpgQ==/org.sailyachtresearch.sailinsight-ESRTqsk645u2k1GA4JdryQ==/base.dm': No such file or directory
05-18 19:24:17.293  9035  9035 W ziparchive: Unable to open '/data/app/~~V15-Q3Ih18zVQ2UjMXEpgQ==/org.sailyachtresearch.sailinsight-ESRTqsk645u2k1GA4JdryQ==/base.dm': No such file or directory
05-18 19:24:17.293  2568  6796 I AppsFilter: interaction: PackageSetting{6b99db0 org.sailyachtresearch.sailinsight/10477} -> PackageSetting{c8fd7be com.google.android.ext.shared/10166} BLOCKED
05-18 19:24:17.293  2568  6796 I AppsFilter: interaction: PackageSetting{6b99db0 org.sailyachtresearch.sailinsight/10477} -> PackageSetting{c1f1688 com.android.internal.systemui.navbar.gestural_wide_back/10025} BLOCKED
05-18 19:24:17.293  2568  6796 I AppsFilter: interaction: PackageSetting{6b99db0 org.sailyachtresearch.sailinsight/10477} -> PackageSetting{7eef01f com.android.virtualmachine.res/10363} BLOCKED
05-18 19:24:17.293  2568  6796 I AppsFilter: interaction: PackageSetting{6b99db0 org.sailyachtresearch.sailinsight/10477} -> PackageSetting{4dfdf6c com.ringapp/10378} BLOCKED
05-18 19:24:17.293  2568  6796 I AppsFilter: interaction: PackageSetting{6b99db0 org.sailyachtresearch.sailinsight/10477} -> PackageSetting{2ed3935 com.roku.remote/10354} BLOCKED
05-18 19:24:17.294  2568  6796 I AppsFilter: interaction: PackageSetting{6b99db0 org.sailyachtresearch.sailinsight/10477} -> PackageSetting{a6db1ca com.mobi2go.fatburger/10414} BLOCKED
05-18 19:24:17.294  2568  6796 I AppsFilter: interaction: PackageSetting{6b99db0 org.sailyachtresearch.sailinsight/10477} -> PackageSetting{91c6f3b com.google.android.server.deviceconfig.resources/10069} BLOCKED
05-18 19:24:17.294  2568  6796 I AppsFilter: interaction: PackageSetting{6b99db0 org.sailyachtresearch.sailinsight/10477} -> PackageSetting{da18658 co.faria.mobilemanagebac/10383} BLOCKED
05-18 19:24:17.294  2568  6796 I AppsFilter: interaction: PackageSetting{6b99db0 org.sailyachtresearch.sailinsight/10477} -> PackageSetting{4c533b1 com.whatsapp/10341} BLOCKED
05-18 19:24:17.294  2568  6796 I AppsFilter: interaction: PackageSetting{6b99db0 org.sailyachtresearch.sailinsight/10477} -> PackageSetting{99d2096 com.google.android.apps.docs.editors.sheets/10356} BLOCKED
05-18 19:24:17.294  2568  6796 I AppsFilter: interaction: PackageSetting{6b99db0 org.sailyachtresearch.sailinsight/10477} -> PackageSetting{1d8c417 com.google.android.apps.authenticator2/10461} BLOCKED
05-18 19:24:17.294  2568  6796 I AppsFilter: interaction: PackageSetting{6b99db0 org.sailyachtresearch.sailinsight/10477} -> PackageSetting{5d4b004 com.diotek.sec.lookup.dictionary/10160} BLOCKED
05-18 19:24:17.294  2568  6796 I AppsFilter: interaction: PackageSetting{6b99db0 org.sailyachtresearch.sailinsight/10477} -> PackageSetting{4859ed com.google.android.health.connect.backuprestore/10362} BLOCKED
05-18 19:24:17.294  2568  6796 I AppsFilter: interaction: PackageSetting{6b99db0 org.sailyachtresearch.sailinsight/10477} -> PackageSetting{482b022 com.google.android.apps.messaging/10229} BLOCKED
05-18 19:24:17.294  2568  6796 I AppsFilter: interaction: PackageSetting{6b99db0 org.sailyachtresearch.sailinsight/10477} -> PackageSetting{99b8ab3 com.alltrails.alltrails/10440} BLOCKED
05-18 19:24:17.294  2568  6796 I AppsFilter: interaction: PackageSetting{6b99db0 org.sailyachtresearch.sailinsight/10477} -> PackageSetting{78cd62a com.android.internal.systemui.onehanded.gestural/10028} BLOCKED
05-18 19:24:17.294  2568  6796 I AppsFilter: interaction: PackageSetting{6b99db0 org.sailyachtresearch.sailinsight/10477} -> PackageSetting{4eec870 com.monotype.android.font.foundation/10164} BLOCKED
05-18 19:24:17.294  2568  6796 I AppsFilter: interaction: PackageSetting{6b99db0 org.sailyachtresearch.sailinsight/10477} -> PackageSetting{15da7e9 com.sec.android.widgetapp.easymodecontactswidget/10163} BLOCKED
05-18 19:24:17.294  2568  6796 I AppsFilter: interaction: PackageSetting{6b99db0 org.sailyachtresearch.sailinsight/10477} -> PackageSetting{53fac6e com.victoriataxi.passengerapp/10388} BLOCKED
05-18 19:24:17.294  2568  6796 I AppsFilter: interaction: PackageSetting{6b99db0 org.sailyachtresearch.sailinsight/10477} -> PackageSetting{dba1f0f com.sec.android.app.samsungapps/10076} BLOCKED
05-18 19:24:17.294  2568  6796 I AppsFilter: interaction: PackageSetting{6b99db0 org.sailyachtresearch.sailinsight/10477} -> PackageSetting{24ffb9c com.uhaul.android.myuhaul/10445} BLOCKED
05-18 19:24:17.294  2568  6796 I AppsFilter: interaction: PackageSetting{6b99db0 org.sailyachtresearch.sailinsight/10477} -> PackageSetting{15fd9a5 com.google.android.configupdater/10216} BLOCKED
05-18 19:24:17.294  2568  6796 I AppsFilter: interaction: PackageSetting{6b99db0 org.sailyachtresearch.sailinsight/10477} -> PackageSetting{28f2fcd com.google.android.overlay.modules.permissioncontroller/10018} BLOCKED
05-18 19:24:17.294  2568  6796 I AppsFilter: interaction: PackageSetting{6b99db0 org.sailyachtresearch.sailinsight/10477} -> PackageSetting{4be217a com.sec.android.app.billing/10101} BLOCKED
05-18 19:24:17.294  2568  6796 I AppsFilter: interaction: PackageSetting{6b99db0 org.sailyachtresearch.sailinsight/10477} -> PackageSetting{d120393 com.samsung.android.wifi.p2paware.resources/10179} BLOCKED
05-18 19:24:17.294  2568  6796 I AppsFilter: interaction: PackageSetting{6b99db0 org.sailyachtresearch.sailinsight/10477} -> PackageSetting{1839d2b com.google.ar.core/10139} BLOCKED
05-18 19:24:17.294  2568  6796 I AppsFilter: interaction: PackageSetting{6b99db0 org.sailyachtresearch.sailinsight/10477} -> PackageSetting{92f3588 com.android.simappdialog/10194} BLOCKED
05-18 19:24:17.294  2568  6796 I AppsFilter: interaction: PackageSetting{6b99db0 org.sailyachtresearch.sailinsight/10477} -> PackageSetting{a996b21 hu.illion.buoymarker/10319} BLOCKED
05-18 19:24:17.294  2568  6796 I AppsFilter: interaction: PackageSetting{6b99db0 org.sailyachtresearch.sailinsight/10477} -> PackageSetting{3cf45ef com.samsung.internal.systemui.navbar.sec_gestural/10026} BLOCKED
05-18 19:24:17.294  2568  6796 I AppsFilter: interaction: PackageSetting{6b99db0 org.sailyachtresearch.sailinsight/10477} -> PackageSetting{e7cdb46 com.microsoft.skydrive/10096} BLOCKED
05-18 19:24:17.294  2568  6796 I AppsFilter: interaction: PackageSetting{6b99db0 org.sailyachtresearch.sailinsight/10477} -> PackageSetting{32f8b85 com.android.internal.display.cutout.emulation.hole/10006} BLOCKED
05-18 19:24:17.294  2568  6796 I AppsFilter: interaction: PackageSetting{6b99db0 org.sailyachtresearch.sailinsight/10477} -> PackageSetting{59f1dda com.android.internal.display.cutout.emulation.tall/10008} BLOCKED
05-18 19:24:17.294  2568  6796 I AppsFilter: interaction: PackageSetting{6b99db0 org.sailyachtresearch.sailinsight/10477} -> PackageSetting{f462234 com.passportparking.mobile.parkvictoria/10389} BLOCKED
05-18 19:24:17.294  2568  6796 I AppsFilter: interaction: PackageSetting{6b99db0 org.sailyachtresearch.sailinsight/10477} -> PackageSetting{8dae131 com.google.android.apps.accessibility.voiceaccess/10209} BLOCKED
05-18 19:24:17.294  2568  6796 I AppsFilter: interaction: PackageSetting{6b99db0 org.sailyachtresearch.sailinsight/10477} -> PackageSetting{780985d com.reddit.frontpage/10351} BLOCKED
05-18 19:24:17.294  2568  6796 I AppsFilter: interaction: PackageSetting{6b99db0 org.sailyachtresearch.sailinsight/10477} -> PackageSetting{de25b01 com.android.internal.systemui.navbar.threebutton/10022} BLOCKED
05-18 19:24:17.294  2568  6796 I AppsFilter: interaction: PackageSetting{6b99db0 org.sailyachtresearch.sailinsight/10477} -> PackageSetting{51b65d2 com.android.hotwordenrollment.xgoogle/10223} BLOCKED
05-18 19:24:17.294  2568  6796 I AppsFilter: interaction: PackageSetting{6b99db0 org.sailyachtresearch.sailinsight/10477} -> PackageSetting{81c86a3 com.govee.home/10366} BLOCKED
05-18 19:24:17.294  2568  6796 I AppsFilter: interaction: PackageSetting{6b99db0 org.sailyachtresearch.sailinsight/10477} -> PackageSetting{a3d2da0 com.superseries.app/10460} BLOCKED
05-18 19:24:17.294  2568  6796 I AppsFilter: interaction: PackageSetting{6b99db0 org.sailyachtresearch.sailinsight/10477} -> PackageSetting{d98a63d com.google.android.overlay.modules.cellbroadcastreceiver/10003} BLOCKED
05-18 19:24:17.294  2568  6796 I AppsFilter: interaction: PackageSetting{6b99db0 org.sailyachtresearch.sailinsight/10477} -> PackageSetting{cd38e32 com.samsung.internal.systemui.navbar.sec_gestural_no_hint/10027} BLOCKED
05-18 19:24:17.294  2568  6796 I AppsFilter: interaction: PackageSetting{6b99db0 org.sailyachtresearch.sailinsight/10477} -> PackageSetting{9b35d59 com.pizzapizza.production/10387} BLOCKED
05-18 19:24:17.294  2568  6796 I AppsFilter: interaction: PackageSetting{6b99db0 org.sailyachtresearch.sailinsight/10477} -> PackageSetting{3a60d1e com.samsung.SMT.lang_en_us_l03/10310} BLOCKED
05-18 19:24:17.294  2568  6796 I AppsFilter: interaction: PackageSetting{6b99db0 org.sailyachtresearch.sailinsight/10477} -> PackageSetting{8e6e9ff com.google.android.as/10221} BLOCKED
05-18 19:24:17.294  2568  6796 I AppsFilter: interaction: PackageSetting{6b99db0 org.sailyachtresearch.sailinsight/10477} -> PackageSetting{fd783cc com.google.android.gm/10241} BLOCKED
05-18 19:24:17.294  2568  6796 I AppsFilter: interaction: PackageSetting{6b99db0 org.sailyachtresearch.sailinsight/10477} -> PackageSetting{4b37615 com.samsung.SMT.lang_es_us_f00/10311} BLOCKED
05-18 19:24:17.294  2568  6796 I AppsFilter: interaction: PackageSetting{6b99db0 org.sailyachtresearch.sailinsight/10477} -> PackageSetting{7a1dd2a com.google.android.apps.tachyon/10233} BLOCKED
05-18 19:24:17.294  2568  6796 I AppsFilter: interaction: PackageSetting{6b99db0 org.sailyachtresearch.sailinsight/10477} -> PackageSetting{9ca271b com.brother.mfc.mobileconnect/10348} BLOCKED
05-18 19:24:17.294  2568  6796 I AppsFilter: interaction: PackageSetting{6b99db0 org.sailyachtresearch.sailinsight/10477} -> PackageSetting{c6ab18a com.google.android.overlay.gmsconfig.common/10011} BLOCKED
05-18 19:24:17.294  2568  6796 I AppsFilter: interaction: PackageSetting{6b99db0 org.sailyachtresearch.sailinsight/10477} -> PackageSetting{cdf10b8 com.monotype.android.font.samsungone/10190} BLOCKED
05-18 19:24:17.294  2568  6796 I AppsFilter: interaction: PackageSetting{6b99db0 org.sailyachtresearch.sailinsight/10477} -> PackageSetting{7bfec18 com.android.internal.systemui.navbar.gestural_extra_wide_back/10021} BLOCKED
05-18 19:24:17.294  2568  6796 I AppsFilter: interaction: PackageSetting{6b99db0 org.sailyachtresearch.sailinsight/10477} -> PackageSetting{8625e91 com.microsoft.office.outlook/10292} BLOCKED
05-18 19:24:17.294  2568  6796 I AppsFilter: interaction: PackageSetting{6b99db0 org.sailyachtresearch.sailinsight/10477} -> PackageSetting{fd8a1f6 org.readera/10350} BLOCKED
05-18 19:24:17.294  2568  6796 I AppsFilter: interaction: PackageSetting{6b99db0 org.sailyachtresearch.sailinsight/10477} -> PackageSetting{ada19f7 com.google.android.setupwizard/10258} BLOCKED
05-18 19:24:17.294  2568  6796 I AppsFilter: interaction: PackageSetting{6b99db0 org.sailyachtresearch.sailinsight/10477} -> PackageSetting{ed08064 com.vidure.fitcamx/10454} BLOCKED
05-18 19:24:17.294  2568  6796 I AppsFilter: interaction: PackageSetting{6b99db0 org.sailyachtresearch.sailinsight/10477} -> PackageSetting{73d52cd com.samsung.SMT.lang_fr_ca_f00/10312} BLOCKED
05-18 19:24:17.294  2568  6796 I AppsFilter: interaction: PackageSetting{6b99db0 org.sailyachtresearch.sailinsight/10477} -> PackageSetting{be4e782 com.subway.mobile.subwayapp03/10318} BLOCKED
05-18 19:24:17.294  2568  6796 I AppsFilter: interaction: PackageSetting{6b99db0 org.sailyachtresearch.sailinsight/10477} -> PackageSetting{f8c5e93 com.facebook.services/10067} BLOCKED
05-18 19:24:17.294  2568  6796 I AppsFilter: interaction: PackageSetting{6b99db0 org.sailyachtresearch.sailinsight/10477} -> PackageSetting{c473ed0 com.android.printspooler/10186} BLOCKED
05-18 19:24:17.294  2568  6796 I AppsFilter: interaction: PackageSetting{6b99db0 org.sailyachtresearch.sailinsight/10477} -> PackageSetting{4594ec9 com.android.hotwordenrollment.okgoogle/10224} BLOCKED
05-18 19:24:17.295  2568  6796 I AppsFilter: interaction: PackageSetting{6b99db0 org.sailyachtresearch.sailinsight/10477} -> PackageSetting{87df9ce com.android.dreams.basic/10145} BLOCKED
05-18 19:24:17.295  2568  6796 I AppsFilter: interaction: PackageSetting{6b99db0 org.sailyachtresearch.sailinsight/10477} -> PackageSetting{31450ef com.google.android.as.oss/10226} BLOCKED
05-18 19:24:17.295  2568  6796 I AppsFilter: interaction: PackageSetting{6b99db0 org.sailyachtresearch.sailinsight/10477} -> PackageSetting{a75755c com.samsung.android.wifi.resources/10208} BLOCKED
05-18 19:24:17.295  2568  6796 I AppsFilter: interaction: PackageSetting{6b99db0 org.sailyachtresearch.sailinsight/10477} -> PackageSetting{82977fc com.android.rkpdapp/10359} BLOCKED
05-18 19:24:17.295  2568  6796 I AppsFilter: interaction: PackageSetting{6b99db0 org.sailyachtresearch.sailinsight/10477} -> PackageSetting{2da913a com.google.android.overlay.gmsconfig.photos/10014} BLOCKED
05-18 19:24:17.295  2568  6796 I AppsFilter: interaction: PackageSetting{6b99db0 org.sailyachtresearch.sailinsight/10477} -> PackageSetting{51f0e85 com.google.audio.hearing.visualization.accessibility.scribe/10183} BLOCKED
05-18 19:24:17.295  2568  6796 I AppsFilter: interaction: PackageSetting{6b99db0 org.sailyachtresearch.sailinsight/10477} -> PackageSetting{483e4da com.samsung.android.app.contacts/10106} BLOCKED
05-18 19:24:17.295  2568  6757 D WindowManager: finishDrawingWindow: Window{ee4a969 u0 Splash Screen org.sailyachtresearch.sailinsight} mDrawState=DRAW_PENDING seqId=0
05-18 19:24:17.295  2568  6796 I AppsFilter: interaction: PackageSetting{6b99db0 org.sailyachtresearch.sailinsight/10477} -> PackageSetting{67f0d0b com.google.android.captiveportallogin/10155} BLOCKED
05-18 19:24:17.295  2568  6796 I AppsFilter: interaction: PackageSetting{6b99db0 org.sailyachtresearch.sailinsight/10477} -> PackageSetting{8508706 com.google.android.overlay.gmsconfig.geotz/10013} BLOCKED
05-18 19:24:17.295  2568  6796 I AppsFilter: interaction: PackageSetting{6b99db0 org.sailyachtresearch.sailinsight/10477} -> PackageSetting{b9417e8 com.google.android.appsearch.apk/10072} BLOCKED
05-18 19:24:17.295  2568  6757 V WindowManager: Finishing drawing window Window{ee4a969 u0 Splash Screen org.sailyachtresearch.sailinsight}: mDrawState=DRAW_PENDING
05-18 19:24:17.295  2568  6796 I AppsFilter: interaction: PackageSetting{6b99db0 org.sailyachtresearch.sailinsight/10477} -> PackageSetting{2c70e01 com.google.android.apps.docs/10302} BLOCKED
05-18 19:24:17.295  2568  6796 I AppsFilter: interaction: PackageSetting{6b99db0 org.sailyachtresearch.sailinsight/10477} -> PackageSetting{acb74a6 com.ubercab.eats/10349} BLOCKED
05-18 19:24:17.295  2568  6757 V WindowManager: Draw state now committed in Window{ee4a969 u0 Splash Screen org.sailyachtresearch.sailinsight}
05-18 19:24:17.295  2568  6796 I AppsFilter: interaction: PackageSetting{6b99db0 org.sailyachtresearch.sailinsight/10477} -> PackageSetting{48f6ee7 com.sec.android.app.clockpackage/10279} BLOCKED
05-18 19:24:17.295  2568  6796 I AppsFilter: interaction: PackageSetting{6b99db0 org.sailyachtresearch.sailinsight/10477} -> PackageSetting{17d7b60 com.google.android.overlay.modules.documentsui/10015} BLOCKED
05-18 19:24:17.295  2568  6796 I AppsFilter: interaction: PackageSetting{6b99db0 org.sailyachtresearch.sailinsight/10477} -> PackageSetting{795893d ca.walmart.ecommerceapp/10396} BLOCKED
05-18 19:24:17.295  2568  6796 I AppsFilter: interaction: PackageSetting{6b99db0 org.sailyachtresearch.sailinsight/10477} -> PackageSetting{caa3532 com.amazon.appmanager/10248} BLOCKED
05-18 19:24:17.295  2568  6796 I AppsFilter: interaction: PackageSetting{6b99db0 org.sailyachtresearch.sailinsight/10477} -> PackageSetting{75a1283 com.google.android.contactkeys/10427} BLOCKED
05-18 19:24:17.295  2568  6796 I AppsFilter: interaction: PackageSetting{6b99db0 org.sailyachtresearch.sailinsight/10477} -> PackageSetting{74ffc00 com.pelmorex.WeatherEyeAndroid/10353} BLOCKED
05-18 19:24:17.295  2568  6796 I AppsFilter: interaction: PackageSetting{6b99db0 org.sailyachtresearch.sailinsight/10477} -> PackageSetting{3d67c39 com.android.chrome/10240} BLOCKED
05-18 19:24:17.295  2568  6796 I AppsFilter: interaction: PackageSetting{6b99db0 org.sailyachtresearch.sailinsight/10477} -> PackageSetting{942727e android.autoinstalls.config.samsung/10184} BLOCKED
05-18 19:24:17.295  2568  6796 I AppsFilter: interaction: PackageSetting{6b99db0 org.sailyachtresearch.sailinsight/10477} -> PackageSetting{ba153df com.google.android.apps.walletnfcrel/10386} BLOCKED
05-18 19:24:17.295  2568  6796 I AppsFilter: interaction: PackageSetting{6b99db0 org.sailyachtresearch.sailinsight/10477} -> PackageSetting{8b8d82c com.google.android.partnersetup/10222} BLOCKED
05-18 19:24:17.295  2568  6796 I AppsFilter: interaction: PackageSetting{6b99db0 org.sailyachtresearch.sailinsight/10477} -> PackageSetting{8b49151 com.google.android.overlay.gmsconfig.asi/10009} BLOCKED
05-18 19:24:17.295  2568  6796 I AppsFilter: interaction: PackageSetting{6b99db0 org.sailyachtresearch.sailinsight/10477} -> PackageSetting{ecebdb6 com.google.android.overlay.gmsconfig.gsa/10012} BLOCKED
05-18 19:24:17.295  2568  6796 I AppsFilter: interaction: PackageSetting{6b99db0 org.sailyachtresearch.sailinsight/10477} -> PackageSetting{699a2f5 com.sec.spp.push/10099} BLOCKED
05-18 19:24:17.295  2568  6796 I AppsFilter: interaction: PackageSetting{6b99db0 org.sailyachtresearch.sailinsight/10477} -> PackageSetting{df36224 com.android.theme.font.notoserifsource/10010} BLOCKED
05-18 19:24:17.295  2568  6796 I AppsFilter: interaction: PackageSetting{6b99db0 org.sailyachtresearch.sailinsight/10477} -> PackageSetting{d8f388a com.google.android.safetycenter.resources/10273} BLOCKED
05-18 19:24:17.295  2568  6796 I AppsFilter: interaction: PackageSetting{6b99db0 org.sailyachtresearch.sailinsight/10477} -> PackageSetting{880ff42 com.android.internal.display.cutout.emulation.waterfall/10007} BLOCKED
05-18 19:24:17.295  2568  6796 I AppsFilter: interaction: PackageSetting{6b99db0 org.sailyachtresearch.sailinsight/10477} -> PackageSetting{df14efb com.netflix.mediaclient/10407} BLOCKED
05-18 19:24:17.295  2568  6796 I AppsFilter: interaction: PackageSetting{6b99db0 org.sailyachtresearch.sailinsight/10477} -> PackageSetting{6f14b18 org.videolan.vlc/10438} BLOCKED
05-18 19:24:17.295  2568  6796 I AppsFilter: interaction: PackageSetting{6b99db0 org.sailyachtresearch.sailinsight/10477} -> PackageSetting{8e71989 com.android.internal.systemui.navbar.transparent/10280} BLOCKED
05-18 19:24:17.295  2568  6796 I AppsFilter: interaction: PackageSetting{6b99db0 org.sailyachtresearch.sailinsight/10477} -> PackageSetting{62e7971 com.google.android.connectivity.resources/10270} BLOCKED
05-18 19:24:17.295  2568  6796 I AppsFilter: interaction: PackageSetting{6b99db0 org.sailyachtresearch.sailinsight/10477} -> PackageSetting{9305356 org.chromium.webapk.a7bdbf116e00bd0a7_v2/10364} BLOCKED
05-18 19:24:17.295  2568  6796 I AppsFilter: interaction: PackageSetting{6b99db0 org.sailyachtresearch.sailinsight/10477} -> PackageSetting{d7bdfd7 com.google.android.feedback/10252} BLOCKED
05-18 19:24:17.295  2568  6796 I AppsFilter: interaction: PackageSetting{6b99db0 org.sailyachtresearch.sailinsight/10477} -> PackageSetting{33c00c4 com.google.android.printservice.recommendation/10168} BLOCKED
05-18 19:24:17.295  2568  6796 I AppsFilter: interaction: PackageSetting{6b99db0 org.sailyachtresearch.sailinsight/10477} -> PackageSetting{4603bad com.google.android.apps.photos/10283} BLOCKED
05-18 19:24:17.295  2568  6796 I AppsFilter: interaction: PackageSetting{6b99db0 org.sailyachtresearch.sailinsight/10477} -> PackageSetting{b3178d3 com.google.android.syncadapters.calendar/10235} BLOCKED
05-18 19:24:17.295  2568  6796 I AppsFilter: interaction: PackageSetting{6b99db0 org.sailyachtresearch.sailinsight/10477} -> PackageSetting{3f64ee2 com.ubercab/10339} BLOCKED
05-18 19:24:17.295  2568  6796 I AppsFilter: interaction: PackageSetting{6b99db0 org.sailyachtresearch.sailinsight/10477} -> PackageSetting{b4a273 com.google.android.documentsui/10059} BLOCKED
05-18 19:24:17.295  2568  6796 I AppsFilter: interaction: PackageSetting{6b99db0 org.sailyachtresearch.sailinsight/10477} -> PackageSetting{e5a6530 com.android.dreams.phototable/10185} BLOCKED
05-18 19:24:17.295  2568  6796 I AppsFilter: interaction: PackageSetting{6b99db0 org.sailyachtresearch.sailinsight/10477} -> PackageSetting{a71e5a9 com.windyty.android/10342} BLOCKED
05-18 19:24:17.295  2568  6796 I AppsFilter: interaction: PackageSetting{6b99db0 org.sailyachtresearch.sailinsight/10477} -> PackageSetting{2e772e com.givex.cws5.barburrito/10355} BLOCKED
05-18 19:24:17.295  2568  6796 I AppsFilter: interaction: PackageSetting{6b99db0 org.sailyachtresearch.sailinsight/10477} -> PackageSetting{c059c54 com.samsung.android.wifi.resources.wifilock/10299} BLOCKED
05-18 19:24:17.295  2568  6796 I AppsFilter: interaction: PackageSetting{6b99db0 org.sailyachtresearch.sailinsight/10477} -> PackageSetting{fd57fd com.samsung.android.wifi.h2e.resources/10210} BLOCKED
05-18 19:24:17.295  2568  6796 I AppsFilter: interaction: PackageSetting{6b99db0 org.sailyachtresearch.sailinsight/10477} -> PackageSetting{7acf2cf com.amazon.avod.thirdpartyclient/10337} BLOCKED
05-18 19:24:17.295  2568  6796 I AppsFilter: interaction: PackageSetting{6b99db0 org.sailyachtresearch.sailinsight/10477} -> PackageSetting{1b8a45c com.android.providers.partnerbookmarks/10182} BLOCKED
05-18 19:24:17.295  2568  6796 I AppsFilter: interaction: PackageSetting{6b99db0 org.sailyachtresearch.sailinsight/10477} -> PackageSetting{8da3365 com.google.android.apps.kids.familylink/10346} BLOCKED
05-18 19:24:17.295  2568  6796 I AppsFilter: interaction: PackageSetting{6b99db0 org.sailyachtresearch.sailinsight/10477} -> PackageSetting{5aed83a com.telus.mywifi/10370} BLOCKED
05-18 19:24:17.295  2568  6796 I AppsFilter: interaction: PackageSetting{6b99db0 org.sailyachtresearch.sailinsight/10477} -> PackageSetting{82feceb com.marinetraffic.android/10382} BLOCKED
05-18 19:24:17.295  2568  6796 I AppsFilter: interaction: PackageSetting{6b99db0 org.sailyachtresearch.sailinsight/10477} -> PackageSetting{5dcac9f com.samsung.internal.systemui.navbar.gestural_no_hint/10023} BLOCKED
05-18 19:24:17.295  2568  6796 I AppsFilter: interaction: PackageSetting{6b99db0 org.sailyachtresearch.sailinsight/10477} -> PackageSetting{f59aa48 com.facebook.system/10066} BLOCKED
05-18 19:24:17.295  2568  6796 I AppsFilter: interaction: PackageSetting{6b99db0 org.sailyachtresearch.sailinsight/10477} -> PackageSetting{6bfa0e1 com.google.android.healthconnect.controller/10361} BLOCKED
05-18 19:24:17.295  2568  6796 I AppsFilter: interaction: PackageSetting{6b99db0 org.sailyachtresearch.sailinsight/10477} -> PackageSetting{1a23e06 com.samsung.android.bixby.ondevice.enus/10293} BLOCKED
05-18 19:24:17.295  2568  6796 I AppsFilter: interaction: PackageSetting{6b99db0 org.sailyachtresearch.sailinsight/10477} -> PackageSetting{f9e6cc7 com.sec.android.app.kidshome/10278} BLOCKED
05-18 19:24:17.295  2568  6796 I AppsFilter: interaction: PackageSetting{6b99db0 org.sailyachtresearch.sailinsight/10477} -> PackageSetting{48322f4 com.samsung.android.app.notes.addons/10287} BLOCKED
05-18 19:24:17.296  2568  6796 I AppsFilter: interaction: PackageSetting{6b99db0 org.sailyachtresearch.sailinsight/10477} -> PackageSetting{d346a1d com.android.bookmarkprovider/10147} BLOCKED
05-18 19:24:17.296  2568  6796 I AppsFilter: interaction: PackageSetting{6b99db0 org.sailyachtresearch.sailinsight/10477} -> PackageSetting{7143492 com.linkedin.android/10374} BLOCKED
05-18 19:24:17.296  2568  6796 I AppsFilter: interaction: PackageSetting{6b99db0 org.sailyachtresearch.sailinsight/10477} -> PackageSetting{9e994a com.google.android.projection.gearhead/10219} BLOCKED
05-18 19:24:17.296  2568  6796 I AppsFilter: interaction: PackageSetting{6b99db0 org.sailyachtresearch.sailinsight/10477} -> PackageSetting{68b0e63 com.google.android.apps.turbo/10227} BLOCKED
05-18 19:24:17.296  2568  6796 I AppsFilter: interaction: PackageSetting{6b99db0 org.sailyachtresearch.sailinsight/10477} -> PackageSetting{b297a60 com.google.android.safetycore/10420} BLOCKED
05-18 19:24:17.296  2568  6796 I AppsFilter: interaction: PackageSetting{6b99db0 org.sailyachtresearch.sailinsight/10477} -> PackageSetting{4f946a2 com.sec.android.app.qsfastpairoverlay/10271} BLOCKED
05-18 19:24:17.296  2568  6796 I AppsFilter: interaction: PackageSetting{6b99db0 org.sailyachtresearch.sailinsight/10477} -> PackageSetting{a328b19 com.google.android.apps.chromecast.app/10052} BLOCKED
05-18 19:24:17.296  2568  6796 I AppsFilter: interaction: PackageSetting{6b99db0 org.sailyachtresearch.sailinsight/10477} -> PackageSetting{f7800bb com.android.cts.ctsshim/10269} BLOCKED
05-18 19:24:17.296  2568  6796 I AppsFilter: interaction: PackageSetting{6b99db0 org.sailyachtresearch.sailinsight/10477} -> PackageSetting{c3d07de com.delphicoder.flud/10437} BLOCKED
05-18 19:24:17.296  2568  6796 I AppsFilter: interaction: PackageSetting{6b99db0 org.sailyachtresearch.sailinsight/10477} -> PackageSetting{2162dbf com.telus.myaccount/10369} BLOCKED
05-18 19:24:17.296  2568  6796 I AppsFilter: interaction: PackageSetting{6b99db0 org.sailyachtresearch.sailinsight/10477} -> PackageSetting{61bdc8c com.duckduckgo.mobile.android/10344} BLOCKED
05-18 19:24:17.296  2568  6796 I AppsFilter: interaction: PackageSetting{6b99db0 org.sailyachtresearch.sailinsight/10477} -> PackageSetting{757bfd5 com.hiya.star/10172} BLOCKED
05-18 19:24:17.296  2568  6796 I AppsFilter: interaction: PackageSetting{6b99db0 org.sailyachtresearch.sailinsight/10477} -> PackageSetting{8cdde1c com.google.android.overlay.modules.cellbroadcastservice/10001} BLOCKED
05-18 19:24:17.296  2568  6796 I AppsFilter: interaction: PackageSetting{6b99db0 org.sailyachtresearch.sailinsight/10477} -> PackageSetting{8dc3ea com.google.android.apps.carrier.carrierwifi/10217} BLOCKED
05-18 19:24:17.296  2568  6796 I AppsFilter: interaction: PackageSetting{6b99db0 org.sailyachtresearch.sailinsight/10477} -> PackageSetting{f09e6db com.fivemobile.myaccount/10249} BLOCKED
05-18 19:24:17.296  2568  6796 I AppsFilter: interaction: PackageSetting{6b99db0 org.sailyachtresearch.sailinsight/10477} -> PackageSetting{3f03578 com.azure.authenticator/10365} BLOCKED
05-18 19:24:17.296  2568  6796 I AppsFilter: interaction: PackageSetting{6b99db0 org.sailyachtresearch.sailinsight/10477} -> PackageSetting{618451 com.google.android.gms.location.history/10234} BLOCKED
05-18 19:24:17.296  2568  6796 I AppsFilter: interaction: PackageSetting{6b99db0 org.sailyachtresearch.sailinsight/10477} -> PackageSetting{cc63a1 com.android.internal.systemui.navbar.gestural/10020} BLOCKED
05-18 19:24:17.296  2568  6796 I AppsFilter: interaction: PackageSetting{6b99db0 org.sailyachtresearch.sailinsight/10477} -> PackageSetting{77c34b6 com.google.android.apps.aiwallpapers/10313} BLOCKED
05-18 19:24:17.296  2568  6796 I AppsFilter: interaction: PackageSetting{6b99db0 org.sailyachtresearch.sailinsight/10477} -> PackageSetting{2b615b7 com.google.android.apps.youtube.music/10285} BLOCKED
05-18 19:24:17.296  2568  6796 I AppsFilter: interaction: PackageSetting{6b99db0 org.sailyachtresearch.sailinsight/10477} -> PackageSetting{4af3124 com.android.bluetoothmidiservice/10148} BLOCKED
05-18 19:24:17.296  2568  6796 I AppsFilter: interaction: PackageSetting{6b99db0 org.sailyachtresearch.sailinsight/10477} -> PackageSetting{569148d com.facebook.appmanager/10165} BLOCKED
05-18 19:24:17.296  2568  6796 I AppsFilter: interaction: PackageSetting{6b99db0 org.sailyachtresearch.sailinsight/10477} -> PackageSetting{40ee642 org.opencpn.opencpn/10377} BLOCKED
05-18 19:24:17.296  2568  6796 I AppsFilter: interaction: PackageSetting{6b99db0 org.sailyachtresearch.sailinsight/10477} -> PackageSetting{d8c5653 com.sailorz.app/10404} BLOCKED
05-18 19:24:17.296  2568  6796 I AppsFilter: interaction: PackageSetting{6b99db0 org.sailyachtresearch.sailinsight/10477} -> PackageSetting{e403b90 com.groundspeak.geocaching.intro/10141} BLOCKED
