05-18 19:24:19.304  2568  6796 I AppsFilter: interaction: PackageSetting{6b99db0 org.sailyachtresearch.sailinsight/10477} -> PackageSetting{48322f4 com.samsung.android.app.notes.addons/10287} BLOCKED
05-18 19:24:19.304  2568  6796 I AppsFilter: interaction: PackageSetting{6b99db0 org.sailyachtresearch.sailinsight/10477} -> PackageSetting{d346a1d com.android.bookmarkprovider/10147} BLOCKED
05-18 19:24:19.304  2568  6796 I AppsFilter: interaction: PackageSetting{6b99db0 org.sailyachtresearch.sailinsight/10477} -> PackageSetting{7143492 com.linkedin.android/10374} BLOCKED
05-18 19:24:19.304  2568  6796 I AppsFilter: interaction: PackageSetting{6b99db0 org.sailyachtresearch.sailinsight/10477} -> PackageSetting{9e994a com.google.android.projection.gearhead/10219} BLOCKED
05-18 19:24:19.304  2568  6796 I AppsFilter: interaction: PackageSetting{6b99db0 org.sailyachtresearch.sailinsight/10477} -> PackageSetting{68b0e63 com.google.android.apps.turbo/10227} BLOCKED
05-18 19:24:19.304  2568  6796 I AppsFilter: interaction: PackageSetting{6b99db0 org.sailyachtresearch.sailinsight/10477} -> PackageSetting{b297a60 com.google.android.safetycore/10420} BLOCKED
05-18 19:24:19.304  2568  6796 I AppsFilter: interaction: PackageSetting{6b99db0 org.sailyachtresearch.sailinsight/10477} -> PackageSetting{4f946a2 com.sec.android.app.qsfastpairoverlay/10271} BLOCKED
05-18 19:24:19.304  2568  6796 I AppsFilter: interaction: PackageSetting{6b99db0 org.sailyachtresearch.sailinsight/10477} -> PackageSetting{a328b19 com.google.android.apps.chromecast.app/10052} BLOCKED
05-18 19:24:19.304  2568  6796 I AppsFilter: interaction: PackageSetting{6b99db0 org.sailyachtresearch.sailinsight/10477} -> PackageSetting{f7800bb com.android.cts.ctsshim/10269} BLOCKED
05-18 19:24:19.304  2568  6796 I AppsFilter: interaction: PackageSetting{6b99db0 org.sailyachtresearch.sailinsight/10477} -> PackageSetting{c3d07de com.delphicoder.flud/10437} BLOCKED
05-18 19:24:19.304  2568  6796 I AppsFilter: interaction: PackageSetting{6b99db0 org.sailyachtresearch.sailinsight/10477} -> PackageSetting{2162dbf com.telus.myaccount/10369} BLOCKED
05-18 19:24:19.304  2568  6796 I AppsFilter: interaction: PackageSetting{6b99db0 org.sailyachtresearch.sailinsight/10477} -> PackageSetting{61bdc8c com.duckduckgo.mobile.android/10344} BLOCKED
05-18 19:24:19.304  2568  6796 I AppsFilter: interaction: PackageSetting{6b99db0 org.sailyachtresearch.sailinsight/10477} -> PackageSetting{757bfd5 com.hiya.star/10172} BLOCKED
05-18 19:24:19.304  2568  6796 I AppsFilter: interaction: PackageSetting{6b99db0 org.sailyachtresearch.sailinsight/10477} -> PackageSetting{8cdde1c com.google.android.overlay.modules.cellbroadcastservice/10001} BLOCKED
05-18 19:24:19.304  2568  6796 I AppsFilter: interaction: PackageSetting{6b99db0 org.sailyachtresearch.sailinsight/10477} -> PackageSetting{8dc3ea com.google.android.apps.carrier.carrierwifi/10217} BLOCKED
05-18 19:24:19.304  2568  6796 I AppsFilter: interaction: PackageSetting{6b99db0 org.sailyachtresearch.sailinsight/10477} -> PackageSetting{f09e6db com.fivemobile.myaccount/10249} BLOCKED
05-18 19:24:19.304  2568  6796 I AppsFilter: interaction: PackageSetting{6b99db0 org.sailyachtresearch.sailinsight/10477} -> PackageSetting{3f03578 com.azure.authenticator/10365} BLOCKED
05-18 19:24:19.304  2568  6796 I AppsFilter: interaction: PackageSetting{6b99db0 org.sailyachtresearch.sailinsight/10477} -> PackageSetting{618451 com.google.android.gms.location.history/10234} BLOCKED
05-18 19:24:19.304  2568  6796 I AppsFilter: interaction: PackageSetting{6b99db0 org.sailyachtresearch.sailinsight/10477} -> PackageSetting{cc63a1 com.android.internal.systemui.navbar.gestural/10020} BLOCKED
05-18 19:24:19.304  2568  6796 I AppsFilter: interaction: PackageSetting{6b99db0 org.sailyachtresearch.sailinsight/10477} -> PackageSetting{77c34b6 com.google.android.apps.aiwallpapers/10313} BLOCKED
05-18 19:24:19.304  2568  6796 I AppsFilter: interaction: PackageSetting{6b99db0 org.sailyachtresearch.sailinsight/10477} -> PackageSetting{2b615b7 com.google.android.apps.youtube.music/10285} BLOCKED
05-18 19:24:19.304  2568  6796 I AppsFilter: interaction: PackageSetting{6b99db0 org.sailyachtresearch.sailinsight/10477} -> PackageSetting{4af3124 com.android.bluetoothmidiservice/10148} BLOCKED
05-18 19:24:19.304  2568  6796 I AppsFilter: interaction: PackageSetting{6b99db0 org.sailyachtresearch.sailinsight/10477} -> PackageSetting{569148d com.facebook.appmanager/10165} BLOCKED
05-18 19:24:19.304  2568  6796 I AppsFilter: interaction: PackageSetting{6b99db0 org.sailyachtresearch.sailinsight/10477} -> PackageSetting{40ee642 org.opencpn.opencpn/10377} BLOCKED
05-18 19:24:19.304  2568  6796 I AppsFilter: interaction: PackageSetting{6b99db0 org.sailyachtresearch.sailinsight/10477} -> PackageSetting{d8c5653 com.sailorz.app/10404} BLOCKED
05-18 19:24:19.304  2568  6796 I AppsFilter: interaction: PackageSetting{6b99db0 org.sailyachtresearch.sailinsight/10477} -> PackageSetting{e403b90 com.groundspeak.geocaching.intro/10141} BLOCKED
05-18 19:24:19.304  2568  6796 I AppsFilter: interaction: PackageSetting{6b99db0 org.sailyachtresearch.sailinsight/10477} -> PackageSetting{4df6c89 com.google.android.cellbroadcastreceiver/10275} BLOCKED
05-18 19:24:19.304  2568  6796 I AppsFilter: interaction: PackageSetting{6b99db0 org.sailyachtresearch.sailinsight/10477} -> PackageSetting{129248e com.vw.carnet.releaseca/10358} BLOCKED
05-18 19:24:19.304  2568  6796 I AppsFilter: interaction: PackageSetting{6b99db0 org.sailyachtresearch.sailinsight/10477} -> PackageSetting{f6ce67f android.auto_generated_rro_product__/10030} BLOCKED
05-18 19:24:19.304  2568  6796 I AppsFilter: interaction: PackageSetting{6b99db0 org.sailyachtresearch.sailinsight/10477} -> PackageSetting{b7c04af com.littlecaesars/10406} BLOCKED
05-18 19:24:19.304  2568  6796 I AppsFilter: interaction: PackageSetting{6b99db0 org.sailyachtresearch.sailinsight/10477} -> PackageSetting{b9580bc com.yellowbrick.raceviewer/10450} BLOCKED
05-18 19:24:19.304  2568  6796 I AppsFilter: interaction: PackageSetting{6b99db0 org.sailyachtresearch.sailinsight/10477} -> PackageSetting{9494845 com.monotype.android.font.roboto/10291} BLOCKED
05-18 19:24:19.304  2568  6796 I AppsFilter: interaction: PackageSetting{6b99db0 org.sailyachtresearch.sailinsight/10477} -> PackageSetting{bf36b9b com.android.internal.systemui.navbar.gestural_narrow_back/10024} BLOCKED
05-18 19:24:19.304  2568  6796 I AppsFilter: interaction: PackageSetting{6b99db0 org.sailyachtresearch.sailinsight/10477} -> PackageSetting{6503b38 com.samsung.android.wifi.resources.qc/10212} BLOCKED
05-18 19:24:19.304  2568  6796 I AppsFilter: interaction: PackageSetting{6b99db0 org.sailyachtresearch.sailinsight/10477} -> PackageSetting{296fb9a com.rbc.mobile.android/10352} BLOCKED
05-18 19:24:19.304  2568  6796 I AppsFilter: interaction: PackageSetting{6b99db0 org.sailyachtresearch.sailinsight/10477} -> PackageSetting{e0e3ccb com.google.android.photopicker/10298} BLOCKED
05-18 19:24:19.304  2568  6796 I AppsFilter: interaction: PackageSetting{6b99db0 org.sailyachtresearch.sailinsight/10477} -> PackageSetting{3932677 android.auto_generated_rro_vendor__/10038} BLOCKED
05-18 19:24:19.304  2568  6796 I AppsFilter: interaction: PackageSetting{6b99db0 org.sailyachtresearch.sailinsight/10477} -> PackageSetting{297eca8 com.google.android.apps.restore/10225} BLOCKED
05-18 19:24:19.315  2568  6796 D PackageManager: setEnabledSetting : userId = 0 packageName = org.sailyachtresearch.sailinsight cmp = androidx.work.impl.background.systemjob.SystemJobService newState = 1 callingPackage = org.sailyachtresearch.sailinsight
05-18 19:24:19.316  2568  6796 D ApplicationPolicy: getApplicationStateEnabled : pkg = org.sailyachtresearch.sailinsight userId : 0
05-18 19:24:19.316  2568  6796 D ApplicationPolicy: getApplicationComponentState : pkg = org.sailyachtresearch.sailinsight userId : 0
05-18 19:24:19.323  9185  9185 V fb-UnpackingSoSource: locked dso store /data/user/0/org.sailyachtresearch.sailinsight/lib-main
05-18 19:24:19.324  9185  9185 I fb-UnpackingSoSource: dso store is up-to-date: /data/user/0/org.sailyachtresearch.sailinsight/lib-main
05-18 19:24:19.324  9185  9185 V fb-UnpackingSoSource: releasing dso store lock for /data/user/0/org.sailyachtresearch.sailinsight/lib-main
05-18 19:24:19.331  9185  9185 V SoLoader: libjscexecutor.so not found on /data/data/org.sailyachtresearch.sailinsight/lib-main
05-18 19:24:19.331  9185  9185 V SoLoader: libjscexecutor.so not found on /data/app/~~V15-Q3Ih18zVQ2UjMXEpgQ==/org.sailyachtresearch.sailinsight-ESRTqsk645u2k1GA4JdryQ==/lib/arm64
05-18 19:24:19.332  9185  9230 I FA      :   adb shell setprop debug.firebase.analytics.app org.sailyachtresearch.sailinsight
05-18 19:24:19.332  9185  9185 E SoLoader: 	SoSource 0: com.facebook.soloader.ApkSoSource[root = /data/data/org.sailyachtresearch.sailinsight/lib-main flags = 1]
05-18 19:24:19.332  9185  9185 E SoLoader: 	SoSource 1: com.facebook.soloader.DirectorySoSource[root = /data/app/~~V15-Q3Ih18zVQ2UjMXEpgQ==/org.sailyachtresearch.sailinsight-ESRTqsk645u2k1GA4JdryQ==/lib/arm64 flags = 0]
05-18 19:24:19.332  9185  9185 E SoLoader: 	Native lib dir: /data/app/~~V15-Q3Ih18zVQ2UjMXEpgQ==/org.sailyachtresearch.sailinsight-ESRTqsk645u2k1GA4JdryQ==/lib/arm64
05-18 19:24:19.333  9185  9185 V SoLoader: libhermes.so not found on /data/data/org.sailyachtresearch.sailinsight/lib-main
05-18 19:24:19.333  9185  9185 D SoLoader: libhermes.so found on /data/app/~~V15-Q3Ih18zVQ2UjMXEpgQ==/org.sailyachtresearch.sailinsight-ESRTqsk645u2k1GA4JdryQ==/lib/arm64
05-18 19:24:19.336  9185  9185 D nativeloader: Load /data/app/~~V15-Q3Ih18zVQ2UjMXEpgQ==/org.sailyachtresearch.sailinsight-ESRTqsk645u2k1GA4JdryQ==/lib/arm64/libhermes.so using ns clns-5 from class loader (caller=/data/app/~~V15-Q3Ih18zVQ2UjMXEpgQ==/org.sailyachtresearch.sailinsight-ESRTqsk645u2k1GA4JdryQ==/base.apk): ok
05-18 19:24:19.336  9185  9185 V SoLoader: libhermes_executor.so not found on /data/data/org.sailyachtresearch.sailinsight/lib-main
05-18 19:24:19.336  9185  9185 D SoLoader: libhermes_executor.so found on /data/app/~~V15-Q3Ih18zVQ2UjMXEpgQ==/org.sailyachtresearch.sailinsight-ESRTqsk645u2k1GA4JdryQ==/lib/arm64
05-18 19:24:19.343  9185  9185 D nativeloader: Load /data/app/~~V15-Q3Ih18zVQ2UjMXEpgQ==/org.sailyachtresearch.sailinsight-ESRTqsk645u2k1GA4JdryQ==/lib/arm64/libhermes_executor.so using ns clns-5 from class loader (caller=/data/app/~~V15-Q3Ih18zVQ2UjMXEpgQ==/org.sailyachtresearch.sailinsight-ESRTqsk645u2k1GA4JdryQ==/base.apk): ok
05-18 19:24:19.381  9185  9241 V SoLoader: libfbjni.so not found on /data/data/org.sailyachtresearch.sailinsight/lib-main
05-18 19:24:19.381  9185  9241 D SoLoader: libfbjni.so found on /data/app/~~V15-Q3Ih18zVQ2UjMXEpgQ==/org.sailyachtresearch.sailinsight-ESRTqsk645u2k1GA4JdryQ==/lib/arm64
05-18 19:24:19.381  9185  9241 D nativeloader: Load /data/app/~~V15-Q3Ih18zVQ2UjMXEpgQ==/org.sailyachtresearch.sailinsight-ESRTqsk645u2k1GA4JdryQ==/lib/arm64/libfbjni.so using ns clns-5 from class loader (caller=/data/app/~~V15-Q3Ih18zVQ2UjMXEpgQ==/org.sailyachtresearch.sailinsight-ESRTqsk645u2k1GA4JdryQ==/base.apk): ok
05-18 19:24:19.381  9185  9241 V SoLoader: libflipper.so not found on /data/data/org.sailyachtresearch.sailinsight/lib-main
05-18 19:24:19.382  9185  9241 D SoLoader: libflipper.so found on /data/app/~~V15-Q3Ih18zVQ2UjMXEpgQ==/org.sailyachtresearch.sailinsight-ESRTqsk645u2k1GA4JdryQ==/lib/arm64
05-18 19:24:19.384  9185  9241 D nativeloader: Load /data/app/~~V15-Q3Ih18zVQ2UjMXEpgQ==/org.sailyachtresearch.sailinsight-ESRTqsk645u2k1GA4JdryQ==/lib/arm64/libflipper.so using ns clns-5 from class loader (caller=/data/app/~~V15-Q3Ih18zVQ2UjMXEpgQ==/org.sailyachtresearch.sailinsight-ESRTqsk645u2k1GA4JdryQ==/base.apk): ok
05-18 19:24:19.404  9185  9249 W unknown:ReconnectingWebSocket: Couldn't connect to "ws://localhost:8081/message?device=SM-S911W%20-%2014%20-%20API%2034&app=org.sailyachtresearch.sailinsight&clientid=BridgeDevSupportManager", will silently retry
05-18 19:24:19.433  9185  9185 I BranchSDK: onActivityCreated, activity = org.sailyachtresearch.sailinsight.MainActivity@ce576b7
05-18 19:24:19.448  9185  9185 I BranchSDK: onActivityStarted, activity = org.sailyachtresearch.sailinsight.MainActivity@ce576b7
05-18 19:24:19.448  9185  9185 D RNBranch: initSession uri null reactActivity org.sailyachtresearch.sailinsight.MainActivity@ce576b7
05-18 19:24:19.456  9185  9185 I BranchSDK: onActivityResumed, activity = org.sailyachtresearch.sailinsight.MainActivity@ce576b7
05-18 19:24:19.465  1765  2141 I SurfaceFlinger: id=41166 createSurf, flag=84004, cb28b38 org.sailyachtresearch.sailinsight/org.sailyachtresearch.sailinsight.MainActivity#41166
05-18 19:24:19.466  9185  9185 I InsetsController: onStateChanged: host=org.sailyachtresearch.sailinsight/org.sailyachtresearch.sailinsight.MainActivity, from=android.view.ViewRootImpl.setView:1797, state=InsetsState: {mDisplayFrame=Rect(0, 0 - 1080, 2340), mDisplayCutout=DisplayCutout{insets=Rect(0, 81 - 0, 0) waterfall=Insets{left=0, top=0, right=0, bottom=0} boundingRect={Bounds=[Rect(0, 0 - 0, 0), Rect(512, 0 - 568, 81), Rect(0, 0 - 0, 0), Rect(0, 0 - 0, 0)]} cutoutPathParserInfo={CutoutPathParserInfo{displayWidth=1080 displayHeight=2340 physicalDisplayWidth=1080 physicalDisplayHeight=2340 density={3.0} cutoutSpec={M 0,0 H -9.333333333333333‬ V 27 H 9.333333333333333‬ V 0 H 0 Z @dp} rotation={0} scale={1.0} physicalPixelDisplaySizeRatio={1.0}}}}, mRoundedCorners=RoundedCorners{[RoundedCorner{position=TopLeft, radius=102, center=Point(102, 102)}, RoundedCorner{position=TopRight, radius=102, center=Point(978, 102)}, RoundedCorner{position=BottomRight, radius=102, center=Point(978, 2238)}, RoundedCorner{position=BottomLeft, radius=102, center=Point(102, 2238)}]}  mRoundedCornerFrame=Rect(0, 0 - 1080, 2340), mPrivacyIndicatorBounds=PrivacyIndicatorBounds {static bounds=Rect(948, 0 - 1080, 81) rotation=0}, mDisplayShape=DisplayShape{ spec=-311912193 displayWidth=1080 displayHeight=2340 physicalPixelDisplaySizeRatio=1.0 rotation=0 offsetX=0 offsetY=0 scale=1.0}, mSources= { InsetsSource: {c52a0001 mType=navigationBars mFrame=[0,2196][1080,2340] mVisible=true mFlags=[]}, InsetsSource: {c52a0004 mType=systemGestures mFrame=[0,0][0,0] mVisible=true mFlags=[]}, InsetsSource: {c52a0005 mType=mandatorySystemGestures mFrame=[0,2196][1080,2340] mVisible=true mFlags=[]}, InsetsSource: {c52a0006 mType=tappableElement mFrame=[0,2196][1080,2340] mVisible=true mFlags=[]}, InsetsSource: {c52a0024 mType=systemGestures mFrame=[0,0][0,0] mVisible=true mFlags=[]}, InsetsSource: {27 mType=displayCutout mFrame=[0,0][1080,81] mVisible=true mFlags=[]}, InsetsSource: {651f0000 mType=statusBars mFrame=[0,0][1080,81] mVisible=true mFlags=[]}, InsetsSource: {651f0005 mType=mandatorySystemGestures mFrame=[0,0][1080,117] mVisible=true mFlags=[]}, InsetsSource: {651f0006 mType=tappableElement mFrame=[0,0][1080,81] mVisible=true mFlags=[]} }
05-18 19:24:19.468  9185  9185 I IDS_TAG : Getting Shared Preference for org.sailyachtresearch.sailinsight.MainApplication@6cf94cd uid = 10477
05-18 19:24:19.468  9185  9185 I IDS_TAG : App org.sailyachtresearch.sailinsight.MainApplication@6cf94cd has not finished training
05-18 19:24:19.469  9185  9185 I IDS_TAG : Getting Shared Preference for org.sailyachtresearch.sailinsight.MainApplication@6cf94cd uid = 10477
05-18 19:24:19.469  9185  9185 I IDS_TAG : IDS count updated to 10 for org.sailyachtresearch.sailinsight.MainApplication@6cf94cd
05-18 19:24:19.473  2568  7333 D CoreBackPreview: Window{cb28b38 u0 org.sailyachtresearch.sailinsight/org.sailyachtresearch.sailinsight.MainActivity}: Setting back callback OnBackInvokedCallbackInfo{mCallback=android.window.IOnBackInvokedCallback$Stub$Proxy@9d5b677, mPriority=0, mIsAnimationCallback=false}
05-18 19:24:19.474  2568  7333 V WindowManager: Relayout Window{cb28b38 u0 org.sailyachtresearch.sailinsight/org.sailyachtresearch.sailinsight.MainActivity}: viewVisibility=0 req=1080x2340 ty=1 d0
05-18 19:24:19.474  1765  2141 I SurfaceFlinger: id=41167 createSurf, flag=44004, org.sailyachtresearch.sailinsight/org.sailyachtresearch.sailinsight.MainActivity$_9185#41167
05-18 19:24:19.474  2568  7333 D WindowManager: makeSurface duration=1 name=org.sailyachtresearch.sailinsight/org.sailyachtresearch.sailinsight.MainActivity$_9185
05-18 19:24:19.475  2568  7333 V WindowManager: Changing focus from null to Window{cb28b38 u0 org.sailyachtresearch.sailinsight/org.sailyachtresearch.sailinsight.MainActivity} displayId=0 Callers=com.android.server.wm.RootWindowContainer.updateFocusedWindowLocked:581 com.android.server.wm.WindowManagerService.updateFocusedWindowLocked:6910 com.android.server.wm.WindowManagerService.relayoutWindow:2777 com.android.server.wm.Session.relayout:282 
05-18 19:24:19.476  2568  7333 D InsetsSourceProvider: updateControlForTarget: control=InsetsSourceControl: {651f0000 mType=statusBars initiallyVisible mSurfacePosition=Point(0, 0) mInsetsHint=Insets{left=0, top=81, right=0, bottom=0}}, target=Window{cb28b38 u0 org.sailyachtresearch.sailinsight/org.sailyachtresearch.sailinsight.MainActivity}, from=com.android.server.wm.InsetsStateController.onControlTargetChanged:363 com.android.server.wm.InsetsStateController.onBarControlTargetChanged:329 com.android.server.wm.InsetsPolicy.updateBarControlTarget:173 com.android.server.wm.InsetsPolicy.updateSystemBars:843 com.android.server.wm.DisplayPolicy.updateSystemBarsLw:3484 
05-18 19:24:19.476  2568  7333 D InsetsSourceProvider: updateControlForTarget: control=InsetsSourceControl: {c52a0001 mType=navigationBars initiallyVisible mSurfacePosition=Point(0, 2196) mInsetsHint=Insets{left=0, top=0, right=0, bottom=144}}, target=Window{cb28b38 u0 org.sailyachtresearch.sailinsight/org.sailyachtresearch.sailinsight.MainActivity}, from=com.android.server.wm.InsetsStateController.onControlTargetChanged:363 com.android.server.wm.InsetsStateController.onBarControlTargetChanged:332 com.android.server.wm.InsetsPolicy.updateBarControlTarget:173 com.android.server.wm.InsetsPolicy.updateSystemBars:843 com.android.server.wm.DisplayPolicy.updateSystemBarsLw:3484 
05-18 19:24:19.477  2568  7333 D WindowManager: updateSystemBarAttributes: displayId=0, win=Window{cb28b38 u0 org.sailyachtresearch.sailinsight/org.sailyachtresearch.sailinsight.MainActivity}, navColorWin=Window{65c613a u0 Splash Screen org.sailyachtresearch.sailinsight}, focusedCanBeNavColorWin=false, behavior=1, appearance=16, statusBarAppearanceRegions=[AppearanceRegion{LIGHT_STATUS_BARS bounds=[0,0][1080,2340]}], requestedVisibilities=-9, from=com.android.server.wm.DisplayPolicy.focusChangedLw:2988 com.android.server.wm.DisplayContent.updateFocusedWindowLocked:4900 com.android.server.wm.RootWindowContainer.updateFocusedWindowLocked:581 
05-18 19:24:19.477  2568  7333 V SystemKeyManager: updateFocusedWindow() is called, org.sailyachtresearch.sailinsight/org.sailyachtresearch.sailinsight.MainActivity
05-18 19:24:19.477  4000  4000 D NavigationBar: onSystemBarAttributesChanged() -  displayId:0, appearance:16, packageName: org.sailyachtresearch.sailinsight (APPEARANCE_LIGHT_NAVIGATION_BARS ), navbarColorManagedByIme:false
05-18 19:24:19.489  2568  7333 D WindowManager: finishDrawingWindow: Window{cb28b38 u0 org.sailyachtresearch.sailinsight/org.sailyachtresearch.sailinsight.MainActivity} mDrawState=DRAW_PENDING seqId=0
05-18 19:24:19.489  2568  2861 V WindowManager: Finish starting ActivityRecord{479a8ad u0 org.sailyachtresearch.sailinsight/.MainActivity t8423}: first real window is shown, no animation
05-18 19:24:19.490  9220 11384 W AbstractServiceBroker: calling package is not null : org.sailyachtresearch.sailinsight for service ids : [93] [CONTEXT service_id=259 ]
05-18 19:24:19.490  2568  2861 V WindowManager: Schedule remove starting ActivityRecord{479a8ad u0 org.sailyachtresearch.sailinsight/.MainActivity t8423} startingWindow=Window{65c613a u0 Splash Screen org.sailyachtresearch.sailinsight} animate=true Callers=com.android.server.wm.ActivityRecord.removeStartingWindow:3496 com.android.server.wm.ActivityRecord.onFirstWindowDrawn:8007 com.android.server.wm.WindowState.performShowLocked:5350 com.android.server.wm.WindowStateAnimator.commitFinishDrawingLocked:286 com.android.server.wm.DisplayContent.lambda$new$8:1293 
05-18 19:24:19.490  2568  2861 D TaskOrganizerController: applyStartingWindowAnimation, window=Window{cb28b38 u0 org.sailyachtresearch.sailinsight/org.sailyachtresearch.sailinsight.MainActivity}, caller=com.android.server.wm.TaskOrganizerController.removeStartingWindow:809 com.android.server.wm.StartingSurfaceController$StartingSurface.remove:292 com.android.server.wm.ActivityRecord.removeStartingWindowAnimation:3576 
05-18 19:24:19.490  2568  2861 I WindowManager: Reparenting to leash, surface=Surface(name=cb28b38 org.sailyachtresearch.sailinsight/org.sailyachtresearch.sailinsight.MainActivity)/@0xebf8950, leashParent=Surface(name=ActivityRecord{479a8ad u0 org.sailyachtresearch.sailinsight/.MainActivity t8423})/@0x4bd018d
05-18 19:24:19.490  1765  1904 I SurfaceFlinger: id=41170 createSurf, flag=24000, Surface(name=cb28b38 org.sailyachtresearch.sailinsight/org.sailyachtresearch.sailinsight.MainActivity)/@0xebf8950 - animation-leash of starting_reveal#41170
05-18 19:24:19.490  2568  2861 D WindowManager: makeSurface duration=0 leash=Surface(name=Surface(name=cb28b38 org.sailyachtresearch.sailinsight/org.sailyachtresearch.sailinsight.MainActivity)/@0xebf8950 - animation-leash of starting_reveal)/@0x7440749
05-18 19:24:19.491  2568  2861 V WindowManager: performShowLocked: mDrawState=HAS_DRAWN in Window{cb28b38 u0 org.sailyachtresearch.sailinsight/org.sailyachtresearch.sailinsight.MainActivity}
05-18 19:24:19.491  2568  2856 W ziparchive: Unable to open '/data/app/~~V15-Q3Ih18zVQ2UjMXEpgQ==/org.sailyachtresearch.sailinsight-ESRTqsk645u2k1GA4JdryQ==/base.dm': No such file or directory
05-18 19:24:19.492  2568  2856 I PkgPredictorService-SecIpmManagerServiceImpl: reportToNAP uid:10477 org.sailyachtresearch.sailinsight/org.sailyachtresearch.sailinsight.MainActivity thisTime:464
05-18 19:24:19.493  2568  2856 I ActivityTaskManager: Displayed org.sailyachtresearch.sailinsight/.MainActivity for user 0: +464ms
05-18 19:24:19.493  2568  2856 I Pageboost: Launch time gathered : pid 9185 org.sailyachtresearch.sailinsight 464
05-18 19:24:19.511  1765  1765 I Layer   : Layer [cb28b38 org.sailyachtresearch.sailinsight/org.sailyachtresearch.sailinsight.MainActivity#41166] hidden!! flag(0)
05-18 19:24:19.511  1765  1765 I Layer   : Layer [org.sailyachtresearch.sailinsight/org.sailyachtresearch.sailinsight.MainActivity$_9185#41167] hidden!! flag(0)
05-18 19:24:19.511  1765  1765 I Layer   : Layer::reparent [cb28b38 org.sailyachtresearch.sailinsight/org.sailyachtresearch.sailinsight.MainActivity#41166] newParent : Surface(name=cb28b38 org.sailyachtresearch.sailinsight/org.sailyachtresearch.sailinsight.MainActivity)/@0xebf8950 - animation-leash of starting_reveal#41170 , isRemovedFromCurrentState : 0 -------------------------
05-18 19:24:19.511  1765  1765 I Layer   : Layer::reparent [cb28b38 org.sailyachtresearch.sailinsight/org.sailyachtresearch.sailinsight.MainActivity#41166] End -------------------------
05-18 19:24:19.513  2568  6796 D InputDispatcher: Focus entered window (0): cb28b38 org.sailyachtresearch.sailinsight/org.sailyachtresearch.sailinsight.MainActivity
05-18 19:24:19.513  1765  1765 D SurfaceFlinger:      DEVICE | 0xb4000072d3ebf800 | 0102 | RGBA_8888    |    0.0    0.0 1080.0 2340.0 |    0    0 1080 2340 | org.sailyachtresearch.sailinsight/or[...]sailinsight.MainActivity$_9185#41167
05-18 19:24:19.513  1765  1765 D SurfaceFlinger:      DEVICE | 0xb4000072c95df800 | 0100 | RGBA_8888    |    0.0    0.0 1080.0 2340.0 |    0    0 1080 2340 | Splash Screen org.sailyachtresearch.sailinsight$_4000#41158
05-18 19:24:19.519  9185  9282 D nativeloader: Load /data/app/~~V15-Q3Ih18zVQ2UjMXEpgQ==/org.sailyachtresearch.sailinsight-ESRTqsk645u2k1GA4JdryQ==/lib/arm64/libtslocationmanager.so using ns clns-5 from class loader (caller=/data/app/~~V15-Q3Ih18zVQ2UjMXEpgQ==/org.sailyachtresearch.sailinsight-ESRTqsk645u2k1GA4JdryQ==/base.apk!classes6.dex): ok
05-18 19:24:19.538  9185  9185 I InsetsSourceConsumer: applyRequestedVisibilityToControl: visible=true, type=statusBars, host=org.sailyachtresearch.sailinsight/org.sailyachtresearch.sailinsight.MainActivity
05-18 19:24:19.539  9185  9185 I InsetsSourceConsumer: applyRequestedVisibilityToControl: visible=true, type=navigationBars, host=org.sailyachtresearch.sailinsight/org.sailyachtresearch.sailinsight.MainActivity
05-18 19:24:19.541  2568  7333 I ImeTracker: org.sailyachtresearch.sailinsight:b0d217db: onRequestHide at ORIGIN_SERVER_HIDE_INPUT reason HIDE_UNSPECIFIED_WINDOW
05-18 19:24:19.541  2568  7333 I ImeTracker: org.sailyachtresearch.sailinsight:b0d217db: onCancelled at PHASE_SERVER_SHOULD_HIDE
05-18 19:24:19.543  2568  7333 V WindowManager: Relayout Window{65c613a u0 Splash Screen org.sailyachtresearch.sailinsight}: viewVisibility=8 req=1080x2340 ty=3 d0
05-18 19:24:19.544  2568  7333 D WindowManager: updateSystemBarAttributes: displayId=0, win=Window{cb28b38 u0 org.sailyachtresearch.sailinsight/org.sailyachtresearch.sailinsight.MainActivity}, navColorWin=Window{cb28b38 u0 org.sailyachtresearch.sailinsight/org.sailyachtresearch.sailinsight.MainActivity}, focusedCanBeNavColorWin=false, behavior=1, appearance=0, statusBarAppearanceRegions=[AppearanceRegion{ bounds=[0,0][1080,2340]}], requestedVisibilities=-9, from=com.android.server.wm.DisplayPolicy.finishPostLayoutPolicyLw:2339 com.android.server.wm.DisplayContent.applySurfaceChangesTransaction:6181 com.android.server.wm.RootWindowContainer.applySurfaceChangesTransaction:1183 
05-18 19:24:19.545  4000  4000 D SamsungLightBarControlHelper: onStatusBarAppearanceChanged() -  sbModeChanged:false, statusBarMode:0, barState:MODE_TRANSPARENT, isKeyguardShowing:false, navbarColorManagedByIme:false, stackAppearanceChanged:true, (AppearanceRegion{ bounds=[0,0][1080,2340]}, ), packageName:org.sailyachtresearch.sailinsight
05-18 19:24:19.547  4000  4000 D NavigationBar: onSystemBarAttributesChanged() -  displayId:0, appearance:0, packageName: org.sailyachtresearch.sailinsight, navbarColorManagedByIme:false
05-18 19:24:19.548  4000  4067 I InsetsController: onStateChanged: host=Splash Screen org.sailyachtresearch.sailinsight, from=android.view.ViewRootImpl.relayoutWindow:10165, state=InsetsState: {mDisplayFrame=Rect(0, 0 - 1080, 2340), mDisplayCutout=DisplayCutout{insets=Rect(0, 81 - 0, 0) waterfall=Insets{left=0, top=0, right=0, bottom=0} boundingRect={Bounds=[Rect(0, 0 - 0, 0), Rect(512, 0 - 568, 81), Rect(0, 0 - 0, 0), Rect(0, 0 - 0, 0)]} cutoutPathParserInfo={CutoutPathParserInfo{displayWidth=1080 displayHeight=2340 physicalDisplayWidth=1080 physicalDisplayHeight=2340 density={3.0} cutoutSpec={M 0,0 H -9.333333333333333‬ V 27 H 9.333333333333333‬ V 0 H 0 Z @dp} rotation={0} scale={1.0} physicalPixelDisplaySizeRatio={1.0}}}}, mRoundedCorners=RoundedCorners{[RoundedCorner{position=TopLeft, radius=102, center=Point(102, 102)}, RoundedCorner{position=TopRight, radius=102, center=Point(978, 102)}, RoundedCorner{position=BottomRight, radius=102, center=Point(978, 2238)}, RoundedCorner{position=BottomLeft, radius=102, center=Point(102, 2238)}]}  mRoundedCornerFrame=Rect(0, 0 - 1080, 2340), mPrivacyIndicatorBounds=PrivacyIndicatorBounds {static bounds=Rect(948, 0 - 1080, 81) rotation=0}, mDisplayShape=DisplayShape{ spec=-311912193 displayWidth=1080 displayHeight=2340 physicalPixelDisplaySizeRatio=1.0 rotation=0 offsetX=0 offsetY=0 scale=1.0}, mSources= { InsetsSource: {c52a0001 mType=navigationBars mFrame=[0,2196][1080,2340] mVisible=true mFlags=[]}, InsetsSource: {c52a0004 mType=systemGestures mFrame=[0,0][0,0] mVisible=true mFlags=[]}, InsetsSource: {c52a0005 mType=mandatorySystemGestures mFrame=[0,2196][1080,2340] mVisible=true mFlags=[]}, InsetsSource: {c52a0006 mType=tappableElement mFrame=[0,2196][1080,2340] mVisible=true mFlags=[]}, InsetsSource: {c52a0024 mType=systemGestures mFrame=[0,0][0,0] mVisible=true mFlags=[]}, InsetsSource: {27 mType=displayCutout mFrame=[0,0][1080,81] mVisible=true mFlags=[]}, InsetsSource: {651f0000 mType=statusBars mFrame=[0,0][1080,81] mVisible=true mFlags=[]}, InsetsSource: {651f0005 mType=mandatorySystemGestures mFrame=[0,0][1080,117] mVisible=true mFlags=[]}, InsetsSource: {651f0006 mType=tappableElement mFrame=[0,0][1080,81] mVisible=true mFlags=[]} }
05-18 19:24:19.549  2568  7333 D CoreBackPreview: Window{65c613a u0 Splash Screen org.sailyachtresearch.sailinsight}: Setting back callback null
05-18 19:24:19.549  2568  7333 D WindowManager: Starting window removed Window{65c613a u0 Splash Screen org.sailyachtresearch.sailinsight}
05-18 19:24:19.549  2568  7333 I WindowManager: Cancelling animation restarting=false, leash=Surface(name=Surface(name=cb28b38 org.sailyachtresearch.sailinsight/org.sailyachtresearch.sailinsight.MainActivity)/@0xebf8950 - animation-leash of starting_reveal)/@0x7440749
05-18 19:24:19.549  2568  7333 I WindowManager: Reparenting to original parent: Surface(name=ActivityRecord{479a8ad u0 org.sailyachtresearch.sailinsight/.MainActivity t8423})/@0x4bd018d, destroy=false, surface=Surface(name=cb28b38 org.sailyachtresearch.sailinsight/org.sailyachtresearch.sailinsight.MainActivity)/@0xebf8950
05-18 19:24:19.549  2568  7333 W InputManager-JNI: Input channel object '65c613a Splash Screen org.sailyachtresearch.sailinsight (client)' was disposed without first being removed with the input manager!
05-18 19:24:19.549  2568  7333 V WindowManager: Remove Window{65c613a u0 Splash Screen org.sailyachtresearch.sailinsight}: mSurfaceController=Surface(name=Splash Screen org.sailyachtresearch.sailinsight$_4000)/@0xaaa0fe mAnimatingExit=false mRemoveOnExit=false mHasSurface=true surfaceShowing=false animating=false app-animation=false mDisplayFrozen=false callers=com.android.server.wm.WindowManagerService.removeWindow:2151 com.android.server.wm.Session.remove:257 android.view.IWindowSession$Stub.onTransact:747 com.android.server.wm.Session.onTransact:204 android.os.Binder.execTransactInternal:1375 android.os.Binder.execTransact:1311 
05-18 19:24:19.550  2568  7333 I WindowManager: Destroying surface Surface(name=Splash Screen org.sailyachtresearch.sailinsight$_4000)/@0xaaa0fe called by com.android.server.wm.WindowStateAnimator.destroySurface:811 com.android.server.wm.WindowStateAnimator.destroySurfaceLocked:478 com.android.server.wm.WindowState.removeImmediately:2958 com.android.server.wm.WindowState.removeIfPossible:3226 com.android.server.wm.WindowManagerService.removeWindow:2151 com.android.server.wm.Session.remove:257 android.view.IWindowSession$Stub.onTransact:747 com.android.server.wm.Session.onTransact:204 
05-18 19:24:19.553  1765  1765 I Layer   : Layer [Splash Screen org.sailyachtresearch.sailinsight$_4000#41158] hidden!! flag(1)
05-18 19:24:19.553  1765  1765 I Layer   : Layer::reparent [Surface(name=cb28b38 org.sailyachtresearch.sailinsight/org.sailyachtresearch.sailinsight.MainActivity)/@0xebf8950 - animation-leash of starting_reveal#41170] newParentHandle : null -------------------------
05-18 19:24:19.553  1765  1765 I Layer   : id=41170 removeFromCurrentState Surface(name=cb28b38 org.sailyachtresearch.sailinsight/org.sailyachtresearch.sailinsight.MainActivity)/@0xebf8950 - animation-leash of starting_reveal#41170 (126)
05-18 19:24:19.553  1765  1765 I Layer   : id=41166 removeFromCurrentState cb28b38 org.sailyachtresearch.sailinsight/org.sailyachtresearch.sailinsight.MainActivity#41166 (126)
05-18 19:24:19.553  1765  1765 I Layer   : id=41167 removeFromCurrentState org.sailyachtresearch.sailinsight/org.sailyachtresearch.sailinsight.MainActivity$_9185#41167 (126)
05-18 19:24:19.553  1765  1765 I Layer   : Layer::reparent [Surface(name=cb28b38 org.sailyachtresearch.sailinsight/org.sailyachtresearch.sailinsight.MainActivity)/@0xebf8950 - animation-leash of starting_reveal#41170] End -------------------------
05-18 19:24:19.553  1765  1765 I Layer   : Layer::reparent [cb28b38 org.sailyachtresearch.sailinsight/org.sailyachtresearch.sailinsight.MainActivity#41166] newParent : ActivityRecord{479a8ad u0 org.sailyachtresearch.sailinsight/.MainActivity t8423}#41156 , isRemovedFromCurrentState : 0 -------------------------
05-18 19:24:19.553  1765  1765 I Layer   : id=41166 addToCurrentState cb28b38 org.sailyachtresearch.sailinsight/org.sailyachtresearch.sailinsight.MainActivity#41166 (126)
05-18 19:24:19.553  1765  1765 I Layer   : id=41167 addToCurrentState org.sailyachtresearch.sailinsight/org.sailyachtresearch.sailinsight.MainActivity$_9185#41167 (126)
05-18 19:24:19.553  1765  1765 I Layer   : Layer::reparent [cb28b38 org.sailyachtresearch.sailinsight/org.sailyachtresearch.sailinsight.MainActivity#41166] End -------------------------
05-18 19:24:19.553  1765  1765 I Layer   : Layer::reparent [65c613a Splash Screen org.sailyachtresearch.sailinsight#41157] newParentHandle : null -------------------------
05-18 19:24:19.553  1765  1765 I Layer   : id=41157 removeFromCurrentState 65c613a Splash Screen org.sailyachtresearch.sailinsight#41157 (126)
05-18 19:24:19.553  1765  1765 I Layer   : id=41158 removeFromCurrentState Splash Screen org.sailyachtresearch.sailinsight$_4000#41158 (126)
05-18 19:24:19.553  1765  1765 I Layer   : Layer::reparent [65c613a Splash Screen org.sailyachtresearch.sailinsight#41157] End -------------------------
05-18 19:24:19.553  1765  1765 I Layer   : Layer::reparent [Splash Screen org.sailyachtresearch.sailinsight$_4000#41158] newParentHandle : null -------------------------
05-18 19:24:19.553  1765  1765 I Layer   : id=41158 removeFromCurrentState Splash Screen org.sailyachtresearch.sailinsight$_4000#41158 (126)
05-18 19:24:19.553  1765  1765 I Layer   : Layer::reparent [Splash Screen org.sailyachtresearch.sailinsight$_4000#41158] End -------------------------
05-18 19:24:19.553  1765  1765 I SurfaceFlinger: id=41158 Removed Splash Screen org.sailyachtresearch.sailinsight$_4000#41158 (124)
05-18 19:24:19.553  1765  1765 I SurfaceFlinger: id=41157 Removed 65c613a Splash Screen org.sailyachtresearch.sailinsight#41157 (124)
05-18 19:24:19.555  1765  1765 D SurfaceFlinger:      DEVICE | 0xb4000072d3ebf800 | 0102 | RGBA_8888    |    0.0    0.0 1080.0 2340.0 |    0    0 1080 2340 | org.sailyachtresearch.sailinsight/or[...]sailinsight.MainActivity$_9185#41167
05-18 19:24:19.556  2568  4373 D InsetsSourceProvider: updateControlForTarget: control=InsetsSourceControl: {3 mType=ime mSurfacePosition=Point(0, 81) mInsetsHint=Insets{left=0, top=0, right=0, bottom=1026}}, target=Window{cb28b38 u0 org.sailyachtresearch.sailinsight/org.sailyachtresearch.sailinsight.MainActivity}, from=com.android.server.wm.ImeInsetsSourceProvider.updateControlForTarget:165 com.android.server.wm.InsetsStateController.onControlTargetChanged:363 com.android.server.wm.InsetsStateController.onImeControlTargetChanged:307 com.android.server.wm.DisplayContent.updateImeControlTarget:5763 com.android.server.wm.DisplayContent.updateImeInputAndControlTarget:5723 
05-18 19:24:19.560  9185  9292 E AndroidRuntime: Process: org.sailyachtresearch.sailinsight, PID: 9185
05-18 19:24:19.561  7582  7582 I HBD     : b [AiWriter] setContact : org.sailyachtresearch.sailinsight
05-18 19:24:19.562  4000  4000 D SamsungLightBarControlHelper: updateNavigationBar (WHITE button) isLightOpaque:false, hasLightNavigationBarFlag:false, packageName:org.sailyachtresearch.sailinsight, DirectReplying:false, NavBarColorMangedByIme:false, ForceDarkForScrim:false, QsCustomizing:false, PanelHasWhiteBg:false
05-18 19:24:19.562  9185  9185 I InsetsController: onStateChanged: host=org.sailyachtresearch.sailinsight/org.sailyachtresearch.sailinsight.MainActivity, from=android.view.ViewRootImpl$ViewRootHandler.handleMessageImpl:7279, state=InsetsState: {mDisplayFrame=Rect(0, 0 - 1080, 2340), mDisplayCutout=DisplayCutout{insets=Rect(0, 81 - 0, 0) waterfall=Insets{left=0, top=0, right=0, bottom=0} boundingRect={Bounds=[Rect(0, 0 - 0, 0), Rect(512, 0 - 568, 81), Rect(0, 0 - 0, 0), Rect(0, 0 - 0, 0)]} cutoutPathParserInfo={CutoutPathParserInfo{displayWidth=1080 displayHeight=2340 physicalDisplayWidth=1080 physicalDisplayHeight=2340 density={3.0} cutoutSpec={M 0,0 H -9.333333333333333‬ V 27 H 9.333333333333333‬ V 0 H 0 Z @dp} rotation={0} scale={1.0} physicalPixelDisplaySizeRatio={1.0}}}}, mRoundedCorners=RoundedCorners{[RoundedCorner{position=TopLeft, radius=102, center=Point(102, 102)}, RoundedCorner{position=TopRight, radius=102, center=Point(978, 102)}, RoundedCorner{position=BottomRight, radius=102, center=Point(978, 2238)}, RoundedCorner{position=BottomLeft, radius=102, center=Point(102, 2238)}]}  mRoundedCornerFrame=Rect(0, 0 - 1080, 2340), mPrivacyIndicatorBounds=PrivacyIndicatorBounds {static bounds=Rect(948, 0 - 1080, 81) rotation=0}, mDisplayShape=DisplayShape{ spec=-311912193 displayWidth=1080 displayHeight=2340 physicalPixelDisplaySizeRatio=1.0 rotation=0 offsetX=0 offsetY=0 scale=1.0}, mSources= { InsetsSource: {c52a0001 mType=navigationBars mFrame=[0,2196][1080,2340] mVisible=true mFlags=[]}, InsetsSource: {c52a0004 mType=systemGestures mFrame=[0,0][0,0] mVisible=true mFlags=[]}, InsetsSource: {c52a0005 mType=mandatorySystemGestures mFrame=[0,2196][1080,2340] mVisible=true mFlags=[]}, InsetsSource: {c52a0006 mType=tappableElement mFrame=[0,2196][1080,2340] mVisible=true mFlags=[]}, InsetsSource: {c52a0024 mType=systemGestures mFrame=[0,0][0,0] mVisible=true mFlags=[]}, InsetsSource: {3 mType=ime mFrame=[0,0][0,0] mVisible=false mFlags=[]}, InsetsSource: {27 mType=displayCutout mFrame=[0,0][1080,81] mVisible=true mFlags=[]}, InsetsSource: {651f0000 mType=statusBars mFrame=[0,0][1080,81] mVisible=true mFlags=[]}, InsetsSource: {651f0005 mType=mandatorySystemGestures mFrame=[0,0][1080,117] mVisible=true mFlags=[]}, InsetsSource: {651f0006 mType=tappableElement mFrame=[0,0][1080,81] mVisible=true mFlags=[]} }
05-18 19:24:19.563  9185  9185 I InsetsSourceConsumer: applyRequestedVisibilityToControl: visible=false, type=ime, host=org.sailyachtresearch.sailinsight/org.sailyachtresearch.sailinsight.MainActivity
05-18 19:24:19.564  4000  4000 D SamsungLightBarControlHelper: updateStatusBar (WHITE icon) numStacks:1, StatusBarMode:MODE_TRANSPARENT, lightBarBounds:[], StatusBarState:SHADE, packageName:org.sailyachtresearch.sailinsight, isWhiteKeyguardStatusBar:false
05-18 19:24:19.569  2568  2858 D ScreenCurtainController: onForegroundActivitiesChanged: org.sailyachtresearch.sailinsight
05-18 19:24:19.570  1765  1765 I Layer   : Layer::reparent [ImeContainer#17] newParent : ActivityRecord{479a8ad u0 org.sailyachtresearch.sailinsight/.MainActivity t8423}#41156 , isRemovedFromCurrentState : 0 -------------------------
05-18 19:24:19.570  1765  1765 I Layer   : id=41157 Destroyed 65c613a Splash Screen org.sailyachtresearch.sailinsight#41157
05-18 19:24:19.570  1765  1765 I Layer   : id=41158 Destroyed Splash Screen org.sailyachtresearch.sailinsight$_4000#41158
05-18 19:24:19.574  2568  4373 D SGM:GameManager: identifyForegroundApp. org.sailyachtresearch.sailinsight, mCurrentUserId: 0, callerUserId: 0
05-18 19:24:19.574  2568  4373 D SGM:PkgDataHelper: getGamePkgData(). org.sailyachtresearch.sailinsight
05-18 19:24:19.584  9185  9282 V SoLoader: libreactnativejni.so not found on /data/data/org.sailyachtresearch.sailinsight/lib-main
05-18 19:24:19.584  9185  9282 D SoLoader: libreactnativejni.so found on /data/app/~~V15-Q3Ih18zVQ2UjMXEpgQ==/org.sailyachtresearch.sailinsight-ESRTqsk645u2k1GA4JdryQ==/lib/arm64
05-18 19:24:19.585  9185  9282 D nativeloader: Load /data/app/~~V15-Q3Ih18zVQ2UjMXEpgQ==/org.sailyachtresearch.sailinsight-ESRTqsk645u2k1GA4JdryQ==/lib/arm64/libreactnativejni.so using ns clns-5 from class loader (caller=/data/app/~~V15-Q3Ih18zVQ2UjMXEpgQ==/org.sailyachtresearch.sailinsight-ESRTqsk645u2k1GA4JdryQ==/base.apk): ok
05-18 19:24:19.700  2568  3728 D MdnieScenarioControlService:  packageName : org.sailyachtresearch.sailinsight    className : org.sailyachtresearch.sailinsight.MainActivity
05-18 19:24:19.712  2568  9314 W ActivityManager: crash : org.sailyachtresearch.sailinsight,10477
05-18 19:24:19.712  2568  4373 W ActivityTaskManager:   Force finishing activity org.sailyachtresearch.sailinsight/.MainActivity
05-18 19:24:19.713  2568  4373 D ActivityTaskManager: scheduleTopResumedActivityChanged, onTop=false, r=ActivityRecord{479a8ad u0 org.sailyachtresearch.sailinsight/.MainActivity t8423 f}}, caller=com.android.server.wm.ActivityTaskSupervisor.updateTopResumedActivityIfNeeded:2873 com.android.server.wm.TaskDisplayArea.positionChildTaskAt:569 com.android.server.wm.TaskDisplayArea.positionChildAt:485 com.android.server.wm.WindowContainer.positionChildAt:993 com.android.server.wm.Task.positionChildAt:3373 com.android.server.wm.Task.moveToFront:6140 
05-18 19:24:19.714  2568  4373 V WindowManager: Changing focus from Window{cb28b38 u0 org.sailyachtresearch.sailinsight/org.sailyachtresearch.sailinsight.MainActivity} to null displayId=0 Callers=com.android.server.wm.RootWindowContainer.updateFocusedWindowLocked:581 com.android.server.wm.WindowManagerService.updateFocusedWindowLocked:6910 com.android.server.wm.ActivityTaskManagerService.setLastResumedActivityUncheckLocked:6164 com.android.server.wm.ActivityRecord.moveFocusableActivityToTop:4165 
05-18 19:24:19.714  2568  4373 V WindowManager: Collecting in transition 2963: Task{bffb7e2 #8423 type=standard A=10477:org.sailyachtresearch.sailinsight}, caller=com.android.server.wm.Transition.collect:753 com.android.server.wm.Transition.collectExistenceChange:936 com.android.server.wm.TransitionController.collectExistenceChange:1025 com.android.server.wm.TransitionController.requestCloseTransitionIfNeeded:963 com.android.server.wm.ActivityRecord.finishIfPossible:4361 
05-18 19:24:19.714  2568  4373 D WindowManager: prepareSync <SYNC_STATE_WAITING_FOR_DRAW>, mPrepareSyncSeqId=0, win=Window{cb28b38 u0 org.sailyachtresearch.sailinsight/org.sailyachtresearch.sailinsight.MainActivity}
05-18 19:24:19.715  2568  4373 V WindowManager: Collecting in transition 2963: ActivityRecord{479a8ad u0 org.sailyachtresearch.sailinsight/.MainActivity t8423 f}}, caller=com.android.server.wm.Transition.collect:753 com.android.server.wm.TransitionController.collect:975 com.android.server.wm.ActivityRecord.setVisibility:6429 com.android.server.wm.ActivityRecord.setVisibility:6381 com.android.server.wm.ActivityRecord.finishIfPossible:4440 
05-18 19:24:19.715  2568  4373 D WindowManager: VisibleRequested updated, r=ActivityRecord{479a8ad u0 org.sailyachtresearch.sailinsight/.MainActivity t8423 f}}
05-18 19:24:19.717  2568  2858 I ActivityManager: Showing crash dialog for package org.sailyachtresearch.sailinsight u0
05-18 19:24:19.717  2568  4373 W ActivityTaskManager:   Force finishing activity org.sailyachtresearch.sailinsight/.MainActivity
05-18 19:24:19.717  2568  4373 V WindowManager: Collecting in transition 2963: ActivityRecord{479a8ad u0 org.sailyachtresearch.sailinsight/.MainActivity t8423 f}}, caller=com.android.server.wm.Transition.collect:753 com.android.server.wm.TransitionController.collect:975 com.android.server.wm.ActivityRecord.onRemovedFromDisplay:5272 com.android.server.wm.DisplayContent.removeAppToken:1892 com.android.server.wm.ActivityRecord.removeFromHistory:4899 
05-18 19:24:19.717  9185  9185 I BranchSDK: onActivityPaused, activity = org.sailyachtresearch.sailinsight.MainActivity@ce576b7
05-18 19:24:19.727 17031 17031 I Dc.IafdService: handleAppError, pkgName : org.sailyachtresearch.sailinsight, userId : 0, errorType : 1, repeat : true component : com.transistorsoft.locationmanager.logger.TSLog.a(Unknown Source:6)errorStack: java.lang.ClassCastException: org.slf4j.helpers.SubstituteLogger cannot be cast to ch.qos.logback.classic.Logger
05-18 19:24:19.730  2568  4373 I ActivityManager: Killing 9185:org.sailyachtresearch.sailinsight/u0a477 (adj 900): crash
05-18 19:24:19.731  2568  4373 D ActivityManager: proc ProcessRecord{f9b1671 9185:org.sailyachtresearch.sailinsight/u0a477} already removed. so we skip next process.
05-18 19:24:19.737  2568  4373 D InputDispatcher: Focus left window (0): cb28b38 org.sailyachtresearch.sailinsight/org.sailyachtresearch.sailinsight.MainActivity
05-18 19:24:19.741  2568  4396 D WindowManager: updateSystemBarAttributes: displayId=0, win=Window{257a26 u0 com.sec.android.app.launcher/com.sec.android.app.launcher.activities.LauncherActivity}, navColorWin=Window{cb28b38 u0 org.sailyachtresearch.sailinsight/org.sailyachtresearch.sailinsight.MainActivity}, focusedCanBeNavColorWin=false, behavior=2, appearance=0, statusBarAppearanceRegions=[AppearanceRegion{ bounds=[0,0][1080,2340]}], requestedVisibilities=-9, from=com.android.server.wm.DisplayPolicy.focusChangedLw:2988 com.android.server.wm.DisplayContent.updateFocusedWindowLocked:4900 com.android.server.wm.RootWindowContainer.updateFocusedWindowLocked:581 
05-18 19:24:19.741  6630  6630 I SDHMS:BarTender:Gatherer:AppError: update AppError : uid=10477, pkg=org.sailyachtresearch.sailinsight, errorType=crash
05-18 19:24:19.744  6630  6630 I SDHMS:BarTender:Analyzer:AppError: analyze app error : uid=10477, pkg=org.sailyachtresearch.sailinsight, appErrorCount=5
05-18 19:24:19.748  2568  2861 V WindowManager: Start calculating TransitionInfo based on participants: {ActivityRecord{479a8ad u0 org.sailyachtresearch.sailinsight/.MainActivity t8423 f} isExiting}, WallpaperWindowToken{64427aa token=android.os.Binder@b9e5a95}, Task{bffb7e2 #8423 type=standard A=10477:org.sailyachtresearch.sailinsight}, ActivityRecord{d4be286 u0 com.sec.android.app.launcher/.activities.LauncherActivity t8024}}
05-18 19:24:19.748  2568  2861 V WindowManager:   Final targets: [Task{eab5968 #1 type=home}, Task{bffb7e2 #8423 type=standard A=10477:org.sailyachtresearch.sailinsight}]
05-18 19:24:19.750  1765  1911 D RenderEngine: [SEC_GC_CMN_SF_EFFECTS] drawLayersInternal,1279, Rendering layer org.sailyachtresearch.sailinsight/org.sailyachtresearch.sailinsight.MainActivity$_9185#41167 at index 1
05-18 19:24:19.754  2568  2861 V WindowManager:         {WCT{RemoteToken{fa2cc90 Task{bffb7e2 #8423 type=standard A=10477:org.sailyachtresearch.sailinsight}}} m=CLOSE f=NONE leash=Surface(name=Task=8423)/@0xb00cf42 sb=Rect(0, 0 - 1080, 2340) eb=Rect(0, 0 - 1080, 2340) d=0 inset=Rect(0, 0 - 0, 0)}
05-18 19:24:19.756  2568  2856 V WindowManager:         {WCT{RemoteToken{fa2cc90 Task{bffb7e2 #8423 type=standard A=10477:org.sailyachtresearch.sailinsight}}} m=CLOSE f=NONE leash=Surface(name=Task=8423)/@0xb00cf42 sb=Rect(0, 0 - 1080, 2340) eb=Rect(0, 0 - 1080, 2340) d=0 inset=Rect(0, 0 - 0, 0)}
05-18 19:24:19.758  4325  4325 I HoneySpace.AppListFastRecyclerViewAdapter: findCloseTarget : 19533, ComponentInfo{org.sailyachtresearch.sailinsight/org.sailyachtresearch.sailinsight.MainActivity}
05-18 19:24:19.758  2568  4681 I WindowManager: WIN DEATH: Window{cb28b38 u0 org.sailyachtresearch.sailinsight/org.sailyachtresearch.sailinsight.MainActivity}
05-18 19:24:19.759  2568  4664 V ActivityManager: Got obituary of 9185:org.sailyachtresearch.sailinsight
05-18 19:24:19.759  2568  4681 W InputManager-JNI: Input channel object 'cb28b38 org.sailyachtresearch.sailinsight/org.sailyachtresearch.sailinsight.MainActivity (client)' was disposed without first being removed with the input manager!
05-18 19:24:19.759  2568  6796 I ImeTracker: org.sailyachtresearch.sailinsight:52cfe16: onRequestHide at ORIGIN_SERVER_HIDE_INPUT reason HIDE_REMOVE_CLIENT
05-18 19:24:19.759  2568  4681 V WindowManager: Remove Window{cb28b38 u0 org.sailyachtresearch.sailinsight/org.sailyachtresearch.sailinsight.MainActivity}: mSurfaceController=Surface(name=org.sailyachtresearch.sailinsight/org.sailyachtresearch.sailinsight.MainActivity$_9185)/@0x24ecc70 mAnimatingExit=false mRemoveOnExit=false mHasSurface=true surfaceShowing=true animating=false app-animation=false mDisplayFrozen=false callers=com.android.server.wm.WindowState$DeathRecipient.binderDied:3698 android.os.IBinder$DeathRecipient.binderDied:325 android.os.BinderProxy.sendDeathNotice:781 <bottom of call stack> <bottom of call stack> <bottom of call stack> 
05-18 19:24:19.759  2568  6796 I ImeTracker: org.sailyachtresearch.sailinsight:52cfe16: onCancelled at PHASE_SERVER_SHOULD_HIDE
05-18 19:24:19.761  4325  4325 I AppIconSolution: getThemeIconWithBG called with public API, pkg = org.sailyachtresearch.sailinsight, mode = 48
05-18 19:24:19.761  4325  4325 I AppIconSolution: start to load, pkg=org.sailyachtresearch.sailinsight, bg=192-192, dr=192-192, forDefault=true, density=640
05-18 19:24:19.762  4325  4325 I AppIconSolution: getIconScale, pkg=org.sailyachtresearch.sailinsight, size=192, iconScale=IconScale[alpha=20, scale=1.0, isCrop=true]
05-18 19:24:19.763  4325  4325 I AppIconSolution: default container[CROP], pkg=org.sailyachtresearch.sailinsight, bg=152-152, dr=192-192, isNight = true
05-18 19:24:19.763  4325  4325 I LauncherActivityInfo: packageName: org.sailyachtresearch.sailinsight, useThemeIcon: false, height: 152, width: 152, density: 640
05-18 19:24:19.774  2568  7608 V WindowManager: Setting visibility of Window{cb28b38 u0 org.sailyachtresearch.sailinsight/org.sailyachtresearch.sailinsight.MainActivity EXITING}: false, caller=com.android.server.wm.WindowContainer.sendAppVisibilityToClients:1305 com.android.server.wm.WindowToken.setClientVisible:454 com.android.server.wm.ActivityRecord.setClientVisible:8235 com.android.server.wm.ActivityRecord.postApplyAnimation:6766 com.android.server.wm.ActivityRecord.commitVisibility:6709 
05-18 19:24:19.775  2568  7608 W WindowManager: Client process is already killed Window{cb28b38 u0 org.sailyachtresearch.sailinsight/org.sailyachtresearch.sailinsight.MainActivity EXITING}
